
C:\Users\WilliamForney\source\repos\wforney\OpenLiveWriter>powershell .\build.ps1 
Import-Module : The specified module 'posh-docker' was not loaded because no valid module file was found in any module 
directory.
At C:\Users\WilliamForney\OneDrive - IMPROVGROUP LLC\Documents\WindowsPowerShell\Microsoft.PowerShell_profile.ps1:2 
char:1
+ Import-Module posh-docker
+ ~~~~~~~~~~~~~~~~~~~~~~~~~
    + CategoryInfo          : ResourceUnavailable: (posh-docker:String) [Import-Module], FileNotFoundException
    + FullyQualifiedErrorId : Modules_ModuleNotFound,Microsoft.PowerShell.Commands.ImportModuleCommand
 

=======================================================
 Checking solution exists
=======================================================
Solution found at 'C:\Users\WilliamForney\source\repos\wforney\OpenLiveWriter\src\managed\writer.sln'

=======================================================
 Fetching MSBuild location
=======================================================
MSBuild.exe found at: 'C:\Program Files\Microsoft Visual Studio\18\Enterprise\MSBuild\Current\Bin\msbuild.exe'

=======================================================
 Ensureing nuget.exe exists
=======================================================
Nuget.exe found at: 'C:\Users\WilliamForney\AppData\Local\NuGet\NuGet.exe'

=======================================================
 Ensure nuget packages exist
=======================================================
Packages found at 'C:\Users\WilliamForney\source\repos\wforney\OpenLiveWriter\src\managed\packages'

=======================================================
 Check build type
=======================================================
Environment variable OWL_CONFIG not set, setting to 'Debug'
Using build 'Debug'

=======================================================
 Setting Framework Path Override
=======================================================
FrameworkPathOverride set to: 'C:\Program Files (x86)\Reference Assemblies\Microsoft\Framework\.NETFramework\v4.6.1'

=======================================================
 Starting build
=======================================================

Sunday, January 18, 2026 4:42:19 PM
Running build command '"C:\Program Files\Microsoft Visual Studio\18\Enterprise\MSBuild\Current\Bin\msbuild.exe" C:\Users\WilliamForney\source\repos\wforney\OpenLiveWriter\src\managed\writer.sln /nologo /maxcpucount /verbosity:minimal /p:Configuration=Debug '

C:\Program Files\Microsoft Visual Studio\18\Enterprise\MSBuild\Current\Bin\Microsoft.Common.CurrentVersion.targets(2437,5): warning MSB3277: Found conflicts between different versions of "System.Core" that could not be resolved. [C:\Users\WilliamForney\source\repos\wforney\OpenLiveWriter\src\managed\OpenLiveWriter.HtmlParser\OpenLiveWriter.HtmlParser.csproj]
C:\Program Files\Microsoft Visual Studio\18\Enterprise\MSBuild\Current\Bin\Microsoft.Common.CurrentVersion.targets(2437,5): warning MSB3277: There was a conflict between "System.Core, Version=3.5.0.0, Culture=neutral, PublicKeyToken=b77a5c561934e089" and "System.Core, Version=4.0.0.0, Culture=neutral, PublicKeyToken=b77a5c561934e089". [C:\Users\WilliamForney\source\repos\wforney\OpenLiveWriter\src\managed\OpenLiveWriter.HtmlParser\OpenLiveWriter.HtmlParser.csproj]
C:\Program Files\Microsoft Visual Studio\18\Enterprise\MSBuild\Current\Bin\Microsoft.Common.CurrentVersion.targets(2437,5): warning MSB3277:     "System.Core, Version=3.5.0.0, Culture=neutral, PublicKeyToken=b77a5c561934e089" was chosen because it was primary and "System.Core, Version=4.0.0.0, Culture=neutral, PublicKeyToken=b77a5c561934e089" was not. [C:\Users\WilliamForney\source\repos\wforney\OpenLiveWriter\src\managed\OpenLiveWriter.HtmlParser\OpenLiveWriter.HtmlParser.csproj]
C:\Program Files\Microsoft Visual Studio\18\Enterprise\MSBuild\Current\Bin\Microsoft.Common.CurrentVersion.targets(2437,5): warning MSB3277:     References which depend on "System.Core, Version=3.5.0.0, Culture=neutral, PublicKeyToken=b77a5c561934e089" [C:\Program Files (x86)\Reference Assemblies\Microsoft\Framework\v3.5\System.Core.dll]. [C:\Users\WilliamForney\source\repos\wforney\OpenLiveWriter\src\managed\OpenLiveWriter.HtmlParser\OpenLiveWriter.HtmlParser.csproj]
C:\Program Files\Microsoft Visual Studio\18\Enterprise\MSBuild\Current\Bin\Microsoft.Common.CurrentVersion.targets(2437,5): warning MSB3277:         C:\Program Files (x86)\Reference Assemblies\Microsoft\Framework\v3.5\System.Core.dll [C:\Users\WilliamForney\source\repos\wforney\OpenLiveWriter\src\managed\OpenLiveWriter.HtmlParser\OpenLiveWriter.HtmlParser.csproj]
C:\Program Files\Microsoft Visual Studio\18\Enterprise\MSBuild\Current\Bin\Microsoft.Common.CurrentVersion.targets(2437,5): warning MSB3277:           Project file item includes which caused reference "C:\Program Files (x86)\Reference Assemblies\Microsoft\Framework\v3.5\System.Core.dll". [C:\Users\WilliamForney\source\repos\wforney\OpenLiveWriter\src\managed\OpenLiveWriter.HtmlParser\OpenLiveWriter.HtmlParser.csproj]
C:\Program Files\Microsoft Visual Studio\18\Enterprise\MSBuild\Current\Bin\Microsoft.Common.CurrentVersion.targets(2437,5): warning MSB3277:             System.Core [C:\Users\WilliamForney\source\repos\wforney\OpenLiveWriter\src\managed\OpenLiveWriter.HtmlParser\OpenLiveWriter.HtmlParser.csproj]
C:\Program Files\Microsoft Visual Studio\18\Enterprise\MSBuild\Current\Bin\Microsoft.Common.CurrentVersion.targets(2437,5): warning MSB3277:     References which depend on or have been unified to "System.Core, Version=4.0.0.0, Culture=neutral, PublicKeyToken=b77a5c561934e089" [C:\Windows\Microsoft.Net\assembly\GAC_MSIL\System.Core\v4.0_4.0.0.0__b77a5c561934e089\System.Core.dll]. [C:\Users\WilliamForney\source\repos\wforney\OpenLiveWriter\src\managed\OpenLiveWriter.HtmlParser\OpenLiveWriter.HtmlParser.csproj]
C:\Program Files\Microsoft Visual Studio\18\Enterprise\MSBuild\Current\Bin\Microsoft.Common.CurrentVersion.targets(2437,5): warning MSB3277:         C:\Windows\Microsoft.Net\assembly\GAC_32\System.Data\v4.0_4.0.0.0__b77a5c561934e089\System.Data.dll [C:\Users\WilliamForney\source\repos\wforney\OpenLiveWriter\src\managed\OpenLiveWriter.HtmlParser\OpenLiveWriter.HtmlParser.csproj]
C:\Program Files\Microsoft Visual Studio\18\Enterprise\MSBuild\Current\Bin\Microsoft.Common.CurrentVersion.targets(2437,5): warning MSB3277:           Project file item includes which caused reference "C:\Windows\Microsoft.Net\assembly\GAC_32\System.Data\v4.0_4.0.0.0__b77a5c561934e089\System.Data.dll". [C:\Users\WilliamForney\source\repos\wforney\OpenLiveWriter\src\managed\OpenLiveWriter.HtmlParser\OpenLiveWriter.HtmlParser.csproj]
C:\Program Files\Microsoft Visual Studio\18\Enterprise\MSBuild\Current\Bin\Microsoft.Common.CurrentVersion.targets(2437,5): warning MSB3277:             System.Data [C:\Users\WilliamForney\source\repos\wforney\OpenLiveWriter\src\managed\OpenLiveWriter.HtmlParser\OpenLiveWriter.HtmlParser.csproj]
C:\Program Files\Microsoft Visual Studio\18\Enterprise\MSBuild\Current\Bin\Microsoft.Common.CurrentVersion.targets(2437,5): warning MSB3277:             System.Web [C:\Users\WilliamForney\source\repos\wforney\OpenLiveWriter\src\managed\OpenLiveWriter.HtmlParser\OpenLiveWriter.HtmlParser.csproj]
C:\Program Files\Microsoft Visual Studio\18\Enterprise\MSBuild\Current\Bin\Microsoft.Common.CurrentVersion.targets(2437,5): warning MSB3277:         C:\Windows\Microsoft.Net\assembly\GAC_32\System.Web\v4.0_4.0.0.0__b03f5f7f11d50a3a\System.Web.dll [C:\Users\WilliamForney\source\repos\wforney\OpenLiveWriter\src\managed\OpenLiveWriter.HtmlParser\OpenLiveWriter.HtmlParser.csproj]
C:\Program Files\Microsoft Visual Studio\18\Enterprise\MSBuild\Current\Bin\Microsoft.Common.CurrentVersion.targets(2437,5): warning MSB3277:           Project file item includes which caused reference "C:\Windows\Microsoft.Net\assembly\GAC_32\System.Web\v4.0_4.0.0.0__b03f5f7f11d50a3a\System.Web.dll". [C:\Users\WilliamForney\source\repos\wforney\OpenLiveWriter\src\managed\OpenLiveWriter.HtmlParser\OpenLiveWriter.HtmlParser.csproj]
C:\Program Files\Microsoft Visual Studio\18\Enterprise\MSBuild\Current\Bin\Microsoft.Common.CurrentVersion.targets(2437,5): warning MSB3277:             System.Web [C:\Users\WilliamForney\source\repos\wforney\OpenLiveWriter\src\managed\OpenLiveWriter.HtmlParser\OpenLiveWriter.HtmlParser.csproj]
C:\Program Files\Microsoft Visual Studio\18\Enterprise\MSBuild\Current\Bin\Microsoft.Common.CurrentVersion.targets(2437,5): warning MSB3277:             System.Data [C:\Users\WilliamForney\source\repos\wforney\OpenLiveWriter\src\managed\OpenLiveWriter.HtmlParser\OpenLiveWriter.HtmlParser.csproj]
C:\Program Files\Microsoft Visual Studio\18\Enterprise\MSBuild\Current\Bin\Microsoft.Common.CurrentVersion.targets(2437,5): warning MSB3277:         C:\Windows\Microsoft.Net\assembly\GAC_MSIL\System.Configuration\v4.0_4.0.0.0__b03f5f7f11d50a3a\System.Configuration.dll [C:\Users\WilliamForney\source\repos\wforney\OpenLiveWriter\src\managed\OpenLiveWriter.HtmlParser\OpenLiveWriter.HtmlParser.csproj]
C:\Program Files\Microsoft Visual Studio\18\Enterprise\MSBuild\Current\Bin\Microsoft.Common.CurrentVersion.targets(2437,5): warning MSB3277:           Project file item includes which caused reference "C:\Windows\Microsoft.Net\assembly\GAC_MSIL\System.Configuration\v4.0_4.0.0.0__b03f5f7f11d50a3a\System.Configuration.dll". [C:\Users\WilliamForney\source\repos\wforney\OpenLiveWriter\src\managed\OpenLiveWriter.HtmlParser\OpenLiveWriter.HtmlParser.csproj]
C:\Program Files\Microsoft Visual Studio\18\Enterprise\MSBuild\Current\Bin\Microsoft.Common.CurrentVersion.targets(2437,5): warning MSB3277:             System [C:\Users\WilliamForney\source\repos\wforney\OpenLiveWriter\src\managed\OpenLiveWriter.HtmlParser\OpenLiveWriter.HtmlParser.csproj]
C:\Program Files\Microsoft Visual Studio\18\Enterprise\MSBuild\Current\Bin\Microsoft.Common.CurrentVersion.targets(2437,5): warning MSB3277:             System.Data [C:\Users\WilliamForney\source\repos\wforney\OpenLiveWriter\src\managed\OpenLiveWriter.HtmlParser\OpenLiveWriter.HtmlParser.csproj]
C:\Program Files\Microsoft Visual Studio\18\Enterprise\MSBuild\Current\Bin\Microsoft.Common.CurrentVersion.targets(2437,5): warning MSB3277:             System.Web [C:\Users\WilliamForney\source\repos\wforney\OpenLiveWriter\src\managed\OpenLiveWriter.HtmlParser\OpenLiveWriter.HtmlParser.csproj]
C:\Program Files\Microsoft Visual Studio\18\Enterprise\MSBuild\Current\Bin\Microsoft.Common.CurrentVersion.targets(2437,5): warning MSB3277:             System.Xml [C:\Users\WilliamForney\source\repos\wforney\OpenLiveWriter\src\managed\OpenLiveWriter.HtmlParser\OpenLiveWriter.HtmlParser.csproj]
C:\Program Files\Microsoft Visual Studio\18\Enterprise\MSBuild\Current\Bin\Microsoft.Common.CurrentVersion.targets(2437,5): warning MSB3277:             System.Core [C:\Users\WilliamForney\source\repos\wforney\OpenLiveWriter\src\managed\OpenLiveWriter.HtmlParser\OpenLiveWriter.HtmlParser.csproj]
C:\Program Files\Microsoft Visual Studio\18\Enterprise\MSBuild\Current\Bin\Microsoft.Common.CurrentVersion.targets(2437,5): warning MSB3277:         C:\Windows\Microsoft.Net\assembly\GAC_MSIL\System.Design\v4.0_4.0.0.0__b03f5f7f11d50a3a\System.Design.dll [C:\Users\WilliamForney\source\repos\wforney\OpenLiveWriter\src\managed\OpenLiveWriter.HtmlParser\OpenLiveWriter.HtmlParser.csproj]
C:\Program Files\Microsoft Visual Studio\18\Enterprise\MSBuild\Current\Bin\Microsoft.Common.CurrentVersion.targets(2437,5): warning MSB3277:           Project file item includes which caused reference "C:\Windows\Microsoft.Net\assembly\GAC_MSIL\System.Design\v4.0_4.0.0.0__b03f5f7f11d50a3a\System.Design.dll". [C:\Users\WilliamForney\source\repos\wforney\OpenLiveWriter\src\managed\OpenLiveWriter.HtmlParser\OpenLiveWriter.HtmlParser.csproj]
C:\Program Files\Microsoft Visual Studio\18\Enterprise\MSBuild\Current\Bin\Microsoft.Common.CurrentVersion.targets(2437,5): warning MSB3277:             System.Web [C:\Users\WilliamForney\source\repos\wforney\OpenLiveWriter\src\managed\OpenLiveWriter.HtmlParser\OpenLiveWriter.HtmlParser.csproj]
C:\Program Files\Microsoft Visual Studio\18\Enterprise\MSBuild\Current\Bin\Microsoft.Common.CurrentVersion.targets(2437,5): warning MSB3277:             System.Data [C:\Users\WilliamForney\source\repos\wforney\OpenLiveWriter\src\managed\OpenLiveWriter.HtmlParser\OpenLiveWriter.HtmlParser.csproj]
C:\Program Files\Microsoft Visual Studio\18\Enterprise\MSBuild\Current\Bin\Microsoft.Common.CurrentVersion.targets(2437,5): warning MSB3277:         C:\Windows\Microsoft.Net\assembly\GAC_MSIL\System.ComponentModel.DataAnnotations\v4.0_4.0.0.0__31bf3856ad364e35\System.ComponentModel.DataAnnotations.dll [C:\Users\WilliamForney\source\repos\wforney\OpenLiveWriter\src\managed\OpenLiveWriter.HtmlParser\OpenLiveWriter.HtmlParser.csproj]
C:\Program Files\Microsoft Visual Studio\18\Enterprise\MSBuild\Current\Bin\Microsoft.Common.CurrentVersion.targets(2437,5): warning MSB3277:           Project file item includes which caused reference "C:\Windows\Microsoft.Net\assembly\GAC_MSIL\System.ComponentModel.DataAnnotations\v4.0_4.0.0.0__31bf3856ad364e35\System.ComponentModel.DataAnnotations.dll". [C:\Users\WilliamForney\source\repos\wforney\OpenLiveWriter\src\managed\OpenLiveWriter.HtmlParser\OpenLiveWriter.HtmlParser.csproj]
C:\Program Files\Microsoft Visual Studio\18\Enterprise\MSBuild\Current\Bin\Microsoft.Common.CurrentVersion.targets(2437,5): warning MSB3277:             System.Web [C:\Users\WilliamForney\source\repos\wforney\OpenLiveWriter\src\managed\OpenLiveWriter.HtmlParser\OpenLiveWriter.HtmlParser.csproj]
C:\Program Files\Microsoft Visual Studio\18\Enterprise\MSBuild\Current\Bin\Microsoft.Common.CurrentVersion.targets(2437,5): warning MSB3277:             System.Data [C:\Users\WilliamForney\source\repos\wforney\OpenLiveWriter\src\managed\OpenLiveWriter.HtmlParser\OpenLiveWriter.HtmlParser.csproj]
C:\Program Files\Microsoft Visual Studio\18\Enterprise\MSBuild\Current\Bin\Microsoft.Common.CurrentVersion.targets(2437,5): warning MSB3277:         C:\Windows\Microsoft.Net\assembly\GAC_MSIL\Microsoft.Build.Utilities.v4.0\v4.0_4.0.0.0__b03f5f7f11d50a3a\Microsoft.Build.Utilities.v4.0.dll [C:\Users\WilliamForney\source\repos\wforney\OpenLiveWriter\src\managed\OpenLiveWriter.HtmlParser\OpenLiveWriter.HtmlParser.csproj]
C:\Program Files\Microsoft Visual Studio\18\Enterprise\MSBuild\Current\Bin\Microsoft.Common.CurrentVersion.targets(2437,5): warning MSB3277:           Project file item includes which caused reference "C:\Windows\Microsoft.Net\assembly\GAC_MSIL\Microsoft.Build.Utilities.v4.0\v4.0_4.0.0.0__b03f5f7f11d50a3a\Microsoft.Build.Utilities.v4.0.dll". [C:\Users\WilliamForney\source\repos\wforney\OpenLiveWriter\src\managed\OpenLiveWriter.HtmlParser\OpenLiveWriter.HtmlParser.csproj]
C:\Program Files\Microsoft Visual Studio\18\Enterprise\MSBuild\Current\Bin\Microsoft.Common.CurrentVersion.targets(2437,5): warning MSB3277:             System.Web [C:\Users\WilliamForney\source\repos\wforney\OpenLiveWriter\src\managed\OpenLiveWriter.HtmlParser\OpenLiveWriter.HtmlParser.csproj]
C:\Program Files\Microsoft Visual Studio\18\Enterprise\MSBuild\Current\Bin\Microsoft.Common.CurrentVersion.targets(2437,5): warning MSB3277:             System.Data [C:\Users\WilliamForney\source\repos\wforney\OpenLiveWriter\src\managed\OpenLiveWriter.HtmlParser\OpenLiveWriter.HtmlParser.csproj]
C:\Program Files\Microsoft Visual Studio\18\Enterprise\MSBuild\Current\Bin\Microsoft.Common.CurrentVersion.targets(2437,5): warning MSB3277:         C:\Windows\Microsoft.Net\assembly\GAC_MSIL\Microsoft.Build.Tasks.v4.0\v4.0_4.0.0.0__b03f5f7f11d50a3a\Microsoft.Build.Tasks.v4.0.dll [C:\Users\WilliamForney\source\repos\wforney\OpenLiveWriter\src\managed\OpenLiveWriter.HtmlParser\OpenLiveWriter.HtmlParser.csproj]
C:\Program Files\Microsoft Visual Studio\18\Enterprise\MSBuild\Current\Bin\Microsoft.Common.CurrentVersion.targets(2437,5): warning MSB3277:           Project file item includes which caused reference "C:\Windows\Microsoft.Net\assembly\GAC_MSIL\Microsoft.Build.Tasks.v4.0\v4.0_4.0.0.0__b03f5f7f11d50a3a\Microsoft.Build.Tasks.v4.0.dll". [C:\Users\WilliamForney\source\repos\wforney\OpenLiveWriter\src\managed\OpenLiveWriter.HtmlParser\OpenLiveWriter.HtmlParser.csproj]
C:\Program Files\Microsoft Visual Studio\18\Enterprise\MSBuild\Current\Bin\Microsoft.Common.CurrentVersion.targets(2437,5): warning MSB3277:             System.Web [C:\Users\WilliamForney\source\repos\wforney\OpenLiveWriter\src\managed\OpenLiveWriter.HtmlParser\OpenLiveWriter.HtmlParser.csproj]
C:\Program Files\Microsoft Visual Studio\18\Enterprise\MSBuild\Current\Bin\Microsoft.Common.CurrentVersion.targets(2437,5): warning MSB3277:             System.Data [C:\Users\WilliamForney\source\repos\wforney\OpenLiveWriter\src\managed\OpenLiveWriter.HtmlParser\OpenLiveWriter.HtmlParser.csproj]
C:\Program Files\Microsoft Visual Studio\18\Enterprise\MSBuild\Current\Bin\Microsoft.Common.CurrentVersion.targets(2437,5): warning MSB3277:         C:\Windows\Microsoft.Net\assembly\GAC_MSIL\System.Windows.Forms\v4.0_4.0.0.0__b77a5c561934e089\System.Windows.Forms.dll [C:\Users\WilliamForney\source\repos\wforney\OpenLiveWriter\src\managed\OpenLiveWriter.HtmlParser\OpenLiveWriter.HtmlParser.csproj]
C:\Program Files\Microsoft Visual Studio\18\Enterprise\MSBuild\Current\Bin\Microsoft.Common.CurrentVersion.targets(2437,5): warning MSB3277:           Project file item includes which caused reference "C:\Windows\Microsoft.Net\assembly\GAC_MSIL\System.Windows.Forms\v4.0_4.0.0.0__b77a5c561934e089\System.Windows.Forms.dll". [C:\Users\WilliamForney\source\repos\wforney\OpenLiveWriter\src\managed\OpenLiveWriter.HtmlParser\OpenLiveWriter.HtmlParser.csproj]
C:\Program Files\Microsoft Visual Studio\18\Enterprise\MSBuild\Current\Bin\Microsoft.Common.CurrentVersion.targets(2437,5): warning MSB3277:             System.Web [C:\Users\WilliamForney\source\repos\wforney\OpenLiveWriter\src\managed\OpenLiveWriter.HtmlParser\OpenLiveWriter.HtmlParser.csproj]
C:\Program Files\Microsoft Visual Studio\18\Enterprise\MSBuild\Current\Bin\Microsoft.Common.CurrentVersion.targets(2437,5): warning MSB3277:             System.Data [C:\Users\WilliamForney\source\repos\wforney\OpenLiveWriter\src\managed\OpenLiveWriter.HtmlParser\OpenLiveWriter.HtmlParser.csproj]
C:\Program Files\Microsoft Visual Studio\18\Enterprise\MSBuild\Current\Bin\Microsoft.Common.CurrentVersion.targets(2437,5): warning MSB3277:         C:\Windows\Microsoft.Net\assembly\GAC_MSIL\System.Deployment\v4.0_4.0.0.0__b03f5f7f11d50a3a\System.Deployment.dll [C:\Users\WilliamForney\source\repos\wforney\OpenLiveWriter\src\managed\OpenLiveWriter.HtmlParser\OpenLiveWriter.HtmlParser.csproj]
C:\Program Files\Microsoft Visual Studio\18\Enterprise\MSBuild\Current\Bin\Microsoft.Common.CurrentVersion.targets(2437,5): warning MSB3277:           Project file item includes which caused reference "C:\Windows\Microsoft.Net\assembly\GAC_MSIL\System.Deployment\v4.0_4.0.0.0__b03f5f7f11d50a3a\System.Deployment.dll". [C:\Users\WilliamForney\source\repos\wforney\OpenLiveWriter\src\managed\OpenLiveWriter.HtmlParser\OpenLiveWriter.HtmlParser.csproj]
C:\Program Files\Microsoft Visual Studio\18\Enterprise\MSBuild\Current\Bin\Microsoft.Common.CurrentVersion.targets(2437,5): warning MSB3277:             System.Web [C:\Users\WilliamForney\source\repos\wforney\OpenLiveWriter\src\managed\OpenLiveWriter.HtmlParser\OpenLiveWriter.HtmlParser.csproj]
C:\Program Files\Microsoft Visual Studio\18\Enterprise\MSBuild\Current\Bin\Microsoft.Common.CurrentVersion.targets(2437,5): warning MSB3277:             System.Data [C:\Users\WilliamForney\source\repos\wforney\OpenLiveWriter\src\managed\OpenLiveWriter.HtmlParser\OpenLiveWriter.HtmlParser.csproj]
C:\Program Files\Microsoft Visual Studio\18\Enterprise\MSBuild\Current\Bin\Microsoft.Common.CurrentVersion.targets(2437,5): warning MSB3277: Found conflicts between different versions of "System.Core" that could not be resolved. [C:\Users\WilliamForney\source\repos\wforney\OpenLiveWriter\src\managed\OpenLiveWriter.Interop\OpenLiveWriter.Interop.csproj]
C:\Program Files\Microsoft Visual Studio\18\Enterprise\MSBuild\Current\Bin\Microsoft.Common.CurrentVersion.targets(2437,5): warning MSB3277: There was a conflict between "System.Core, Version=3.5.0.0, Culture=neutral, PublicKeyToken=b77a5c561934e089" and "System.Core, Version=4.0.0.0, Culture=neutral, PublicKeyToken=b77a5c561934e089". [C:\Users\WilliamForney\source\repos\wforney\OpenLiveWriter\src\managed\OpenLiveWriter.Interop\OpenLiveWriter.Interop.csproj]
C:\Program Files\Microsoft Visual Studio\18\Enterprise\MSBuild\Current\Bin\Microsoft.Common.CurrentVersion.targets(2437,5): warning MSB3277:     "System.Core, Version=3.5.0.0, Culture=neutral, PublicKeyToken=b77a5c561934e089" was chosen because it was primary and "System.Core, Version=4.0.0.0, Culture=neutral, PublicKeyToken=b77a5c561934e089" was not. [C:\Users\WilliamForney\source\repos\wforney\OpenLiveWriter\src\managed\OpenLiveWriter.Interop\OpenLiveWriter.Interop.csproj]
C:\Program Files\Microsoft Visual Studio\18\Enterprise\MSBuild\Current\Bin\Microsoft.Common.CurrentVersion.targets(2437,5): warning MSB3277:     References which depend on "System.Core, Version=3.5.0.0, Culture=neutral, PublicKeyToken=b77a5c561934e089" [C:\Program Files (x86)\Reference Assemblies\Microsoft\Framework\v3.5\System.Core.dll]. [C:\Users\WilliamForney\source\repos\wforney\OpenLiveWriter\src\managed\OpenLiveWriter.Interop\OpenLiveWriter.Interop.csproj]
C:\Program Files\Microsoft Visual Studio\18\Enterprise\MSBuild\Current\Bin\Microsoft.Common.CurrentVersion.targets(2437,5): warning MSB3277:         C:\Program Files (x86)\Reference Assemblies\Microsoft\Framework\v3.5\System.Core.dll [C:\Users\WilliamForney\source\repos\wforney\OpenLiveWriter\src\managed\OpenLiveWriter.Interop\OpenLiveWriter.Interop.csproj]
C:\Program Files\Microsoft Visual Studio\18\Enterprise\MSBuild\Current\Bin\Microsoft.Common.CurrentVersion.targets(2437,5): warning MSB3277:           Project file item includes which caused reference "C:\Program Files (x86)\Reference Assemblies\Microsoft\Framework\v3.5\System.Core.dll". [C:\Users\WilliamForney\source\repos\wforney\OpenLiveWriter\src\managed\OpenLiveWriter.Interop\OpenLiveWriter.Interop.csproj]
C:\Program Files\Microsoft Visual Studio\18\Enterprise\MSBuild\Current\Bin\Microsoft.Common.CurrentVersion.targets(2437,5): warning MSB3277:             System.Core [C:\Users\WilliamForney\source\repos\wforney\OpenLiveWriter\src\managed\OpenLiveWriter.Interop\OpenLiveWriter.Interop.csproj]
C:\Program Files\Microsoft Visual Studio\18\Enterprise\MSBuild\Current\Bin\Microsoft.Common.CurrentVersion.targets(2437,5): warning MSB3277:     References which depend on or have been unified to "System.Core, Version=4.0.0.0, Culture=neutral, PublicKeyToken=b77a5c561934e089" [C:\Windows\Microsoft.Net\assembly\GAC_MSIL\System.Core\v4.0_4.0.0.0__b77a5c561934e089\System.Core.dll]. [C:\Users\WilliamForney\source\repos\wforney\OpenLiveWriter\src\managed\OpenLiveWriter.Interop\OpenLiveWriter.Interop.csproj]
C:\Program Files\Microsoft Visual Studio\18\Enterprise\MSBuild\Current\Bin\Microsoft.Common.CurrentVersion.targets(2437,5): warning MSB3277:         C:\Windows\Microsoft.Net\assembly\GAC_32\System.Data\v4.0_4.0.0.0__b77a5c561934e089\System.Data.dll [C:\Users\WilliamForney\source\repos\wforney\OpenLiveWriter\src\managed\OpenLiveWriter.Interop\OpenLiveWriter.Interop.csproj]
C:\Program Files\Microsoft Visual Studio\18\Enterprise\MSBuild\Current\Bin\Microsoft.Common.CurrentVersion.targets(2437,5): warning MSB3277:           Project file item includes which caused reference "C:\Windows\Microsoft.Net\assembly\GAC_32\System.Data\v4.0_4.0.0.0__b77a5c561934e089\System.Data.dll". [C:\Users\WilliamForney\source\repos\wforney\OpenLiveWriter\src\managed\OpenLiveWriter.Interop\OpenLiveWriter.Interop.csproj]
C:\Program Files\Microsoft Visual Studio\18\Enterprise\MSBuild\Current\Bin\Microsoft.Common.CurrentVersion.targets(2437,5): warning MSB3277:             System.Data [C:\Users\WilliamForney\source\repos\wforney\OpenLiveWriter\src\managed\OpenLiveWriter.Interop\OpenLiveWriter.Interop.csproj]
C:\Program Files\Microsoft Visual Studio\18\Enterprise\MSBuild\Current\Bin\Microsoft.Common.CurrentVersion.targets(2437,5): warning MSB3277:         C:\Windows\Microsoft.Net\assembly\GAC_MSIL\System.Windows.Forms\v4.0_4.0.0.0__b77a5c561934e089\System.Windows.Forms.dll [C:\Users\WilliamForney\source\repos\wforney\OpenLiveWriter\src\managed\OpenLiveWriter.Interop\OpenLiveWriter.Interop.csproj]
C:\Program Files\Microsoft Visual Studio\18\Enterprise\MSBuild\Current\Bin\Microsoft.Common.CurrentVersion.targets(2437,5): warning MSB3277:           Project file item includes which caused reference "C:\Windows\Microsoft.Net\assembly\GAC_MSIL\System.Windows.Forms\v4.0_4.0.0.0__b77a5c561934e089\System.Windows.Forms.dll". [C:\Users\WilliamForney\source\repos\wforney\OpenLiveWriter\src\managed\OpenLiveWriter.Interop\OpenLiveWriter.Interop.csproj]
C:\Program Files\Microsoft Visual Studio\18\Enterprise\MSBuild\Current\Bin\Microsoft.Common.CurrentVersion.targets(2437,5): warning MSB3277:             System.Windows.Forms [C:\Users\WilliamForney\source\repos\wforney\OpenLiveWriter\src\managed\OpenLiveWriter.Interop\OpenLiveWriter.Interop.csproj]
C:\Program Files\Microsoft Visual Studio\18\Enterprise\MSBuild\Current\Bin\Microsoft.Common.CurrentVersion.targets(2437,5): warning MSB3277:             System.Data [C:\Users\WilliamForney\source\repos\wforney\OpenLiveWriter\src\managed\OpenLiveWriter.Interop\OpenLiveWriter.Interop.csproj]
C:\Program Files\Microsoft Visual Studio\18\Enterprise\MSBuild\Current\Bin\Microsoft.Common.CurrentVersion.targets(2437,5): warning MSB3277:         C:\Windows\Microsoft.Net\assembly\GAC_MSIL\System.Configuration\v4.0_4.0.0.0__b03f5f7f11d50a3a\System.Configuration.dll [C:\Users\WilliamForney\source\repos\wforney\OpenLiveWriter\src\managed\OpenLiveWriter.Interop\OpenLiveWriter.Interop.csproj]
C:\Program Files\Microsoft Visual Studio\18\Enterprise\MSBuild\Current\Bin\Microsoft.Common.CurrentVersion.targets(2437,5): warning MSB3277:           Project file item includes which caused reference "C:\Windows\Microsoft.Net\assembly\GAC_MSIL\System.Configuration\v4.0_4.0.0.0__b03f5f7f11d50a3a\System.Configuration.dll". [C:\Users\WilliamForney\source\repos\wforney\OpenLiveWriter\src\managed\OpenLiveWriter.Interop\OpenLiveWriter.Interop.csproj]
C:\Program Files\Microsoft Visual Studio\18\Enterprise\MSBuild\Current\Bin\Microsoft.Common.CurrentVersion.targets(2437,5): warning MSB3277:             System [C:\Users\WilliamForney\source\repos\wforney\OpenLiveWriter\src\managed\OpenLiveWriter.Interop\OpenLiveWriter.Interop.csproj]
C:\Program Files\Microsoft Visual Studio\18\Enterprise\MSBuild\Current\Bin\Microsoft.Common.CurrentVersion.targets(2437,5): warning MSB3277:             System.Data [C:\Users\WilliamForney\source\repos\wforney\OpenLiveWriter\src\managed\OpenLiveWriter.Interop\OpenLiveWriter.Interop.csproj]
C:\Program Files\Microsoft Visual Studio\18\Enterprise\MSBuild\Current\Bin\Microsoft.Common.CurrentVersion.targets(2437,5): warning MSB3277:             System.Drawing [C:\Users\WilliamForney\source\repos\wforney\OpenLiveWriter\src\managed\OpenLiveWriter.Interop\OpenLiveWriter.Interop.csproj]
C:\Program Files\Microsoft Visual Studio\18\Enterprise\MSBuild\Current\Bin\Microsoft.Common.CurrentVersion.targets(2437,5): warning MSB3277:             System.Windows.Forms [C:\Users\WilliamForney\source\repos\wforney\OpenLiveWriter\src\managed\OpenLiveWriter.Interop\OpenLiveWriter.Interop.csproj]
C:\Program Files\Microsoft Visual Studio\18\Enterprise\MSBuild\Current\Bin\Microsoft.Common.CurrentVersion.targets(2437,5): warning MSB3277:             System.Xml [C:\Users\WilliamForney\source\repos\wforney\OpenLiveWriter\src\managed\OpenLiveWriter.Interop\OpenLiveWriter.Interop.csproj]
C:\Program Files\Microsoft Visual Studio\18\Enterprise\MSBuild\Current\Bin\Microsoft.Common.CurrentVersion.targets(2437,5): warning MSB3277:             System.Core [C:\Users\WilliamForney\source\repos\wforney\OpenLiveWriter\src\managed\OpenLiveWriter.Interop\OpenLiveWriter.Interop.csproj]
C:\Program Files\Microsoft Visual Studio\18\Enterprise\MSBuild\Current\Bin\Microsoft.Common.CurrentVersion.targets(2437,5): warning MSB3277:         C:\Windows\Microsoft.Net\assembly\GAC_MSIL\System.Deployment\v4.0_4.0.0.0__b03f5f7f11d50a3a\System.Deployment.dll [C:\Users\WilliamForney\source\repos\wforney\OpenLiveWriter\src\managed\OpenLiveWriter.Interop\OpenLiveWriter.Interop.csproj]
C:\Program Files\Microsoft Visual Studio\18\Enterprise\MSBuild\Current\Bin\Microsoft.Common.CurrentVersion.targets(2437,5): warning MSB3277:           Project file item includes which caused reference "C:\Windows\Microsoft.Net\assembly\GAC_MSIL\System.Deployment\v4.0_4.0.0.0__b03f5f7f11d50a3a\System.Deployment.dll". [C:\Users\WilliamForney\source\repos\wforney\OpenLiveWriter\src\managed\OpenLiveWriter.Interop\OpenLiveWriter.Interop.csproj]
C:\Program Files\Microsoft Visual Studio\18\Enterprise\MSBuild\Current\Bin\Microsoft.Common.CurrentVersion.targets(2437,5): warning MSB3277:             System.Windows.Forms [C:\Users\WilliamForney\source\repos\wforney\OpenLiveWriter\src\managed\OpenLiveWriter.Interop\OpenLiveWriter.Interop.csproj]
C:\Program Files\Microsoft Visual Studio\18\Enterprise\MSBuild\Current\Bin\Microsoft.Common.CurrentVersion.targets(2437,5): warning MSB3277:             System.Data [C:\Users\WilliamForney\source\repos\wforney\OpenLiveWriter\src\managed\OpenLiveWriter.Interop\OpenLiveWriter.Interop.csproj]
C:\Program Files\Microsoft Visual Studio\18\Enterprise\MSBuild\Current\Bin\Microsoft.Common.CurrentVersion.targets(2437,5): warning MSB3277:         C:\Windows\Microsoft.Net\assembly\GAC_32\System.Web\v4.0_4.0.0.0__b03f5f7f11d50a3a\System.Web.dll [C:\Users\WilliamForney\source\repos\wforney\OpenLiveWriter\src\managed\OpenLiveWriter.Interop\OpenLiveWriter.Interop.csproj]
C:\Program Files\Microsoft Visual Studio\18\Enterprise\MSBuild\Current\Bin\Microsoft.Common.CurrentVersion.targets(2437,5): warning MSB3277:           Project file item includes which caused reference "C:\Windows\Microsoft.Net\assembly\GAC_32\System.Web\v4.0_4.0.0.0__b03f5f7f11d50a3a\System.Web.dll". [C:\Users\WilliamForney\source\repos\wforney\OpenLiveWriter\src\managed\OpenLiveWriter.Interop\OpenLiveWriter.Interop.csproj]
C:\Program Files\Microsoft Visual Studio\18\Enterprise\MSBuild\Current\Bin\Microsoft.Common.CurrentVersion.targets(2437,5): warning MSB3277:             System.Data [C:\Users\WilliamForney\source\repos\wforney\OpenLiveWriter\src\managed\OpenLiveWriter.Interop\OpenLiveWriter.Interop.csproj]
C:\Program Files\Microsoft Visual Studio\18\Enterprise\MSBuild\Current\Bin\Microsoft.Common.CurrentVersion.targets(2437,5): warning MSB3277:         C:\Windows\Microsoft.Net\assembly\GAC_MSIL\System.Design\v4.0_4.0.0.0__b03f5f7f11d50a3a\System.Design.dll [C:\Users\WilliamForney\source\repos\wforney\OpenLiveWriter\src\managed\OpenLiveWriter.Interop\OpenLiveWriter.Interop.csproj]
C:\Program Files\Microsoft Visual Studio\18\Enterprise\MSBuild\Current\Bin\Microsoft.Common.CurrentVersion.targets(2437,5): warning MSB3277:           Project file item includes which caused reference "C:\Windows\Microsoft.Net\assembly\GAC_MSIL\System.Design\v4.0_4.0.0.0__b03f5f7f11d50a3a\System.Design.dll". [C:\Users\WilliamForney\source\repos\wforney\OpenLiveWriter\src\managed\OpenLiveWriter.Interop\OpenLiveWriter.Interop.csproj]
C:\Program Files\Microsoft Visual Studio\18\Enterprise\MSBuild\Current\Bin\Microsoft.Common.CurrentVersion.targets(2437,5): warning MSB3277:             System.Data [C:\Users\WilliamForney\source\repos\wforney\OpenLiveWriter\src\managed\OpenLiveWriter.Interop\OpenLiveWriter.Interop.csproj]
C:\Program Files\Microsoft Visual Studio\18\Enterprise\MSBuild\Current\Bin\Microsoft.Common.CurrentVersion.targets(2437,5): warning MSB3277:         C:\Windows\Microsoft.Net\assembly\GAC_MSIL\System.ComponentModel.DataAnnotations\v4.0_4.0.0.0__31bf3856ad364e35\System.ComponentModel.DataAnnotations.dll [C:\Users\WilliamForney\source\repos\wforney\OpenLiveWriter\src\managed\OpenLiveWriter.Interop\OpenLiveWriter.Interop.csproj]
C:\Program Files\Microsoft Visual Studio\18\Enterprise\MSBuild\Current\Bin\Microsoft.Common.CurrentVersion.targets(2437,5): warning MSB3277:           Project file item includes which caused reference "C:\Windows\Microsoft.Net\assembly\GAC_MSIL\System.ComponentModel.DataAnnotations\v4.0_4.0.0.0__31bf3856ad364e35\System.ComponentModel.DataAnnotations.dll". [C:\Users\WilliamForney\source\repos\wforney\OpenLiveWriter\src\managed\OpenLiveWriter.Interop\OpenLiveWriter.Interop.csproj]
C:\Program Files\Microsoft Visual Studio\18\Enterprise\MSBuild\Current\Bin\Microsoft.Common.CurrentVersion.targets(2437,5): warning MSB3277:             System.Data [C:\Users\WilliamForney\source\repos\wforney\OpenLiveWriter\src\managed\OpenLiveWriter.Interop\OpenLiveWriter.Interop.csproj]
C:\Program Files\Microsoft Visual Studio\18\Enterprise\MSBuild\Current\Bin\Microsoft.Common.CurrentVersion.targets(2437,5): warning MSB3277:         C:\Windows\Microsoft.Net\assembly\GAC_MSIL\Microsoft.Build.Utilities.v4.0\v4.0_4.0.0.0__b03f5f7f11d50a3a\Microsoft.Build.Utilities.v4.0.dll [C:\Users\WilliamForney\source\repos\wforney\OpenLiveWriter\src\managed\OpenLiveWriter.Interop\OpenLiveWriter.Interop.csproj]
C:\Program Files\Microsoft Visual Studio\18\Enterprise\MSBuild\Current\Bin\Microsoft.Common.CurrentVersion.targets(2437,5): warning MSB3277:           Project file item includes which caused reference "C:\Windows\Microsoft.Net\assembly\GAC_MSIL\Microsoft.Build.Utilities.v4.0\v4.0_4.0.0.0__b03f5f7f11d50a3a\Microsoft.Build.Utilities.v4.0.dll". [C:\Users\WilliamForney\source\repos\wforney\OpenLiveWriter\src\managed\OpenLiveWriter.Interop\OpenLiveWriter.Interop.csproj]
C:\Program Files\Microsoft Visual Studio\18\Enterprise\MSBuild\Current\Bin\Microsoft.Common.CurrentVersion.targets(2437,5): warning MSB3277:             System.Data [C:\Users\WilliamForney\source\repos\wforney\OpenLiveWriter\src\managed\OpenLiveWriter.Interop\OpenLiveWriter.Interop.csproj]
C:\Program Files\Microsoft Visual Studio\18\Enterprise\MSBuild\Current\Bin\Microsoft.Common.CurrentVersion.targets(2437,5): warning MSB3277:         C:\Windows\Microsoft.Net\assembly\GAC_MSIL\Microsoft.Build.Tasks.v4.0\v4.0_4.0.0.0__b03f5f7f11d50a3a\Microsoft.Build.Tasks.v4.0.dll [C:\Users\WilliamForney\source\repos\wforney\OpenLiveWriter\src\managed\OpenLiveWriter.Interop\OpenLiveWriter.Interop.csproj]
C:\Program Files\Microsoft Visual Studio\18\Enterprise\MSBuild\Current\Bin\Microsoft.Common.CurrentVersion.targets(2437,5): warning MSB3277:           Project file item includes which caused reference "C:\Windows\Microsoft.Net\assembly\GAC_MSIL\Microsoft.Build.Tasks.v4.0\v4.0_4.0.0.0__b03f5f7f11d50a3a\Microsoft.Build.Tasks.v4.0.dll". [C:\Users\WilliamForney\source\repos\wforney\OpenLiveWriter\src\managed\OpenLiveWriter.Interop\OpenLiveWriter.Interop.csproj]
C:\Program Files\Microsoft Visual Studio\18\Enterprise\MSBuild\Current\Bin\Microsoft.Common.CurrentVersion.targets(2437,5): warning MSB3277:             System.Data [C:\Users\WilliamForney\source\repos\wforney\OpenLiveWriter\src\managed\OpenLiveWriter.Interop\OpenLiveWriter.Interop.csproj]
  OpenLiveWriter.HtmlParser -> C:\Users\WilliamForney\source\repos\wforney\OpenLiveWriter\src\managed\bin\Debug\i386\Writer\OpenLiveWriter.HtmlParser.dll
  OpenLiveWriter.Interop -> C:\Users\WilliamForney\source\repos\wforney\OpenLiveWriter\src\managed\bin\Debug\i386\Writer\OpenLiveWriter.Interop.dll
C:\Program Files\Microsoft Visual Studio\18\Enterprise\MSBuild\Current\Bin\Microsoft.Common.CurrentVersion.targets(2437,5): warning MSB3277: Found conflicts between different versions of "System.Core" that could not be resolved. [C:\Users\WilliamForney\source\repos\wforney\OpenLiveWriter\src\managed\BlogRunnerReporter\BlogRunnerReporter.csproj]
C:\Program Files\Microsoft Visual Studio\18\Enterprise\MSBuild\Current\Bin\Microsoft.Common.CurrentVersion.targets(2437,5): warning MSB3277: There was a conflict between "System.Core, Version=3.5.0.0, Culture=neutral, PublicKeyToken=b77a5c561934e089" and "System.Core, Version=4.0.0.0, Culture=neutral, PublicKeyToken=b77a5c561934e089". [C:\Users\WilliamForney\source\repos\wforney\OpenLiveWriter\src\managed\BlogRunnerReporter\BlogRunnerReporter.csproj]
C:\Program Files\Microsoft Visual Studio\18\Enterprise\MSBuild\Current\Bin\Microsoft.Common.CurrentVersion.targets(2437,5): warning MSB3277:     "System.Core, Version=3.5.0.0, Culture=neutral, PublicKeyToken=b77a5c561934e089" was chosen because it was primary and "System.Core, Version=4.0.0.0, Culture=neutral, PublicKeyToken=b77a5c561934e089" was not. [C:\Users\WilliamForney\source\repos\wforney\OpenLiveWriter\src\managed\BlogRunnerReporter\BlogRunnerReporter.csproj]
C:\Program Files\Microsoft Visual Studio\18\Enterprise\MSBuild\Current\Bin\Microsoft.Common.CurrentVersion.targets(2437,5): warning MSB3277:     References which depend on "System.Core, Version=3.5.0.0, Culture=neutral, PublicKeyToken=b77a5c561934e089" [C:\Program Files (x86)\Reference Assemblies\Microsoft\Framework\v3.5\System.Core.dll]. [C:\Users\WilliamForney\source\repos\wforney\OpenLiveWriter\src\managed\BlogRunnerReporter\BlogRunnerReporter.csproj]
C:\Program Files\Microsoft Visual Studio\18\Enterprise\MSBuild\Current\Bin\Microsoft.Common.CurrentVersion.targets(2437,5): warning MSB3277:         C:\Program Files (x86)\Reference Assemblies\Microsoft\Framework\v3.5\System.Core.dll [C:\Users\WilliamForney\source\repos\wforney\OpenLiveWriter\src\managed\BlogRunnerReporter\BlogRunnerReporter.csproj]
C:\Program Files\Microsoft Visual Studio\18\Enterprise\MSBuild\Current\Bin\Microsoft.Common.CurrentVersion.targets(2437,5): warning MSB3277:           Project file item includes which caused reference "C:\Program Files (x86)\Reference Assemblies\Microsoft\Framework\v3.5\System.Core.dll". [C:\Users\WilliamForney\source\repos\wforney\OpenLiveWriter\src\managed\BlogRunnerReporter\BlogRunnerReporter.csproj]
C:\Program Files\Microsoft Visual Studio\18\Enterprise\MSBuild\Current\Bin\Microsoft.Common.CurrentVersion.targets(2437,5): warning MSB3277:             System.Core [C:\Users\WilliamForney\source\repos\wforney\OpenLiveWriter\src\managed\BlogRunnerReporter\BlogRunnerReporter.csproj]
C:\Program Files\Microsoft Visual Studio\18\Enterprise\MSBuild\Current\Bin\Microsoft.Common.CurrentVersion.targets(2437,5): warning MSB3277:     References which depend on or have been unified to "System.Core, Version=4.0.0.0, Culture=neutral, PublicKeyToken=b77a5c561934e089" [C:\Windows\Microsoft.Net\assembly\GAC_MSIL\System.Core\v4.0_4.0.0.0__b77a5c561934e089\System.Core.dll]. [C:\Users\WilliamForney\source\repos\wforney\OpenLiveWriter\src\managed\BlogRunnerReporter\BlogRunnerReporter.csproj]
C:\Program Files\Microsoft Visual Studio\18\Enterprise\MSBuild\Current\Bin\Microsoft.Common.CurrentVersion.targets(2437,5): warning MSB3277:         C:\Windows\Microsoft.Net\assembly\GAC_32\System.Data\v4.0_4.0.0.0__b77a5c561934e089\System.Data.dll [C:\Users\WilliamForney\source\repos\wforney\OpenLiveWriter\src\managed\BlogRunnerReporter\BlogRunnerReporter.csproj]
C:\Program Files\Microsoft Visual Studio\18\Enterprise\MSBuild\Current\Bin\Microsoft.Common.CurrentVersion.targets(2437,5): warning MSB3277:           Project file item includes which caused reference "C:\Windows\Microsoft.Net\assembly\GAC_32\System.Data\v4.0_4.0.0.0__b77a5c561934e089\System.Data.dll". [C:\Users\WilliamForney\source\repos\wforney\OpenLiveWriter\src\managed\BlogRunnerReporter\BlogRunnerReporter.csproj]
C:\Program Files\Microsoft Visual Studio\18\Enterprise\MSBuild\Current\Bin\Microsoft.Common.CurrentVersion.targets(2437,5): warning MSB3277:             System.Data [C:\Users\WilliamForney\source\repos\wforney\OpenLiveWriter\src\managed\BlogRunnerReporter\BlogRunnerReporter.csproj]
C:\Program Files\Microsoft Visual Studio\18\Enterprise\MSBuild\Current\Bin\Microsoft.Common.CurrentVersion.targets(2437,5): warning MSB3277:             System.Web [C:\Users\WilliamForney\source\repos\wforney\OpenLiveWriter\src\managed\BlogRunnerReporter\BlogRunnerReporter.csproj]
C:\Program Files\Microsoft Visual Studio\18\Enterprise\MSBuild\Current\Bin\Microsoft.Common.CurrentVersion.targets(2437,5): warning MSB3277:         C:\Windows\Microsoft.Net\assembly\GAC_MSIL\System.Deployment\v4.0_4.0.0.0__b03f5f7f11d50a3a\System.Deployment.dll [C:\Users\WilliamForney\source\repos\wforney\OpenLiveWriter\src\managed\BlogRunnerReporter\BlogRunnerReporter.csproj]
C:\Program Files\Microsoft Visual Studio\18\Enterprise\MSBuild\Current\Bin\Microsoft.Common.CurrentVersion.targets(2437,5): warning MSB3277:           Project file item includes which caused reference "C:\Windows\Microsoft.Net\assembly\GAC_MSIL\System.Deployment\v4.0_4.0.0.0__b03f5f7f11d50a3a\System.Deployment.dll". [C:\Users\WilliamForney\source\repos\wforney\OpenLiveWriter\src\managed\BlogRunnerReporter\BlogRunnerReporter.csproj]
C:\Program Files\Microsoft Visual Studio\18\Enterprise\MSBuild\Current\Bin\Microsoft.Common.CurrentVersion.targets(2437,5): warning MSB3277:             System.Deployment [C:\Users\WilliamForney\source\repos\wforney\OpenLiveWriter\src\managed\BlogRunnerReporter\BlogRunnerReporter.csproj]
C:\Program Files\Microsoft Visual Studio\18\Enterprise\MSBuild\Current\Bin\Microsoft.Common.CurrentVersion.targets(2437,5): warning MSB3277:             System.Web [C:\Users\WilliamForney\source\repos\wforney\OpenLiveWriter\src\managed\BlogRunnerReporter\BlogRunnerReporter.csproj]
C:\Program Files\Microsoft Visual Studio\18\Enterprise\MSBuild\Current\Bin\Microsoft.Common.CurrentVersion.targets(2437,5): warning MSB3277:             System.Data [C:\Users\WilliamForney\source\repos\wforney\OpenLiveWriter\src\managed\BlogRunnerReporter\BlogRunnerReporter.csproj]
C:\Program Files\Microsoft Visual Studio\18\Enterprise\MSBuild\Current\Bin\Microsoft.Common.CurrentVersion.targets(2437,5): warning MSB3277:         C:\Windows\Microsoft.Net\assembly\GAC_32\System.Web\v4.0_4.0.0.0__b03f5f7f11d50a3a\System.Web.dll [C:\Users\WilliamForney\source\repos\wforney\OpenLiveWriter\src\managed\BlogRunnerReporter\BlogRunnerReporter.csproj]
C:\Program Files\Microsoft Visual Studio\18\Enterprise\MSBuild\Current\Bin\Microsoft.Common.CurrentVersion.targets(2437,5): warning MSB3277:           Project file item includes which caused reference "C:\Windows\Microsoft.Net\assembly\GAC_32\System.Web\v4.0_4.0.0.0__b03f5f7f11d50a3a\System.Web.dll". [C:\Users\WilliamForney\source\repos\wforney\OpenLiveWriter\src\managed\BlogRunnerReporter\BlogRunnerReporter.csproj]
C:\Program Files\Microsoft Visual Studio\18\Enterprise\MSBuild\Current\Bin\Microsoft.Common.CurrentVersion.targets(2437,5): warning MSB3277:             System.Web [C:\Users\WilliamForney\source\repos\wforney\OpenLiveWriter\src\managed\BlogRunnerReporter\BlogRunnerReporter.csproj]
C:\Program Files\Microsoft Visual Studio\18\Enterprise\MSBuild\Current\Bin\Microsoft.Common.CurrentVersion.targets(2437,5): warning MSB3277:             System.Data [C:\Users\WilliamForney\source\repos\wforney\OpenLiveWriter\src\managed\BlogRunnerReporter\BlogRunnerReporter.csproj]
C:\Program Files\Microsoft Visual Studio\18\Enterprise\MSBuild\Current\Bin\Microsoft.Common.CurrentVersion.targets(2437,5): warning MSB3277:         C:\Windows\Microsoft.Net\assembly\GAC_MSIL\System.Configuration\v4.0_4.0.0.0__b03f5f7f11d50a3a\System.Configuration.dll [C:\Users\WilliamForney\source\repos\wforney\OpenLiveWriter\src\managed\BlogRunnerReporter\BlogRunnerReporter.csproj]
C:\Program Files\Microsoft Visual Studio\18\Enterprise\MSBuild\Current\Bin\Microsoft.Common.CurrentVersion.targets(2437,5): warning MSB3277:           Project file item includes which caused reference "C:\Windows\Microsoft.Net\assembly\GAC_MSIL\System.Configuration\v4.0_4.0.0.0__b03f5f7f11d50a3a\System.Configuration.dll". [C:\Users\WilliamForney\source\repos\wforney\OpenLiveWriter\src\managed\BlogRunnerReporter\BlogRunnerReporter.csproj]
C:\Program Files\Microsoft Visual Studio\18\Enterprise\MSBuild\Current\Bin\Microsoft.Common.CurrentVersion.targets(2437,5): warning MSB3277:             System [C:\Users\WilliamForney\source\repos\wforney\OpenLiveWriter\src\managed\BlogRunnerReporter\BlogRunnerReporter.csproj]
C:\Program Files\Microsoft Visual Studio\18\Enterprise\MSBuild\Current\Bin\Microsoft.Common.CurrentVersion.targets(2437,5): warning MSB3277:             System.Data [C:\Users\WilliamForney\source\repos\wforney\OpenLiveWriter\src\managed\BlogRunnerReporter\BlogRunnerReporter.csproj]
C:\Program Files\Microsoft Visual Studio\18\Enterprise\MSBuild\Current\Bin\Microsoft.Common.CurrentVersion.targets(2437,5): warning MSB3277:             System.Deployment [C:\Users\WilliamForney\source\repos\wforney\OpenLiveWriter\src\managed\BlogRunnerReporter\BlogRunnerReporter.csproj]
C:\Program Files\Microsoft Visual Studio\18\Enterprise\MSBuild\Current\Bin\Microsoft.Common.CurrentVersion.targets(2437,5): warning MSB3277:             System.Drawing [C:\Users\WilliamForney\source\repos\wforney\OpenLiveWriter\src\managed\BlogRunnerReporter\BlogRunnerReporter.csproj]
C:\Program Files\Microsoft Visual Studio\18\Enterprise\MSBuild\Current\Bin\Microsoft.Common.CurrentVersion.targets(2437,5): warning MSB3277:             System.Web [C:\Users\WilliamForney\source\repos\wforney\OpenLiveWriter\src\managed\BlogRunnerReporter\BlogRunnerReporter.csproj]
C:\Program Files\Microsoft Visual Studio\18\Enterprise\MSBuild\Current\Bin\Microsoft.Common.CurrentVersion.targets(2437,5): warning MSB3277:             System.Xml [C:\Users\WilliamForney\source\repos\wforney\OpenLiveWriter\src\managed\BlogRunnerReporter\BlogRunnerReporter.csproj]
C:\Program Files\Microsoft Visual Studio\18\Enterprise\MSBuild\Current\Bin\Microsoft.Common.CurrentVersion.targets(2437,5): warning MSB3277:             System.Core [C:\Users\WilliamForney\source\repos\wforney\OpenLiveWriter\src\managed\BlogRunnerReporter\BlogRunnerReporter.csproj]
C:\Program Files\Microsoft Visual Studio\18\Enterprise\MSBuild\Current\Bin\Microsoft.Common.CurrentVersion.targets(2437,5): warning MSB3277:         C:\Windows\Microsoft.Net\assembly\GAC_MSIL\System.Windows.Forms\v4.0_4.0.0.0__b77a5c561934e089\System.Windows.Forms.dll [C:\Users\WilliamForney\source\repos\wforney\OpenLiveWriter\src\managed\BlogRunnerReporter\BlogRunnerReporter.csproj]
C:\Program Files\Microsoft Visual Studio\18\Enterprise\MSBuild\Current\Bin\Microsoft.Common.CurrentVersion.targets(2437,5): warning MSB3277:           Project file item includes which caused reference "C:\Windows\Microsoft.Net\assembly\GAC_MSIL\System.Windows.Forms\v4.0_4.0.0.0__b77a5c561934e089\System.Windows.Forms.dll". [C:\Users\WilliamForney\source\repos\wforney\OpenLiveWriter\src\managed\BlogRunnerReporter\BlogRunnerReporter.csproj]
C:\Program Files\Microsoft Visual Studio\18\Enterprise\MSBuild\Current\Bin\Microsoft.Common.CurrentVersion.targets(2437,5): warning MSB3277:             System.Deployment [C:\Users\WilliamForney\source\repos\wforney\OpenLiveWriter\src\managed\BlogRunnerReporter\BlogRunnerReporter.csproj]
C:\Program Files\Microsoft Visual Studio\18\Enterprise\MSBuild\Current\Bin\Microsoft.Common.CurrentVersion.targets(2437,5): warning MSB3277:             System.Web [C:\Users\WilliamForney\source\repos\wforney\OpenLiveWriter\src\managed\BlogRunnerReporter\BlogRunnerReporter.csproj]
C:\Program Files\Microsoft Visual Studio\18\Enterprise\MSBuild\Current\Bin\Microsoft.Common.CurrentVersion.targets(2437,5): warning MSB3277:             System.Data [C:\Users\WilliamForney\source\repos\wforney\OpenLiveWriter\src\managed\BlogRunnerReporter\BlogRunnerReporter.csproj]
C:\Program Files\Microsoft Visual Studio\18\Enterprise\MSBuild\Current\Bin\Microsoft.Common.CurrentVersion.targets(2437,5): warning MSB3277:         C:\Windows\Microsoft.Net\assembly\GAC_MSIL\System.Design\v4.0_4.0.0.0__b03f5f7f11d50a3a\System.Design.dll [C:\Users\WilliamForney\source\repos\wforney\OpenLiveWriter\src\managed\BlogRunnerReporter\BlogRunnerReporter.csproj]
C:\Program Files\Microsoft Visual Studio\18\Enterprise\MSBuild\Current\Bin\Microsoft.Common.CurrentVersion.targets(2437,5): warning MSB3277:           Project file item includes which caused reference "C:\Windows\Microsoft.Net\assembly\GAC_MSIL\System.Design\v4.0_4.0.0.0__b03f5f7f11d50a3a\System.Design.dll". [C:\Users\WilliamForney\source\repos\wforney\OpenLiveWriter\src\managed\BlogRunnerReporter\BlogRunnerReporter.csproj]
C:\Program Files\Microsoft Visual Studio\18\Enterprise\MSBuild\Current\Bin\Microsoft.Common.CurrentVersion.targets(2437,5): warning MSB3277:             System.Web [C:\Users\WilliamForney\source\repos\wforney\OpenLiveWriter\src\managed\BlogRunnerReporter\BlogRunnerReporter.csproj]
C:\Program Files\Microsoft Visual Studio\18\Enterprise\MSBuild\Current\Bin\Microsoft.Common.CurrentVersion.targets(2437,5): warning MSB3277:             System.Data [C:\Users\WilliamForney\source\repos\wforney\OpenLiveWriter\src\managed\BlogRunnerReporter\BlogRunnerReporter.csproj]
C:\Program Files\Microsoft Visual Studio\18\Enterprise\MSBuild\Current\Bin\Microsoft.Common.CurrentVersion.targets(2437,5): warning MSB3277:         C:\Windows\Microsoft.Net\assembly\GAC_MSIL\System.ComponentModel.DataAnnotations\v4.0_4.0.0.0__31bf3856ad364e35\System.ComponentModel.DataAnnotations.dll [C:\Users\WilliamForney\source\repos\wforney\OpenLiveWriter\src\managed\BlogRunnerReporter\BlogRunnerReporter.csproj]
C:\Program Files\Microsoft Visual Studio\18\Enterprise\MSBuild\Current\Bin\Microsoft.Common.CurrentVersion.targets(2437,5): warning MSB3277:           Project file item includes which caused reference "C:\Windows\Microsoft.Net\assembly\GAC_MSIL\System.ComponentModel.DataAnnotations\v4.0_4.0.0.0__31bf3856ad364e35\System.ComponentModel.DataAnnotations.dll". [C:\Users\WilliamForney\source\repos\wforney\OpenLiveWriter\src\managed\BlogRunnerReporter\BlogRunnerReporter.csproj]
C:\Program Files\Microsoft Visual Studio\18\Enterprise\MSBuild\Current\Bin\Microsoft.Common.CurrentVersion.targets(2437,5): warning MSB3277:             System.Web [C:\Users\WilliamForney\source\repos\wforney\OpenLiveWriter\src\managed\BlogRunnerReporter\BlogRunnerReporter.csproj]
C:\Program Files\Microsoft Visual Studio\18\Enterprise\MSBuild\Current\Bin\Microsoft.Common.CurrentVersion.targets(2437,5): warning MSB3277:             System.Data [C:\Users\WilliamForney\source\repos\wforney\OpenLiveWriter\src\managed\BlogRunnerReporter\BlogRunnerReporter.csproj]
C:\Program Files\Microsoft Visual Studio\18\Enterprise\MSBuild\Current\Bin\Microsoft.Common.CurrentVersion.targets(2437,5): warning MSB3277:         C:\Windows\Microsoft.Net\assembly\GAC_MSIL\Microsoft.Build.Utilities.v4.0\v4.0_4.0.0.0__b03f5f7f11d50a3a\Microsoft.Build.Utilities.v4.0.dll [C:\Users\WilliamForney\source\repos\wforney\OpenLiveWriter\src\managed\BlogRunnerReporter\BlogRunnerReporter.csproj]
C:\Program Files\Microsoft Visual Studio\18\Enterprise\MSBuild\Current\Bin\Microsoft.Common.CurrentVersion.targets(2437,5): warning MSB3277:           Project file item includes which caused reference "C:\Windows\Microsoft.Net\assembly\GAC_MSIL\Microsoft.Build.Utilities.v4.0\v4.0_4.0.0.0__b03f5f7f11d50a3a\Microsoft.Build.Utilities.v4.0.dll". [C:\Users\WilliamForney\source\repos\wforney\OpenLiveWriter\src\managed\BlogRunnerReporter\BlogRunnerReporter.csproj]
C:\Program Files\Microsoft Visual Studio\18\Enterprise\MSBuild\Current\Bin\Microsoft.Common.CurrentVersion.targets(2437,5): warning MSB3277:             System.Web [C:\Users\WilliamForney\source\repos\wforney\OpenLiveWriter\src\managed\BlogRunnerReporter\BlogRunnerReporter.csproj]
C:\Program Files\Microsoft Visual Studio\18\Enterprise\MSBuild\Current\Bin\Microsoft.Common.CurrentVersion.targets(2437,5): warning MSB3277:             System.Data [C:\Users\WilliamForney\source\repos\wforney\OpenLiveWriter\src\managed\BlogRunnerReporter\BlogRunnerReporter.csproj]
C:\Program Files\Microsoft Visual Studio\18\Enterprise\MSBuild\Current\Bin\Microsoft.Common.CurrentVersion.targets(2437,5): warning MSB3277:         C:\Windows\Microsoft.Net\assembly\GAC_MSIL\Microsoft.Build.Tasks.v4.0\v4.0_4.0.0.0__b03f5f7f11d50a3a\Microsoft.Build.Tasks.v4.0.dll [C:\Users\WilliamForney\source\repos\wforney\OpenLiveWriter\src\managed\BlogRunnerReporter\BlogRunnerReporter.csproj]
C:\Program Files\Microsoft Visual Studio\18\Enterprise\MSBuild\Current\Bin\Microsoft.Common.CurrentVersion.targets(2437,5): warning MSB3277:           Project file item includes which caused reference "C:\Windows\Microsoft.Net\assembly\GAC_MSIL\Microsoft.Build.Tasks.v4.0\v4.0_4.0.0.0__b03f5f7f11d50a3a\Microsoft.Build.Tasks.v4.0.dll". [C:\Users\WilliamForney\source\repos\wforney\OpenLiveWriter\src\managed\BlogRunnerReporter\BlogRunnerReporter.csproj]
C:\Program Files\Microsoft Visual Studio\18\Enterprise\MSBuild\Current\Bin\Microsoft.Common.CurrentVersion.targets(2437,5): warning MSB3277:             System.Web [C:\Users\WilliamForney\source\repos\wforney\OpenLiveWriter\src\managed\BlogRunnerReporter\BlogRunnerReporter.csproj]
C:\Program Files\Microsoft Visual Studio\18\Enterprise\MSBuild\Current\Bin\Microsoft.Common.CurrentVersion.targets(2437,5): warning MSB3277:             System.Data [C:\Users\WilliamForney\source\repos\wforney\OpenLiveWriter\src\managed\BlogRunnerReporter\BlogRunnerReporter.csproj]
  BlogRunnerReporter -> C:\Users\WilliamForney\source\repos\wforney\OpenLiveWriter\src\managed\bin\Debug\i386\Writer\BlogRunnerReporter.exe
  OpenLiveWriter.Ribbon.vcxproj -> C:\Users\WilliamForney\source\repos\wforney\OpenLiveWriter\src\managed\bin\Debug\i386\Writer\OpenLiveWriter.Ribbon.dll
C:\Program Files\Microsoft Visual Studio\18\Enterprise\MSBuild\Current\Bin\Microsoft.Common.CurrentVersion.targets(2437,5): warning MSB3277: Found conflicts between different versions of "System.Core" that could not be resolved. [C:\Users\WilliamForney\source\repos\wforney\OpenLiveWriter\src\managed\OpenLiveWriter.Interop.Mshtml\OpenLiveWriter.Interop.Mshtml.csproj]
C:\Program Files\Microsoft Visual Studio\18\Enterprise\MSBuild\Current\Bin\Microsoft.Common.CurrentVersion.targets(2437,5): warning MSB3277: There was a conflict between "System.Core, Version=3.5.0.0, Culture=neutral, PublicKeyToken=b77a5c561934e089" and "System.Core, Version=4.0.0.0, Culture=neutral, PublicKeyToken=b77a5c561934e089". [C:\Users\WilliamForney\source\repos\wforney\OpenLiveWriter\src\managed\OpenLiveWriter.Interop.Mshtml\OpenLiveWriter.Interop.Mshtml.csproj]
C:\Program Files\Microsoft Visual Studio\18\Enterprise\MSBuild\Current\Bin\Microsoft.Common.CurrentVersion.targets(2437,5): warning MSB3277:     "System.Core, Version=3.5.0.0, Culture=neutral, PublicKeyToken=b77a5c561934e089" was chosen because it was primary and "System.Core, Version=4.0.0.0, Culture=neutral, PublicKeyToken=b77a5c561934e089" was not. [C:\Users\WilliamForney\source\repos\wforney\OpenLiveWriter\src\managed\OpenLiveWriter.Interop.Mshtml\OpenLiveWriter.Interop.Mshtml.csproj]
C:\Program Files\Microsoft Visual Studio\18\Enterprise\MSBuild\Current\Bin\Microsoft.Common.CurrentVersion.targets(2437,5): warning MSB3277:     References which depend on "System.Core, Version=3.5.0.0, Culture=neutral, PublicKeyToken=b77a5c561934e089" [C:\Program Files (x86)\Reference Assemblies\Microsoft\Framework\v3.5\System.Core.dll]. [C:\Users\WilliamForney\source\repos\wforney\OpenLiveWriter\src\managed\OpenLiveWriter.Interop.Mshtml\OpenLiveWriter.Interop.Mshtml.csproj]
C:\Program Files\Microsoft Visual Studio\18\Enterprise\MSBuild\Current\Bin\Microsoft.Common.CurrentVersion.targets(2437,5): warning MSB3277:         C:\Program Files (x86)\Reference Assemblies\Microsoft\Framework\v3.5\System.Core.dll [C:\Users\WilliamForney\source\repos\wforney\OpenLiveWriter\src\managed\OpenLiveWriter.Interop.Mshtml\OpenLiveWriter.Interop.Mshtml.csproj]
C:\Program Files\Microsoft Visual Studio\18\Enterprise\MSBuild\Current\Bin\Microsoft.Common.CurrentVersion.targets(2437,5): warning MSB3277:           Project file item includes which caused reference "C:\Program Files (x86)\Reference Assemblies\Microsoft\Framework\v3.5\System.Core.dll". [C:\Users\WilliamForney\source\repos\wforney\OpenLiveWriter\src\managed\OpenLiveWriter.Interop.Mshtml\OpenLiveWriter.Interop.Mshtml.csproj]
C:\Program Files\Microsoft Visual Studio\18\Enterprise\MSBuild\Current\Bin\Microsoft.Common.CurrentVersion.targets(2437,5): warning MSB3277:             System.Core [C:\Users\WilliamForney\source\repos\wforney\OpenLiveWriter\src\managed\OpenLiveWriter.Interop.Mshtml\OpenLiveWriter.Interop.Mshtml.csproj]
C:\Program Files\Microsoft Visual Studio\18\Enterprise\MSBuild\Current\Bin\Microsoft.Common.CurrentVersion.targets(2437,5): warning MSB3277:     References which depend on or have been unified to "System.Core, Version=4.0.0.0, Culture=neutral, PublicKeyToken=b77a5c561934e089" [C:\Windows\Microsoft.Net\assembly\GAC_MSIL\System.Core\v4.0_4.0.0.0__b77a5c561934e089\System.Core.dll]. [C:\Users\WilliamForney\source\repos\wforney\OpenLiveWriter\src\managed\OpenLiveWriter.Interop.Mshtml\OpenLiveWriter.Interop.Mshtml.csproj]
C:\Program Files\Microsoft Visual Studio\18\Enterprise\MSBuild\Current\Bin\Microsoft.Common.CurrentVersion.targets(2437,5): warning MSB3277:         C:\Windows\Microsoft.Net\assembly\GAC_32\System.Data\v4.0_4.0.0.0__b77a5c561934e089\System.Data.dll [C:\Users\WilliamForney\source\repos\wforney\OpenLiveWriter\src\managed\OpenLiveWriter.Interop.Mshtml\OpenLiveWriter.Interop.Mshtml.csproj]
C:\Program Files\Microsoft Visual Studio\18\Enterprise\MSBuild\Current\Bin\Microsoft.Common.CurrentVersion.targets(2437,5): warning MSB3277:           Project file item includes which caused reference "C:\Windows\Microsoft.Net\assembly\GAC_32\System.Data\v4.0_4.0.0.0__b77a5c561934e089\System.Data.dll". [C:\Users\WilliamForney\source\repos\wforney\OpenLiveWriter\src\managed\OpenLiveWriter.Interop.Mshtml\OpenLiveWriter.Interop.Mshtml.csproj]
C:\Program Files\Microsoft Visual Studio\18\Enterprise\MSBuild\Current\Bin\Microsoft.Common.CurrentVersion.targets(2437,5): warning MSB3277:             System.Data [C:\Users\WilliamForney\source\repos\wforney\OpenLiveWriter\src\managed\OpenLiveWriter.Interop.Mshtml\OpenLiveWriter.Interop.Mshtml.csproj]
C:\Program Files\Microsoft Visual Studio\18\Enterprise\MSBuild\Current\Bin\Microsoft.Common.CurrentVersion.targets(2437,5): warning MSB3277:         C:\Windows\Microsoft.Net\assembly\GAC_MSIL\System.Configuration\v4.0_4.0.0.0__b03f5f7f11d50a3a\System.Configuration.dll [C:\Users\WilliamForney\source\repos\wforney\OpenLiveWriter\src\managed\OpenLiveWriter.Interop.Mshtml\OpenLiveWriter.Interop.Mshtml.csproj]
C:\Program Files\Microsoft Visual Studio\18\Enterprise\MSBuild\Current\Bin\Microsoft.Common.CurrentVersion.targets(2437,5): warning MSB3277:           Project file item includes which caused reference "C:\Windows\Microsoft.Net\assembly\GAC_MSIL\System.Configuration\v4.0_4.0.0.0__b03f5f7f11d50a3a\System.Configuration.dll". [C:\Users\WilliamForney\source\repos\wforney\OpenLiveWriter\src\managed\OpenLiveWriter.Interop.Mshtml\OpenLiveWriter.Interop.Mshtml.csproj]
C:\Program Files\Microsoft Visual Studio\18\Enterprise\MSBuild\Current\Bin\Microsoft.Common.CurrentVersion.targets(2437,5): warning MSB3277:             System [C:\Users\WilliamForney\source\repos\wforney\OpenLiveWriter\src\managed\OpenLiveWriter.Interop.Mshtml\OpenLiveWriter.Interop.Mshtml.csproj]
C:\Program Files\Microsoft Visual Studio\18\Enterprise\MSBuild\Current\Bin\Microsoft.Common.CurrentVersion.targets(2437,5): warning MSB3277:             System.Data [C:\Users\WilliamForney\source\repos\wforney\OpenLiveWriter\src\managed\OpenLiveWriter.Interop.Mshtml\OpenLiveWriter.Interop.Mshtml.csproj]
C:\Program Files\Microsoft Visual Studio\18\Enterprise\MSBuild\Current\Bin\Microsoft.Common.CurrentVersion.targets(2437,5): warning MSB3277:             System.Xml [C:\Users\WilliamForney\source\repos\wforney\OpenLiveWriter\src\managed\OpenLiveWriter.Interop.Mshtml\OpenLiveWriter.Interop.Mshtml.csproj]
C:\Program Files\Microsoft Visual Studio\18\Enterprise\MSBuild\Current\Bin\Microsoft.Common.CurrentVersion.targets(2437,5): warning MSB3277:             System.Core [C:\Users\WilliamForney\source\repos\wforney\OpenLiveWriter\src\managed\OpenLiveWriter.Interop.Mshtml\OpenLiveWriter.Interop.Mshtml.csproj]
C:\Program Files\Microsoft Visual Studio\18\Enterprise\MSBuild\Current\Bin\Microsoft.Common.CurrentVersion.targets(2437,5): warning MSB3277:         C:\Windows\Microsoft.Net\assembly\GAC_32\System.Web\v4.0_4.0.0.0__b03f5f7f11d50a3a\System.Web.dll [C:\Users\WilliamForney\source\repos\wforney\OpenLiveWriter\src\managed\OpenLiveWriter.Interop.Mshtml\OpenLiveWriter.Interop.Mshtml.csproj]
C:\Program Files\Microsoft Visual Studio\18\Enterprise\MSBuild\Current\Bin\Microsoft.Common.CurrentVersion.targets(2437,5): warning MSB3277:           Project file item includes which caused reference "C:\Windows\Microsoft.Net\assembly\GAC_32\System.Web\v4.0_4.0.0.0__b03f5f7f11d50a3a\System.Web.dll". [C:\Users\WilliamForney\source\repos\wforney\OpenLiveWriter\src\managed\OpenLiveWriter.Interop.Mshtml\OpenLiveWriter.Interop.Mshtml.csproj]
C:\Program Files\Microsoft Visual Studio\18\Enterprise\MSBuild\Current\Bin\Microsoft.Common.CurrentVersion.targets(2437,5): warning MSB3277:             System.Data [C:\Users\WilliamForney\source\repos\wforney\OpenLiveWriter\src\managed\OpenLiveWriter.Interop.Mshtml\OpenLiveWriter.Interop.Mshtml.csproj]
C:\Program Files\Microsoft Visual Studio\18\Enterprise\MSBuild\Current\Bin\Microsoft.Common.CurrentVersion.targets(2437,5): warning MSB3277:         C:\Windows\Microsoft.Net\assembly\GAC_MSIL\System.Design\v4.0_4.0.0.0__b03f5f7f11d50a3a\System.Design.dll [C:\Users\WilliamForney\source\repos\wforney\OpenLiveWriter\src\managed\OpenLiveWriter.Interop.Mshtml\OpenLiveWriter.Interop.Mshtml.csproj]
C:\Program Files\Microsoft Visual Studio\18\Enterprise\MSBuild\Current\Bin\Microsoft.Common.CurrentVersion.targets(2437,5): warning MSB3277:           Project file item includes which caused reference "C:\Windows\Microsoft.Net\assembly\GAC_MSIL\System.Design\v4.0_4.0.0.0__b03f5f7f11d50a3a\System.Design.dll". [C:\Users\WilliamForney\source\repos\wforney\OpenLiveWriter\src\managed\OpenLiveWriter.Interop.Mshtml\OpenLiveWriter.Interop.Mshtml.csproj]
C:\Program Files\Microsoft Visual Studio\18\Enterprise\MSBuild\Current\Bin\Microsoft.Common.CurrentVersion.targets(2437,5): warning MSB3277:             System.Data [C:\Users\WilliamForney\source\repos\wforney\OpenLiveWriter\src\managed\OpenLiveWriter.Interop.Mshtml\OpenLiveWriter.Interop.Mshtml.csproj]
C:\Program Files\Microsoft Visual Studio\18\Enterprise\MSBuild\Current\Bin\Microsoft.Common.CurrentVersion.targets(2437,5): warning MSB3277:         C:\Windows\Microsoft.Net\assembly\GAC_MSIL\System.ComponentModel.DataAnnotations\v4.0_4.0.0.0__31bf3856ad364e35\System.ComponentModel.DataAnnotations.dll [C:\Users\WilliamForney\source\repos\wforney\OpenLiveWriter\src\managed\OpenLiveWriter.Interop.Mshtml\OpenLiveWriter.Interop.Mshtml.csproj]
C:\Program Files\Microsoft Visual Studio\18\Enterprise\MSBuild\Current\Bin\Microsoft.Common.CurrentVersion.targets(2437,5): warning MSB3277:           Project file item includes which caused reference "C:\Windows\Microsoft.Net\assembly\GAC_MSIL\System.ComponentModel.DataAnnotations\v4.0_4.0.0.0__31bf3856ad364e35\System.ComponentModel.DataAnnotations.dll". [C:\Users\WilliamForney\source\repos\wforney\OpenLiveWriter\src\managed\OpenLiveWriter.Interop.Mshtml\OpenLiveWriter.Interop.Mshtml.csproj]
C:\Program Files\Microsoft Visual Studio\18\Enterprise\MSBuild\Current\Bin\Microsoft.Common.CurrentVersion.targets(2437,5): warning MSB3277:             System.Data [C:\Users\WilliamForney\source\repos\wforney\OpenLiveWriter\src\managed\OpenLiveWriter.Interop.Mshtml\OpenLiveWriter.Interop.Mshtml.csproj]
C:\Program Files\Microsoft Visual Studio\18\Enterprise\MSBuild\Current\Bin\Microsoft.Common.CurrentVersion.targets(2437,5): warning MSB3277:         C:\Windows\Microsoft.Net\assembly\GAC_MSIL\Microsoft.Build.Utilities.v4.0\v4.0_4.0.0.0__b03f5f7f11d50a3a\Microsoft.Build.Utilities.v4.0.dll [C:\Users\WilliamForney\source\repos\wforney\OpenLiveWriter\src\managed\OpenLiveWriter.Interop.Mshtml\OpenLiveWriter.Interop.Mshtml.csproj]
C:\Program Files\Microsoft Visual Studio\18\Enterprise\MSBuild\Current\Bin\Microsoft.Common.CurrentVersion.targets(2437,5): warning MSB3277:           Project file item includes which caused reference "C:\Windows\Microsoft.Net\assembly\GAC_MSIL\Microsoft.Build.Utilities.v4.0\v4.0_4.0.0.0__b03f5f7f11d50a3a\Microsoft.Build.Utilities.v4.0.dll". [C:\Users\WilliamForney\source\repos\wforney\OpenLiveWriter\src\managed\OpenLiveWriter.Interop.Mshtml\OpenLiveWriter.Interop.Mshtml.csproj]
C:\Program Files\Microsoft Visual Studio\18\Enterprise\MSBuild\Current\Bin\Microsoft.Common.CurrentVersion.targets(2437,5): warning MSB3277:             System.Data [C:\Users\WilliamForney\source\repos\wforney\OpenLiveWriter\src\managed\OpenLiveWriter.Interop.Mshtml\OpenLiveWriter.Interop.Mshtml.csproj]
C:\Program Files\Microsoft Visual Studio\18\Enterprise\MSBuild\Current\Bin\Microsoft.Common.CurrentVersion.targets(2437,5): warning MSB3277:         C:\Windows\Microsoft.Net\assembly\GAC_MSIL\Microsoft.Build.Tasks.v4.0\v4.0_4.0.0.0__b03f5f7f11d50a3a\Microsoft.Build.Tasks.v4.0.dll [C:\Users\WilliamForney\source\repos\wforney\OpenLiveWriter\src\managed\OpenLiveWriter.Interop.Mshtml\OpenLiveWriter.Interop.Mshtml.csproj]
C:\Program Files\Microsoft Visual Studio\18\Enterprise\MSBuild\Current\Bin\Microsoft.Common.CurrentVersion.targets(2437,5): warning MSB3277:           Project file item includes which caused reference "C:\Windows\Microsoft.Net\assembly\GAC_MSIL\Microsoft.Build.Tasks.v4.0\v4.0_4.0.0.0__b03f5f7f11d50a3a\Microsoft.Build.Tasks.v4.0.dll". [C:\Users\WilliamForney\source\repos\wforney\OpenLiveWriter\src\managed\OpenLiveWriter.Interop.Mshtml\OpenLiveWriter.Interop.Mshtml.csproj]
C:\Program Files\Microsoft Visual Studio\18\Enterprise\MSBuild\Current\Bin\Microsoft.Common.CurrentVersion.targets(2437,5): warning MSB3277:             System.Data [C:\Users\WilliamForney\source\repos\wforney\OpenLiveWriter\src\managed\OpenLiveWriter.Interop.Mshtml\OpenLiveWriter.Interop.Mshtml.csproj]
C:\Program Files\Microsoft Visual Studio\18\Enterprise\MSBuild\Current\Bin\Microsoft.Common.CurrentVersion.targets(2437,5): warning MSB3277:         C:\Windows\Microsoft.Net\assembly\GAC_MSIL\System.Windows.Forms\v4.0_4.0.0.0__b77a5c561934e089\System.Windows.Forms.dll [C:\Users\WilliamForney\source\repos\wforney\OpenLiveWriter\src\managed\OpenLiveWriter.Interop.Mshtml\OpenLiveWriter.Interop.Mshtml.csproj]
C:\Program Files\Microsoft Visual Studio\18\Enterprise\MSBuild\Current\Bin\Microsoft.Common.CurrentVersion.targets(2437,5): warning MSB3277:           Project file item includes which caused reference "C:\Windows\Microsoft.Net\assembly\GAC_MSIL\System.Windows.Forms\v4.0_4.0.0.0__b77a5c561934e089\System.Windows.Forms.dll". [C:\Users\WilliamForney\source\repos\wforney\OpenLiveWriter\src\managed\OpenLiveWriter.Interop.Mshtml\OpenLiveWriter.Interop.Mshtml.csproj]
C:\Program Files\Microsoft Visual Studio\18\Enterprise\MSBuild\Current\Bin\Microsoft.Common.CurrentVersion.targets(2437,5): warning MSB3277:             System.Data [C:\Users\WilliamForney\source\repos\wforney\OpenLiveWriter\src\managed\OpenLiveWriter.Interop.Mshtml\OpenLiveWriter.Interop.Mshtml.csproj]
C:\Program Files\Microsoft Visual Studio\18\Enterprise\MSBuild\Current\Bin\Microsoft.Common.CurrentVersion.targets(2437,5): warning MSB3277:         C:\Windows\Microsoft.Net\assembly\GAC_MSIL\System.Deployment\v4.0_4.0.0.0__b03f5f7f11d50a3a\System.Deployment.dll [C:\Users\WilliamForney\source\repos\wforney\OpenLiveWriter\src\managed\OpenLiveWriter.Interop.Mshtml\OpenLiveWriter.Interop.Mshtml.csproj]
C:\Program Files\Microsoft Visual Studio\18\Enterprise\MSBuild\Current\Bin\Microsoft.Common.CurrentVersion.targets(2437,5): warning MSB3277:           Project file item includes which caused reference "C:\Windows\Microsoft.Net\assembly\GAC_MSIL\System.Deployment\v4.0_4.0.0.0__b03f5f7f11d50a3a\System.Deployment.dll". [C:\Users\WilliamForney\source\repos\wforney\OpenLiveWriter\src\managed\OpenLiveWriter.Interop.Mshtml\OpenLiveWriter.Interop.Mshtml.csproj]
C:\Program Files\Microsoft Visual Studio\18\Enterprise\MSBuild\Current\Bin\Microsoft.Common.CurrentVersion.targets(2437,5): warning MSB3277:             System.Data [C:\Users\WilliamForney\source\repos\wforney\OpenLiveWriter\src\managed\OpenLiveWriter.Interop.Mshtml\OpenLiveWriter.Interop.Mshtml.csproj]
  OpenLiveWriter.Interop.Mshtml -> C:\Users\WilliamForney\source\repos\wforney\OpenLiveWriter\src\managed\bin\Debug\i386\Writer\OpenLiveWriter.Interop.Mshtml.dll
C:\Program Files\Microsoft Visual Studio\18\Enterprise\MSBuild\Current\Bin\Microsoft.Common.CurrentVersion.targets(2437,5): warning MSB3277: Found conflicts between different versions of "System.Core" that could not be resolved. [C:\Users\WilliamForney\source\repos\wforney\OpenLiveWriter\src\managed\OpenLiveWriter.Localization\OpenLiveWriter.Localization.csproj]
C:\Program Files\Microsoft Visual Studio\18\Enterprise\MSBuild\Current\Bin\Microsoft.Common.CurrentVersion.targets(2437,5): warning MSB3277: There was a conflict between "System.Core, Version=3.5.0.0, Culture=neutral, PublicKeyToken=b77a5c561934e089" and "System.Core, Version=4.0.0.0, Culture=neutral, PublicKeyToken=b77a5c561934e089". [C:\Users\WilliamForney\source\repos\wforney\OpenLiveWriter\src\managed\OpenLiveWriter.Localization\OpenLiveWriter.Localization.csproj]
C:\Program Files\Microsoft Visual Studio\18\Enterprise\MSBuild\Current\Bin\Microsoft.Common.CurrentVersion.targets(2437,5): warning MSB3277:     "System.Core, Version=3.5.0.0, Culture=neutral, PublicKeyToken=b77a5c561934e089" was chosen because it was primary and "System.Core, Version=4.0.0.0, Culture=neutral, PublicKeyToken=b77a5c561934e089" was not. [C:\Users\WilliamForney\source\repos\wforney\OpenLiveWriter\src\managed\OpenLiveWriter.Localization\OpenLiveWriter.Localization.csproj]
C:\Program Files\Microsoft Visual Studio\18\Enterprise\MSBuild\Current\Bin\Microsoft.Common.CurrentVersion.targets(2437,5): warning MSB3277:     References which depend on "System.Core, Version=3.5.0.0, Culture=neutral, PublicKeyToken=b77a5c561934e089" [C:\Program Files (x86)\Reference Assemblies\Microsoft\Framework\v3.5\System.Core.dll]. [C:\Users\WilliamForney\source\repos\wforney\OpenLiveWriter\src\managed\OpenLiveWriter.Localization\OpenLiveWriter.Localization.csproj]
C:\Program Files\Microsoft Visual Studio\18\Enterprise\MSBuild\Current\Bin\Microsoft.Common.CurrentVersion.targets(2437,5): warning MSB3277:         C:\Program Files (x86)\Reference Assemblies\Microsoft\Framework\v3.5\System.Core.dll [C:\Users\WilliamForney\source\repos\wforney\OpenLiveWriter\src\managed\OpenLiveWriter.Localization\OpenLiveWriter.Localization.csproj]
C:\Program Files\Microsoft Visual Studio\18\Enterprise\MSBuild\Current\Bin\Microsoft.Common.CurrentVersion.targets(2437,5): warning MSB3277:           Project file item includes which caused reference "C:\Program Files (x86)\Reference Assemblies\Microsoft\Framework\v3.5\System.Core.dll". [C:\Users\WilliamForney\source\repos\wforney\OpenLiveWriter\src\managed\OpenLiveWriter.Localization\OpenLiveWriter.Localization.csproj]
C:\Program Files\Microsoft Visual Studio\18\Enterprise\MSBuild\Current\Bin\Microsoft.Common.CurrentVersion.targets(2437,5): warning MSB3277:             System.Core [C:\Users\WilliamForney\source\repos\wforney\OpenLiveWriter\src\managed\OpenLiveWriter.Localization\OpenLiveWriter.Localization.csproj]
C:\Program Files\Microsoft Visual Studio\18\Enterprise\MSBuild\Current\Bin\Microsoft.Common.CurrentVersion.targets(2437,5): warning MSB3277:     References which depend on or have been unified to "System.Core, Version=4.0.0.0, Culture=neutral, PublicKeyToken=b77a5c561934e089" [C:\Windows\Microsoft.Net\assembly\GAC_MSIL\System.Core\v4.0_4.0.0.0__b77a5c561934e089\System.Core.dll]. [C:\Users\WilliamForney\source\repos\wforney\OpenLiveWriter\src\managed\OpenLiveWriter.Localization\OpenLiveWriter.Localization.csproj]
C:\Program Files\Microsoft Visual Studio\18\Enterprise\MSBuild\Current\Bin\Microsoft.Common.CurrentVersion.targets(2437,5): warning MSB3277:         C:\Windows\Microsoft.Net\assembly\GAC_32\System.Data\v4.0_4.0.0.0__b77a5c561934e089\System.Data.dll [C:\Users\WilliamForney\source\repos\wforney\OpenLiveWriter\src\managed\OpenLiveWriter.Localization\OpenLiveWriter.Localization.csproj]
C:\Program Files\Microsoft Visual Studio\18\Enterprise\MSBuild\Current\Bin\Microsoft.Common.CurrentVersion.targets(2437,5): warning MSB3277:           Project file item includes which caused reference "C:\Windows\Microsoft.Net\assembly\GAC_32\System.Data\v4.0_4.0.0.0__b77a5c561934e089\System.Data.dll". [C:\Users\WilliamForney\source\repos\wforney\OpenLiveWriter\src\managed\OpenLiveWriter.Localization\OpenLiveWriter.Localization.csproj]
C:\Program Files\Microsoft Visual Studio\18\Enterprise\MSBuild\Current\Bin\Microsoft.Common.CurrentVersion.targets(2437,5): warning MSB3277:             System.Data [C:\Users\WilliamForney\source\repos\wforney\OpenLiveWriter\src\managed\OpenLiveWriter.Localization\OpenLiveWriter.Localization.csproj]
C:\Program Files\Microsoft Visual Studio\18\Enterprise\MSBuild\Current\Bin\Microsoft.Common.CurrentVersion.targets(2437,5): warning MSB3277:         C:\Windows\Microsoft.Net\assembly\GAC_MSIL\System.Windows.Forms\v4.0_4.0.0.0__b77a5c561934e089\System.Windows.Forms.dll [C:\Users\WilliamForney\source\repos\wforney\OpenLiveWriter\src\managed\OpenLiveWriter.Localization\OpenLiveWriter.Localization.csproj]
C:\Program Files\Microsoft Visual Studio\18\Enterprise\MSBuild\Current\Bin\Microsoft.Common.CurrentVersion.targets(2437,5): warning MSB3277:           Project file item includes which caused reference "C:\Windows\Microsoft.Net\assembly\GAC_MSIL\System.Windows.Forms\v4.0_4.0.0.0__b77a5c561934e089\System.Windows.Forms.dll". [C:\Users\WilliamForney\source\repos\wforney\OpenLiveWriter\src\managed\OpenLiveWriter.Localization\OpenLiveWriter.Localization.csproj]
C:\Program Files\Microsoft Visual Studio\18\Enterprise\MSBuild\Current\Bin\Microsoft.Common.CurrentVersion.targets(2437,5): warning MSB3277:             System.Windows.Forms [C:\Users\WilliamForney\source\repos\wforney\OpenLiveWriter\src\managed\OpenLiveWriter.Localization\OpenLiveWriter.Localization.csproj]
C:\Program Files\Microsoft Visual Studio\18\Enterprise\MSBuild\Current\Bin\Microsoft.Common.CurrentVersion.targets(2437,5): warning MSB3277:             C:\Users\WilliamForney\source\repos\wforney\OpenLiveWriter\src\managed\bin\Debug\i386\Writer\OpenLiveWriter.Interop.dll [C:\Users\WilliamForney\source\repos\wforney\OpenLiveWriter\src\managed\OpenLiveWriter.Localization\OpenLiveWriter.Localization.csproj]
C:\Program Files\Microsoft Visual Studio\18\Enterprise\MSBuild\Current\Bin\Microsoft.Common.CurrentVersion.targets(2437,5): warning MSB3277:             System.Data [C:\Users\WilliamForney\source\repos\wforney\OpenLiveWriter\src\managed\OpenLiveWriter.Localization\OpenLiveWriter.Localization.csproj]
C:\Program Files\Microsoft Visual Studio\18\Enterprise\MSBuild\Current\Bin\Microsoft.Common.CurrentVersion.targets(2437,5): warning MSB3277:         C:\Windows\Microsoft.Net\assembly\GAC_MSIL\System.Configuration\v4.0_4.0.0.0__b03f5f7f11d50a3a\System.Configuration.dll [C:\Users\WilliamForney\source\repos\wforney\OpenLiveWriter\src\managed\OpenLiveWriter.Localization\OpenLiveWriter.Localization.csproj]
C:\Program Files\Microsoft Visual Studio\18\Enterprise\MSBuild\Current\Bin\Microsoft.Common.CurrentVersion.targets(2437,5): warning MSB3277:           Project file item includes which caused reference "C:\Windows\Microsoft.Net\assembly\GAC_MSIL\System.Configuration\v4.0_4.0.0.0__b03f5f7f11d50a3a\System.Configuration.dll". [C:\Users\WilliamForney\source\repos\wforney\OpenLiveWriter\src\managed\OpenLiveWriter.Localization\OpenLiveWriter.Localization.csproj]
C:\Program Files\Microsoft Visual Studio\18\Enterprise\MSBuild\Current\Bin\Microsoft.Common.CurrentVersion.targets(2437,5): warning MSB3277:             System [C:\Users\WilliamForney\source\repos\wforney\OpenLiveWriter\src\managed\OpenLiveWriter.Localization\OpenLiveWriter.Localization.csproj]
C:\Program Files\Microsoft Visual Studio\18\Enterprise\MSBuild\Current\Bin\Microsoft.Common.CurrentVersion.targets(2437,5): warning MSB3277:             C:\Users\WilliamForney\source\repos\wforney\OpenLiveWriter\src\managed\bin\Debug\i386\Writer\OpenLiveWriter.Interop.dll [C:\Users\WilliamForney\source\repos\wforney\OpenLiveWriter\src\managed\OpenLiveWriter.Localization\OpenLiveWriter.Localization.csproj]
C:\Program Files\Microsoft Visual Studio\18\Enterprise\MSBuild\Current\Bin\Microsoft.Common.CurrentVersion.targets(2437,5): warning MSB3277:             System.Data [C:\Users\WilliamForney\source\repos\wforney\OpenLiveWriter\src\managed\OpenLiveWriter.Localization\OpenLiveWriter.Localization.csproj]
C:\Program Files\Microsoft Visual Studio\18\Enterprise\MSBuild\Current\Bin\Microsoft.Common.CurrentVersion.targets(2437,5): warning MSB3277:             System.Drawing [C:\Users\WilliamForney\source\repos\wforney\OpenLiveWriter\src\managed\OpenLiveWriter.Localization\OpenLiveWriter.Localization.csproj]
C:\Program Files\Microsoft Visual Studio\18\Enterprise\MSBuild\Current\Bin\Microsoft.Common.CurrentVersion.targets(2437,5): warning MSB3277:             System.Windows.Forms [C:\Users\WilliamForney\source\repos\wforney\OpenLiveWriter\src\managed\OpenLiveWriter.Localization\OpenLiveWriter.Localization.csproj]
C:\Program Files\Microsoft Visual Studio\18\Enterprise\MSBuild\Current\Bin\Microsoft.Common.CurrentVersion.targets(2437,5): warning MSB3277:             System.Xml [C:\Users\WilliamForney\source\repos\wforney\OpenLiveWriter\src\managed\OpenLiveWriter.Localization\OpenLiveWriter.Localization.csproj]
C:\Program Files\Microsoft Visual Studio\18\Enterprise\MSBuild\Current\Bin\Microsoft.Common.CurrentVersion.targets(2437,5): warning MSB3277:             System.Core [C:\Users\WilliamForney\source\repos\wforney\OpenLiveWriter\src\managed\OpenLiveWriter.Localization\OpenLiveWriter.Localization.csproj]
C:\Program Files\Microsoft Visual Studio\18\Enterprise\MSBuild\Current\Bin\Microsoft.Common.CurrentVersion.targets(2437,5): warning MSB3277:         C:\Windows\Microsoft.Net\assembly\GAC_MSIL\System.Deployment\v4.0_4.0.0.0__b03f5f7f11d50a3a\System.Deployment.dll [C:\Users\WilliamForney\source\repos\wforney\OpenLiveWriter\src\managed\OpenLiveWriter.Localization\OpenLiveWriter.Localization.csproj]
C:\Program Files\Microsoft Visual Studio\18\Enterprise\MSBuild\Current\Bin\Microsoft.Common.CurrentVersion.targets(2437,5): warning MSB3277:           Project file item includes which caused reference "C:\Windows\Microsoft.Net\assembly\GAC_MSIL\System.Deployment\v4.0_4.0.0.0__b03f5f7f11d50a3a\System.Deployment.dll". [C:\Users\WilliamForney\source\repos\wforney\OpenLiveWriter\src\managed\OpenLiveWriter.Localization\OpenLiveWriter.Localization.csproj]
C:\Program Files\Microsoft Visual Studio\18\Enterprise\MSBuild\Current\Bin\Microsoft.Common.CurrentVersion.targets(2437,5): warning MSB3277:             System.Windows.Forms [C:\Users\WilliamForney\source\repos\wforney\OpenLiveWriter\src\managed\OpenLiveWriter.Localization\OpenLiveWriter.Localization.csproj]
C:\Program Files\Microsoft Visual Studio\18\Enterprise\MSBuild\Current\Bin\Microsoft.Common.CurrentVersion.targets(2437,5): warning MSB3277:             C:\Users\WilliamForney\source\repos\wforney\OpenLiveWriter\src\managed\bin\Debug\i386\Writer\OpenLiveWriter.Interop.dll [C:\Users\WilliamForney\source\repos\wforney\OpenLiveWriter\src\managed\OpenLiveWriter.Localization\OpenLiveWriter.Localization.csproj]
C:\Program Files\Microsoft Visual Studio\18\Enterprise\MSBuild\Current\Bin\Microsoft.Common.CurrentVersion.targets(2437,5): warning MSB3277:             System.Data [C:\Users\WilliamForney\source\repos\wforney\OpenLiveWriter\src\managed\OpenLiveWriter.Localization\OpenLiveWriter.Localization.csproj]
C:\Program Files\Microsoft Visual Studio\18\Enterprise\MSBuild\Current\Bin\Microsoft.Common.CurrentVersion.targets(2437,5): warning MSB3277:         C:\Windows\Microsoft.Net\assembly\GAC_32\System.Web\v4.0_4.0.0.0__b03f5f7f11d50a3a\System.Web.dll [C:\Users\WilliamForney\source\repos\wforney\OpenLiveWriter\src\managed\OpenLiveWriter.Localization\OpenLiveWriter.Localization.csproj]
C:\Program Files\Microsoft Visual Studio\18\Enterprise\MSBuild\Current\Bin\Microsoft.Common.CurrentVersion.targets(2437,5): warning MSB3277:           Project file item includes which caused reference "C:\Windows\Microsoft.Net\assembly\GAC_32\System.Web\v4.0_4.0.0.0__b03f5f7f11d50a3a\System.Web.dll". [C:\Users\WilliamForney\source\repos\wforney\OpenLiveWriter\src\managed\OpenLiveWriter.Localization\OpenLiveWriter.Localization.csproj]
C:\Program Files\Microsoft Visual Studio\18\Enterprise\MSBuild\Current\Bin\Microsoft.Common.CurrentVersion.targets(2437,5): warning MSB3277:             System.Data [C:\Users\WilliamForney\source\repos\wforney\OpenLiveWriter\src\managed\OpenLiveWriter.Localization\OpenLiveWriter.Localization.csproj]
C:\Program Files\Microsoft Visual Studio\18\Enterprise\MSBuild\Current\Bin\Microsoft.Common.CurrentVersion.targets(2437,5): warning MSB3277:         C:\Windows\Microsoft.Net\assembly\GAC_MSIL\System.Design\v4.0_4.0.0.0__b03f5f7f11d50a3a\System.Design.dll [C:\Users\WilliamForney\source\repos\wforney\OpenLiveWriter\src\managed\OpenLiveWriter.Localization\OpenLiveWriter.Localization.csproj]
C:\Program Files\Microsoft Visual Studio\18\Enterprise\MSBuild\Current\Bin\Microsoft.Common.CurrentVersion.targets(2437,5): warning MSB3277:           Project file item includes which caused reference "C:\Windows\Microsoft.Net\assembly\GAC_MSIL\System.Design\v4.0_4.0.0.0__b03f5f7f11d50a3a\System.Design.dll". [C:\Users\WilliamForney\source\repos\wforney\OpenLiveWriter\src\managed\OpenLiveWriter.Localization\OpenLiveWriter.Localization.csproj]
C:\Program Files\Microsoft Visual Studio\18\Enterprise\MSBuild\Current\Bin\Microsoft.Common.CurrentVersion.targets(2437,5): warning MSB3277:             System.Data [C:\Users\WilliamForney\source\repos\wforney\OpenLiveWriter\src\managed\OpenLiveWriter.Localization\OpenLiveWriter.Localization.csproj]
C:\Program Files\Microsoft Visual Studio\18\Enterprise\MSBuild\Current\Bin\Microsoft.Common.CurrentVersion.targets(2437,5): warning MSB3277:         C:\Windows\Microsoft.Net\assembly\GAC_MSIL\System.ComponentModel.DataAnnotations\v4.0_4.0.0.0__31bf3856ad364e35\System.ComponentModel.DataAnnotations.dll [C:\Users\WilliamForney\source\repos\wforney\OpenLiveWriter\src\managed\OpenLiveWriter.Localization\OpenLiveWriter.Localization.csproj]
C:\Program Files\Microsoft Visual Studio\18\Enterprise\MSBuild\Current\Bin\Microsoft.Common.CurrentVersion.targets(2437,5): warning MSB3277:           Project file item includes which caused reference "C:\Windows\Microsoft.Net\assembly\GAC_MSIL\System.ComponentModel.DataAnnotations\v4.0_4.0.0.0__31bf3856ad364e35\System.ComponentModel.DataAnnotations.dll". [C:\Users\WilliamForney\source\repos\wforney\OpenLiveWriter\src\managed\OpenLiveWriter.Localization\OpenLiveWriter.Localization.csproj]
C:\Program Files\Microsoft Visual Studio\18\Enterprise\MSBuild\Current\Bin\Microsoft.Common.CurrentVersion.targets(2437,5): warning MSB3277:             System.Data [C:\Users\WilliamForney\source\repos\wforney\OpenLiveWriter\src\managed\OpenLiveWriter.Localization\OpenLiveWriter.Localization.csproj]
C:\Program Files\Microsoft Visual Studio\18\Enterprise\MSBuild\Current\Bin\Microsoft.Common.CurrentVersion.targets(2437,5): warning MSB3277:         C:\Windows\Microsoft.Net\assembly\GAC_MSIL\Microsoft.Build.Utilities.v4.0\v4.0_4.0.0.0__b03f5f7f11d50a3a\Microsoft.Build.Utilities.v4.0.dll [C:\Users\WilliamForney\source\repos\wforney\OpenLiveWriter\src\managed\OpenLiveWriter.Localization\OpenLiveWriter.Localization.csproj]
C:\Program Files\Microsoft Visual Studio\18\Enterprise\MSBuild\Current\Bin\Microsoft.Common.CurrentVersion.targets(2437,5): warning MSB3277:           Project file item includes which caused reference "C:\Windows\Microsoft.Net\assembly\GAC_MSIL\Microsoft.Build.Utilities.v4.0\v4.0_4.0.0.0__b03f5f7f11d50a3a\Microsoft.Build.Utilities.v4.0.dll". [C:\Users\WilliamForney\source\repos\wforney\OpenLiveWriter\src\managed\OpenLiveWriter.Localization\OpenLiveWriter.Localization.csproj]
C:\Program Files\Microsoft Visual Studio\18\Enterprise\MSBuild\Current\Bin\Microsoft.Common.CurrentVersion.targets(2437,5): warning MSB3277:             System.Data [C:\Users\WilliamForney\source\repos\wforney\OpenLiveWriter\src\managed\OpenLiveWriter.Localization\OpenLiveWriter.Localization.csproj]
C:\Program Files\Microsoft Visual Studio\18\Enterprise\MSBuild\Current\Bin\Microsoft.Common.CurrentVersion.targets(2437,5): warning MSB3277:         C:\Windows\Microsoft.Net\assembly\GAC_MSIL\Microsoft.Build.Tasks.v4.0\v4.0_4.0.0.0__b03f5f7f11d50a3a\Microsoft.Build.Tasks.v4.0.dll [C:\Users\WilliamForney\source\repos\wforney\OpenLiveWriter\src\managed\OpenLiveWriter.Localization\OpenLiveWriter.Localization.csproj]
C:\Program Files\Microsoft Visual Studio\18\Enterprise\MSBuild\Current\Bin\Microsoft.Common.CurrentVersion.targets(2437,5): warning MSB3277:           Project file item includes which caused reference "C:\Windows\Microsoft.Net\assembly\GAC_MSIL\Microsoft.Build.Tasks.v4.0\v4.0_4.0.0.0__b03f5f7f11d50a3a\Microsoft.Build.Tasks.v4.0.dll". [C:\Users\WilliamForney\source\repos\wforney\OpenLiveWriter\src\managed\OpenLiveWriter.Localization\OpenLiveWriter.Localization.csproj]
C:\Program Files\Microsoft Visual Studio\18\Enterprise\MSBuild\Current\Bin\Microsoft.Common.CurrentVersion.targets(2437,5): warning MSB3277:             System.Data [C:\Users\WilliamForney\source\repos\wforney\OpenLiveWriter\src\managed\OpenLiveWriter.Localization\OpenLiveWriter.Localization.csproj]
  OpenLiveWriter.Localization -> C:\Users\WilliamForney\source\repos\wforney\OpenLiveWriter\src\managed\bin\Debug\i386\Writer\OpenLiveWriter.Localization.dll
C:\Program Files\Microsoft Visual Studio\18\Enterprise\MSBuild\Current\Bin\Microsoft.Common.CurrentVersion.targets(2437,5): warning MSB3277: Found conflicts between different versions of "System.Core" that could not be resolved. [C:\Users\WilliamForney\source\repos\wforney\OpenLiveWriter\src\managed\MarketXmlGenerator\MarketXmlGenerator.csproj]
C:\Program Files\Microsoft Visual Studio\18\Enterprise\MSBuild\Current\Bin\Microsoft.Common.CurrentVersion.targets(2437,5): warning MSB3277: There was a conflict between "System.Core, Version=3.5.0.0, Culture=neutral, PublicKeyToken=b77a5c561934e089" and "System.Core, Version=4.0.0.0, Culture=neutral, PublicKeyToken=b77a5c561934e089". [C:\Users\WilliamForney\source\repos\wforney\OpenLiveWriter\src\managed\MarketXmlGenerator\MarketXmlGenerator.csproj]
C:\Program Files\Microsoft Visual Studio\18\Enterprise\MSBuild\Current\Bin\Microsoft.Common.CurrentVersion.targets(2437,5): warning MSB3277:     "System.Core, Version=3.5.0.0, Culture=neutral, PublicKeyToken=b77a5c561934e089" was chosen because it was primary and "System.Core, Version=4.0.0.0, Culture=neutral, PublicKeyToken=b77a5c561934e089" was not. [C:\Users\WilliamForney\source\repos\wforney\OpenLiveWriter\src\managed\MarketXmlGenerator\MarketXmlGenerator.csproj]
C:\Program Files\Microsoft Visual Studio\18\Enterprise\MSBuild\Current\Bin\Microsoft.Common.CurrentVersion.targets(2437,5): warning MSB3277:     References which depend on "System.Core, Version=3.5.0.0, Culture=neutral, PublicKeyToken=b77a5c561934e089" [C:\Program Files (x86)\Reference Assemblies\Microsoft\Framework\v3.5\System.Core.dll]. [C:\Users\WilliamForney\source\repos\wforney\OpenLiveWriter\src\managed\MarketXmlGenerator\MarketXmlGenerator.csproj]
C:\Program Files\Microsoft Visual Studio\18\Enterprise\MSBuild\Current\Bin\Microsoft.Common.CurrentVersion.targets(2437,5): warning MSB3277:         C:\Program Files (x86)\Reference Assemblies\Microsoft\Framework\v3.5\System.Core.dll [C:\Users\WilliamForney\source\repos\wforney\OpenLiveWriter\src\managed\MarketXmlGenerator\MarketXmlGenerator.csproj]
C:\Program Files\Microsoft Visual Studio\18\Enterprise\MSBuild\Current\Bin\Microsoft.Common.CurrentVersion.targets(2437,5): warning MSB3277:           Project file item includes which caused reference "C:\Program Files (x86)\Reference Assemblies\Microsoft\Framework\v3.5\System.Core.dll". [C:\Users\WilliamForney\source\repos\wforney\OpenLiveWriter\src\managed\MarketXmlGenerator\MarketXmlGenerator.csproj]
C:\Program Files\Microsoft Visual Studio\18\Enterprise\MSBuild\Current\Bin\Microsoft.Common.CurrentVersion.targets(2437,5): warning MSB3277:             System.Core [C:\Users\WilliamForney\source\repos\wforney\OpenLiveWriter\src\managed\MarketXmlGenerator\MarketXmlGenerator.csproj]
C:\Program Files\Microsoft Visual Studio\18\Enterprise\MSBuild\Current\Bin\Microsoft.Common.CurrentVersion.targets(2437,5): warning MSB3277:     References which depend on or have been unified to "System.Core, Version=4.0.0.0, Culture=neutral, PublicKeyToken=b77a5c561934e089" [C:\Windows\Microsoft.Net\assembly\GAC_MSIL\System.Core\v4.0_4.0.0.0__b77a5c561934e089\System.Core.dll]. [C:\Users\WilliamForney\source\repos\wforney\OpenLiveWriter\src\managed\MarketXmlGenerator\MarketXmlGenerator.csproj]
C:\Program Files\Microsoft Visual Studio\18\Enterprise\MSBuild\Current\Bin\Microsoft.Common.CurrentVersion.targets(2437,5): warning MSB3277:         C:\Windows\Microsoft.Net\assembly\GAC_32\System.Data\v4.0_4.0.0.0__b77a5c561934e089\System.Data.dll [C:\Users\WilliamForney\source\repos\wforney\OpenLiveWriter\src\managed\MarketXmlGenerator\MarketXmlGenerator.csproj]
C:\Program Files\Microsoft Visual Studio\18\Enterprise\MSBuild\Current\Bin\Microsoft.Common.CurrentVersion.targets(2437,5): warning MSB3277:           Project file item includes which caused reference "C:\Windows\Microsoft.Net\assembly\GAC_32\System.Data\v4.0_4.0.0.0__b77a5c561934e089\System.Data.dll". [C:\Users\WilliamForney\source\repos\wforney\OpenLiveWriter\src\managed\MarketXmlGenerator\MarketXmlGenerator.csproj]
C:\Program Files\Microsoft Visual Studio\18\Enterprise\MSBuild\Current\Bin\Microsoft.Common.CurrentVersion.targets(2437,5): warning MSB3277:             System.Data [C:\Users\WilliamForney\source\repos\wforney\OpenLiveWriter\src\managed\MarketXmlGenerator\MarketXmlGenerator.csproj]
C:\Program Files\Microsoft Visual Studio\18\Enterprise\MSBuild\Current\Bin\Microsoft.Common.CurrentVersion.targets(2437,5): warning MSB3277:         C:\Windows\Microsoft.Net\assembly\GAC_MSIL\System.Windows.Forms\v4.0_4.0.0.0__b77a5c561934e089\System.Windows.Forms.dll [C:\Users\WilliamForney\source\repos\wforney\OpenLiveWriter\src\managed\MarketXmlGenerator\MarketXmlGenerator.csproj]
C:\Program Files\Microsoft Visual Studio\18\Enterprise\MSBuild\Current\Bin\Microsoft.Common.CurrentVersion.targets(2437,5): warning MSB3277:           Project file item includes which caused reference "C:\Windows\Microsoft.Net\assembly\GAC_MSIL\System.Windows.Forms\v4.0_4.0.0.0__b77a5c561934e089\System.Windows.Forms.dll". [C:\Users\WilliamForney\source\repos\wforney\OpenLiveWriter\src\managed\MarketXmlGenerator\MarketXmlGenerator.csproj]
C:\Program Files\Microsoft Visual Studio\18\Enterprise\MSBuild\Current\Bin\Microsoft.Common.CurrentVersion.targets(2437,5): warning MSB3277:             System.Windows.Forms [C:\Users\WilliamForney\source\repos\wforney\OpenLiveWriter\src\managed\MarketXmlGenerator\MarketXmlGenerator.csproj]
C:\Program Files\Microsoft Visual Studio\18\Enterprise\MSBuild\Current\Bin\Microsoft.Common.CurrentVersion.targets(2437,5): warning MSB3277:             System.Data [C:\Users\WilliamForney\source\repos\wforney\OpenLiveWriter\src\managed\MarketXmlGenerator\MarketXmlGenerator.csproj]
C:\Program Files\Microsoft Visual Studio\18\Enterprise\MSBuild\Current\Bin\Microsoft.Common.CurrentVersion.targets(2437,5): warning MSB3277:         C:\Windows\Microsoft.Net\assembly\GAC_MSIL\System.Configuration\v4.0_4.0.0.0__b03f5f7f11d50a3a\System.Configuration.dll [C:\Users\WilliamForney\source\repos\wforney\OpenLiveWriter\src\managed\MarketXmlGenerator\MarketXmlGenerator.csproj]
C:\Program Files\Microsoft Visual Studio\18\Enterprise\MSBuild\Current\Bin\Microsoft.Common.CurrentVersion.targets(2437,5): warning MSB3277:           Project file item includes which caused reference "C:\Windows\Microsoft.Net\assembly\GAC_MSIL\System.Configuration\v4.0_4.0.0.0__b03f5f7f11d50a3a\System.Configuration.dll". [C:\Users\WilliamForney\source\repos\wforney\OpenLiveWriter\src\managed\MarketXmlGenerator\MarketXmlGenerator.csproj]
C:\Program Files\Microsoft Visual Studio\18\Enterprise\MSBuild\Current\Bin\Microsoft.Common.CurrentVersion.targets(2437,5): warning MSB3277:             System [C:\Users\WilliamForney\source\repos\wforney\OpenLiveWriter\src\managed\MarketXmlGenerator\MarketXmlGenerator.csproj]
C:\Program Files\Microsoft Visual Studio\18\Enterprise\MSBuild\Current\Bin\Microsoft.Common.CurrentVersion.targets(2437,5): warning MSB3277:             System.Data [C:\Users\WilliamForney\source\repos\wforney\OpenLiveWriter\src\managed\MarketXmlGenerator\MarketXmlGenerator.csproj]
C:\Program Files\Microsoft Visual Studio\18\Enterprise\MSBuild\Current\Bin\Microsoft.Common.CurrentVersion.targets(2437,5): warning MSB3277:             System.Drawing [C:\Users\WilliamForney\source\repos\wforney\OpenLiveWriter\src\managed\MarketXmlGenerator\MarketXmlGenerator.csproj]
C:\Program Files\Microsoft Visual Studio\18\Enterprise\MSBuild\Current\Bin\Microsoft.Common.CurrentVersion.targets(2437,5): warning MSB3277:             System.Windows.Forms [C:\Users\WilliamForney\source\repos\wforney\OpenLiveWriter\src\managed\MarketXmlGenerator\MarketXmlGenerator.csproj]
C:\Program Files\Microsoft Visual Studio\18\Enterprise\MSBuild\Current\Bin\Microsoft.Common.CurrentVersion.targets(2437,5): warning MSB3277:             System.Xml [C:\Users\WilliamForney\source\repos\wforney\OpenLiveWriter\src\managed\MarketXmlGenerator\MarketXmlGenerator.csproj]
C:\Program Files\Microsoft Visual Studio\18\Enterprise\MSBuild\Current\Bin\Microsoft.Common.CurrentVersion.targets(2437,5): warning MSB3277:             System.Core [C:\Users\WilliamForney\source\repos\wforney\OpenLiveWriter\src\managed\MarketXmlGenerator\MarketXmlGenerator.csproj]
C:\Program Files\Microsoft Visual Studio\18\Enterprise\MSBuild\Current\Bin\Microsoft.Common.CurrentVersion.targets(2437,5): warning MSB3277:         C:\Windows\Microsoft.Net\assembly\GAC_MSIL\System.Deployment\v4.0_4.0.0.0__b03f5f7f11d50a3a\System.Deployment.dll [C:\Users\WilliamForney\source\repos\wforney\OpenLiveWriter\src\managed\MarketXmlGenerator\MarketXmlGenerator.csproj]
C:\Program Files\Microsoft Visual Studio\18\Enterprise\MSBuild\Current\Bin\Microsoft.Common.CurrentVersion.targets(2437,5): warning MSB3277:           Project file item includes which caused reference "C:\Windows\Microsoft.Net\assembly\GAC_MSIL\System.Deployment\v4.0_4.0.0.0__b03f5f7f11d50a3a\System.Deployment.dll". [C:\Users\WilliamForney\source\repos\wforney\OpenLiveWriter\src\managed\MarketXmlGenerator\MarketXmlGenerator.csproj]
C:\Program Files\Microsoft Visual Studio\18\Enterprise\MSBuild\Current\Bin\Microsoft.Common.CurrentVersion.targets(2437,5): warning MSB3277:             System.Windows.Forms [C:\Users\WilliamForney\source\repos\wforney\OpenLiveWriter\src\managed\MarketXmlGenerator\MarketXmlGenerator.csproj]
C:\Program Files\Microsoft Visual Studio\18\Enterprise\MSBuild\Current\Bin\Microsoft.Common.CurrentVersion.targets(2437,5): warning MSB3277:             System.Data [C:\Users\WilliamForney\source\repos\wforney\OpenLiveWriter\src\managed\MarketXmlGenerator\MarketXmlGenerator.csproj]
C:\Program Files\Microsoft Visual Studio\18\Enterprise\MSBuild\Current\Bin\Microsoft.Common.CurrentVersion.targets(2437,5): warning MSB3277:         C:\Windows\Microsoft.Net\assembly\GAC_32\System.Web\v4.0_4.0.0.0__b03f5f7f11d50a3a\System.Web.dll [C:\Users\WilliamForney\source\repos\wforney\OpenLiveWriter\src\managed\MarketXmlGenerator\MarketXmlGenerator.csproj]
C:\Program Files\Microsoft Visual Studio\18\Enterprise\MSBuild\Current\Bin\Microsoft.Common.CurrentVersion.targets(2437,5): warning MSB3277:           Project file item includes which caused reference "C:\Windows\Microsoft.Net\assembly\GAC_32\System.Web\v4.0_4.0.0.0__b03f5f7f11d50a3a\System.Web.dll". [C:\Users\WilliamForney\source\repos\wforney\OpenLiveWriter\src\managed\MarketXmlGenerator\MarketXmlGenerator.csproj]
C:\Program Files\Microsoft Visual Studio\18\Enterprise\MSBuild\Current\Bin\Microsoft.Common.CurrentVersion.targets(2437,5): warning MSB3277:             System.Data [C:\Users\WilliamForney\source\repos\wforney\OpenLiveWriter\src\managed\MarketXmlGenerator\MarketXmlGenerator.csproj]
C:\Program Files\Microsoft Visual Studio\18\Enterprise\MSBuild\Current\Bin\Microsoft.Common.CurrentVersion.targets(2437,5): warning MSB3277:         C:\Windows\Microsoft.Net\assembly\GAC_MSIL\System.Design\v4.0_4.0.0.0__b03f5f7f11d50a3a\System.Design.dll [C:\Users\WilliamForney\source\repos\wforney\OpenLiveWriter\src\managed\MarketXmlGenerator\MarketXmlGenerator.csproj]
C:\Program Files\Microsoft Visual Studio\18\Enterprise\MSBuild\Current\Bin\Microsoft.Common.CurrentVersion.targets(2437,5): warning MSB3277:           Project file item includes which caused reference "C:\Windows\Microsoft.Net\assembly\GAC_MSIL\System.Design\v4.0_4.0.0.0__b03f5f7f11d50a3a\System.Design.dll". [C:\Users\WilliamForney\source\repos\wforney\OpenLiveWriter\src\managed\MarketXmlGenerator\MarketXmlGenerator.csproj]
C:\Program Files\Microsoft Visual Studio\18\Enterprise\MSBuild\Current\Bin\Microsoft.Common.CurrentVersion.targets(2437,5): warning MSB3277:             System.Data [C:\Users\WilliamForney\source\repos\wforney\OpenLiveWriter\src\managed\MarketXmlGenerator\MarketXmlGenerator.csproj]
C:\Program Files\Microsoft Visual Studio\18\Enterprise\MSBuild\Current\Bin\Microsoft.Common.CurrentVersion.targets(2437,5): warning MSB3277:         C:\Windows\Microsoft.Net\assembly\GAC_MSIL\System.ComponentModel.DataAnnotations\v4.0_4.0.0.0__31bf3856ad364e35\System.ComponentModel.DataAnnotations.dll [C:\Users\WilliamForney\source\repos\wforney\OpenLiveWriter\src\managed\MarketXmlGenerator\MarketXmlGenerator.csproj]
C:\Program Files\Microsoft Visual Studio\18\Enterprise\MSBuild\Current\Bin\Microsoft.Common.CurrentVersion.targets(2437,5): warning MSB3277:           Project file item includes which caused reference "C:\Windows\Microsoft.Net\assembly\GAC_MSIL\System.ComponentModel.DataAnnotations\v4.0_4.0.0.0__31bf3856ad364e35\System.ComponentModel.DataAnnotations.dll". [C:\Users\WilliamForney\source\repos\wforney\OpenLiveWriter\src\managed\MarketXmlGenerator\MarketXmlGenerator.csproj]
C:\Program Files\Microsoft Visual Studio\18\Enterprise\MSBuild\Current\Bin\Microsoft.Common.CurrentVersion.targets(2437,5): warning MSB3277:             System.Data [C:\Users\WilliamForney\source\repos\wforney\OpenLiveWriter\src\managed\MarketXmlGenerator\MarketXmlGenerator.csproj]
C:\Program Files\Microsoft Visual Studio\18\Enterprise\MSBuild\Current\Bin\Microsoft.Common.CurrentVersion.targets(2437,5): warning MSB3277:         C:\Windows\Microsoft.Net\assembly\GAC_MSIL\Microsoft.Build.Utilities.v4.0\v4.0_4.0.0.0__b03f5f7f11d50a3a\Microsoft.Build.Utilities.v4.0.dll [C:\Users\WilliamForney\source\repos\wforney\OpenLiveWriter\src\managed\MarketXmlGenerator\MarketXmlGenerator.csproj]
C:\Program Files\Microsoft Visual Studio\18\Enterprise\MSBuild\Current\Bin\Microsoft.Common.CurrentVersion.targets(2437,5): warning MSB3277:           Project file item includes which caused reference "C:\Windows\Microsoft.Net\assembly\GAC_MSIL\Microsoft.Build.Utilities.v4.0\v4.0_4.0.0.0__b03f5f7f11d50a3a\Microsoft.Build.Utilities.v4.0.dll". [C:\Users\WilliamForney\source\repos\wforney\OpenLiveWriter\src\managed\MarketXmlGenerator\MarketXmlGenerator.csproj]
C:\Program Files\Microsoft Visual Studio\18\Enterprise\MSBuild\Current\Bin\Microsoft.Common.CurrentVersion.targets(2437,5): warning MSB3277:             System.Data [C:\Users\WilliamForney\source\repos\wforney\OpenLiveWriter\src\managed\MarketXmlGenerator\MarketXmlGenerator.csproj]
C:\Program Files\Microsoft Visual Studio\18\Enterprise\MSBuild\Current\Bin\Microsoft.Common.CurrentVersion.targets(2437,5): warning MSB3277:         C:\Windows\Microsoft.Net\assembly\GAC_MSIL\Microsoft.Build.Tasks.v4.0\v4.0_4.0.0.0__b03f5f7f11d50a3a\Microsoft.Build.Tasks.v4.0.dll [C:\Users\WilliamForney\source\repos\wforney\OpenLiveWriter\src\managed\MarketXmlGenerator\MarketXmlGenerator.csproj]
C:\Program Files\Microsoft Visual Studio\18\Enterprise\MSBuild\Current\Bin\Microsoft.Common.CurrentVersion.targets(2437,5): warning MSB3277:           Project file item includes which caused reference "C:\Windows\Microsoft.Net\assembly\GAC_MSIL\Microsoft.Build.Tasks.v4.0\v4.0_4.0.0.0__b03f5f7f11d50a3a\Microsoft.Build.Tasks.v4.0.dll". [C:\Users\WilliamForney\source\repos\wforney\OpenLiveWriter\src\managed\MarketXmlGenerator\MarketXmlGenerator.csproj]
C:\Program Files\Microsoft Visual Studio\18\Enterprise\MSBuild\Current\Bin\Microsoft.Common.CurrentVersion.targets(2437,5): warning MSB3277:             System.Data [C:\Users\WilliamForney\source\repos\wforney\OpenLiveWriter\src\managed\MarketXmlGenerator\MarketXmlGenerator.csproj]
  MarketXmlGenerator -> C:\Users\WilliamForney\source\repos\wforney\OpenLiveWriter\src\managed\bin\Debug\i386\Writer\MarketXmlGenerator.exe
C:\Program Files\Microsoft Visual Studio\18\Enterprise\MSBuild\Current\Bin\Microsoft.Common.CurrentVersion.targets(2437,5): warning MSB3277: Found conflicts between different versions of "System.Core" that could not be resolved. [C:\Users\WilliamForney\source\repos\wforney\OpenLiveWriter\src\managed\OpenLiveWriter.BrowserControl\OpenLiveWriter.BrowserControl.csproj]
C:\Program Files\Microsoft Visual Studio\18\Enterprise\MSBuild\Current\Bin\Microsoft.Common.CurrentVersion.targets(2437,5): warning MSB3277: There was a conflict between "System.Core, Version=3.5.0.0, Culture=neutral, PublicKeyToken=b77a5c561934e089" and "System.Core, Version=4.0.0.0, Culture=neutral, PublicKeyToken=b77a5c561934e089". [C:\Users\WilliamForney\source\repos\wforney\OpenLiveWriter\src\managed\OpenLiveWriter.BrowserControl\OpenLiveWriter.BrowserControl.csproj]
C:\Program Files\Microsoft Visual Studio\18\Enterprise\MSBuild\Current\Bin\Microsoft.Common.CurrentVersion.targets(2437,5): warning MSB3277:     "System.Core, Version=3.5.0.0, Culture=neutral, PublicKeyToken=b77a5c561934e089" was chosen because it was primary and "System.Core, Version=4.0.0.0, Culture=neutral, PublicKeyToken=b77a5c561934e089" was not. [C:\Users\WilliamForney\source\repos\wforney\OpenLiveWriter\src\managed\OpenLiveWriter.BrowserControl\OpenLiveWriter.BrowserControl.csproj]
C:\Program Files\Microsoft Visual Studio\18\Enterprise\MSBuild\Current\Bin\Microsoft.Common.CurrentVersion.targets(2437,5): warning MSB3277:     References which depend on "System.Core, Version=3.5.0.0, Culture=neutral, PublicKeyToken=b77a5c561934e089" [C:\Program Files (x86)\Reference Assemblies\Microsoft\Framework\v3.5\System.Core.dll]. [C:\Users\WilliamForney\source\repos\wforney\OpenLiveWriter\src\managed\OpenLiveWriter.BrowserControl\OpenLiveWriter.BrowserControl.csproj]
C:\Program Files\Microsoft Visual Studio\18\Enterprise\MSBuild\Current\Bin\Microsoft.Common.CurrentVersion.targets(2437,5): warning MSB3277:         C:\Program Files (x86)\Reference Assemblies\Microsoft\Framework\v3.5\System.Core.dll [C:\Users\WilliamForney\source\repos\wforney\OpenLiveWriter\src\managed\OpenLiveWriter.BrowserControl\OpenLiveWriter.BrowserControl.csproj]
C:\Program Files\Microsoft Visual Studio\18\Enterprise\MSBuild\Current\Bin\Microsoft.Common.CurrentVersion.targets(2437,5): warning MSB3277:           Project file item includes which caused reference "C:\Program Files (x86)\Reference Assemblies\Microsoft\Framework\v3.5\System.Core.dll". [C:\Users\WilliamForney\source\repos\wforney\OpenLiveWriter\src\managed\OpenLiveWriter.BrowserControl\OpenLiveWriter.BrowserControl.csproj]
C:\Program Files\Microsoft Visual Studio\18\Enterprise\MSBuild\Current\Bin\Microsoft.Common.CurrentVersion.targets(2437,5): warning MSB3277:             System.Core [C:\Users\WilliamForney\source\repos\wforney\OpenLiveWriter\src\managed\OpenLiveWriter.BrowserControl\OpenLiveWriter.BrowserControl.csproj]
C:\Program Files\Microsoft Visual Studio\18\Enterprise\MSBuild\Current\Bin\Microsoft.Common.CurrentVersion.targets(2437,5): warning MSB3277:     References which depend on or have been unified to "System.Core, Version=4.0.0.0, Culture=neutral, PublicKeyToken=b77a5c561934e089" [C:\Windows\Microsoft.Net\assembly\GAC_MSIL\System.Core\v4.0_4.0.0.0__b77a5c561934e089\System.Core.dll]. [C:\Users\WilliamForney\source\repos\wforney\OpenLiveWriter\src\managed\OpenLiveWriter.BrowserControl\OpenLiveWriter.BrowserControl.csproj]
C:\Program Files\Microsoft Visual Studio\18\Enterprise\MSBuild\Current\Bin\Microsoft.Common.CurrentVersion.targets(2437,5): warning MSB3277:         C:\Windows\Microsoft.Net\assembly\GAC_32\System.Data\v4.0_4.0.0.0__b77a5c561934e089\System.Data.dll [C:\Users\WilliamForney\source\repos\wforney\OpenLiveWriter\src\managed\OpenLiveWriter.BrowserControl\OpenLiveWriter.BrowserControl.csproj]
C:\Program Files\Microsoft Visual Studio\18\Enterprise\MSBuild\Current\Bin\Microsoft.Common.CurrentVersion.targets(2437,5): warning MSB3277:           Project file item includes which caused reference "C:\Windows\Microsoft.Net\assembly\GAC_32\System.Data\v4.0_4.0.0.0__b77a5c561934e089\System.Data.dll". [C:\Users\WilliamForney\source\repos\wforney\OpenLiveWriter\src\managed\OpenLiveWriter.BrowserControl\OpenLiveWriter.BrowserControl.csproj]
C:\Program Files\Microsoft Visual Studio\18\Enterprise\MSBuild\Current\Bin\Microsoft.Common.CurrentVersion.targets(2437,5): warning MSB3277:             System.Data [C:\Users\WilliamForney\source\repos\wforney\OpenLiveWriter\src\managed\OpenLiveWriter.BrowserControl\OpenLiveWriter.BrowserControl.csproj]
C:\Program Files\Microsoft Visual Studio\18\Enterprise\MSBuild\Current\Bin\Microsoft.Common.CurrentVersion.targets(2437,5): warning MSB3277:         C:\Windows\Microsoft.Net\assembly\GAC_MSIL\System.Windows.Forms\v4.0_4.0.0.0__b77a5c561934e089\System.Windows.Forms.dll [C:\Users\WilliamForney\source\repos\wforney\OpenLiveWriter\src\managed\OpenLiveWriter.BrowserControl\OpenLiveWriter.BrowserControl.csproj]
C:\Program Files\Microsoft Visual Studio\18\Enterprise\MSBuild\Current\Bin\Microsoft.Common.CurrentVersion.targets(2437,5): warning MSB3277:           Project file item includes which caused reference "C:\Windows\Microsoft.Net\assembly\GAC_MSIL\System.Windows.Forms\v4.0_4.0.0.0__b77a5c561934e089\System.Windows.Forms.dll". [C:\Users\WilliamForney\source\repos\wforney\OpenLiveWriter\src\managed\OpenLiveWriter.BrowserControl\OpenLiveWriter.BrowserControl.csproj]
C:\Program Files\Microsoft Visual Studio\18\Enterprise\MSBuild\Current\Bin\Microsoft.Common.CurrentVersion.targets(2437,5): warning MSB3277:             System.Windows.Forms [C:\Users\WilliamForney\source\repos\wforney\OpenLiveWriter\src\managed\OpenLiveWriter.BrowserControl\OpenLiveWriter.BrowserControl.csproj]
C:\Program Files\Microsoft Visual Studio\18\Enterprise\MSBuild\Current\Bin\Microsoft.Common.CurrentVersion.targets(2437,5): warning MSB3277:             C:\Users\WilliamForney\source\repos\wforney\OpenLiveWriter\src\managed\bin\Debug\i386\Writer\OpenLiveWriter.Interop.dll [C:\Users\WilliamForney\source\repos\wforney\OpenLiveWriter\src\managed\OpenLiveWriter.BrowserControl\OpenLiveWriter.BrowserControl.csproj]
C:\Program Files\Microsoft Visual Studio\18\Enterprise\MSBuild\Current\Bin\Microsoft.Common.CurrentVersion.targets(2437,5): warning MSB3277:             System.Data [C:\Users\WilliamForney\source\repos\wforney\OpenLiveWriter\src\managed\OpenLiveWriter.BrowserControl\OpenLiveWriter.BrowserControl.csproj]
C:\Program Files\Microsoft Visual Studio\18\Enterprise\MSBuild\Current\Bin\Microsoft.Common.CurrentVersion.targets(2437,5): warning MSB3277:         C:\Windows\Microsoft.Net\assembly\GAC_MSIL\System.Configuration\v4.0_4.0.0.0__b03f5f7f11d50a3a\System.Configuration.dll [C:\Users\WilliamForney\source\repos\wforney\OpenLiveWriter\src\managed\OpenLiveWriter.BrowserControl\OpenLiveWriter.BrowserControl.csproj]
C:\Program Files\Microsoft Visual Studio\18\Enterprise\MSBuild\Current\Bin\Microsoft.Common.CurrentVersion.targets(2437,5): warning MSB3277:           Project file item includes which caused reference "C:\Windows\Microsoft.Net\assembly\GAC_MSIL\System.Configuration\v4.0_4.0.0.0__b03f5f7f11d50a3a\System.Configuration.dll". [C:\Users\WilliamForney\source\repos\wforney\OpenLiveWriter\src\managed\OpenLiveWriter.BrowserControl\OpenLiveWriter.BrowserControl.csproj]
C:\Program Files\Microsoft Visual Studio\18\Enterprise\MSBuild\Current\Bin\Microsoft.Common.CurrentVersion.targets(2437,5): warning MSB3277:             System [C:\Users\WilliamForney\source\repos\wforney\OpenLiveWriter\src\managed\OpenLiveWriter.BrowserControl\OpenLiveWriter.BrowserControl.csproj]
C:\Program Files\Microsoft Visual Studio\18\Enterprise\MSBuild\Current\Bin\Microsoft.Common.CurrentVersion.targets(2437,5): warning MSB3277:             C:\Users\WilliamForney\source\repos\wforney\OpenLiveWriter\src\managed\bin\Debug\i386\Writer\OpenLiveWriter.Interop.dll [C:\Users\WilliamForney\source\repos\wforney\OpenLiveWriter\src\managed\OpenLiveWriter.BrowserControl\OpenLiveWriter.BrowserControl.csproj]
C:\Program Files\Microsoft Visual Studio\18\Enterprise\MSBuild\Current\Bin\Microsoft.Common.CurrentVersion.targets(2437,5): warning MSB3277:             System.Data [C:\Users\WilliamForney\source\repos\wforney\OpenLiveWriter\src\managed\OpenLiveWriter.BrowserControl\OpenLiveWriter.BrowserControl.csproj]
C:\Program Files\Microsoft Visual Studio\18\Enterprise\MSBuild\Current\Bin\Microsoft.Common.CurrentVersion.targets(2437,5): warning MSB3277:             System.Drawing [C:\Users\WilliamForney\source\repos\wforney\OpenLiveWriter\src\managed\OpenLiveWriter.BrowserControl\OpenLiveWriter.BrowserControl.csproj]
C:\Program Files\Microsoft Visual Studio\18\Enterprise\MSBuild\Current\Bin\Microsoft.Common.CurrentVersion.targets(2437,5): warning MSB3277:             System.Windows.Forms [C:\Users\WilliamForney\source\repos\wforney\OpenLiveWriter\src\managed\OpenLiveWriter.BrowserControl\OpenLiveWriter.BrowserControl.csproj]
C:\Program Files\Microsoft Visual Studio\18\Enterprise\MSBuild\Current\Bin\Microsoft.Common.CurrentVersion.targets(2437,5): warning MSB3277:             System.Xml [C:\Users\WilliamForney\source\repos\wforney\OpenLiveWriter\src\managed\OpenLiveWriter.BrowserControl\OpenLiveWriter.BrowserControl.csproj]
C:\Program Files\Microsoft Visual Studio\18\Enterprise\MSBuild\Current\Bin\Microsoft.Common.CurrentVersion.targets(2437,5): warning MSB3277:             System.Core [C:\Users\WilliamForney\source\repos\wforney\OpenLiveWriter\src\managed\OpenLiveWriter.BrowserControl\OpenLiveWriter.BrowserControl.csproj]
C:\Program Files\Microsoft Visual Studio\18\Enterprise\MSBuild\Current\Bin\Microsoft.Common.CurrentVersion.targets(2437,5): warning MSB3277:         C:\Windows\Microsoft.Net\assembly\GAC_MSIL\System.Deployment\v4.0_4.0.0.0__b03f5f7f11d50a3a\System.Deployment.dll [C:\Users\WilliamForney\source\repos\wforney\OpenLiveWriter\src\managed\OpenLiveWriter.BrowserControl\OpenLiveWriter.BrowserControl.csproj]
C:\Program Files\Microsoft Visual Studio\18\Enterprise\MSBuild\Current\Bin\Microsoft.Common.CurrentVersion.targets(2437,5): warning MSB3277:           Project file item includes which caused reference "C:\Windows\Microsoft.Net\assembly\GAC_MSIL\System.Deployment\v4.0_4.0.0.0__b03f5f7f11d50a3a\System.Deployment.dll". [C:\Users\WilliamForney\source\repos\wforney\OpenLiveWriter\src\managed\OpenLiveWriter.BrowserControl\OpenLiveWriter.BrowserControl.csproj]
C:\Program Files\Microsoft Visual Studio\18\Enterprise\MSBuild\Current\Bin\Microsoft.Common.CurrentVersion.targets(2437,5): warning MSB3277:             System.Windows.Forms [C:\Users\WilliamForney\source\repos\wforney\OpenLiveWriter\src\managed\OpenLiveWriter.BrowserControl\OpenLiveWriter.BrowserControl.csproj]
C:\Program Files\Microsoft Visual Studio\18\Enterprise\MSBuild\Current\Bin\Microsoft.Common.CurrentVersion.targets(2437,5): warning MSB3277:             C:\Users\WilliamForney\source\repos\wforney\OpenLiveWriter\src\managed\bin\Debug\i386\Writer\OpenLiveWriter.Interop.dll [C:\Users\WilliamForney\source\repos\wforney\OpenLiveWriter\src\managed\OpenLiveWriter.BrowserControl\OpenLiveWriter.BrowserControl.csproj]
C:\Program Files\Microsoft Visual Studio\18\Enterprise\MSBuild\Current\Bin\Microsoft.Common.CurrentVersion.targets(2437,5): warning MSB3277:             System.Data [C:\Users\WilliamForney\source\repos\wforney\OpenLiveWriter\src\managed\OpenLiveWriter.BrowserControl\OpenLiveWriter.BrowserControl.csproj]
C:\Program Files\Microsoft Visual Studio\18\Enterprise\MSBuild\Current\Bin\Microsoft.Common.CurrentVersion.targets(2437,5): warning MSB3277:         C:\Windows\Microsoft.Net\assembly\GAC_32\System.Web\v4.0_4.0.0.0__b03f5f7f11d50a3a\System.Web.dll [C:\Users\WilliamForney\source\repos\wforney\OpenLiveWriter\src\managed\OpenLiveWriter.BrowserControl\OpenLiveWriter.BrowserControl.csproj]
C:\Program Files\Microsoft Visual Studio\18\Enterprise\MSBuild\Current\Bin\Microsoft.Common.CurrentVersion.targets(2437,5): warning MSB3277:           Project file item includes which caused reference "C:\Windows\Microsoft.Net\assembly\GAC_32\System.Web\v4.0_4.0.0.0__b03f5f7f11d50a3a\System.Web.dll". [C:\Users\WilliamForney\source\repos\wforney\OpenLiveWriter\src\managed\OpenLiveWriter.BrowserControl\OpenLiveWriter.BrowserControl.csproj]
C:\Program Files\Microsoft Visual Studio\18\Enterprise\MSBuild\Current\Bin\Microsoft.Common.CurrentVersion.targets(2437,5): warning MSB3277:             System.Data [C:\Users\WilliamForney\source\repos\wforney\OpenLiveWriter\src\managed\OpenLiveWriter.BrowserControl\OpenLiveWriter.BrowserControl.csproj]
C:\Program Files\Microsoft Visual Studio\18\Enterprise\MSBuild\Current\Bin\Microsoft.Common.CurrentVersion.targets(2437,5): warning MSB3277:         C:\Windows\Microsoft.Net\assembly\GAC_MSIL\System.Design\v4.0_4.0.0.0__b03f5f7f11d50a3a\System.Design.dll [C:\Users\WilliamForney\source\repos\wforney\OpenLiveWriter\src\managed\OpenLiveWriter.BrowserControl\OpenLiveWriter.BrowserControl.csproj]
C:\Program Files\Microsoft Visual Studio\18\Enterprise\MSBuild\Current\Bin\Microsoft.Common.CurrentVersion.targets(2437,5): warning MSB3277:           Project file item includes which caused reference "C:\Windows\Microsoft.Net\assembly\GAC_MSIL\System.Design\v4.0_4.0.0.0__b03f5f7f11d50a3a\System.Design.dll". [C:\Users\WilliamForney\source\repos\wforney\OpenLiveWriter\src\managed\OpenLiveWriter.BrowserControl\OpenLiveWriter.BrowserControl.csproj]
C:\Program Files\Microsoft Visual Studio\18\Enterprise\MSBuild\Current\Bin\Microsoft.Common.CurrentVersion.targets(2437,5): warning MSB3277:             System.Data [C:\Users\WilliamForney\source\repos\wforney\OpenLiveWriter\src\managed\OpenLiveWriter.BrowserControl\OpenLiveWriter.BrowserControl.csproj]
C:\Program Files\Microsoft Visual Studio\18\Enterprise\MSBuild\Current\Bin\Microsoft.Common.CurrentVersion.targets(2437,5): warning MSB3277:         C:\Windows\Microsoft.Net\assembly\GAC_MSIL\System.ComponentModel.DataAnnotations\v4.0_4.0.0.0__31bf3856ad364e35\System.ComponentModel.DataAnnotations.dll [C:\Users\WilliamForney\source\repos\wforney\OpenLiveWriter\src\managed\OpenLiveWriter.BrowserControl\OpenLiveWriter.BrowserControl.csproj]
C:\Program Files\Microsoft Visual Studio\18\Enterprise\MSBuild\Current\Bin\Microsoft.Common.CurrentVersion.targets(2437,5): warning MSB3277:           Project file item includes which caused reference "C:\Windows\Microsoft.Net\assembly\GAC_MSIL\System.ComponentModel.DataAnnotations\v4.0_4.0.0.0__31bf3856ad364e35\System.ComponentModel.DataAnnotations.dll". [C:\Users\WilliamForney\source\repos\wforney\OpenLiveWriter\src\managed\OpenLiveWriter.BrowserControl\OpenLiveWriter.BrowserControl.csproj]
C:\Program Files\Microsoft Visual Studio\18\Enterprise\MSBuild\Current\Bin\Microsoft.Common.CurrentVersion.targets(2437,5): warning MSB3277:             System.Data [C:\Users\WilliamForney\source\repos\wforney\OpenLiveWriter\src\managed\OpenLiveWriter.BrowserControl\OpenLiveWriter.BrowserControl.csproj]
C:\Program Files\Microsoft Visual Studio\18\Enterprise\MSBuild\Current\Bin\Microsoft.Common.CurrentVersion.targets(2437,5): warning MSB3277:         C:\Windows\Microsoft.Net\assembly\GAC_MSIL\Microsoft.Build.Utilities.v4.0\v4.0_4.0.0.0__b03f5f7f11d50a3a\Microsoft.Build.Utilities.v4.0.dll [C:\Users\WilliamForney\source\repos\wforney\OpenLiveWriter\src\managed\OpenLiveWriter.BrowserControl\OpenLiveWriter.BrowserControl.csproj]
C:\Program Files\Microsoft Visual Studio\18\Enterprise\MSBuild\Current\Bin\Microsoft.Common.CurrentVersion.targets(2437,5): warning MSB3277:           Project file item includes which caused reference "C:\Windows\Microsoft.Net\assembly\GAC_MSIL\Microsoft.Build.Utilities.v4.0\v4.0_4.0.0.0__b03f5f7f11d50a3a\Microsoft.Build.Utilities.v4.0.dll". [C:\Users\WilliamForney\source\repos\wforney\OpenLiveWriter\src\managed\OpenLiveWriter.BrowserControl\OpenLiveWriter.BrowserControl.csproj]
C:\Program Files\Microsoft Visual Studio\18\Enterprise\MSBuild\Current\Bin\Microsoft.Common.CurrentVersion.targets(2437,5): warning MSB3277:             System.Data [C:\Users\WilliamForney\source\repos\wforney\OpenLiveWriter\src\managed\OpenLiveWriter.BrowserControl\OpenLiveWriter.BrowserControl.csproj]
C:\Program Files\Microsoft Visual Studio\18\Enterprise\MSBuild\Current\Bin\Microsoft.Common.CurrentVersion.targets(2437,5): warning MSB3277:         C:\Windows\Microsoft.Net\assembly\GAC_MSIL\Microsoft.Build.Tasks.v4.0\v4.0_4.0.0.0__b03f5f7f11d50a3a\Microsoft.Build.Tasks.v4.0.dll [C:\Users\WilliamForney\source\repos\wforney\OpenLiveWriter\src\managed\OpenLiveWriter.BrowserControl\OpenLiveWriter.BrowserControl.csproj]
C:\Program Files\Microsoft Visual Studio\18\Enterprise\MSBuild\Current\Bin\Microsoft.Common.CurrentVersion.targets(2437,5): warning MSB3277:           Project file item includes which caused reference "C:\Windows\Microsoft.Net\assembly\GAC_MSIL\Microsoft.Build.Tasks.v4.0\v4.0_4.0.0.0__b03f5f7f11d50a3a\Microsoft.Build.Tasks.v4.0.dll". [C:\Users\WilliamForney\source\repos\wforney\OpenLiveWriter\src\managed\OpenLiveWriter.BrowserControl\OpenLiveWriter.BrowserControl.csproj]
C:\Program Files\Microsoft Visual Studio\18\Enterprise\MSBuild\Current\Bin\Microsoft.Common.CurrentVersion.targets(2437,5): warning MSB3277:             System.Data [C:\Users\WilliamForney\source\repos\wforney\OpenLiveWriter\src\managed\OpenLiveWriter.BrowserControl\OpenLiveWriter.BrowserControl.csproj]
  OpenLiveWriter.BrowserControl -> C:\Users\WilliamForney\source\repos\wforney\OpenLiveWriter\src\managed\bin\Debug\i386\Writer\OpenLiveWriter.BrowserControl.dll
C:\Program Files\Microsoft Visual Studio\18\Enterprise\MSBuild\Current\Bin\Microsoft.Common.CurrentVersion.targets(2437,5): warning MSB3277: Found conflicts between different versions of "System.Core" that could not be resolved. [C:\Users\WilliamForney\source\repos\wforney\OpenLiveWriter\src\managed\OpenLiveWriter.CoreServices\OpenLiveWriter.CoreServices.csproj]
C:\Program Files\Microsoft Visual Studio\18\Enterprise\MSBuild\Current\Bin\Microsoft.Common.CurrentVersion.targets(2437,5): warning MSB3277: There was a conflict between "System.Core, Version=3.5.0.0, Culture=neutral, PublicKeyToken=b77a5c561934e089" and "System.Core, Version=4.0.0.0, Culture=neutral, PublicKeyToken=b77a5c561934e089". [C:\Users\WilliamForney\source\repos\wforney\OpenLiveWriter\src\managed\OpenLiveWriter.CoreServices\OpenLiveWriter.CoreServices.csproj]
C:\Program Files\Microsoft Visual Studio\18\Enterprise\MSBuild\Current\Bin\Microsoft.Common.CurrentVersion.targets(2437,5): warning MSB3277:     "System.Core, Version=3.5.0.0, Culture=neutral, PublicKeyToken=b77a5c561934e089" was chosen because it was primary and "System.Core, Version=4.0.0.0, Culture=neutral, PublicKeyToken=b77a5c561934e089" was not. [C:\Users\WilliamForney\source\repos\wforney\OpenLiveWriter\src\managed\OpenLiveWriter.CoreServices\OpenLiveWriter.CoreServices.csproj]
C:\Program Files\Microsoft Visual Studio\18\Enterprise\MSBuild\Current\Bin\Microsoft.Common.CurrentVersion.targets(2437,5): warning MSB3277:     References which depend on "System.Core, Version=3.5.0.0, Culture=neutral, PublicKeyToken=b77a5c561934e089" [C:\Program Files (x86)\Reference Assemblies\Microsoft\Framework\v3.5\System.Core.dll]. [C:\Users\WilliamForney\source\repos\wforney\OpenLiveWriter\src\managed\OpenLiveWriter.CoreServices\OpenLiveWriter.CoreServices.csproj]
C:\Program Files\Microsoft Visual Studio\18\Enterprise\MSBuild\Current\Bin\Microsoft.Common.CurrentVersion.targets(2437,5): warning MSB3277:         C:\Program Files (x86)\Reference Assemblies\Microsoft\Framework\v3.5\System.Core.dll [C:\Users\WilliamForney\source\repos\wforney\OpenLiveWriter\src\managed\OpenLiveWriter.CoreServices\OpenLiveWriter.CoreServices.csproj]
C:\Program Files\Microsoft Visual Studio\18\Enterprise\MSBuild\Current\Bin\Microsoft.Common.CurrentVersion.targets(2437,5): warning MSB3277:           Project file item includes which caused reference "C:\Program Files (x86)\Reference Assemblies\Microsoft\Framework\v3.5\System.Core.dll". [C:\Users\WilliamForney\source\repos\wforney\OpenLiveWriter\src\managed\OpenLiveWriter.CoreServices\OpenLiveWriter.CoreServices.csproj]
C:\Program Files\Microsoft Visual Studio\18\Enterprise\MSBuild\Current\Bin\Microsoft.Common.CurrentVersion.targets(2437,5): warning MSB3277:             System.Core [C:\Users\WilliamForney\source\repos\wforney\OpenLiveWriter\src\managed\OpenLiveWriter.CoreServices\OpenLiveWriter.CoreServices.csproj]
C:\Program Files\Microsoft Visual Studio\18\Enterprise\MSBuild\Current\Bin\Microsoft.Common.CurrentVersion.targets(2437,5): warning MSB3277:     References which depend on or have been unified to "System.Core, Version=4.0.0.0, Culture=neutral, PublicKeyToken=b77a5c561934e089" [C:\Windows\Microsoft.Net\assembly\GAC_MSIL\System.Core\v4.0_4.0.0.0__b77a5c561934e089\System.Core.dll]. [C:\Users\WilliamForney\source\repos\wforney\OpenLiveWriter\src\managed\OpenLiveWriter.CoreServices\OpenLiveWriter.CoreServices.csproj]
C:\Program Files\Microsoft Visual Studio\18\Enterprise\MSBuild\Current\Bin\Microsoft.Common.CurrentVersion.targets(2437,5): warning MSB3277:         C:\Windows\Microsoft.Net\assembly\GAC_32\System.Data\v4.0_4.0.0.0__b77a5c561934e089\System.Data.dll [C:\Users\WilliamForney\source\repos\wforney\OpenLiveWriter\src\managed\OpenLiveWriter.CoreServices\OpenLiveWriter.CoreServices.csproj]
C:\Program Files\Microsoft Visual Studio\18\Enterprise\MSBuild\Current\Bin\Microsoft.Common.CurrentVersion.targets(2437,5): warning MSB3277:           Project file item includes which caused reference "C:\Windows\Microsoft.Net\assembly\GAC_32\System.Data\v4.0_4.0.0.0__b77a5c561934e089\System.Data.dll". [C:\Users\WilliamForney\source\repos\wforney\OpenLiveWriter\src\managed\OpenLiveWriter.CoreServices\OpenLiveWriter.CoreServices.csproj]
C:\Program Files\Microsoft Visual Studio\18\Enterprise\MSBuild\Current\Bin\Microsoft.Common.CurrentVersion.targets(2437,5): warning MSB3277:             System.Data [C:\Users\WilliamForney\source\repos\wforney\OpenLiveWriter\src\managed\OpenLiveWriter.CoreServices\OpenLiveWriter.CoreServices.csproj]
C:\Program Files\Microsoft Visual Studio\18\Enterprise\MSBuild\Current\Bin\Microsoft.Common.CurrentVersion.targets(2437,5): warning MSB3277:             System.Design [C:\Users\WilliamForney\source\repos\wforney\OpenLiveWriter\src\managed\OpenLiveWriter.CoreServices\OpenLiveWriter.CoreServices.csproj]
C:\Program Files\Microsoft Visual Studio\18\Enterprise\MSBuild\Current\Bin\Microsoft.Common.CurrentVersion.targets(2437,5): warning MSB3277:             System.Web [C:\Users\WilliamForney\source\repos\wforney\OpenLiveWriter\src\managed\OpenLiveWriter.CoreServices\OpenLiveWriter.CoreServices.csproj]
C:\Program Files\Microsoft Visual Studio\18\Enterprise\MSBuild\Current\Bin\Microsoft.Common.CurrentVersion.targets(2437,5): warning MSB3277:             C:\Users\WilliamForney\source\repos\wforney\OpenLiveWriter\src\managed\bin\Debug\i386\Writer\OpenLiveWriter.HtmlParser.dll [C:\Users\WilliamForney\source\repos\wforney\OpenLiveWriter\src\managed\OpenLiveWriter.CoreServices\OpenLiveWriter.CoreServices.csproj]
C:\Program Files\Microsoft Visual Studio\18\Enterprise\MSBuild\Current\Bin\Microsoft.Common.CurrentVersion.targets(2437,5): warning MSB3277:         C:\Windows\Microsoft.Net\assembly\GAC_MSIL\System.Design\v4.0_4.0.0.0__b03f5f7f11d50a3a\System.Design.dll [C:\Users\WilliamForney\source\repos\wforney\OpenLiveWriter\src\managed\OpenLiveWriter.CoreServices\OpenLiveWriter.CoreServices.csproj]
C:\Program Files\Microsoft Visual Studio\18\Enterprise\MSBuild\Current\Bin\Microsoft.Common.CurrentVersion.targets(2437,5): warning MSB3277:           Project file item includes which caused reference "C:\Windows\Microsoft.Net\assembly\GAC_MSIL\System.Design\v4.0_4.0.0.0__b03f5f7f11d50a3a\System.Design.dll". [C:\Users\WilliamForney\source\repos\wforney\OpenLiveWriter\src\managed\OpenLiveWriter.CoreServices\OpenLiveWriter.CoreServices.csproj]
C:\Program Files\Microsoft Visual Studio\18\Enterprise\MSBuild\Current\Bin\Microsoft.Common.CurrentVersion.targets(2437,5): warning MSB3277:             System.Design [C:\Users\WilliamForney\source\repos\wforney\OpenLiveWriter\src\managed\OpenLiveWriter.CoreServices\OpenLiveWriter.CoreServices.csproj]
C:\Program Files\Microsoft Visual Studio\18\Enterprise\MSBuild\Current\Bin\Microsoft.Common.CurrentVersion.targets(2437,5): warning MSB3277:             System.Web [C:\Users\WilliamForney\source\repos\wforney\OpenLiveWriter\src\managed\OpenLiveWriter.CoreServices\OpenLiveWriter.CoreServices.csproj]
C:\Program Files\Microsoft Visual Studio\18\Enterprise\MSBuild\Current\Bin\Microsoft.Common.CurrentVersion.targets(2437,5): warning MSB3277:             C:\Users\WilliamForney\source\repos\wforney\OpenLiveWriter\src\managed\bin\Debug\i386\Writer\OpenLiveWriter.HtmlParser.dll [C:\Users\WilliamForney\source\repos\wforney\OpenLiveWriter\src\managed\OpenLiveWriter.CoreServices\OpenLiveWriter.CoreServices.csproj]
C:\Program Files\Microsoft Visual Studio\18\Enterprise\MSBuild\Current\Bin\Microsoft.Common.CurrentVersion.targets(2437,5): warning MSB3277:             System.Data [C:\Users\WilliamForney\source\repos\wforney\OpenLiveWriter\src\managed\OpenLiveWriter.CoreServices\OpenLiveWriter.CoreServices.csproj]
C:\Program Files\Microsoft Visual Studio\18\Enterprise\MSBuild\Current\Bin\Microsoft.Common.CurrentVersion.targets(2437,5): warning MSB3277:         C:\Windows\Microsoft.Net\assembly\GAC_32\System.Web\v4.0_4.0.0.0__b03f5f7f11d50a3a\System.Web.dll [C:\Users\WilliamForney\source\repos\wforney\OpenLiveWriter\src\managed\OpenLiveWriter.CoreServices\OpenLiveWriter.CoreServices.csproj]
C:\Program Files\Microsoft Visual Studio\18\Enterprise\MSBuild\Current\Bin\Microsoft.Common.CurrentVersion.targets(2437,5): warning MSB3277:           Project file item includes which caused reference "C:\Windows\Microsoft.Net\assembly\GAC_32\System.Web\v4.0_4.0.0.0__b03f5f7f11d50a3a\System.Web.dll". [C:\Users\WilliamForney\source\repos\wforney\OpenLiveWriter\src\managed\OpenLiveWriter.CoreServices\OpenLiveWriter.CoreServices.csproj]
C:\Program Files\Microsoft Visual Studio\18\Enterprise\MSBuild\Current\Bin\Microsoft.Common.CurrentVersion.targets(2437,5): warning MSB3277:             System.Web [C:\Users\WilliamForney\source\repos\wforney\OpenLiveWriter\src\managed\OpenLiveWriter.CoreServices\OpenLiveWriter.CoreServices.csproj]
C:\Program Files\Microsoft Visual Studio\18\Enterprise\MSBuild\Current\Bin\Microsoft.Common.CurrentVersion.targets(2437,5): warning MSB3277:             C:\Users\WilliamForney\source\repos\wforney\OpenLiveWriter\src\managed\bin\Debug\i386\Writer\OpenLiveWriter.HtmlParser.dll [C:\Users\WilliamForney\source\repos\wforney\OpenLiveWriter\src\managed\OpenLiveWriter.CoreServices\OpenLiveWriter.CoreServices.csproj]
C:\Program Files\Microsoft Visual Studio\18\Enterprise\MSBuild\Current\Bin\Microsoft.Common.CurrentVersion.targets(2437,5): warning MSB3277:             System.Design [C:\Users\WilliamForney\source\repos\wforney\OpenLiveWriter\src\managed\OpenLiveWriter.CoreServices\OpenLiveWriter.CoreServices.csproj]
C:\Program Files\Microsoft Visual Studio\18\Enterprise\MSBuild\Current\Bin\Microsoft.Common.CurrentVersion.targets(2437,5): warning MSB3277:             System.Data [C:\Users\WilliamForney\source\repos\wforney\OpenLiveWriter\src\managed\OpenLiveWriter.CoreServices\OpenLiveWriter.CoreServices.csproj]
C:\Program Files\Microsoft Visual Studio\18\Enterprise\MSBuild\Current\Bin\Microsoft.Common.CurrentVersion.targets(2437,5): warning MSB3277:         C:\Windows\Microsoft.Net\assembly\GAC_MSIL\System.Windows.Forms\v4.0_4.0.0.0__b77a5c561934e089\System.Windows.Forms.dll [C:\Users\WilliamForney\source\repos\wforney\OpenLiveWriter\src\managed\OpenLiveWriter.CoreServices\OpenLiveWriter.CoreServices.csproj]
C:\Program Files\Microsoft Visual Studio\18\Enterprise\MSBuild\Current\Bin\Microsoft.Common.CurrentVersion.targets(2437,5): warning MSB3277:           Project file item includes which caused reference "C:\Windows\Microsoft.Net\assembly\GAC_MSIL\System.Windows.Forms\v4.0_4.0.0.0__b77a5c561934e089\System.Windows.Forms.dll". [C:\Users\WilliamForney\source\repos\wforney\OpenLiveWriter\src\managed\OpenLiveWriter.CoreServices\OpenLiveWriter.CoreServices.csproj]
C:\Program Files\Microsoft Visual Studio\18\Enterprise\MSBuild\Current\Bin\Microsoft.Common.CurrentVersion.targets(2437,5): warning MSB3277:             System.Windows.Forms [C:\Users\WilliamForney\source\repos\wforney\OpenLiveWriter\src\managed\OpenLiveWriter.CoreServices\OpenLiveWriter.CoreServices.csproj]
C:\Program Files\Microsoft Visual Studio\18\Enterprise\MSBuild\Current\Bin\Microsoft.Common.CurrentVersion.targets(2437,5): warning MSB3277:             C:\Users\WilliamForney\source\repos\wforney\OpenLiveWriter\src\managed\bin\Debug\i386\Writer\OpenLiveWriter.BrowserControl.dll [C:\Users\WilliamForney\source\repos\wforney\OpenLiveWriter\src\managed\OpenLiveWriter.CoreServices\OpenLiveWriter.CoreServices.csproj]
C:\Program Files\Microsoft Visual Studio\18\Enterprise\MSBuild\Current\Bin\Microsoft.Common.CurrentVersion.targets(2437,5): warning MSB3277:             C:\Users\WilliamForney\source\repos\wforney\OpenLiveWriter\src\managed\bin\Debug\i386\Writer\OpenLiveWriter.Interop.dll [C:\Users\WilliamForney\source\repos\wforney\OpenLiveWriter\src\managed\OpenLiveWriter.CoreServices\OpenLiveWriter.CoreServices.csproj]
C:\Program Files\Microsoft Visual Studio\18\Enterprise\MSBuild\Current\Bin\Microsoft.Common.CurrentVersion.targets(2437,5): warning MSB3277:             C:\Users\WilliamForney\source\repos\wforney\OpenLiveWriter\src\managed\bin\Debug\i386\Writer\OpenLiveWriter.Localization.dll [C:\Users\WilliamForney\source\repos\wforney\OpenLiveWriter\src\managed\OpenLiveWriter.CoreServices\OpenLiveWriter.CoreServices.csproj]
C:\Program Files\Microsoft Visual Studio\18\Enterprise\MSBuild\Current\Bin\Microsoft.Common.CurrentVersion.targets(2437,5): warning MSB3277:             System.Design [C:\Users\WilliamForney\source\repos\wforney\OpenLiveWriter\src\managed\OpenLiveWriter.CoreServices\OpenLiveWriter.CoreServices.csproj]
C:\Program Files\Microsoft Visual Studio\18\Enterprise\MSBuild\Current\Bin\Microsoft.Common.CurrentVersion.targets(2437,5): warning MSB3277:             System.Web [C:\Users\WilliamForney\source\repos\wforney\OpenLiveWriter\src\managed\OpenLiveWriter.CoreServices\OpenLiveWriter.CoreServices.csproj]
C:\Program Files\Microsoft Visual Studio\18\Enterprise\MSBuild\Current\Bin\Microsoft.Common.CurrentVersion.targets(2437,5): warning MSB3277:             C:\Users\WilliamForney\source\repos\wforney\OpenLiveWriter\src\managed\bin\Debug\i386\Writer\OpenLiveWriter.HtmlParser.dll [C:\Users\WilliamForney\source\repos\wforney\OpenLiveWriter\src\managed\OpenLiveWriter.CoreServices\OpenLiveWriter.CoreServices.csproj]
C:\Program Files\Microsoft Visual Studio\18\Enterprise\MSBuild\Current\Bin\Microsoft.Common.CurrentVersion.targets(2437,5): warning MSB3277:             System.Data [C:\Users\WilliamForney\source\repos\wforney\OpenLiveWriter\src\managed\OpenLiveWriter.CoreServices\OpenLiveWriter.CoreServices.csproj]
C:\Program Files\Microsoft Visual Studio\18\Enterprise\MSBuild\Current\Bin\Microsoft.Common.CurrentVersion.targets(2437,5): warning MSB3277:         C:\Windows\Microsoft.Net\assembly\GAC_MSIL\System.Configuration\v4.0_4.0.0.0__b03f5f7f11d50a3a\System.Configuration.dll [C:\Users\WilliamForney\source\repos\wforney\OpenLiveWriter\src\managed\OpenLiveWriter.CoreServices\OpenLiveWriter.CoreServices.csproj]
C:\Program Files\Microsoft Visual Studio\18\Enterprise\MSBuild\Current\Bin\Microsoft.Common.CurrentVersion.targets(2437,5): warning MSB3277:           Project file item includes which caused reference "C:\Windows\Microsoft.Net\assembly\GAC_MSIL\System.Configuration\v4.0_4.0.0.0__b03f5f7f11d50a3a\System.Configuration.dll". [C:\Users\WilliamForney\source\repos\wforney\OpenLiveWriter\src\managed\OpenLiveWriter.CoreServices\OpenLiveWriter.CoreServices.csproj]
C:\Program Files\Microsoft Visual Studio\18\Enterprise\MSBuild\Current\Bin\Microsoft.Common.CurrentVersion.targets(2437,5): warning MSB3277:             System [C:\Users\WilliamForney\source\repos\wforney\OpenLiveWriter\src\managed\OpenLiveWriter.CoreServices\OpenLiveWriter.CoreServices.csproj]
C:\Program Files\Microsoft Visual Studio\18\Enterprise\MSBuild\Current\Bin\Microsoft.Common.CurrentVersion.targets(2437,5): warning MSB3277:             C:\Users\WilliamForney\source\repos\wforney\OpenLiveWriter\src\managed\bin\Debug\i386\Writer\OpenLiveWriter.BrowserControl.dll [C:\Users\WilliamForney\source\repos\wforney\OpenLiveWriter\src\managed\OpenLiveWriter.CoreServices\OpenLiveWriter.CoreServices.csproj]
C:\Program Files\Microsoft Visual Studio\18\Enterprise\MSBuild\Current\Bin\Microsoft.Common.CurrentVersion.targets(2437,5): warning MSB3277:             C:\Users\WilliamForney\source\repos\wforney\OpenLiveWriter\src\managed\bin\Debug\i386\Writer\OpenLiveWriter.HtmlParser.dll [C:\Users\WilliamForney\source\repos\wforney\OpenLiveWriter\src\managed\OpenLiveWriter.CoreServices\OpenLiveWriter.CoreServices.csproj]
C:\Program Files\Microsoft Visual Studio\18\Enterprise\MSBuild\Current\Bin\Microsoft.Common.CurrentVersion.targets(2437,5): warning MSB3277:             C:\Users\WilliamForney\source\repos\wforney\OpenLiveWriter\src\managed\bin\Debug\i386\Writer\OpenLiveWriter.Interop.dll [C:\Users\WilliamForney\source\repos\wforney\OpenLiveWriter\src\managed\OpenLiveWriter.CoreServices\OpenLiveWriter.CoreServices.csproj]
C:\Program Files\Microsoft Visual Studio\18\Enterprise\MSBuild\Current\Bin\Microsoft.Common.CurrentVersion.targets(2437,5): warning MSB3277:             C:\Users\WilliamForney\source\repos\wforney\OpenLiveWriter\src\managed\bin\Debug\i386\Writer\OpenLiveWriter.Localization.dll [C:\Users\WilliamForney\source\repos\wforney\OpenLiveWriter\src\managed\OpenLiveWriter.CoreServices\OpenLiveWriter.CoreServices.csproj]
C:\Program Files\Microsoft Visual Studio\18\Enterprise\MSBuild\Current\Bin\Microsoft.Common.CurrentVersion.targets(2437,5): warning MSB3277:             System.Data [C:\Users\WilliamForney\source\repos\wforney\OpenLiveWriter\src\managed\OpenLiveWriter.CoreServices\OpenLiveWriter.CoreServices.csproj]
C:\Program Files\Microsoft Visual Studio\18\Enterprise\MSBuild\Current\Bin\Microsoft.Common.CurrentVersion.targets(2437,5): warning MSB3277:             System.Design [C:\Users\WilliamForney\source\repos\wforney\OpenLiveWriter\src\managed\OpenLiveWriter.CoreServices\OpenLiveWriter.CoreServices.csproj]
C:\Program Files\Microsoft Visual Studio\18\Enterprise\MSBuild\Current\Bin\Microsoft.Common.CurrentVersion.targets(2437,5): warning MSB3277:             System.Drawing [C:\Users\WilliamForney\source\repos\wforney\OpenLiveWriter\src\managed\OpenLiveWriter.CoreServices\OpenLiveWriter.CoreServices.csproj]
C:\Program Files\Microsoft Visual Studio\18\Enterprise\MSBuild\Current\Bin\Microsoft.Common.CurrentVersion.targets(2437,5): warning MSB3277:             System.Security [C:\Users\WilliamForney\source\repos\wforney\OpenLiveWriter\src\managed\OpenLiveWriter.CoreServices\OpenLiveWriter.CoreServices.csproj]
C:\Program Files\Microsoft Visual Studio\18\Enterprise\MSBuild\Current\Bin\Microsoft.Common.CurrentVersion.targets(2437,5): warning MSB3277:             System.Web [C:\Users\WilliamForney\source\repos\wforney\OpenLiveWriter\src\managed\OpenLiveWriter.CoreServices\OpenLiveWriter.CoreServices.csproj]
C:\Program Files\Microsoft Visual Studio\18\Enterprise\MSBuild\Current\Bin\Microsoft.Common.CurrentVersion.targets(2437,5): warning MSB3277:             System.Windows.Forms [C:\Users\WilliamForney\source\repos\wforney\OpenLiveWriter\src\managed\OpenLiveWriter.CoreServices\OpenLiveWriter.CoreServices.csproj]
C:\Program Files\Microsoft Visual Studio\18\Enterprise\MSBuild\Current\Bin\Microsoft.Common.CurrentVersion.targets(2437,5): warning MSB3277:             System.Xml [C:\Users\WilliamForney\source\repos\wforney\OpenLiveWriter\src\managed\OpenLiveWriter.CoreServices\OpenLiveWriter.CoreServices.csproj]
C:\Program Files\Microsoft Visual Studio\18\Enterprise\MSBuild\Current\Bin\Microsoft.Common.CurrentVersion.targets(2437,5): warning MSB3277:             C:\Users\WilliamForney\source\repos\wforney\OpenLiveWriter\src\managed\bin\Debug\i386\Writer\MarketXmlGenerator.exe [C:\Users\WilliamForney\source\repos\wforney\OpenLiveWriter\src\managed\OpenLiveWriter.CoreServices\OpenLiveWriter.CoreServices.csproj]
C:\Program Files\Microsoft Visual Studio\18\Enterprise\MSBuild\Current\Bin\Microsoft.Common.CurrentVersion.targets(2437,5): warning MSB3277:             System.Core [C:\Users\WilliamForney\source\repos\wforney\OpenLiveWriter\src\managed\OpenLiveWriter.CoreServices\OpenLiveWriter.CoreServices.csproj]
C:\Program Files\Microsoft Visual Studio\18\Enterprise\MSBuild\Current\Bin\Microsoft.Common.CurrentVersion.targets(2437,5): warning MSB3277:         C:\Windows\Microsoft.Net\assembly\GAC_MSIL\System.ComponentModel.DataAnnotations\v4.0_4.0.0.0__31bf3856ad364e35\System.ComponentModel.DataAnnotations.dll [C:\Users\WilliamForney\source\repos\wforney\OpenLiveWriter\src\managed\OpenLiveWriter.CoreServices\OpenLiveWriter.CoreServices.csproj]
C:\Program Files\Microsoft Visual Studio\18\Enterprise\MSBuild\Current\Bin\Microsoft.Common.CurrentVersion.targets(2437,5): warning MSB3277:           Project file item includes which caused reference "C:\Windows\Microsoft.Net\assembly\GAC_MSIL\System.ComponentModel.DataAnnotations\v4.0_4.0.0.0__31bf3856ad364e35\System.ComponentModel.DataAnnotations.dll". [C:\Users\WilliamForney\source\repos\wforney\OpenLiveWriter\src\managed\OpenLiveWriter.CoreServices\OpenLiveWriter.CoreServices.csproj]
C:\Program Files\Microsoft Visual Studio\18\Enterprise\MSBuild\Current\Bin\Microsoft.Common.CurrentVersion.targets(2437,5): warning MSB3277:             System.Web [C:\Users\WilliamForney\source\repos\wforney\OpenLiveWriter\src\managed\OpenLiveWriter.CoreServices\OpenLiveWriter.CoreServices.csproj]
C:\Program Files\Microsoft Visual Studio\18\Enterprise\MSBuild\Current\Bin\Microsoft.Common.CurrentVersion.targets(2437,5): warning MSB3277:             C:\Users\WilliamForney\source\repos\wforney\OpenLiveWriter\src\managed\bin\Debug\i386\Writer\OpenLiveWriter.HtmlParser.dll [C:\Users\WilliamForney\source\repos\wforney\OpenLiveWriter\src\managed\OpenLiveWriter.CoreServices\OpenLiveWriter.CoreServices.csproj]
C:\Program Files\Microsoft Visual Studio\18\Enterprise\MSBuild\Current\Bin\Microsoft.Common.CurrentVersion.targets(2437,5): warning MSB3277:             System.Design [C:\Users\WilliamForney\source\repos\wforney\OpenLiveWriter\src\managed\OpenLiveWriter.CoreServices\OpenLiveWriter.CoreServices.csproj]
C:\Program Files\Microsoft Visual Studio\18\Enterprise\MSBuild\Current\Bin\Microsoft.Common.CurrentVersion.targets(2437,5): warning MSB3277:             System.Data [C:\Users\WilliamForney\source\repos\wforney\OpenLiveWriter\src\managed\OpenLiveWriter.CoreServices\OpenLiveWriter.CoreServices.csproj]
C:\Program Files\Microsoft Visual Studio\18\Enterprise\MSBuild\Current\Bin\Microsoft.Common.CurrentVersion.targets(2437,5): warning MSB3277:         C:\Windows\Microsoft.Net\assembly\GAC_MSIL\Microsoft.Build.Utilities.v4.0\v4.0_4.0.0.0__b03f5f7f11d50a3a\Microsoft.Build.Utilities.v4.0.dll [C:\Users\WilliamForney\source\repos\wforney\OpenLiveWriter\src\managed\OpenLiveWriter.CoreServices\OpenLiveWriter.CoreServices.csproj]
C:\Program Files\Microsoft Visual Studio\18\Enterprise\MSBuild\Current\Bin\Microsoft.Common.CurrentVersion.targets(2437,5): warning MSB3277:           Project file item includes which caused reference "C:\Windows\Microsoft.Net\assembly\GAC_MSIL\Microsoft.Build.Utilities.v4.0\v4.0_4.0.0.0__b03f5f7f11d50a3a\Microsoft.Build.Utilities.v4.0.dll". [C:\Users\WilliamForney\source\repos\wforney\OpenLiveWriter\src\managed\OpenLiveWriter.CoreServices\OpenLiveWriter.CoreServices.csproj]
C:\Program Files\Microsoft Visual Studio\18\Enterprise\MSBuild\Current\Bin\Microsoft.Common.CurrentVersion.targets(2437,5): warning MSB3277:             System.Web [C:\Users\WilliamForney\source\repos\wforney\OpenLiveWriter\src\managed\OpenLiveWriter.CoreServices\OpenLiveWriter.CoreServices.csproj]
C:\Program Files\Microsoft Visual Studio\18\Enterprise\MSBuild\Current\Bin\Microsoft.Common.CurrentVersion.targets(2437,5): warning MSB3277:             C:\Users\WilliamForney\source\repos\wforney\OpenLiveWriter\src\managed\bin\Debug\i386\Writer\OpenLiveWriter.HtmlParser.dll [C:\Users\WilliamForney\source\repos\wforney\OpenLiveWriter\src\managed\OpenLiveWriter.CoreServices\OpenLiveWriter.CoreServices.csproj]
C:\Program Files\Microsoft Visual Studio\18\Enterprise\MSBuild\Current\Bin\Microsoft.Common.CurrentVersion.targets(2437,5): warning MSB3277:             System.Design [C:\Users\WilliamForney\source\repos\wforney\OpenLiveWriter\src\managed\OpenLiveWriter.CoreServices\OpenLiveWriter.CoreServices.csproj]
C:\Program Files\Microsoft Visual Studio\18\Enterprise\MSBuild\Current\Bin\Microsoft.Common.CurrentVersion.targets(2437,5): warning MSB3277:             System.Data [C:\Users\WilliamForney\source\repos\wforney\OpenLiveWriter\src\managed\OpenLiveWriter.CoreServices\OpenLiveWriter.CoreServices.csproj]
C:\Program Files\Microsoft Visual Studio\18\Enterprise\MSBuild\Current\Bin\Microsoft.Common.CurrentVersion.targets(2437,5): warning MSB3277:         C:\Windows\Microsoft.Net\assembly\GAC_MSIL\Microsoft.Build.Tasks.v4.0\v4.0_4.0.0.0__b03f5f7f11d50a3a\Microsoft.Build.Tasks.v4.0.dll [C:\Users\WilliamForney\source\repos\wforney\OpenLiveWriter\src\managed\OpenLiveWriter.CoreServices\OpenLiveWriter.CoreServices.csproj]
C:\Program Files\Microsoft Visual Studio\18\Enterprise\MSBuild\Current\Bin\Microsoft.Common.CurrentVersion.targets(2437,5): warning MSB3277:           Project file item includes which caused reference "C:\Windows\Microsoft.Net\assembly\GAC_MSIL\Microsoft.Build.Tasks.v4.0\v4.0_4.0.0.0__b03f5f7f11d50a3a\Microsoft.Build.Tasks.v4.0.dll". [C:\Users\WilliamForney\source\repos\wforney\OpenLiveWriter\src\managed\OpenLiveWriter.CoreServices\OpenLiveWriter.CoreServices.csproj]
C:\Program Files\Microsoft Visual Studio\18\Enterprise\MSBuild\Current\Bin\Microsoft.Common.CurrentVersion.targets(2437,5): warning MSB3277:             System.Web [C:\Users\WilliamForney\source\repos\wforney\OpenLiveWriter\src\managed\OpenLiveWriter.CoreServices\OpenLiveWriter.CoreServices.csproj]
C:\Program Files\Microsoft Visual Studio\18\Enterprise\MSBuild\Current\Bin\Microsoft.Common.CurrentVersion.targets(2437,5): warning MSB3277:             C:\Users\WilliamForney\source\repos\wforney\OpenLiveWriter\src\managed\bin\Debug\i386\Writer\OpenLiveWriter.HtmlParser.dll [C:\Users\WilliamForney\source\repos\wforney\OpenLiveWriter\src\managed\OpenLiveWriter.CoreServices\OpenLiveWriter.CoreServices.csproj]
C:\Program Files\Microsoft Visual Studio\18\Enterprise\MSBuild\Current\Bin\Microsoft.Common.CurrentVersion.targets(2437,5): warning MSB3277:             System.Design [C:\Users\WilliamForney\source\repos\wforney\OpenLiveWriter\src\managed\OpenLiveWriter.CoreServices\OpenLiveWriter.CoreServices.csproj]
C:\Program Files\Microsoft Visual Studio\18\Enterprise\MSBuild\Current\Bin\Microsoft.Common.CurrentVersion.targets(2437,5): warning MSB3277:             System.Data [C:\Users\WilliamForney\source\repos\wforney\OpenLiveWriter\src\managed\OpenLiveWriter.CoreServices\OpenLiveWriter.CoreServices.csproj]
C:\Program Files\Microsoft Visual Studio\18\Enterprise\MSBuild\Current\Bin\Microsoft.Common.CurrentVersion.targets(2437,5): warning MSB3277:         C:\Windows\Microsoft.Net\assembly\GAC_MSIL\System.Deployment\v4.0_4.0.0.0__b03f5f7f11d50a3a\System.Deployment.dll [C:\Users\WilliamForney\source\repos\wforney\OpenLiveWriter\src\managed\OpenLiveWriter.CoreServices\OpenLiveWriter.CoreServices.csproj]
C:\Program Files\Microsoft Visual Studio\18\Enterprise\MSBuild\Current\Bin\Microsoft.Common.CurrentVersion.targets(2437,5): warning MSB3277:           Project file item includes which caused reference "C:\Windows\Microsoft.Net\assembly\GAC_MSIL\System.Deployment\v4.0_4.0.0.0__b03f5f7f11d50a3a\System.Deployment.dll". [C:\Users\WilliamForney\source\repos\wforney\OpenLiveWriter\src\managed\OpenLiveWriter.CoreServices\OpenLiveWriter.CoreServices.csproj]
C:\Program Files\Microsoft Visual Studio\18\Enterprise\MSBuild\Current\Bin\Microsoft.Common.CurrentVersion.targets(2437,5): warning MSB3277:             System.Windows.Forms [C:\Users\WilliamForney\source\repos\wforney\OpenLiveWriter\src\managed\OpenLiveWriter.CoreServices\OpenLiveWriter.CoreServices.csproj]
C:\Program Files\Microsoft Visual Studio\18\Enterprise\MSBuild\Current\Bin\Microsoft.Common.CurrentVersion.targets(2437,5): warning MSB3277:             C:\Users\WilliamForney\source\repos\wforney\OpenLiveWriter\src\managed\bin\Debug\i386\Writer\OpenLiveWriter.BrowserControl.dll [C:\Users\WilliamForney\source\repos\wforney\OpenLiveWriter\src\managed\OpenLiveWriter.CoreServices\OpenLiveWriter.CoreServices.csproj]
C:\Program Files\Microsoft Visual Studio\18\Enterprise\MSBuild\Current\Bin\Microsoft.Common.CurrentVersion.targets(2437,5): warning MSB3277:             C:\Users\WilliamForney\source\repos\wforney\OpenLiveWriter\src\managed\bin\Debug\i386\Writer\OpenLiveWriter.Interop.dll [C:\Users\WilliamForney\source\repos\wforney\OpenLiveWriter\src\managed\OpenLiveWriter.CoreServices\OpenLiveWriter.CoreServices.csproj]
C:\Program Files\Microsoft Visual Studio\18\Enterprise\MSBuild\Current\Bin\Microsoft.Common.CurrentVersion.targets(2437,5): warning MSB3277:             C:\Users\WilliamForney\source\repos\wforney\OpenLiveWriter\src\managed\bin\Debug\i386\Writer\OpenLiveWriter.Localization.dll [C:\Users\WilliamForney\source\repos\wforney\OpenLiveWriter\src\managed\OpenLiveWriter.CoreServices\OpenLiveWriter.CoreServices.csproj]
C:\Program Files\Microsoft Visual Studio\18\Enterprise\MSBuild\Current\Bin\Microsoft.Common.CurrentVersion.targets(2437,5): warning MSB3277:             System.Design [C:\Users\WilliamForney\source\repos\wforney\OpenLiveWriter\src\managed\OpenLiveWriter.CoreServices\OpenLiveWriter.CoreServices.csproj]
C:\Program Files\Microsoft Visual Studio\18\Enterprise\MSBuild\Current\Bin\Microsoft.Common.CurrentVersion.targets(2437,5): warning MSB3277:             System.Web [C:\Users\WilliamForney\source\repos\wforney\OpenLiveWriter\src\managed\OpenLiveWriter.CoreServices\OpenLiveWriter.CoreServices.csproj]
C:\Program Files\Microsoft Visual Studio\18\Enterprise\MSBuild\Current\Bin\Microsoft.Common.CurrentVersion.targets(2437,5): warning MSB3277:             C:\Users\WilliamForney\source\repos\wforney\OpenLiveWriter\src\managed\bin\Debug\i386\Writer\OpenLiveWriter.HtmlParser.dll [C:\Users\WilliamForney\source\repos\wforney\OpenLiveWriter\src\managed\OpenLiveWriter.CoreServices\OpenLiveWriter.CoreServices.csproj]
C:\Program Files\Microsoft Visual Studio\18\Enterprise\MSBuild\Current\Bin\Microsoft.Common.CurrentVersion.targets(2437,5): warning MSB3277:             System.Data [C:\Users\WilliamForney\source\repos\wforney\OpenLiveWriter\src\managed\OpenLiveWriter.CoreServices\OpenLiveWriter.CoreServices.csproj]
  OpenLiveWriter.CoreServices -> C:\Users\WilliamForney\source\repos\wforney\OpenLiveWriter\src\managed\bin\Debug\i386\Writer\OpenLiveWriter.CoreServices.dll
C:\Program Files\Microsoft Visual Studio\18\Enterprise\MSBuild\Current\Bin\Microsoft.Common.CurrentVersion.targets(2437,5): warning MSB3277: Found conflicts between different versions of "System.Core" that could not be resolved. [C:\Users\WilliamForney\source\repos\wforney\OpenLiveWriter\src\managed\OpenLiveWriter.Mshtml\OpenLiveWriter.Mshtml.csproj]
C:\Program Files\Microsoft Visual Studio\18\Enterprise\MSBuild\Current\Bin\Microsoft.Common.CurrentVersion.targets(2437,5): warning MSB3277: There was a conflict between "System.Core, Version=3.5.0.0, Culture=neutral, PublicKeyToken=b77a5c561934e089" and "System.Core, Version=4.0.0.0, Culture=neutral, PublicKeyToken=b77a5c561934e089". [C:\Users\WilliamForney\source\repos\wforney\OpenLiveWriter\src\managed\OpenLiveWriter.Mshtml\OpenLiveWriter.Mshtml.csproj]
C:\Program Files\Microsoft Visual Studio\18\Enterprise\MSBuild\Current\Bin\Microsoft.Common.CurrentVersion.targets(2437,5): warning MSB3277:     "System.Core, Version=3.5.0.0, Culture=neutral, PublicKeyToken=b77a5c561934e089" was chosen because it was primary and "System.Core, Version=4.0.0.0, Culture=neutral, PublicKeyToken=b77a5c561934e089" was not. [C:\Users\WilliamForney\source\repos\wforney\OpenLiveWriter\src\managed\OpenLiveWriter.Mshtml\OpenLiveWriter.Mshtml.csproj]
C:\Program Files\Microsoft Visual Studio\18\Enterprise\MSBuild\Current\Bin\Microsoft.Common.CurrentVersion.targets(2437,5): warning MSB3277:     References which depend on "System.Core, Version=3.5.0.0, Culture=neutral, PublicKeyToken=b77a5c561934e089" [C:\Program Files (x86)\Reference Assemblies\Microsoft\Framework\v3.5\System.Core.dll]. [C:\Users\WilliamForney\source\repos\wforney\OpenLiveWriter\src\managed\OpenLiveWriter.Mshtml\OpenLiveWriter.Mshtml.csproj]
C:\Program Files\Microsoft Visual Studio\18\Enterprise\MSBuild\Current\Bin\Microsoft.Common.CurrentVersion.targets(2437,5): warning MSB3277:         C:\Program Files (x86)\Reference Assemblies\Microsoft\Framework\v3.5\System.Core.dll [C:\Users\WilliamForney\source\repos\wforney\OpenLiveWriter\src\managed\OpenLiveWriter.Mshtml\OpenLiveWriter.Mshtml.csproj]
C:\Program Files\Microsoft Visual Studio\18\Enterprise\MSBuild\Current\Bin\Microsoft.Common.CurrentVersion.targets(2437,5): warning MSB3277:           Project file item includes which caused reference "C:\Program Files (x86)\Reference Assemblies\Microsoft\Framework\v3.5\System.Core.dll". [C:\Users\WilliamForney\source\repos\wforney\OpenLiveWriter\src\managed\OpenLiveWriter.Mshtml\OpenLiveWriter.Mshtml.csproj]
C:\Program Files\Microsoft Visual Studio\18\Enterprise\MSBuild\Current\Bin\Microsoft.Common.CurrentVersion.targets(2437,5): warning MSB3277:             System.Core [C:\Users\WilliamForney\source\repos\wforney\OpenLiveWriter\src\managed\OpenLiveWriter.Mshtml\OpenLiveWriter.Mshtml.csproj]
C:\Program Files\Microsoft Visual Studio\18\Enterprise\MSBuild\Current\Bin\Microsoft.Common.CurrentVersion.targets(2437,5): warning MSB3277:     References which depend on or have been unified to "System.Core, Version=4.0.0.0, Culture=neutral, PublicKeyToken=b77a5c561934e089" [C:\Windows\Microsoft.Net\assembly\GAC_MSIL\System.Core\v4.0_4.0.0.0__b77a5c561934e089\System.Core.dll]. [C:\Users\WilliamForney\source\repos\wforney\OpenLiveWriter\src\managed\OpenLiveWriter.Mshtml\OpenLiveWriter.Mshtml.csproj]
C:\Program Files\Microsoft Visual Studio\18\Enterprise\MSBuild\Current\Bin\Microsoft.Common.CurrentVersion.targets(2437,5): warning MSB3277:         C:\Windows\Microsoft.Net\assembly\GAC_32\System.Data\v4.0_4.0.0.0__b77a5c561934e089\System.Data.dll [C:\Users\WilliamForney\source\repos\wforney\OpenLiveWriter\src\managed\OpenLiveWriter.Mshtml\OpenLiveWriter.Mshtml.csproj]
C:\Program Files\Microsoft Visual Studio\18\Enterprise\MSBuild\Current\Bin\Microsoft.Common.CurrentVersion.targets(2437,5): warning MSB3277:           Project file item includes which caused reference "C:\Windows\Microsoft.Net\assembly\GAC_32\System.Data\v4.0_4.0.0.0__b77a5c561934e089\System.Data.dll". [C:\Users\WilliamForney\source\repos\wforney\OpenLiveWriter\src\managed\OpenLiveWriter.Mshtml\OpenLiveWriter.Mshtml.csproj]
C:\Program Files\Microsoft Visual Studio\18\Enterprise\MSBuild\Current\Bin\Microsoft.Common.CurrentVersion.targets(2437,5): warning MSB3277:             System.Data [C:\Users\WilliamForney\source\repos\wforney\OpenLiveWriter\src\managed\OpenLiveWriter.Mshtml\OpenLiveWriter.Mshtml.csproj]
C:\Program Files\Microsoft Visual Studio\18\Enterprise\MSBuild\Current\Bin\Microsoft.Common.CurrentVersion.targets(2437,5): warning MSB3277:             C:\Users\WilliamForney\source\repos\wforney\OpenLiveWriter\src\managed\bin\Debug\i386\Writer\OpenLiveWriter.CoreServices.dll [C:\Users\WilliamForney\source\repos\wforney\OpenLiveWriter\src\managed\OpenLiveWriter.Mshtml\OpenLiveWriter.Mshtml.csproj]
C:\Program Files\Microsoft Visual Studio\18\Enterprise\MSBuild\Current\Bin\Microsoft.Common.CurrentVersion.targets(2437,5): warning MSB3277:         C:\Windows\Microsoft.Net\assembly\GAC_MSIL\System.Windows.Forms\v4.0_4.0.0.0__b77a5c561934e089\System.Windows.Forms.dll [C:\Users\WilliamForney\source\repos\wforney\OpenLiveWriter\src\managed\OpenLiveWriter.Mshtml\OpenLiveWriter.Mshtml.csproj]
C:\Program Files\Microsoft Visual Studio\18\Enterprise\MSBuild\Current\Bin\Microsoft.Common.CurrentVersion.targets(2437,5): warning MSB3277:           Project file item includes which caused reference "C:\Windows\Microsoft.Net\assembly\GAC_MSIL\System.Windows.Forms\v4.0_4.0.0.0__b77a5c561934e089\System.Windows.Forms.dll". [C:\Users\WilliamForney\source\repos\wforney\OpenLiveWriter\src\managed\OpenLiveWriter.Mshtml\OpenLiveWriter.Mshtml.csproj]
C:\Program Files\Microsoft Visual Studio\18\Enterprise\MSBuild\Current\Bin\Microsoft.Common.CurrentVersion.targets(2437,5): warning MSB3277:             System.Windows.Forms [C:\Users\WilliamForney\source\repos\wforney\OpenLiveWriter\src\managed\OpenLiveWriter.Mshtml\OpenLiveWriter.Mshtml.csproj]
C:\Program Files\Microsoft Visual Studio\18\Enterprise\MSBuild\Current\Bin\Microsoft.Common.CurrentVersion.targets(2437,5): warning MSB3277:             C:\Users\WilliamForney\source\repos\wforney\OpenLiveWriter\src\managed\bin\Debug\i386\Writer\OpenLiveWriter.CoreServices.dll [C:\Users\WilliamForney\source\repos\wforney\OpenLiveWriter\src\managed\OpenLiveWriter.Mshtml\OpenLiveWriter.Mshtml.csproj]
C:\Program Files\Microsoft Visual Studio\18\Enterprise\MSBuild\Current\Bin\Microsoft.Common.CurrentVersion.targets(2437,5): warning MSB3277:             C:\Users\WilliamForney\source\repos\wforney\OpenLiveWriter\src\managed\bin\Debug\i386\Writer\OpenLiveWriter.Interop.dll [C:\Users\WilliamForney\source\repos\wforney\OpenLiveWriter\src\managed\OpenLiveWriter.Mshtml\OpenLiveWriter.Mshtml.csproj]
C:\Program Files\Microsoft Visual Studio\18\Enterprise\MSBuild\Current\Bin\Microsoft.Common.CurrentVersion.targets(2437,5): warning MSB3277:             System.Data [C:\Users\WilliamForney\source\repos\wforney\OpenLiveWriter\src\managed\OpenLiveWriter.Mshtml\OpenLiveWriter.Mshtml.csproj]
C:\Program Files\Microsoft Visual Studio\18\Enterprise\MSBuild\Current\Bin\Microsoft.Common.CurrentVersion.targets(2437,5): warning MSB3277:         C:\Windows\Microsoft.Net\assembly\GAC_32\System.Web\v4.0_4.0.0.0__b03f5f7f11d50a3a\System.Web.dll [C:\Users\WilliamForney\source\repos\wforney\OpenLiveWriter\src\managed\OpenLiveWriter.Mshtml\OpenLiveWriter.Mshtml.csproj]
C:\Program Files\Microsoft Visual Studio\18\Enterprise\MSBuild\Current\Bin\Microsoft.Common.CurrentVersion.targets(2437,5): warning MSB3277:           Project file item includes which caused reference "C:\Windows\Microsoft.Net\assembly\GAC_32\System.Web\v4.0_4.0.0.0__b03f5f7f11d50a3a\System.Web.dll". [C:\Users\WilliamForney\source\repos\wforney\OpenLiveWriter\src\managed\OpenLiveWriter.Mshtml\OpenLiveWriter.Mshtml.csproj]
C:\Program Files\Microsoft Visual Studio\18\Enterprise\MSBuild\Current\Bin\Microsoft.Common.CurrentVersion.targets(2437,5): warning MSB3277:             C:\Users\WilliamForney\source\repos\wforney\OpenLiveWriter\src\managed\bin\Debug\i386\Writer\OpenLiveWriter.CoreServices.dll [C:\Users\WilliamForney\source\repos\wforney\OpenLiveWriter\src\managed\OpenLiveWriter.Mshtml\OpenLiveWriter.Mshtml.csproj]
C:\Program Files\Microsoft Visual Studio\18\Enterprise\MSBuild\Current\Bin\Microsoft.Common.CurrentVersion.targets(2437,5): warning MSB3277:             System.Data [C:\Users\WilliamForney\source\repos\wforney\OpenLiveWriter\src\managed\OpenLiveWriter.Mshtml\OpenLiveWriter.Mshtml.csproj]
C:\Program Files\Microsoft Visual Studio\18\Enterprise\MSBuild\Current\Bin\Microsoft.Common.CurrentVersion.targets(2437,5): warning MSB3277:         C:\Windows\Microsoft.Net\assembly\GAC_MSIL\System.Configuration\v4.0_4.0.0.0__b03f5f7f11d50a3a\System.Configuration.dll [C:\Users\WilliamForney\source\repos\wforney\OpenLiveWriter\src\managed\OpenLiveWriter.Mshtml\OpenLiveWriter.Mshtml.csproj]
C:\Program Files\Microsoft Visual Studio\18\Enterprise\MSBuild\Current\Bin\Microsoft.Common.CurrentVersion.targets(2437,5): warning MSB3277:           Project file item includes which caused reference "C:\Windows\Microsoft.Net\assembly\GAC_MSIL\System.Configuration\v4.0_4.0.0.0__b03f5f7f11d50a3a\System.Configuration.dll". [C:\Users\WilliamForney\source\repos\wforney\OpenLiveWriter\src\managed\OpenLiveWriter.Mshtml\OpenLiveWriter.Mshtml.csproj]
C:\Program Files\Microsoft Visual Studio\18\Enterprise\MSBuild\Current\Bin\Microsoft.Common.CurrentVersion.targets(2437,5): warning MSB3277:             System [C:\Users\WilliamForney\source\repos\wforney\OpenLiveWriter\src\managed\OpenLiveWriter.Mshtml\OpenLiveWriter.Mshtml.csproj]
C:\Program Files\Microsoft Visual Studio\18\Enterprise\MSBuild\Current\Bin\Microsoft.Common.CurrentVersion.targets(2437,5): warning MSB3277:             C:\Users\WilliamForney\source\repos\wforney\OpenLiveWriter\src\managed\bin\Debug\i386\Writer\OpenLiveWriter.CoreServices.dll [C:\Users\WilliamForney\source\repos\wforney\OpenLiveWriter\src\managed\OpenLiveWriter.Mshtml\OpenLiveWriter.Mshtml.csproj]
C:\Program Files\Microsoft Visual Studio\18\Enterprise\MSBuild\Current\Bin\Microsoft.Common.CurrentVersion.targets(2437,5): warning MSB3277:             C:\Users\WilliamForney\source\repos\wforney\OpenLiveWriter\src\managed\bin\Debug\i386\Writer\OpenLiveWriter.Interop.dll [C:\Users\WilliamForney\source\repos\wforney\OpenLiveWriter\src\managed\OpenLiveWriter.Mshtml\OpenLiveWriter.Mshtml.csproj]
C:\Program Files\Microsoft Visual Studio\18\Enterprise\MSBuild\Current\Bin\Microsoft.Common.CurrentVersion.targets(2437,5): warning MSB3277:             System.Data [C:\Users\WilliamForney\source\repos\wforney\OpenLiveWriter\src\managed\OpenLiveWriter.Mshtml\OpenLiveWriter.Mshtml.csproj]
C:\Program Files\Microsoft Visual Studio\18\Enterprise\MSBuild\Current\Bin\Microsoft.Common.CurrentVersion.targets(2437,5): warning MSB3277:             System.Drawing [C:\Users\WilliamForney\source\repos\wforney\OpenLiveWriter\src\managed\OpenLiveWriter.Mshtml\OpenLiveWriter.Mshtml.csproj]
C:\Program Files\Microsoft Visual Studio\18\Enterprise\MSBuild\Current\Bin\Microsoft.Common.CurrentVersion.targets(2437,5): warning MSB3277:             System.Windows.Forms [C:\Users\WilliamForney\source\repos\wforney\OpenLiveWriter\src\managed\OpenLiveWriter.Mshtml\OpenLiveWriter.Mshtml.csproj]
C:\Program Files\Microsoft Visual Studio\18\Enterprise\MSBuild\Current\Bin\Microsoft.Common.CurrentVersion.targets(2437,5): warning MSB3277:             System.Xml [C:\Users\WilliamForney\source\repos\wforney\OpenLiveWriter\src\managed\OpenLiveWriter.Mshtml\OpenLiveWriter.Mshtml.csproj]
C:\Program Files\Microsoft Visual Studio\18\Enterprise\MSBuild\Current\Bin\Microsoft.Common.CurrentVersion.targets(2437,5): warning MSB3277:             System.Core [C:\Users\WilliamForney\source\repos\wforney\OpenLiveWriter\src\managed\OpenLiveWriter.Mshtml\OpenLiveWriter.Mshtml.csproj]
C:\Program Files\Microsoft Visual Studio\18\Enterprise\MSBuild\Current\Bin\Microsoft.Common.CurrentVersion.targets(2437,5): warning MSB3277:         C:\Windows\Microsoft.Net\assembly\GAC_MSIL\System.Deployment\v4.0_4.0.0.0__b03f5f7f11d50a3a\System.Deployment.dll [C:\Users\WilliamForney\source\repos\wforney\OpenLiveWriter\src\managed\OpenLiveWriter.Mshtml\OpenLiveWriter.Mshtml.csproj]
C:\Program Files\Microsoft Visual Studio\18\Enterprise\MSBuild\Current\Bin\Microsoft.Common.CurrentVersion.targets(2437,5): warning MSB3277:           Project file item includes which caused reference "C:\Windows\Microsoft.Net\assembly\GAC_MSIL\System.Deployment\v4.0_4.0.0.0__b03f5f7f11d50a3a\System.Deployment.dll". [C:\Users\WilliamForney\source\repos\wforney\OpenLiveWriter\src\managed\OpenLiveWriter.Mshtml\OpenLiveWriter.Mshtml.csproj]
C:\Program Files\Microsoft Visual Studio\18\Enterprise\MSBuild\Current\Bin\Microsoft.Common.CurrentVersion.targets(2437,5): warning MSB3277:             System.Windows.Forms [C:\Users\WilliamForney\source\repos\wforney\OpenLiveWriter\src\managed\OpenLiveWriter.Mshtml\OpenLiveWriter.Mshtml.csproj]
C:\Program Files\Microsoft Visual Studio\18\Enterprise\MSBuild\Current\Bin\Microsoft.Common.CurrentVersion.targets(2437,5): warning MSB3277:             C:\Users\WilliamForney\source\repos\wforney\OpenLiveWriter\src\managed\bin\Debug\i386\Writer\OpenLiveWriter.CoreServices.dll [C:\Users\WilliamForney\source\repos\wforney\OpenLiveWriter\src\managed\OpenLiveWriter.Mshtml\OpenLiveWriter.Mshtml.csproj]
C:\Program Files\Microsoft Visual Studio\18\Enterprise\MSBuild\Current\Bin\Microsoft.Common.CurrentVersion.targets(2437,5): warning MSB3277:             C:\Users\WilliamForney\source\repos\wforney\OpenLiveWriter\src\managed\bin\Debug\i386\Writer\OpenLiveWriter.Interop.dll [C:\Users\WilliamForney\source\repos\wforney\OpenLiveWriter\src\managed\OpenLiveWriter.Mshtml\OpenLiveWriter.Mshtml.csproj]
C:\Program Files\Microsoft Visual Studio\18\Enterprise\MSBuild\Current\Bin\Microsoft.Common.CurrentVersion.targets(2437,5): warning MSB3277:             System.Data [C:\Users\WilliamForney\source\repos\wforney\OpenLiveWriter\src\managed\OpenLiveWriter.Mshtml\OpenLiveWriter.Mshtml.csproj]
C:\Program Files\Microsoft Visual Studio\18\Enterprise\MSBuild\Current\Bin\Microsoft.Common.CurrentVersion.targets(2437,5): warning MSB3277:         C:\Windows\Microsoft.Net\assembly\GAC_MSIL\System.Design\v4.0_4.0.0.0__b03f5f7f11d50a3a\System.Design.dll [C:\Users\WilliamForney\source\repos\wforney\OpenLiveWriter\src\managed\OpenLiveWriter.Mshtml\OpenLiveWriter.Mshtml.csproj]
C:\Program Files\Microsoft Visual Studio\18\Enterprise\MSBuild\Current\Bin\Microsoft.Common.CurrentVersion.targets(2437,5): warning MSB3277:           Project file item includes which caused reference "C:\Windows\Microsoft.Net\assembly\GAC_MSIL\System.Design\v4.0_4.0.0.0__b03f5f7f11d50a3a\System.Design.dll". [C:\Users\WilliamForney\source\repos\wforney\OpenLiveWriter\src\managed\OpenLiveWriter.Mshtml\OpenLiveWriter.Mshtml.csproj]
C:\Program Files\Microsoft Visual Studio\18\Enterprise\MSBuild\Current\Bin\Microsoft.Common.CurrentVersion.targets(2437,5): warning MSB3277:             C:\Users\WilliamForney\source\repos\wforney\OpenLiveWriter\src\managed\bin\Debug\i386\Writer\OpenLiveWriter.CoreServices.dll [C:\Users\WilliamForney\source\repos\wforney\OpenLiveWriter\src\managed\OpenLiveWriter.Mshtml\OpenLiveWriter.Mshtml.csproj]
C:\Program Files\Microsoft Visual Studio\18\Enterprise\MSBuild\Current\Bin\Microsoft.Common.CurrentVersion.targets(2437,5): warning MSB3277:             System.Data [C:\Users\WilliamForney\source\repos\wforney\OpenLiveWriter\src\managed\OpenLiveWriter.Mshtml\OpenLiveWriter.Mshtml.csproj]
C:\Program Files\Microsoft Visual Studio\18\Enterprise\MSBuild\Current\Bin\Microsoft.Common.CurrentVersion.targets(2437,5): warning MSB3277:         C:\Windows\Microsoft.Net\assembly\GAC_MSIL\System.ComponentModel.DataAnnotations\v4.0_4.0.0.0__31bf3856ad364e35\System.ComponentModel.DataAnnotations.dll [C:\Users\WilliamForney\source\repos\wforney\OpenLiveWriter\src\managed\OpenLiveWriter.Mshtml\OpenLiveWriter.Mshtml.csproj]
C:\Program Files\Microsoft Visual Studio\18\Enterprise\MSBuild\Current\Bin\Microsoft.Common.CurrentVersion.targets(2437,5): warning MSB3277:           Project file item includes which caused reference "C:\Windows\Microsoft.Net\assembly\GAC_MSIL\System.ComponentModel.DataAnnotations\v4.0_4.0.0.0__31bf3856ad364e35\System.ComponentModel.DataAnnotations.dll". [C:\Users\WilliamForney\source\repos\wforney\OpenLiveWriter\src\managed\OpenLiveWriter.Mshtml\OpenLiveWriter.Mshtml.csproj]
C:\Program Files\Microsoft Visual Studio\18\Enterprise\MSBuild\Current\Bin\Microsoft.Common.CurrentVersion.targets(2437,5): warning MSB3277:             C:\Users\WilliamForney\source\repos\wforney\OpenLiveWriter\src\managed\bin\Debug\i386\Writer\OpenLiveWriter.CoreServices.dll [C:\Users\WilliamForney\source\repos\wforney\OpenLiveWriter\src\managed\OpenLiveWriter.Mshtml\OpenLiveWriter.Mshtml.csproj]
C:\Program Files\Microsoft Visual Studio\18\Enterprise\MSBuild\Current\Bin\Microsoft.Common.CurrentVersion.targets(2437,5): warning MSB3277:             System.Data [C:\Users\WilliamForney\source\repos\wforney\OpenLiveWriter\src\managed\OpenLiveWriter.Mshtml\OpenLiveWriter.Mshtml.csproj]
C:\Program Files\Microsoft Visual Studio\18\Enterprise\MSBuild\Current\Bin\Microsoft.Common.CurrentVersion.targets(2437,5): warning MSB3277:         C:\Windows\Microsoft.Net\assembly\GAC_MSIL\Microsoft.Build.Utilities.v4.0\v4.0_4.0.0.0__b03f5f7f11d50a3a\Microsoft.Build.Utilities.v4.0.dll [C:\Users\WilliamForney\source\repos\wforney\OpenLiveWriter\src\managed\OpenLiveWriter.Mshtml\OpenLiveWriter.Mshtml.csproj]
C:\Program Files\Microsoft Visual Studio\18\Enterprise\MSBuild\Current\Bin\Microsoft.Common.CurrentVersion.targets(2437,5): warning MSB3277:           Project file item includes which caused reference "C:\Windows\Microsoft.Net\assembly\GAC_MSIL\Microsoft.Build.Utilities.v4.0\v4.0_4.0.0.0__b03f5f7f11d50a3a\Microsoft.Build.Utilities.v4.0.dll". [C:\Users\WilliamForney\source\repos\wforney\OpenLiveWriter\src\managed\OpenLiveWriter.Mshtml\OpenLiveWriter.Mshtml.csproj]
C:\Program Files\Microsoft Visual Studio\18\Enterprise\MSBuild\Current\Bin\Microsoft.Common.CurrentVersion.targets(2437,5): warning MSB3277:             C:\Users\WilliamForney\source\repos\wforney\OpenLiveWriter\src\managed\bin\Debug\i386\Writer\OpenLiveWriter.CoreServices.dll [C:\Users\WilliamForney\source\repos\wforney\OpenLiveWriter\src\managed\OpenLiveWriter.Mshtml\OpenLiveWriter.Mshtml.csproj]
C:\Program Files\Microsoft Visual Studio\18\Enterprise\MSBuild\Current\Bin\Microsoft.Common.CurrentVersion.targets(2437,5): warning MSB3277:             System.Data [C:\Users\WilliamForney\source\repos\wforney\OpenLiveWriter\src\managed\OpenLiveWriter.Mshtml\OpenLiveWriter.Mshtml.csproj]
C:\Program Files\Microsoft Visual Studio\18\Enterprise\MSBuild\Current\Bin\Microsoft.Common.CurrentVersion.targets(2437,5): warning MSB3277:         C:\Windows\Microsoft.Net\assembly\GAC_MSIL\Microsoft.Build.Tasks.v4.0\v4.0_4.0.0.0__b03f5f7f11d50a3a\Microsoft.Build.Tasks.v4.0.dll [C:\Users\WilliamForney\source\repos\wforney\OpenLiveWriter\src\managed\OpenLiveWriter.Mshtml\OpenLiveWriter.Mshtml.csproj]
C:\Program Files\Microsoft Visual Studio\18\Enterprise\MSBuild\Current\Bin\Microsoft.Common.CurrentVersion.targets(2437,5): warning MSB3277:           Project file item includes which caused reference "C:\Windows\Microsoft.Net\assembly\GAC_MSIL\Microsoft.Build.Tasks.v4.0\v4.0_4.0.0.0__b03f5f7f11d50a3a\Microsoft.Build.Tasks.v4.0.dll". [C:\Users\WilliamForney\source\repos\wforney\OpenLiveWriter\src\managed\OpenLiveWriter.Mshtml\OpenLiveWriter.Mshtml.csproj]
C:\Program Files\Microsoft Visual Studio\18\Enterprise\MSBuild\Current\Bin\Microsoft.Common.CurrentVersion.targets(2437,5): warning MSB3277:             C:\Users\WilliamForney\source\repos\wforney\OpenLiveWriter\src\managed\bin\Debug\i386\Writer\OpenLiveWriter.CoreServices.dll [C:\Users\WilliamForney\source\repos\wforney\OpenLiveWriter\src\managed\OpenLiveWriter.Mshtml\OpenLiveWriter.Mshtml.csproj]
C:\Program Files\Microsoft Visual Studio\18\Enterprise\MSBuild\Current\Bin\Microsoft.Common.CurrentVersion.targets(2437,5): warning MSB3277:             System.Data [C:\Users\WilliamForney\source\repos\wforney\OpenLiveWriter\src\managed\OpenLiveWriter.Mshtml\OpenLiveWriter.Mshtml.csproj]
  OpenLiveWriter.Mshtml -> C:\Users\WilliamForney\source\repos\wforney\OpenLiveWriter\src\managed\bin\Debug\i386\Writer\OpenLiveWriter.Mshtml.dll
C:\Program Files\Microsoft Visual Studio\18\Enterprise\MSBuild\Current\Bin\Microsoft.Common.CurrentVersion.targets(2437,5): warning MSB3277: Found conflicts between different versions of "System.Core" that could not be resolved. [C:\Users\WilliamForney\source\repos\wforney\OpenLiveWriter\src\managed\OpenLiveWriter.Controls\OpenLiveWriter.Controls.csproj]
C:\Program Files\Microsoft Visual Studio\18\Enterprise\MSBuild\Current\Bin\Microsoft.Common.CurrentVersion.targets(2437,5): warning MSB3277: There was a conflict between "System.Core, Version=3.5.0.0, Culture=neutral, PublicKeyToken=b77a5c561934e089" and "System.Core, Version=4.0.0.0, Culture=neutral, PublicKeyToken=b77a5c561934e089". [C:\Users\WilliamForney\source\repos\wforney\OpenLiveWriter\src\managed\OpenLiveWriter.Controls\OpenLiveWriter.Controls.csproj]
C:\Program Files\Microsoft Visual Studio\18\Enterprise\MSBuild\Current\Bin\Microsoft.Common.CurrentVersion.targets(2437,5): warning MSB3277:     "System.Core, Version=3.5.0.0, Culture=neutral, PublicKeyToken=b77a5c561934e089" was chosen because it was primary and "System.Core, Version=4.0.0.0, Culture=neutral, PublicKeyToken=b77a5c561934e089" was not. [C:\Users\WilliamForney\source\repos\wforney\OpenLiveWriter\src\managed\OpenLiveWriter.Controls\OpenLiveWriter.Controls.csproj]
C:\Program Files\Microsoft Visual Studio\18\Enterprise\MSBuild\Current\Bin\Microsoft.Common.CurrentVersion.targets(2437,5): warning MSB3277:     References which depend on "System.Core, Version=3.5.0.0, Culture=neutral, PublicKeyToken=b77a5c561934e089" [C:\Program Files (x86)\Reference Assemblies\Microsoft\Framework\v3.5\System.Core.dll]. [C:\Users\WilliamForney\source\repos\wforney\OpenLiveWriter\src\managed\OpenLiveWriter.Controls\OpenLiveWriter.Controls.csproj]
C:\Program Files\Microsoft Visual Studio\18\Enterprise\MSBuild\Current\Bin\Microsoft.Common.CurrentVersion.targets(2437,5): warning MSB3277:         C:\Program Files (x86)\Reference Assemblies\Microsoft\Framework\v3.5\System.Core.dll [C:\Users\WilliamForney\source\repos\wforney\OpenLiveWriter\src\managed\OpenLiveWriter.Controls\OpenLiveWriter.Controls.csproj]
C:\Program Files\Microsoft Visual Studio\18\Enterprise\MSBuild\Current\Bin\Microsoft.Common.CurrentVersion.targets(2437,5): warning MSB3277:           Project file item includes which caused reference "C:\Program Files (x86)\Reference Assemblies\Microsoft\Framework\v3.5\System.Core.dll". [C:\Users\WilliamForney\source\repos\wforney\OpenLiveWriter\src\managed\OpenLiveWriter.Controls\OpenLiveWriter.Controls.csproj]
C:\Program Files\Microsoft Visual Studio\18\Enterprise\MSBuild\Current\Bin\Microsoft.Common.CurrentVersion.targets(2437,5): warning MSB3277:             System.Core [C:\Users\WilliamForney\source\repos\wforney\OpenLiveWriter\src\managed\OpenLiveWriter.Controls\OpenLiveWriter.Controls.csproj]
C:\Program Files\Microsoft Visual Studio\18\Enterprise\MSBuild\Current\Bin\Microsoft.Common.CurrentVersion.targets(2437,5): warning MSB3277:     References which depend on or have been unified to "System.Core, Version=4.0.0.0, Culture=neutral, PublicKeyToken=b77a5c561934e089" [C:\Windows\Microsoft.Net\assembly\GAC_MSIL\System.Core\v4.0_4.0.0.0__b77a5c561934e089\System.Core.dll]. [C:\Users\WilliamForney\source\repos\wforney\OpenLiveWriter\src\managed\OpenLiveWriter.Controls\OpenLiveWriter.Controls.csproj]
C:\Program Files\Microsoft Visual Studio\18\Enterprise\MSBuild\Current\Bin\Microsoft.Common.CurrentVersion.targets(2437,5): warning MSB3277:         C:\Windows\Microsoft.Net\assembly\GAC_32\System.Data\v4.0_4.0.0.0__b77a5c561934e089\System.Data.dll [C:\Users\WilliamForney\source\repos\wforney\OpenLiveWriter\src\managed\OpenLiveWriter.Controls\OpenLiveWriter.Controls.csproj]
C:\Program Files\Microsoft Visual Studio\18\Enterprise\MSBuild\Current\Bin\Microsoft.Common.CurrentVersion.targets(2437,5): warning MSB3277:           Project file item includes which caused reference "C:\Windows\Microsoft.Net\assembly\GAC_32\System.Data\v4.0_4.0.0.0__b77a5c561934e089\System.Data.dll". [C:\Users\WilliamForney\source\repos\wforney\OpenLiveWriter\src\managed\OpenLiveWriter.Controls\OpenLiveWriter.Controls.csproj]
C:\Program Files\Microsoft Visual Studio\18\Enterprise\MSBuild\Current\Bin\Microsoft.Common.CurrentVersion.targets(2437,5): warning MSB3277:             System.Data [C:\Users\WilliamForney\source\repos\wforney\OpenLiveWriter\src\managed\OpenLiveWriter.Controls\OpenLiveWriter.Controls.csproj]
C:\Program Files\Microsoft Visual Studio\18\Enterprise\MSBuild\Current\Bin\Microsoft.Common.CurrentVersion.targets(2437,5): warning MSB3277:             System.Design [C:\Users\WilliamForney\source\repos\wforney\OpenLiveWriter\src\managed\OpenLiveWriter.Controls\OpenLiveWriter.Controls.csproj]
C:\Program Files\Microsoft Visual Studio\18\Enterprise\MSBuild\Current\Bin\Microsoft.Common.CurrentVersion.targets(2437,5): warning MSB3277:             C:\Users\WilliamForney\source\repos\wforney\OpenLiveWriter\src\managed\bin\Debug\i386\Writer\OpenLiveWriter.CoreServices.dll [C:\Users\WilliamForney\source\repos\wforney\OpenLiveWriter\src\managed\OpenLiveWriter.Controls\OpenLiveWriter.Controls.csproj]
C:\Program Files\Microsoft Visual Studio\18\Enterprise\MSBuild\Current\Bin\Microsoft.Common.CurrentVersion.targets(2437,5): warning MSB3277:             C:\Users\WilliamForney\source\repos\wforney\OpenLiveWriter\src\managed\bin\Debug\i386\Writer\OpenLiveWriter.HtmlParser.dll [C:\Users\WilliamForney\source\repos\wforney\OpenLiveWriter\src\managed\OpenLiveWriter.Controls\OpenLiveWriter.Controls.csproj]
C:\Program Files\Microsoft Visual Studio\18\Enterprise\MSBuild\Current\Bin\Microsoft.Common.CurrentVersion.targets(2437,5): warning MSB3277:             C:\Users\WilliamForney\source\repos\wforney\OpenLiveWriter\src\managed\bin\Debug\i386\Writer\OpenLiveWriter.Mshtml.dll [C:\Users\WilliamForney\source\repos\wforney\OpenLiveWriter\src\managed\OpenLiveWriter.Controls\OpenLiveWriter.Controls.csproj]
C:\Program Files\Microsoft Visual Studio\18\Enterprise\MSBuild\Current\Bin\Microsoft.Common.CurrentVersion.targets(2437,5): warning MSB3277:         C:\Windows\Microsoft.Net\assembly\GAC_MSIL\System.Design\v4.0_4.0.0.0__b03f5f7f11d50a3a\System.Design.dll [C:\Users\WilliamForney\source\repos\wforney\OpenLiveWriter\src\managed\OpenLiveWriter.Controls\OpenLiveWriter.Controls.csproj]
C:\Program Files\Microsoft Visual Studio\18\Enterprise\MSBuild\Current\Bin\Microsoft.Common.CurrentVersion.targets(2437,5): warning MSB3277:           Project file item includes which caused reference "C:\Windows\Microsoft.Net\assembly\GAC_MSIL\System.Design\v4.0_4.0.0.0__b03f5f7f11d50a3a\System.Design.dll". [C:\Users\WilliamForney\source\repos\wforney\OpenLiveWriter\src\managed\OpenLiveWriter.Controls\OpenLiveWriter.Controls.csproj]
C:\Program Files\Microsoft Visual Studio\18\Enterprise\MSBuild\Current\Bin\Microsoft.Common.CurrentVersion.targets(2437,5): warning MSB3277:             System.Design [C:\Users\WilliamForney\source\repos\wforney\OpenLiveWriter\src\managed\OpenLiveWriter.Controls\OpenLiveWriter.Controls.csproj]
C:\Program Files\Microsoft Visual Studio\18\Enterprise\MSBuild\Current\Bin\Microsoft.Common.CurrentVersion.targets(2437,5): warning MSB3277:             C:\Users\WilliamForney\source\repos\wforney\OpenLiveWriter\src\managed\bin\Debug\i386\Writer\OpenLiveWriter.CoreServices.dll [C:\Users\WilliamForney\source\repos\wforney\OpenLiveWriter\src\managed\OpenLiveWriter.Controls\OpenLiveWriter.Controls.csproj]
C:\Program Files\Microsoft Visual Studio\18\Enterprise\MSBuild\Current\Bin\Microsoft.Common.CurrentVersion.targets(2437,5): warning MSB3277:             C:\Users\WilliamForney\source\repos\wforney\OpenLiveWriter\src\managed\bin\Debug\i386\Writer\OpenLiveWriter.HtmlParser.dll [C:\Users\WilliamForney\source\repos\wforney\OpenLiveWriter\src\managed\OpenLiveWriter.Controls\OpenLiveWriter.Controls.csproj]
C:\Program Files\Microsoft Visual Studio\18\Enterprise\MSBuild\Current\Bin\Microsoft.Common.CurrentVersion.targets(2437,5): warning MSB3277:             C:\Users\WilliamForney\source\repos\wforney\OpenLiveWriter\src\managed\bin\Debug\i386\Writer\OpenLiveWriter.Mshtml.dll [C:\Users\WilliamForney\source\repos\wforney\OpenLiveWriter\src\managed\OpenLiveWriter.Controls\OpenLiveWriter.Controls.csproj]
C:\Program Files\Microsoft Visual Studio\18\Enterprise\MSBuild\Current\Bin\Microsoft.Common.CurrentVersion.targets(2437,5): warning MSB3277:             System.Data [C:\Users\WilliamForney\source\repos\wforney\OpenLiveWriter\src\managed\OpenLiveWriter.Controls\OpenLiveWriter.Controls.csproj]
C:\Program Files\Microsoft Visual Studio\18\Enterprise\MSBuild\Current\Bin\Microsoft.Common.CurrentVersion.targets(2437,5): warning MSB3277:         C:\Windows\Microsoft.Net\assembly\GAC_MSIL\System.Windows.Forms\v4.0_4.0.0.0__b77a5c561934e089\System.Windows.Forms.dll [C:\Users\WilliamForney\source\repos\wforney\OpenLiveWriter\src\managed\OpenLiveWriter.Controls\OpenLiveWriter.Controls.csproj]
C:\Program Files\Microsoft Visual Studio\18\Enterprise\MSBuild\Current\Bin\Microsoft.Common.CurrentVersion.targets(2437,5): warning MSB3277:           Project file item includes which caused reference "C:\Windows\Microsoft.Net\assembly\GAC_MSIL\System.Windows.Forms\v4.0_4.0.0.0__b77a5c561934e089\System.Windows.Forms.dll". [C:\Users\WilliamForney\source\repos\wforney\OpenLiveWriter\src\managed\OpenLiveWriter.Controls\OpenLiveWriter.Controls.csproj]
C:\Program Files\Microsoft Visual Studio\18\Enterprise\MSBuild\Current\Bin\Microsoft.Common.CurrentVersion.targets(2437,5): warning MSB3277:             System.Windows.Forms [C:\Users\WilliamForney\source\repos\wforney\OpenLiveWriter\src\managed\OpenLiveWriter.Controls\OpenLiveWriter.Controls.csproj]
C:\Program Files\Microsoft Visual Studio\18\Enterprise\MSBuild\Current\Bin\Microsoft.Common.CurrentVersion.targets(2437,5): warning MSB3277:             C:\Users\WilliamForney\source\repos\wforney\OpenLiveWriter\src\managed\bin\Debug\i386\Writer\OpenLiveWriter.BrowserControl.dll [C:\Users\WilliamForney\source\repos\wforney\OpenLiveWriter\src\managed\OpenLiveWriter.Controls\OpenLiveWriter.Controls.csproj]
C:\Program Files\Microsoft Visual Studio\18\Enterprise\MSBuild\Current\Bin\Microsoft.Common.CurrentVersion.targets(2437,5): warning MSB3277:             C:\Users\WilliamForney\source\repos\wforney\OpenLiveWriter\src\managed\bin\Debug\i386\Writer\OpenLiveWriter.CoreServices.dll [C:\Users\WilliamForney\source\repos\wforney\OpenLiveWriter\src\managed\OpenLiveWriter.Controls\OpenLiveWriter.Controls.csproj]
C:\Program Files\Microsoft Visual Studio\18\Enterprise\MSBuild\Current\Bin\Microsoft.Common.CurrentVersion.targets(2437,5): warning MSB3277:             C:\Users\WilliamForney\source\repos\wforney\OpenLiveWriter\src\managed\bin\Debug\i386\Writer\OpenLiveWriter.Interop.dll [C:\Users\WilliamForney\source\repos\wforney\OpenLiveWriter\src\managed\OpenLiveWriter.Controls\OpenLiveWriter.Controls.csproj]
C:\Program Files\Microsoft Visual Studio\18\Enterprise\MSBuild\Current\Bin\Microsoft.Common.CurrentVersion.targets(2437,5): warning MSB3277:             C:\Users\WilliamForney\source\repos\wforney\OpenLiveWriter\src\managed\bin\Debug\i386\Writer\OpenLiveWriter.Localization.dll [C:\Users\WilliamForney\source\repos\wforney\OpenLiveWriter\src\managed\OpenLiveWriter.Controls\OpenLiveWriter.Controls.csproj]
C:\Program Files\Microsoft Visual Studio\18\Enterprise\MSBuild\Current\Bin\Microsoft.Common.CurrentVersion.targets(2437,5): warning MSB3277:             C:\Users\WilliamForney\source\repos\wforney\OpenLiveWriter\src\managed\bin\Debug\i386\Writer\OpenLiveWriter.Mshtml.dll [C:\Users\WilliamForney\source\repos\wforney\OpenLiveWriter\src\managed\OpenLiveWriter.Controls\OpenLiveWriter.Controls.csproj]
C:\Program Files\Microsoft Visual Studio\18\Enterprise\MSBuild\Current\Bin\Microsoft.Common.CurrentVersion.targets(2437,5): warning MSB3277:             System.Design [C:\Users\WilliamForney\source\repos\wforney\OpenLiveWriter\src\managed\OpenLiveWriter.Controls\OpenLiveWriter.Controls.csproj]
C:\Program Files\Microsoft Visual Studio\18\Enterprise\MSBuild\Current\Bin\Microsoft.Common.CurrentVersion.targets(2437,5): warning MSB3277:             C:\Users\WilliamForney\source\repos\wforney\OpenLiveWriter\src\managed\bin\Debug\i386\Writer\OpenLiveWriter.HtmlParser.dll [C:\Users\WilliamForney\source\repos\wforney\OpenLiveWriter\src\managed\OpenLiveWriter.Controls\OpenLiveWriter.Controls.csproj]
C:\Program Files\Microsoft Visual Studio\18\Enterprise\MSBuild\Current\Bin\Microsoft.Common.CurrentVersion.targets(2437,5): warning MSB3277:             System.Data [C:\Users\WilliamForney\source\repos\wforney\OpenLiveWriter\src\managed\OpenLiveWriter.Controls\OpenLiveWriter.Controls.csproj]
C:\Program Files\Microsoft Visual Studio\18\Enterprise\MSBuild\Current\Bin\Microsoft.Common.CurrentVersion.targets(2437,5): warning MSB3277:         C:\Windows\Microsoft.Net\assembly\GAC_32\System.Web\v4.0_4.0.0.0__b03f5f7f11d50a3a\System.Web.dll [C:\Users\WilliamForney\source\repos\wforney\OpenLiveWriter\src\managed\OpenLiveWriter.Controls\OpenLiveWriter.Controls.csproj]
C:\Program Files\Microsoft Visual Studio\18\Enterprise\MSBuild\Current\Bin\Microsoft.Common.CurrentVersion.targets(2437,5): warning MSB3277:           Project file item includes which caused reference "C:\Windows\Microsoft.Net\assembly\GAC_32\System.Web\v4.0_4.0.0.0__b03f5f7f11d50a3a\System.Web.dll". [C:\Users\WilliamForney\source\repos\wforney\OpenLiveWriter\src\managed\OpenLiveWriter.Controls\OpenLiveWriter.Controls.csproj]
C:\Program Files\Microsoft Visual Studio\18\Enterprise\MSBuild\Current\Bin\Microsoft.Common.CurrentVersion.targets(2437,5): warning MSB3277:             C:\Users\WilliamForney\source\repos\wforney\OpenLiveWriter\src\managed\bin\Debug\i386\Writer\OpenLiveWriter.CoreServices.dll [C:\Users\WilliamForney\source\repos\wforney\OpenLiveWriter\src\managed\OpenLiveWriter.Controls\OpenLiveWriter.Controls.csproj]
C:\Program Files\Microsoft Visual Studio\18\Enterprise\MSBuild\Current\Bin\Microsoft.Common.CurrentVersion.targets(2437,5): warning MSB3277:             C:\Users\WilliamForney\source\repos\wforney\OpenLiveWriter\src\managed\bin\Debug\i386\Writer\OpenLiveWriter.HtmlParser.dll [C:\Users\WilliamForney\source\repos\wforney\OpenLiveWriter\src\managed\OpenLiveWriter.Controls\OpenLiveWriter.Controls.csproj]
C:\Program Files\Microsoft Visual Studio\18\Enterprise\MSBuild\Current\Bin\Microsoft.Common.CurrentVersion.targets(2437,5): warning MSB3277:             C:\Users\WilliamForney\source\repos\wforney\OpenLiveWriter\src\managed\bin\Debug\i386\Writer\OpenLiveWriter.Mshtml.dll [C:\Users\WilliamForney\source\repos\wforney\OpenLiveWriter\src\managed\OpenLiveWriter.Controls\OpenLiveWriter.Controls.csproj]
C:\Program Files\Microsoft Visual Studio\18\Enterprise\MSBuild\Current\Bin\Microsoft.Common.CurrentVersion.targets(2437,5): warning MSB3277:             System.Design [C:\Users\WilliamForney\source\repos\wforney\OpenLiveWriter\src\managed\OpenLiveWriter.Controls\OpenLiveWriter.Controls.csproj]
C:\Program Files\Microsoft Visual Studio\18\Enterprise\MSBuild\Current\Bin\Microsoft.Common.CurrentVersion.targets(2437,5): warning MSB3277:             System.Data [C:\Users\WilliamForney\source\repos\wforney\OpenLiveWriter\src\managed\OpenLiveWriter.Controls\OpenLiveWriter.Controls.csproj]
C:\Program Files\Microsoft Visual Studio\18\Enterprise\MSBuild\Current\Bin\Microsoft.Common.CurrentVersion.targets(2437,5): warning MSB3277:         C:\Windows\Microsoft.Net\assembly\GAC_MSIL\System.Configuration\v4.0_4.0.0.0__b03f5f7f11d50a3a\System.Configuration.dll [C:\Users\WilliamForney\source\repos\wforney\OpenLiveWriter\src\managed\OpenLiveWriter.Controls\OpenLiveWriter.Controls.csproj]
C:\Program Files\Microsoft Visual Studio\18\Enterprise\MSBuild\Current\Bin\Microsoft.Common.CurrentVersion.targets(2437,5): warning MSB3277:           Project file item includes which caused reference "C:\Windows\Microsoft.Net\assembly\GAC_MSIL\System.Configuration\v4.0_4.0.0.0__b03f5f7f11d50a3a\System.Configuration.dll". [C:\Users\WilliamForney\source\repos\wforney\OpenLiveWriter\src\managed\OpenLiveWriter.Controls\OpenLiveWriter.Controls.csproj]
C:\Program Files\Microsoft Visual Studio\18\Enterprise\MSBuild\Current\Bin\Microsoft.Common.CurrentVersion.targets(2437,5): warning MSB3277:             System [C:\Users\WilliamForney\source\repos\wforney\OpenLiveWriter\src\managed\OpenLiveWriter.Controls\OpenLiveWriter.Controls.csproj]
C:\Program Files\Microsoft Visual Studio\18\Enterprise\MSBuild\Current\Bin\Microsoft.Common.CurrentVersion.targets(2437,5): warning MSB3277:             C:\Users\WilliamForney\source\repos\wforney\OpenLiveWriter\src\managed\bin\Debug\i386\Writer\OpenLiveWriter.BrowserControl.dll [C:\Users\WilliamForney\source\repos\wforney\OpenLiveWriter\src\managed\OpenLiveWriter.Controls\OpenLiveWriter.Controls.csproj]
C:\Program Files\Microsoft Visual Studio\18\Enterprise\MSBuild\Current\Bin\Microsoft.Common.CurrentVersion.targets(2437,5): warning MSB3277:             C:\Users\WilliamForney\source\repos\wforney\OpenLiveWriter\src\managed\bin\Debug\i386\Writer\OpenLiveWriter.CoreServices.dll [C:\Users\WilliamForney\source\repos\wforney\OpenLiveWriter\src\managed\OpenLiveWriter.Controls\OpenLiveWriter.Controls.csproj]
C:\Program Files\Microsoft Visual Studio\18\Enterprise\MSBuild\Current\Bin\Microsoft.Common.CurrentVersion.targets(2437,5): warning MSB3277:             C:\Users\WilliamForney\source\repos\wforney\OpenLiveWriter\src\managed\bin\Debug\i386\Writer\OpenLiveWriter.HtmlParser.dll [C:\Users\WilliamForney\source\repos\wforney\OpenLiveWriter\src\managed\OpenLiveWriter.Controls\OpenLiveWriter.Controls.csproj]
C:\Program Files\Microsoft Visual Studio\18\Enterprise\MSBuild\Current\Bin\Microsoft.Common.CurrentVersion.targets(2437,5): warning MSB3277:             C:\Users\WilliamForney\source\repos\wforney\OpenLiveWriter\src\managed\bin\Debug\i386\Writer\OpenLiveWriter.Interop.dll [C:\Users\WilliamForney\source\repos\wforney\OpenLiveWriter\src\managed\OpenLiveWriter.Controls\OpenLiveWriter.Controls.csproj]
C:\Program Files\Microsoft Visual Studio\18\Enterprise\MSBuild\Current\Bin\Microsoft.Common.CurrentVersion.targets(2437,5): warning MSB3277:             C:\Users\WilliamForney\source\repos\wforney\OpenLiveWriter\src\managed\bin\Debug\i386\Writer\OpenLiveWriter.Localization.dll [C:\Users\WilliamForney\source\repos\wforney\OpenLiveWriter\src\managed\OpenLiveWriter.Controls\OpenLiveWriter.Controls.csproj]
C:\Program Files\Microsoft Visual Studio\18\Enterprise\MSBuild\Current\Bin\Microsoft.Common.CurrentVersion.targets(2437,5): warning MSB3277:             C:\Users\WilliamForney\source\repos\wforney\OpenLiveWriter\src\managed\bin\Debug\i386\Writer\OpenLiveWriter.Mshtml.dll [C:\Users\WilliamForney\source\repos\wforney\OpenLiveWriter\src\managed\OpenLiveWriter.Controls\OpenLiveWriter.Controls.csproj]
C:\Program Files\Microsoft Visual Studio\18\Enterprise\MSBuild\Current\Bin\Microsoft.Common.CurrentVersion.targets(2437,5): warning MSB3277:             System.Data [C:\Users\WilliamForney\source\repos\wforney\OpenLiveWriter\src\managed\OpenLiveWriter.Controls\OpenLiveWriter.Controls.csproj]
C:\Program Files\Microsoft Visual Studio\18\Enterprise\MSBuild\Current\Bin\Microsoft.Common.CurrentVersion.targets(2437,5): warning MSB3277:             System.Design [C:\Users\WilliamForney\source\repos\wforney\OpenLiveWriter\src\managed\OpenLiveWriter.Controls\OpenLiveWriter.Controls.csproj]
C:\Program Files\Microsoft Visual Studio\18\Enterprise\MSBuild\Current\Bin\Microsoft.Common.CurrentVersion.targets(2437,5): warning MSB3277:             System.Drawing [C:\Users\WilliamForney\source\repos\wforney\OpenLiveWriter\src\managed\OpenLiveWriter.Controls\OpenLiveWriter.Controls.csproj]
C:\Program Files\Microsoft Visual Studio\18\Enterprise\MSBuild\Current\Bin\Microsoft.Common.CurrentVersion.targets(2437,5): warning MSB3277:             System.Windows.Forms [C:\Users\WilliamForney\source\repos\wforney\OpenLiveWriter\src\managed\OpenLiveWriter.Controls\OpenLiveWriter.Controls.csproj]
C:\Program Files\Microsoft Visual Studio\18\Enterprise\MSBuild\Current\Bin\Microsoft.Common.CurrentVersion.targets(2437,5): warning MSB3277:             System.Xml [C:\Users\WilliamForney\source\repos\wforney\OpenLiveWriter\src\managed\OpenLiveWriter.Controls\OpenLiveWriter.Controls.csproj]
C:\Program Files\Microsoft Visual Studio\18\Enterprise\MSBuild\Current\Bin\Microsoft.Common.CurrentVersion.targets(2437,5): warning MSB3277:             System.Core [C:\Users\WilliamForney\source\repos\wforney\OpenLiveWriter\src\managed\OpenLiveWriter.Controls\OpenLiveWriter.Controls.csproj]
C:\Program Files\Microsoft Visual Studio\18\Enterprise\MSBuild\Current\Bin\Microsoft.Common.CurrentVersion.targets(2437,5): warning MSB3277:         C:\Windows\Microsoft.Net\assembly\GAC_MSIL\System.Deployment\v4.0_4.0.0.0__b03f5f7f11d50a3a\System.Deployment.dll [C:\Users\WilliamForney\source\repos\wforney\OpenLiveWriter\src\managed\OpenLiveWriter.Controls\OpenLiveWriter.Controls.csproj]
C:\Program Files\Microsoft Visual Studio\18\Enterprise\MSBuild\Current\Bin\Microsoft.Common.CurrentVersion.targets(2437,5): warning MSB3277:           Project file item includes which caused reference "C:\Windows\Microsoft.Net\assembly\GAC_MSIL\System.Deployment\v4.0_4.0.0.0__b03f5f7f11d50a3a\System.Deployment.dll". [C:\Users\WilliamForney\source\repos\wforney\OpenLiveWriter\src\managed\OpenLiveWriter.Controls\OpenLiveWriter.Controls.csproj]
C:\Program Files\Microsoft Visual Studio\18\Enterprise\MSBuild\Current\Bin\Microsoft.Common.CurrentVersion.targets(2437,5): warning MSB3277:             System.Windows.Forms [C:\Users\WilliamForney\source\repos\wforney\OpenLiveWriter\src\managed\OpenLiveWriter.Controls\OpenLiveWriter.Controls.csproj]
C:\Program Files\Microsoft Visual Studio\18\Enterprise\MSBuild\Current\Bin\Microsoft.Common.CurrentVersion.targets(2437,5): warning MSB3277:             C:\Users\WilliamForney\source\repos\wforney\OpenLiveWriter\src\managed\bin\Debug\i386\Writer\OpenLiveWriter.BrowserControl.dll [C:\Users\WilliamForney\source\repos\wforney\OpenLiveWriter\src\managed\OpenLiveWriter.Controls\OpenLiveWriter.Controls.csproj]
C:\Program Files\Microsoft Visual Studio\18\Enterprise\MSBuild\Current\Bin\Microsoft.Common.CurrentVersion.targets(2437,5): warning MSB3277:             C:\Users\WilliamForney\source\repos\wforney\OpenLiveWriter\src\managed\bin\Debug\i386\Writer\OpenLiveWriter.CoreServices.dll [C:\Users\WilliamForney\source\repos\wforney\OpenLiveWriter\src\managed\OpenLiveWriter.Controls\OpenLiveWriter.Controls.csproj]
C:\Program Files\Microsoft Visual Studio\18\Enterprise\MSBuild\Current\Bin\Microsoft.Common.CurrentVersion.targets(2437,5): warning MSB3277:             C:\Users\WilliamForney\source\repos\wforney\OpenLiveWriter\src\managed\bin\Debug\i386\Writer\OpenLiveWriter.Interop.dll [C:\Users\WilliamForney\source\repos\wforney\OpenLiveWriter\src\managed\OpenLiveWriter.Controls\OpenLiveWriter.Controls.csproj]
C:\Program Files\Microsoft Visual Studio\18\Enterprise\MSBuild\Current\Bin\Microsoft.Common.CurrentVersion.targets(2437,5): warning MSB3277:             C:\Users\WilliamForney\source\repos\wforney\OpenLiveWriter\src\managed\bin\Debug\i386\Writer\OpenLiveWriter.Localization.dll [C:\Users\WilliamForney\source\repos\wforney\OpenLiveWriter\src\managed\OpenLiveWriter.Controls\OpenLiveWriter.Controls.csproj]
C:\Program Files\Microsoft Visual Studio\18\Enterprise\MSBuild\Current\Bin\Microsoft.Common.CurrentVersion.targets(2437,5): warning MSB3277:             C:\Users\WilliamForney\source\repos\wforney\OpenLiveWriter\src\managed\bin\Debug\i386\Writer\OpenLiveWriter.Mshtml.dll [C:\Users\WilliamForney\source\repos\wforney\OpenLiveWriter\src\managed\OpenLiveWriter.Controls\OpenLiveWriter.Controls.csproj]
C:\Program Files\Microsoft Visual Studio\18\Enterprise\MSBuild\Current\Bin\Microsoft.Common.CurrentVersion.targets(2437,5): warning MSB3277:             System.Design [C:\Users\WilliamForney\source\repos\wforney\OpenLiveWriter\src\managed\OpenLiveWriter.Controls\OpenLiveWriter.Controls.csproj]
C:\Program Files\Microsoft Visual Studio\18\Enterprise\MSBuild\Current\Bin\Microsoft.Common.CurrentVersion.targets(2437,5): warning MSB3277:             C:\Users\WilliamForney\source\repos\wforney\OpenLiveWriter\src\managed\bin\Debug\i386\Writer\OpenLiveWriter.HtmlParser.dll [C:\Users\WilliamForney\source\repos\wforney\OpenLiveWriter\src\managed\OpenLiveWriter.Controls\OpenLiveWriter.Controls.csproj]
C:\Program Files\Microsoft Visual Studio\18\Enterprise\MSBuild\Current\Bin\Microsoft.Common.CurrentVersion.targets(2437,5): warning MSB3277:             System.Data [C:\Users\WilliamForney\source\repos\wforney\OpenLiveWriter\src\managed\OpenLiveWriter.Controls\OpenLiveWriter.Controls.csproj]
C:\Program Files\Microsoft Visual Studio\18\Enterprise\MSBuild\Current\Bin\Microsoft.Common.CurrentVersion.targets(2437,5): warning MSB3277:         C:\Windows\Microsoft.Net\assembly\GAC_MSIL\System.ComponentModel.DataAnnotations\v4.0_4.0.0.0__31bf3856ad364e35\System.ComponentModel.DataAnnotations.dll [C:\Users\WilliamForney\source\repos\wforney\OpenLiveWriter\src\managed\OpenLiveWriter.Controls\OpenLiveWriter.Controls.csproj]
C:\Program Files\Microsoft Visual Studio\18\Enterprise\MSBuild\Current\Bin\Microsoft.Common.CurrentVersion.targets(2437,5): warning MSB3277:           Project file item includes which caused reference "C:\Windows\Microsoft.Net\assembly\GAC_MSIL\System.ComponentModel.DataAnnotations\v4.0_4.0.0.0__31bf3856ad364e35\System.ComponentModel.DataAnnotations.dll". [C:\Users\WilliamForney\source\repos\wforney\OpenLiveWriter\src\managed\OpenLiveWriter.Controls\OpenLiveWriter.Controls.csproj]
C:\Program Files\Microsoft Visual Studio\18\Enterprise\MSBuild\Current\Bin\Microsoft.Common.CurrentVersion.targets(2437,5): warning MSB3277:             C:\Users\WilliamForney\source\repos\wforney\OpenLiveWriter\src\managed\bin\Debug\i386\Writer\OpenLiveWriter.CoreServices.dll [C:\Users\WilliamForney\source\repos\wforney\OpenLiveWriter\src\managed\OpenLiveWriter.Controls\OpenLiveWriter.Controls.csproj]
C:\Program Files\Microsoft Visual Studio\18\Enterprise\MSBuild\Current\Bin\Microsoft.Common.CurrentVersion.targets(2437,5): warning MSB3277:             C:\Users\WilliamForney\source\repos\wforney\OpenLiveWriter\src\managed\bin\Debug\i386\Writer\OpenLiveWriter.HtmlParser.dll [C:\Users\WilliamForney\source\repos\wforney\OpenLiveWriter\src\managed\OpenLiveWriter.Controls\OpenLiveWriter.Controls.csproj]
C:\Program Files\Microsoft Visual Studio\18\Enterprise\MSBuild\Current\Bin\Microsoft.Common.CurrentVersion.targets(2437,5): warning MSB3277:             C:\Users\WilliamForney\source\repos\wforney\OpenLiveWriter\src\managed\bin\Debug\i386\Writer\OpenLiveWriter.Mshtml.dll [C:\Users\WilliamForney\source\repos\wforney\OpenLiveWriter\src\managed\OpenLiveWriter.Controls\OpenLiveWriter.Controls.csproj]
C:\Program Files\Microsoft Visual Studio\18\Enterprise\MSBuild\Current\Bin\Microsoft.Common.CurrentVersion.targets(2437,5): warning MSB3277:             System.Design [C:\Users\WilliamForney\source\repos\wforney\OpenLiveWriter\src\managed\OpenLiveWriter.Controls\OpenLiveWriter.Controls.csproj]
C:\Program Files\Microsoft Visual Studio\18\Enterprise\MSBuild\Current\Bin\Microsoft.Common.CurrentVersion.targets(2437,5): warning MSB3277:             System.Data [C:\Users\WilliamForney\source\repos\wforney\OpenLiveWriter\src\managed\OpenLiveWriter.Controls\OpenLiveWriter.Controls.csproj]
C:\Program Files\Microsoft Visual Studio\18\Enterprise\MSBuild\Current\Bin\Microsoft.Common.CurrentVersion.targets(2437,5): warning MSB3277:         C:\Windows\Microsoft.Net\assembly\GAC_MSIL\Microsoft.Build.Utilities.v4.0\v4.0_4.0.0.0__b03f5f7f11d50a3a\Microsoft.Build.Utilities.v4.0.dll [C:\Users\WilliamForney\source\repos\wforney\OpenLiveWriter\src\managed\OpenLiveWriter.Controls\OpenLiveWriter.Controls.csproj]
C:\Program Files\Microsoft Visual Studio\18\Enterprise\MSBuild\Current\Bin\Microsoft.Common.CurrentVersion.targets(2437,5): warning MSB3277:           Project file item includes which caused reference "C:\Windows\Microsoft.Net\assembly\GAC_MSIL\Microsoft.Build.Utilities.v4.0\v4.0_4.0.0.0__b03f5f7f11d50a3a\Microsoft.Build.Utilities.v4.0.dll". [C:\Users\WilliamForney\source\repos\wforney\OpenLiveWriter\src\managed\OpenLiveWriter.Controls\OpenLiveWriter.Controls.csproj]
C:\Program Files\Microsoft Visual Studio\18\Enterprise\MSBuild\Current\Bin\Microsoft.Common.CurrentVersion.targets(2437,5): warning MSB3277:             C:\Users\WilliamForney\source\repos\wforney\OpenLiveWriter\src\managed\bin\Debug\i386\Writer\OpenLiveWriter.CoreServices.dll [C:\Users\WilliamForney\source\repos\wforney\OpenLiveWriter\src\managed\OpenLiveWriter.Controls\OpenLiveWriter.Controls.csproj]
C:\Program Files\Microsoft Visual Studio\18\Enterprise\MSBuild\Current\Bin\Microsoft.Common.CurrentVersion.targets(2437,5): warning MSB3277:             C:\Users\WilliamForney\source\repos\wforney\OpenLiveWriter\src\managed\bin\Debug\i386\Writer\OpenLiveWriter.HtmlParser.dll [C:\Users\WilliamForney\source\repos\wforney\OpenLiveWriter\src\managed\OpenLiveWriter.Controls\OpenLiveWriter.Controls.csproj]
C:\Program Files\Microsoft Visual Studio\18\Enterprise\MSBuild\Current\Bin\Microsoft.Common.CurrentVersion.targets(2437,5): warning MSB3277:             C:\Users\WilliamForney\source\repos\wforney\OpenLiveWriter\src\managed\bin\Debug\i386\Writer\OpenLiveWriter.Mshtml.dll [C:\Users\WilliamForney\source\repos\wforney\OpenLiveWriter\src\managed\OpenLiveWriter.Controls\OpenLiveWriter.Controls.csproj]
C:\Program Files\Microsoft Visual Studio\18\Enterprise\MSBuild\Current\Bin\Microsoft.Common.CurrentVersion.targets(2437,5): warning MSB3277:             System.Design [C:\Users\WilliamForney\source\repos\wforney\OpenLiveWriter\src\managed\OpenLiveWriter.Controls\OpenLiveWriter.Controls.csproj]
C:\Program Files\Microsoft Visual Studio\18\Enterprise\MSBuild\Current\Bin\Microsoft.Common.CurrentVersion.targets(2437,5): warning MSB3277:             System.Data [C:\Users\WilliamForney\source\repos\wforney\OpenLiveWriter\src\managed\OpenLiveWriter.Controls\OpenLiveWriter.Controls.csproj]
C:\Program Files\Microsoft Visual Studio\18\Enterprise\MSBuild\Current\Bin\Microsoft.Common.CurrentVersion.targets(2437,5): warning MSB3277:         C:\Windows\Microsoft.Net\assembly\GAC_MSIL\Microsoft.Build.Tasks.v4.0\v4.0_4.0.0.0__b03f5f7f11d50a3a\Microsoft.Build.Tasks.v4.0.dll [C:\Users\WilliamForney\source\repos\wforney\OpenLiveWriter\src\managed\OpenLiveWriter.Controls\OpenLiveWriter.Controls.csproj]
C:\Program Files\Microsoft Visual Studio\18\Enterprise\MSBuild\Current\Bin\Microsoft.Common.CurrentVersion.targets(2437,5): warning MSB3277:           Project file item includes which caused reference "C:\Windows\Microsoft.Net\assembly\GAC_MSIL\Microsoft.Build.Tasks.v4.0\v4.0_4.0.0.0__b03f5f7f11d50a3a\Microsoft.Build.Tasks.v4.0.dll". [C:\Users\WilliamForney\source\repos\wforney\OpenLiveWriter\src\managed\OpenLiveWriter.Controls\OpenLiveWriter.Controls.csproj]
C:\Program Files\Microsoft Visual Studio\18\Enterprise\MSBuild\Current\Bin\Microsoft.Common.CurrentVersion.targets(2437,5): warning MSB3277:             C:\Users\WilliamForney\source\repos\wforney\OpenLiveWriter\src\managed\bin\Debug\i386\Writer\OpenLiveWriter.CoreServices.dll [C:\Users\WilliamForney\source\repos\wforney\OpenLiveWriter\src\managed\OpenLiveWriter.Controls\OpenLiveWriter.Controls.csproj]
C:\Program Files\Microsoft Visual Studio\18\Enterprise\MSBuild\Current\Bin\Microsoft.Common.CurrentVersion.targets(2437,5): warning MSB3277:             C:\Users\WilliamForney\source\repos\wforney\OpenLiveWriter\src\managed\bin\Debug\i386\Writer\OpenLiveWriter.HtmlParser.dll [C:\Users\WilliamForney\source\repos\wforney\OpenLiveWriter\src\managed\OpenLiveWriter.Controls\OpenLiveWriter.Controls.csproj]
C:\Program Files\Microsoft Visual Studio\18\Enterprise\MSBuild\Current\Bin\Microsoft.Common.CurrentVersion.targets(2437,5): warning MSB3277:             C:\Users\WilliamForney\source\repos\wforney\OpenLiveWriter\src\managed\bin\Debug\i386\Writer\OpenLiveWriter.Mshtml.dll [C:\Users\WilliamForney\source\repos\wforney\OpenLiveWriter\src\managed\OpenLiveWriter.Controls\OpenLiveWriter.Controls.csproj]
C:\Program Files\Microsoft Visual Studio\18\Enterprise\MSBuild\Current\Bin\Microsoft.Common.CurrentVersion.targets(2437,5): warning MSB3277:             System.Design [C:\Users\WilliamForney\source\repos\wforney\OpenLiveWriter\src\managed\OpenLiveWriter.Controls\OpenLiveWriter.Controls.csproj]
C:\Program Files\Microsoft Visual Studio\18\Enterprise\MSBuild\Current\Bin\Microsoft.Common.CurrentVersion.targets(2437,5): warning MSB3277:             System.Data [C:\Users\WilliamForney\source\repos\wforney\OpenLiveWriter\src\managed\OpenLiveWriter.Controls\OpenLiveWriter.Controls.csproj]
  OpenLiveWriter.Controls -> C:\Users\WilliamForney\source\repos\wforney\OpenLiveWriter\src\managed\bin\Debug\i386\Writer\OpenLiveWriter.Controls.dll
C:\Program Files\Microsoft Visual Studio\18\Enterprise\MSBuild\Current\Bin\Microsoft.Common.CurrentVersion.targets(2437,5): warning MSB3277: Found conflicts between different versions of "System.Core" that could not be resolved. [C:\Users\WilliamForney\source\repos\wforney\OpenLiveWriter\src\managed\OpenLiveWriter.ApplicationFramework\OpenLiveWriter.ApplicationFramework.csproj]
C:\Program Files\Microsoft Visual Studio\18\Enterprise\MSBuild\Current\Bin\Microsoft.Common.CurrentVersion.targets(2437,5): warning MSB3277: There was a conflict between "System.Core, Version=3.5.0.0, Culture=neutral, PublicKeyToken=b77a5c561934e089" and "System.Core, Version=4.0.0.0, Culture=neutral, PublicKeyToken=b77a5c561934e089". [C:\Users\WilliamForney\source\repos\wforney\OpenLiveWriter\src\managed\OpenLiveWriter.ApplicationFramework\OpenLiveWriter.ApplicationFramework.csproj]
C:\Program Files\Microsoft Visual Studio\18\Enterprise\MSBuild\Current\Bin\Microsoft.Common.CurrentVersion.targets(2437,5): warning MSB3277:     "System.Core, Version=3.5.0.0, Culture=neutral, PublicKeyToken=b77a5c561934e089" was chosen because it was primary and "System.Core, Version=4.0.0.0, Culture=neutral, PublicKeyToken=b77a5c561934e089" was not. [C:\Users\WilliamForney\source\repos\wforney\OpenLiveWriter\src\managed\OpenLiveWriter.ApplicationFramework\OpenLiveWriter.ApplicationFramework.csproj]
C:\Program Files\Microsoft Visual Studio\18\Enterprise\MSBuild\Current\Bin\Microsoft.Common.CurrentVersion.targets(2437,5): warning MSB3277:     References which depend on "System.Core, Version=3.5.0.0, Culture=neutral, PublicKeyToken=b77a5c561934e089" [C:\Program Files (x86)\Reference Assemblies\Microsoft\Framework\v3.5\System.Core.dll]. [C:\Users\WilliamForney\source\repos\wforney\OpenLiveWriter\src\managed\OpenLiveWriter.ApplicationFramework\OpenLiveWriter.ApplicationFramework.csproj]
C:\Program Files\Microsoft Visual Studio\18\Enterprise\MSBuild\Current\Bin\Microsoft.Common.CurrentVersion.targets(2437,5): warning MSB3277:         C:\Program Files (x86)\Reference Assemblies\Microsoft\Framework\v3.5\System.Core.dll [C:\Users\WilliamForney\source\repos\wforney\OpenLiveWriter\src\managed\OpenLiveWriter.ApplicationFramework\OpenLiveWriter.ApplicationFramework.csproj]
C:\Program Files\Microsoft Visual Studio\18\Enterprise\MSBuild\Current\Bin\Microsoft.Common.CurrentVersion.targets(2437,5): warning MSB3277:           Project file item includes which caused reference "C:\Program Files (x86)\Reference Assemblies\Microsoft\Framework\v3.5\System.Core.dll". [C:\Users\WilliamForney\source\repos\wforney\OpenLiveWriter\src\managed\OpenLiveWriter.ApplicationFramework\OpenLiveWriter.ApplicationFramework.csproj]
C:\Program Files\Microsoft Visual Studio\18\Enterprise\MSBuild\Current\Bin\Microsoft.Common.CurrentVersion.targets(2437,5): warning MSB3277:             System.Core [C:\Users\WilliamForney\source\repos\wforney\OpenLiveWriter\src\managed\OpenLiveWriter.ApplicationFramework\OpenLiveWriter.ApplicationFramework.csproj]
C:\Program Files\Microsoft Visual Studio\18\Enterprise\MSBuild\Current\Bin\Microsoft.Common.CurrentVersion.targets(2437,5): warning MSB3277:     References which depend on or have been unified to "System.Core, Version=4.0.0.0, Culture=neutral, PublicKeyToken=b77a5c561934e089" [C:\Windows\Microsoft.Net\assembly\GAC_MSIL\System.Core\v4.0_4.0.0.0__b77a5c561934e089\System.Core.dll]. [C:\Users\WilliamForney\source\repos\wforney\OpenLiveWriter\src\managed\OpenLiveWriter.ApplicationFramework\OpenLiveWriter.ApplicationFramework.csproj]
C:\Program Files\Microsoft Visual Studio\18\Enterprise\MSBuild\Current\Bin\Microsoft.Common.CurrentVersion.targets(2437,5): warning MSB3277:         C:\Windows\Microsoft.Net\assembly\GAC_32\System.Data\v4.0_4.0.0.0__b77a5c561934e089\System.Data.dll [C:\Users\WilliamForney\source\repos\wforney\OpenLiveWriter\src\managed\OpenLiveWriter.ApplicationFramework\OpenLiveWriter.ApplicationFramework.csproj]
C:\Program Files\Microsoft Visual Studio\18\Enterprise\MSBuild\Current\Bin\Microsoft.Common.CurrentVersion.targets(2437,5): warning MSB3277:           Project file item includes which caused reference "C:\Windows\Microsoft.Net\assembly\GAC_32\System.Data\v4.0_4.0.0.0__b77a5c561934e089\System.Data.dll". [C:\Users\WilliamForney\source\repos\wforney\OpenLiveWriter\src\managed\OpenLiveWriter.ApplicationFramework\OpenLiveWriter.ApplicationFramework.csproj]
C:\Program Files\Microsoft Visual Studio\18\Enterprise\MSBuild\Current\Bin\Microsoft.Common.CurrentVersion.targets(2437,5): warning MSB3277:             System.Data [C:\Users\WilliamForney\source\repos\wforney\OpenLiveWriter\src\managed\OpenLiveWriter.ApplicationFramework\OpenLiveWriter.ApplicationFramework.csproj]
C:\Program Files\Microsoft Visual Studio\18\Enterprise\MSBuild\Current\Bin\Microsoft.Common.CurrentVersion.targets(2437,5): warning MSB3277:             System.Design [C:\Users\WilliamForney\source\repos\wforney\OpenLiveWriter\src\managed\OpenLiveWriter.ApplicationFramework\OpenLiveWriter.ApplicationFramework.csproj]
C:\Program Files\Microsoft Visual Studio\18\Enterprise\MSBuild\Current\Bin\Microsoft.Common.CurrentVersion.targets(2437,5): warning MSB3277:             System.Web [C:\Users\WilliamForney\source\repos\wforney\OpenLiveWriter\src\managed\OpenLiveWriter.ApplicationFramework\OpenLiveWriter.ApplicationFramework.csproj]
C:\Program Files\Microsoft Visual Studio\18\Enterprise\MSBuild\Current\Bin\Microsoft.Common.CurrentVersion.targets(2437,5): warning MSB3277:             C:\Users\WilliamForney\source\repos\wforney\OpenLiveWriter\src\managed\bin\Debug\i386\Writer\OpenLiveWriter.CoreServices.dll [C:\Users\WilliamForney\source\repos\wforney\OpenLiveWriter\src\managed\OpenLiveWriter.ApplicationFramework\OpenLiveWriter.ApplicationFramework.csproj]
C:\Program Files\Microsoft Visual Studio\18\Enterprise\MSBuild\Current\Bin\Microsoft.Common.CurrentVersion.targets(2437,5): warning MSB3277:             C:\Users\WilliamForney\source\repos\wforney\OpenLiveWriter\src\managed\bin\Debug\i386\Writer\OpenLiveWriter.Controls.dll [C:\Users\WilliamForney\source\repos\wforney\OpenLiveWriter\src\managed\OpenLiveWriter.ApplicationFramework\OpenLiveWriter.ApplicationFramework.csproj]
C:\Program Files\Microsoft Visual Studio\18\Enterprise\MSBuild\Current\Bin\Microsoft.Common.CurrentVersion.targets(2437,5): warning MSB3277:         C:\Windows\Microsoft.Net\assembly\GAC_MSIL\System.Design\v4.0_4.0.0.0__b03f5f7f11d50a3a\System.Design.dll [C:\Users\WilliamForney\source\repos\wforney\OpenLiveWriter\src\managed\OpenLiveWriter.ApplicationFramework\OpenLiveWriter.ApplicationFramework.csproj]
C:\Program Files\Microsoft Visual Studio\18\Enterprise\MSBuild\Current\Bin\Microsoft.Common.CurrentVersion.targets(2437,5): warning MSB3277:           Project file item includes which caused reference "C:\Windows\Microsoft.Net\assembly\GAC_MSIL\System.Design\v4.0_4.0.0.0__b03f5f7f11d50a3a\System.Design.dll". [C:\Users\WilliamForney\source\repos\wforney\OpenLiveWriter\src\managed\OpenLiveWriter.ApplicationFramework\OpenLiveWriter.ApplicationFramework.csproj]
C:\Program Files\Microsoft Visual Studio\18\Enterprise\MSBuild\Current\Bin\Microsoft.Common.CurrentVersion.targets(2437,5): warning MSB3277:             System.Design [C:\Users\WilliamForney\source\repos\wforney\OpenLiveWriter\src\managed\OpenLiveWriter.ApplicationFramework\OpenLiveWriter.ApplicationFramework.csproj]
C:\Program Files\Microsoft Visual Studio\18\Enterprise\MSBuild\Current\Bin\Microsoft.Common.CurrentVersion.targets(2437,5): warning MSB3277:             System.Web [C:\Users\WilliamForney\source\repos\wforney\OpenLiveWriter\src\managed\OpenLiveWriter.ApplicationFramework\OpenLiveWriter.ApplicationFramework.csproj]
C:\Program Files\Microsoft Visual Studio\18\Enterprise\MSBuild\Current\Bin\Microsoft.Common.CurrentVersion.targets(2437,5): warning MSB3277:             C:\Users\WilliamForney\source\repos\wforney\OpenLiveWriter\src\managed\bin\Debug\i386\Writer\OpenLiveWriter.CoreServices.dll [C:\Users\WilliamForney\source\repos\wforney\OpenLiveWriter\src\managed\OpenLiveWriter.ApplicationFramework\OpenLiveWriter.ApplicationFramework.csproj]
C:\Program Files\Microsoft Visual Studio\18\Enterprise\MSBuild\Current\Bin\Microsoft.Common.CurrentVersion.targets(2437,5): warning MSB3277:             C:\Users\WilliamForney\source\repos\wforney\OpenLiveWriter\src\managed\bin\Debug\i386\Writer\OpenLiveWriter.Controls.dll [C:\Users\WilliamForney\source\repos\wforney\OpenLiveWriter\src\managed\OpenLiveWriter.ApplicationFramework\OpenLiveWriter.ApplicationFramework.csproj]
C:\Program Files\Microsoft Visual Studio\18\Enterprise\MSBuild\Current\Bin\Microsoft.Common.CurrentVersion.targets(2437,5): warning MSB3277:             System.Data [C:\Users\WilliamForney\source\repos\wforney\OpenLiveWriter\src\managed\OpenLiveWriter.ApplicationFramework\OpenLiveWriter.ApplicationFramework.csproj]
C:\Program Files\Microsoft Visual Studio\18\Enterprise\MSBuild\Current\Bin\Microsoft.Common.CurrentVersion.targets(2437,5): warning MSB3277:         C:\Windows\Microsoft.Net\assembly\GAC_32\System.Web\v4.0_4.0.0.0__b03f5f7f11d50a3a\System.Web.dll [C:\Users\WilliamForney\source\repos\wforney\OpenLiveWriter\src\managed\OpenLiveWriter.ApplicationFramework\OpenLiveWriter.ApplicationFramework.csproj]
C:\Program Files\Microsoft Visual Studio\18\Enterprise\MSBuild\Current\Bin\Microsoft.Common.CurrentVersion.targets(2437,5): warning MSB3277:           Project file item includes which caused reference "C:\Windows\Microsoft.Net\assembly\GAC_32\System.Web\v4.0_4.0.0.0__b03f5f7f11d50a3a\System.Web.dll". [C:\Users\WilliamForney\source\repos\wforney\OpenLiveWriter\src\managed\OpenLiveWriter.ApplicationFramework\OpenLiveWriter.ApplicationFramework.csproj]
C:\Program Files\Microsoft Visual Studio\18\Enterprise\MSBuild\Current\Bin\Microsoft.Common.CurrentVersion.targets(2437,5): warning MSB3277:             System.Web [C:\Users\WilliamForney\source\repos\wforney\OpenLiveWriter\src\managed\OpenLiveWriter.ApplicationFramework\OpenLiveWriter.ApplicationFramework.csproj]
C:\Program Files\Microsoft Visual Studio\18\Enterprise\MSBuild\Current\Bin\Microsoft.Common.CurrentVersion.targets(2437,5): warning MSB3277:             C:\Users\WilliamForney\source\repos\wforney\OpenLiveWriter\src\managed\bin\Debug\i386\Writer\OpenLiveWriter.CoreServices.dll [C:\Users\WilliamForney\source\repos\wforney\OpenLiveWriter\src\managed\OpenLiveWriter.ApplicationFramework\OpenLiveWriter.ApplicationFramework.csproj]
C:\Program Files\Microsoft Visual Studio\18\Enterprise\MSBuild\Current\Bin\Microsoft.Common.CurrentVersion.targets(2437,5): warning MSB3277:             C:\Users\WilliamForney\source\repos\wforney\OpenLiveWriter\src\managed\bin\Debug\i386\Writer\OpenLiveWriter.Controls.dll [C:\Users\WilliamForney\source\repos\wforney\OpenLiveWriter\src\managed\OpenLiveWriter.ApplicationFramework\OpenLiveWriter.ApplicationFramework.csproj]
C:\Program Files\Microsoft Visual Studio\18\Enterprise\MSBuild\Current\Bin\Microsoft.Common.CurrentVersion.targets(2437,5): warning MSB3277:             System.Design [C:\Users\WilliamForney\source\repos\wforney\OpenLiveWriter\src\managed\OpenLiveWriter.ApplicationFramework\OpenLiveWriter.ApplicationFramework.csproj]
C:\Program Files\Microsoft Visual Studio\18\Enterprise\MSBuild\Current\Bin\Microsoft.Common.CurrentVersion.targets(2437,5): warning MSB3277:             System.Data [C:\Users\WilliamForney\source\repos\wforney\OpenLiveWriter\src\managed\OpenLiveWriter.ApplicationFramework\OpenLiveWriter.ApplicationFramework.csproj]
C:\Program Files\Microsoft Visual Studio\18\Enterprise\MSBuild\Current\Bin\Microsoft.Common.CurrentVersion.targets(2437,5): warning MSB3277:         C:\Windows\Microsoft.Net\assembly\GAC_MSIL\System.Windows.Forms\v4.0_4.0.0.0__b77a5c561934e089\System.Windows.Forms.dll [C:\Users\WilliamForney\source\repos\wforney\OpenLiveWriter\src\managed\OpenLiveWriter.ApplicationFramework\OpenLiveWriter.ApplicationFramework.csproj]
C:\Program Files\Microsoft Visual Studio\18\Enterprise\MSBuild\Current\Bin\Microsoft.Common.CurrentVersion.targets(2437,5): warning MSB3277:           Project file item includes which caused reference "C:\Windows\Microsoft.Net\assembly\GAC_MSIL\System.Windows.Forms\v4.0_4.0.0.0__b77a5c561934e089\System.Windows.Forms.dll". [C:\Users\WilliamForney\source\repos\wforney\OpenLiveWriter\src\managed\OpenLiveWriter.ApplicationFramework\OpenLiveWriter.ApplicationFramework.csproj]
C:\Program Files\Microsoft Visual Studio\18\Enterprise\MSBuild\Current\Bin\Microsoft.Common.CurrentVersion.targets(2437,5): warning MSB3277:             System.Windows.Forms [C:\Users\WilliamForney\source\repos\wforney\OpenLiveWriter\src\managed\OpenLiveWriter.ApplicationFramework\OpenLiveWriter.ApplicationFramework.csproj]
C:\Program Files\Microsoft Visual Studio\18\Enterprise\MSBuild\Current\Bin\Microsoft.Common.CurrentVersion.targets(2437,5): warning MSB3277:             C:\Users\WilliamForney\source\repos\wforney\OpenLiveWriter\src\managed\bin\Debug\i386\Writer\OpenLiveWriter.Controls.dll [C:\Users\WilliamForney\source\repos\wforney\OpenLiveWriter\src\managed\OpenLiveWriter.ApplicationFramework\OpenLiveWriter.ApplicationFramework.csproj]
C:\Program Files\Microsoft Visual Studio\18\Enterprise\MSBuild\Current\Bin\Microsoft.Common.CurrentVersion.targets(2437,5): warning MSB3277:             C:\Users\WilliamForney\source\repos\wforney\OpenLiveWriter\src\managed\bin\Debug\i386\Writer\OpenLiveWriter.CoreServices.dll [C:\Users\WilliamForney\source\repos\wforney\OpenLiveWriter\src\managed\OpenLiveWriter.ApplicationFramework\OpenLiveWriter.ApplicationFramework.csproj]
C:\Program Files\Microsoft Visual Studio\18\Enterprise\MSBuild\Current\Bin\Microsoft.Common.CurrentVersion.targets(2437,5): warning MSB3277:             C:\Users\WilliamForney\source\repos\wforney\OpenLiveWriter\src\managed\bin\Debug\i386\Writer\OpenLiveWriter.Interop.dll [C:\Users\WilliamForney\source\repos\wforney\OpenLiveWriter\src\managed\OpenLiveWriter.ApplicationFramework\OpenLiveWriter.ApplicationFramework.csproj]
C:\Program Files\Microsoft Visual Studio\18\Enterprise\MSBuild\Current\Bin\Microsoft.Common.CurrentVersion.targets(2437,5): warning MSB3277:             C:\Users\WilliamForney\source\repos\wforney\OpenLiveWriter\src\managed\bin\Debug\i386\Writer\OpenLiveWriter.Localization.dll [C:\Users\WilliamForney\source\repos\wforney\OpenLiveWriter\src\managed\OpenLiveWriter.ApplicationFramework\OpenLiveWriter.ApplicationFramework.csproj]
C:\Program Files\Microsoft Visual Studio\18\Enterprise\MSBuild\Current\Bin\Microsoft.Common.CurrentVersion.targets(2437,5): warning MSB3277:             System.Design [C:\Users\WilliamForney\source\repos\wforney\OpenLiveWriter\src\managed\OpenLiveWriter.ApplicationFramework\OpenLiveWriter.ApplicationFramework.csproj]
C:\Program Files\Microsoft Visual Studio\18\Enterprise\MSBuild\Current\Bin\Microsoft.Common.CurrentVersion.targets(2437,5): warning MSB3277:             System.Web [C:\Users\WilliamForney\source\repos\wforney\OpenLiveWriter\src\managed\OpenLiveWriter.ApplicationFramework\OpenLiveWriter.ApplicationFramework.csproj]
C:\Program Files\Microsoft Visual Studio\18\Enterprise\MSBuild\Current\Bin\Microsoft.Common.CurrentVersion.targets(2437,5): warning MSB3277:             System.Data [C:\Users\WilliamForney\source\repos\wforney\OpenLiveWriter\src\managed\OpenLiveWriter.ApplicationFramework\OpenLiveWriter.ApplicationFramework.csproj]
C:\Program Files\Microsoft Visual Studio\18\Enterprise\MSBuild\Current\Bin\Microsoft.Common.CurrentVersion.targets(2437,5): warning MSB3277:         C:\Windows\Microsoft.Net\assembly\GAC_MSIL\System.Configuration\v4.0_4.0.0.0__b03f5f7f11d50a3a\System.Configuration.dll [C:\Users\WilliamForney\source\repos\wforney\OpenLiveWriter\src\managed\OpenLiveWriter.ApplicationFramework\OpenLiveWriter.ApplicationFramework.csproj]
C:\Program Files\Microsoft Visual Studio\18\Enterprise\MSBuild\Current\Bin\Microsoft.Common.CurrentVersion.targets(2437,5): warning MSB3277:           Project file item includes which caused reference "C:\Windows\Microsoft.Net\assembly\GAC_MSIL\System.Configuration\v4.0_4.0.0.0__b03f5f7f11d50a3a\System.Configuration.dll". [C:\Users\WilliamForney\source\repos\wforney\OpenLiveWriter\src\managed\OpenLiveWriter.ApplicationFramework\OpenLiveWriter.ApplicationFramework.csproj]
C:\Program Files\Microsoft Visual Studio\18\Enterprise\MSBuild\Current\Bin\Microsoft.Common.CurrentVersion.targets(2437,5): warning MSB3277:             System [C:\Users\WilliamForney\source\repos\wforney\OpenLiveWriter\src\managed\OpenLiveWriter.ApplicationFramework\OpenLiveWriter.ApplicationFramework.csproj]
C:\Program Files\Microsoft Visual Studio\18\Enterprise\MSBuild\Current\Bin\Microsoft.Common.CurrentVersion.targets(2437,5): warning MSB3277:             C:\Users\WilliamForney\source\repos\wforney\OpenLiveWriter\src\managed\bin\Debug\i386\Writer\OpenLiveWriter.Controls.dll [C:\Users\WilliamForney\source\repos\wforney\OpenLiveWriter\src\managed\OpenLiveWriter.ApplicationFramework\OpenLiveWriter.ApplicationFramework.csproj]
C:\Program Files\Microsoft Visual Studio\18\Enterprise\MSBuild\Current\Bin\Microsoft.Common.CurrentVersion.targets(2437,5): warning MSB3277:             C:\Users\WilliamForney\source\repos\wforney\OpenLiveWriter\src\managed\bin\Debug\i386\Writer\OpenLiveWriter.CoreServices.dll [C:\Users\WilliamForney\source\repos\wforney\OpenLiveWriter\src\managed\OpenLiveWriter.ApplicationFramework\OpenLiveWriter.ApplicationFramework.csproj]
C:\Program Files\Microsoft Visual Studio\18\Enterprise\MSBuild\Current\Bin\Microsoft.Common.CurrentVersion.targets(2437,5): warning MSB3277:             C:\Users\WilliamForney\source\repos\wforney\OpenLiveWriter\src\managed\bin\Debug\i386\Writer\OpenLiveWriter.Interop.dll [C:\Users\WilliamForney\source\repos\wforney\OpenLiveWriter\src\managed\OpenLiveWriter.ApplicationFramework\OpenLiveWriter.ApplicationFramework.csproj]
C:\Program Files\Microsoft Visual Studio\18\Enterprise\MSBuild\Current\Bin\Microsoft.Common.CurrentVersion.targets(2437,5): warning MSB3277:             C:\Users\WilliamForney\source\repos\wforney\OpenLiveWriter\src\managed\bin\Debug\i386\Writer\OpenLiveWriter.Localization.dll [C:\Users\WilliamForney\source\repos\wforney\OpenLiveWriter\src\managed\OpenLiveWriter.ApplicationFramework\OpenLiveWriter.ApplicationFramework.csproj]
C:\Program Files\Microsoft Visual Studio\18\Enterprise\MSBuild\Current\Bin\Microsoft.Common.CurrentVersion.targets(2437,5): warning MSB3277:             System.Data [C:\Users\WilliamForney\source\repos\wforney\OpenLiveWriter\src\managed\OpenLiveWriter.ApplicationFramework\OpenLiveWriter.ApplicationFramework.csproj]
C:\Program Files\Microsoft Visual Studio\18\Enterprise\MSBuild\Current\Bin\Microsoft.Common.CurrentVersion.targets(2437,5): warning MSB3277:             System.Design [C:\Users\WilliamForney\source\repos\wforney\OpenLiveWriter\src\managed\OpenLiveWriter.ApplicationFramework\OpenLiveWriter.ApplicationFramework.csproj]
C:\Program Files\Microsoft Visual Studio\18\Enterprise\MSBuild\Current\Bin\Microsoft.Common.CurrentVersion.targets(2437,5): warning MSB3277:             System.Drawing [C:\Users\WilliamForney\source\repos\wforney\OpenLiveWriter\src\managed\OpenLiveWriter.ApplicationFramework\OpenLiveWriter.ApplicationFramework.csproj]
C:\Program Files\Microsoft Visual Studio\18\Enterprise\MSBuild\Current\Bin\Microsoft.Common.CurrentVersion.targets(2437,5): warning MSB3277:             System.Web [C:\Users\WilliamForney\source\repos\wforney\OpenLiveWriter\src\managed\OpenLiveWriter.ApplicationFramework\OpenLiveWriter.ApplicationFramework.csproj]
C:\Program Files\Microsoft Visual Studio\18\Enterprise\MSBuild\Current\Bin\Microsoft.Common.CurrentVersion.targets(2437,5): warning MSB3277:             System.Windows.Forms [C:\Users\WilliamForney\source\repos\wforney\OpenLiveWriter\src\managed\OpenLiveWriter.ApplicationFramework\OpenLiveWriter.ApplicationFramework.csproj]
C:\Program Files\Microsoft Visual Studio\18\Enterprise\MSBuild\Current\Bin\Microsoft.Common.CurrentVersion.targets(2437,5): warning MSB3277:             System.Xml [C:\Users\WilliamForney\source\repos\wforney\OpenLiveWriter\src\managed\OpenLiveWriter.ApplicationFramework\OpenLiveWriter.ApplicationFramework.csproj]
C:\Program Files\Microsoft Visual Studio\18\Enterprise\MSBuild\Current\Bin\Microsoft.Common.CurrentVersion.targets(2437,5): warning MSB3277:             System.Core [C:\Users\WilliamForney\source\repos\wforney\OpenLiveWriter\src\managed\OpenLiveWriter.ApplicationFramework\OpenLiveWriter.ApplicationFramework.csproj]
C:\Program Files\Microsoft Visual Studio\18\Enterprise\MSBuild\Current\Bin\Microsoft.Common.CurrentVersion.targets(2437,5): warning MSB3277:         C:\Windows\Microsoft.Net\assembly\GAC_MSIL\System.ComponentModel.DataAnnotations\v4.0_4.0.0.0__31bf3856ad364e35\System.ComponentModel.DataAnnotations.dll [C:\Users\WilliamForney\source\repos\wforney\OpenLiveWriter\src\managed\OpenLiveWriter.ApplicationFramework\OpenLiveWriter.ApplicationFramework.csproj]
C:\Program Files\Microsoft Visual Studio\18\Enterprise\MSBuild\Current\Bin\Microsoft.Common.CurrentVersion.targets(2437,5): warning MSB3277:           Project file item includes which caused reference "C:\Windows\Microsoft.Net\assembly\GAC_MSIL\System.ComponentModel.DataAnnotations\v4.0_4.0.0.0__31bf3856ad364e35\System.ComponentModel.DataAnnotations.dll". [C:\Users\WilliamForney\source\repos\wforney\OpenLiveWriter\src\managed\OpenLiveWriter.ApplicationFramework\OpenLiveWriter.ApplicationFramework.csproj]
C:\Program Files\Microsoft Visual Studio\18\Enterprise\MSBuild\Current\Bin\Microsoft.Common.CurrentVersion.targets(2437,5): warning MSB3277:             System.Web [C:\Users\WilliamForney\source\repos\wforney\OpenLiveWriter\src\managed\OpenLiveWriter.ApplicationFramework\OpenLiveWriter.ApplicationFramework.csproj]
C:\Program Files\Microsoft Visual Studio\18\Enterprise\MSBuild\Current\Bin\Microsoft.Common.CurrentVersion.targets(2437,5): warning MSB3277:             C:\Users\WilliamForney\source\repos\wforney\OpenLiveWriter\src\managed\bin\Debug\i386\Writer\OpenLiveWriter.CoreServices.dll [C:\Users\WilliamForney\source\repos\wforney\OpenLiveWriter\src\managed\OpenLiveWriter.ApplicationFramework\OpenLiveWriter.ApplicationFramework.csproj]
C:\Program Files\Microsoft Visual Studio\18\Enterprise\MSBuild\Current\Bin\Microsoft.Common.CurrentVersion.targets(2437,5): warning MSB3277:             C:\Users\WilliamForney\source\repos\wforney\OpenLiveWriter\src\managed\bin\Debug\i386\Writer\OpenLiveWriter.Controls.dll [C:\Users\WilliamForney\source\repos\wforney\OpenLiveWriter\src\managed\OpenLiveWriter.ApplicationFramework\OpenLiveWriter.ApplicationFramework.csproj]
C:\Program Files\Microsoft Visual Studio\18\Enterprise\MSBuild\Current\Bin\Microsoft.Common.CurrentVersion.targets(2437,5): warning MSB3277:             System.Design [C:\Users\WilliamForney\source\repos\wforney\OpenLiveWriter\src\managed\OpenLiveWriter.ApplicationFramework\OpenLiveWriter.ApplicationFramework.csproj]
C:\Program Files\Microsoft Visual Studio\18\Enterprise\MSBuild\Current\Bin\Microsoft.Common.CurrentVersion.targets(2437,5): warning MSB3277:             System.Data [C:\Users\WilliamForney\source\repos\wforney\OpenLiveWriter\src\managed\OpenLiveWriter.ApplicationFramework\OpenLiveWriter.ApplicationFramework.csproj]
C:\Program Files\Microsoft Visual Studio\18\Enterprise\MSBuild\Current\Bin\Microsoft.Common.CurrentVersion.targets(2437,5): warning MSB3277:         C:\Windows\Microsoft.Net\assembly\GAC_MSIL\Microsoft.Build.Utilities.v4.0\v4.0_4.0.0.0__b03f5f7f11d50a3a\Microsoft.Build.Utilities.v4.0.dll [C:\Users\WilliamForney\source\repos\wforney\OpenLiveWriter\src\managed\OpenLiveWriter.ApplicationFramework\OpenLiveWriter.ApplicationFramework.csproj]
C:\Program Files\Microsoft Visual Studio\18\Enterprise\MSBuild\Current\Bin\Microsoft.Common.CurrentVersion.targets(2437,5): warning MSB3277:           Project file item includes which caused reference "C:\Windows\Microsoft.Net\assembly\GAC_MSIL\Microsoft.Build.Utilities.v4.0\v4.0_4.0.0.0__b03f5f7f11d50a3a\Microsoft.Build.Utilities.v4.0.dll". [C:\Users\WilliamForney\source\repos\wforney\OpenLiveWriter\src\managed\OpenLiveWriter.ApplicationFramework\OpenLiveWriter.ApplicationFramework.csproj]
C:\Program Files\Microsoft Visual Studio\18\Enterprise\MSBuild\Current\Bin\Microsoft.Common.CurrentVersion.targets(2437,5): warning MSB3277:             System.Web [C:\Users\WilliamForney\source\repos\wforney\OpenLiveWriter\src\managed\OpenLiveWriter.ApplicationFramework\OpenLiveWriter.ApplicationFramework.csproj]
C:\Program Files\Microsoft Visual Studio\18\Enterprise\MSBuild\Current\Bin\Microsoft.Common.CurrentVersion.targets(2437,5): warning MSB3277:             C:\Users\WilliamForney\source\repos\wforney\OpenLiveWriter\src\managed\bin\Debug\i386\Writer\OpenLiveWriter.CoreServices.dll [C:\Users\WilliamForney\source\repos\wforney\OpenLiveWriter\src\managed\OpenLiveWriter.ApplicationFramework\OpenLiveWriter.ApplicationFramework.csproj]
C:\Program Files\Microsoft Visual Studio\18\Enterprise\MSBuild\Current\Bin\Microsoft.Common.CurrentVersion.targets(2437,5): warning MSB3277:             C:\Users\WilliamForney\source\repos\wforney\OpenLiveWriter\src\managed\bin\Debug\i386\Writer\OpenLiveWriter.Controls.dll [C:\Users\WilliamForney\source\repos\wforney\OpenLiveWriter\src\managed\OpenLiveWriter.ApplicationFramework\OpenLiveWriter.ApplicationFramework.csproj]
C:\Program Files\Microsoft Visual Studio\18\Enterprise\MSBuild\Current\Bin\Microsoft.Common.CurrentVersion.targets(2437,5): warning MSB3277:             System.Design [C:\Users\WilliamForney\source\repos\wforney\OpenLiveWriter\src\managed\OpenLiveWriter.ApplicationFramework\OpenLiveWriter.ApplicationFramework.csproj]
C:\Program Files\Microsoft Visual Studio\18\Enterprise\MSBuild\Current\Bin\Microsoft.Common.CurrentVersion.targets(2437,5): warning MSB3277:             System.Data [C:\Users\WilliamForney\source\repos\wforney\OpenLiveWriter\src\managed\OpenLiveWriter.ApplicationFramework\OpenLiveWriter.ApplicationFramework.csproj]
C:\Program Files\Microsoft Visual Studio\18\Enterprise\MSBuild\Current\Bin\Microsoft.Common.CurrentVersion.targets(2437,5): warning MSB3277:         C:\Windows\Microsoft.Net\assembly\GAC_MSIL\Microsoft.Build.Tasks.v4.0\v4.0_4.0.0.0__b03f5f7f11d50a3a\Microsoft.Build.Tasks.v4.0.dll [C:\Users\WilliamForney\source\repos\wforney\OpenLiveWriter\src\managed\OpenLiveWriter.ApplicationFramework\OpenLiveWriter.ApplicationFramework.csproj]
C:\Program Files\Microsoft Visual Studio\18\Enterprise\MSBuild\Current\Bin\Microsoft.Common.CurrentVersion.targets(2437,5): warning MSB3277:           Project file item includes which caused reference "C:\Windows\Microsoft.Net\assembly\GAC_MSIL\Microsoft.Build.Tasks.v4.0\v4.0_4.0.0.0__b03f5f7f11d50a3a\Microsoft.Build.Tasks.v4.0.dll". [C:\Users\WilliamForney\source\repos\wforney\OpenLiveWriter\src\managed\OpenLiveWriter.ApplicationFramework\OpenLiveWriter.ApplicationFramework.csproj]
C:\Program Files\Microsoft Visual Studio\18\Enterprise\MSBuild\Current\Bin\Microsoft.Common.CurrentVersion.targets(2437,5): warning MSB3277:             System.Web [C:\Users\WilliamForney\source\repos\wforney\OpenLiveWriter\src\managed\OpenLiveWriter.ApplicationFramework\OpenLiveWriter.ApplicationFramework.csproj]
C:\Program Files\Microsoft Visual Studio\18\Enterprise\MSBuild\Current\Bin\Microsoft.Common.CurrentVersion.targets(2437,5): warning MSB3277:             C:\Users\WilliamForney\source\repos\wforney\OpenLiveWriter\src\managed\bin\Debug\i386\Writer\OpenLiveWriter.CoreServices.dll [C:\Users\WilliamForney\source\repos\wforney\OpenLiveWriter\src\managed\OpenLiveWriter.ApplicationFramework\OpenLiveWriter.ApplicationFramework.csproj]
C:\Program Files\Microsoft Visual Studio\18\Enterprise\MSBuild\Current\Bin\Microsoft.Common.CurrentVersion.targets(2437,5): warning MSB3277:             C:\Users\WilliamForney\source\repos\wforney\OpenLiveWriter\src\managed\bin\Debug\i386\Writer\OpenLiveWriter.Controls.dll [C:\Users\WilliamForney\source\repos\wforney\OpenLiveWriter\src\managed\OpenLiveWriter.ApplicationFramework\OpenLiveWriter.ApplicationFramework.csproj]
C:\Program Files\Microsoft Visual Studio\18\Enterprise\MSBuild\Current\Bin\Microsoft.Common.CurrentVersion.targets(2437,5): warning MSB3277:             System.Design [C:\Users\WilliamForney\source\repos\wforney\OpenLiveWriter\src\managed\OpenLiveWriter.ApplicationFramework\OpenLiveWriter.ApplicationFramework.csproj]
C:\Program Files\Microsoft Visual Studio\18\Enterprise\MSBuild\Current\Bin\Microsoft.Common.CurrentVersion.targets(2437,5): warning MSB3277:             System.Data [C:\Users\WilliamForney\source\repos\wforney\OpenLiveWriter\src\managed\OpenLiveWriter.ApplicationFramework\OpenLiveWriter.ApplicationFramework.csproj]
C:\Program Files\Microsoft Visual Studio\18\Enterprise\MSBuild\Current\Bin\Microsoft.Common.CurrentVersion.targets(2437,5): warning MSB3277:         C:\Windows\Microsoft.Net\assembly\GAC_MSIL\System.Deployment\v4.0_4.0.0.0__b03f5f7f11d50a3a\System.Deployment.dll [C:\Users\WilliamForney\source\repos\wforney\OpenLiveWriter\src\managed\OpenLiveWriter.ApplicationFramework\OpenLiveWriter.ApplicationFramework.csproj]
C:\Program Files\Microsoft Visual Studio\18\Enterprise\MSBuild\Current\Bin\Microsoft.Common.CurrentVersion.targets(2437,5): warning MSB3277:           Project file item includes which caused reference "C:\Windows\Microsoft.Net\assembly\GAC_MSIL\System.Deployment\v4.0_4.0.0.0__b03f5f7f11d50a3a\System.Deployment.dll". [C:\Users\WilliamForney\source\repos\wforney\OpenLiveWriter\src\managed\OpenLiveWriter.ApplicationFramework\OpenLiveWriter.ApplicationFramework.csproj]
C:\Program Files\Microsoft Visual Studio\18\Enterprise\MSBuild\Current\Bin\Microsoft.Common.CurrentVersion.targets(2437,5): warning MSB3277:             System.Windows.Forms [C:\Users\WilliamForney\source\repos\wforney\OpenLiveWriter\src\managed\OpenLiveWriter.ApplicationFramework\OpenLiveWriter.ApplicationFramework.csproj]
C:\Program Files\Microsoft Visual Studio\18\Enterprise\MSBuild\Current\Bin\Microsoft.Common.CurrentVersion.targets(2437,5): warning MSB3277:             C:\Users\WilliamForney\source\repos\wforney\OpenLiveWriter\src\managed\bin\Debug\i386\Writer\OpenLiveWriter.Controls.dll [C:\Users\WilliamForney\source\repos\wforney\OpenLiveWriter\src\managed\OpenLiveWriter.ApplicationFramework\OpenLiveWriter.ApplicationFramework.csproj]
C:\Program Files\Microsoft Visual Studio\18\Enterprise\MSBuild\Current\Bin\Microsoft.Common.CurrentVersion.targets(2437,5): warning MSB3277:             C:\Users\WilliamForney\source\repos\wforney\OpenLiveWriter\src\managed\bin\Debug\i386\Writer\OpenLiveWriter.CoreServices.dll [C:\Users\WilliamForney\source\repos\wforney\OpenLiveWriter\src\managed\OpenLiveWriter.ApplicationFramework\OpenLiveWriter.ApplicationFramework.csproj]
C:\Program Files\Microsoft Visual Studio\18\Enterprise\MSBuild\Current\Bin\Microsoft.Common.CurrentVersion.targets(2437,5): warning MSB3277:             C:\Users\WilliamForney\source\repos\wforney\OpenLiveWriter\src\managed\bin\Debug\i386\Writer\OpenLiveWriter.Interop.dll [C:\Users\WilliamForney\source\repos\wforney\OpenLiveWriter\src\managed\OpenLiveWriter.ApplicationFramework\OpenLiveWriter.ApplicationFramework.csproj]
C:\Program Files\Microsoft Visual Studio\18\Enterprise\MSBuild\Current\Bin\Microsoft.Common.CurrentVersion.targets(2437,5): warning MSB3277:             C:\Users\WilliamForney\source\repos\wforney\OpenLiveWriter\src\managed\bin\Debug\i386\Writer\OpenLiveWriter.Localization.dll [C:\Users\WilliamForney\source\repos\wforney\OpenLiveWriter\src\managed\OpenLiveWriter.ApplicationFramework\OpenLiveWriter.ApplicationFramework.csproj]
C:\Program Files\Microsoft Visual Studio\18\Enterprise\MSBuild\Current\Bin\Microsoft.Common.CurrentVersion.targets(2437,5): warning MSB3277:             System.Design [C:\Users\WilliamForney\source\repos\wforney\OpenLiveWriter\src\managed\OpenLiveWriter.ApplicationFramework\OpenLiveWriter.ApplicationFramework.csproj]
C:\Program Files\Microsoft Visual Studio\18\Enterprise\MSBuild\Current\Bin\Microsoft.Common.CurrentVersion.targets(2437,5): warning MSB3277:             System.Web [C:\Users\WilliamForney\source\repos\wforney\OpenLiveWriter\src\managed\OpenLiveWriter.ApplicationFramework\OpenLiveWriter.ApplicationFramework.csproj]
C:\Program Files\Microsoft Visual Studio\18\Enterprise\MSBuild\Current\Bin\Microsoft.Common.CurrentVersion.targets(2437,5): warning MSB3277:             System.Data [C:\Users\WilliamForney\source\repos\wforney\OpenLiveWriter\src\managed\OpenLiveWriter.ApplicationFramework\OpenLiveWriter.ApplicationFramework.csproj]
  OpenLiveWriter.ApplicationFramework -> C:\Users\WilliamForney\source\repos\wforney\OpenLiveWriter\src\managed\bin\Debug\i386\Writer\OpenLiveWriter.ApplicationFramework.dll
C:\Program Files\Microsoft Visual Studio\18\Enterprise\MSBuild\Current\Bin\Microsoft.Common.CurrentVersion.targets(2437,5): warning MSB3277: Found conflicts between different versions of "System.Core" that could not be resolved. [C:\Users\WilliamForney\source\repos\wforney\OpenLiveWriter\src\managed\OpenLiveWriter.Api\OpenLiveWriter.Api.csproj]
C:\Program Files\Microsoft Visual Studio\18\Enterprise\MSBuild\Current\Bin\Microsoft.Common.CurrentVersion.targets(2437,5): warning MSB3277: There was a conflict between "System.Core, Version=3.5.0.0, Culture=neutral, PublicKeyToken=b77a5c561934e089" and "System.Core, Version=4.0.0.0, Culture=neutral, PublicKeyToken=b77a5c561934e089". [C:\Users\WilliamForney\source\repos\wforney\OpenLiveWriter\src\managed\OpenLiveWriter.Api\OpenLiveWriter.Api.csproj]
C:\Program Files\Microsoft Visual Studio\18\Enterprise\MSBuild\Current\Bin\Microsoft.Common.CurrentVersion.targets(2437,5): warning MSB3277:     "System.Core, Version=3.5.0.0, Culture=neutral, PublicKeyToken=b77a5c561934e089" was chosen because it was primary and "System.Core, Version=4.0.0.0, Culture=neutral, PublicKeyToken=b77a5c561934e089" was not. [C:\Users\WilliamForney\source\repos\wforney\OpenLiveWriter\src\managed\OpenLiveWriter.Api\OpenLiveWriter.Api.csproj]
C:\Program Files\Microsoft Visual Studio\18\Enterprise\MSBuild\Current\Bin\Microsoft.Common.CurrentVersion.targets(2437,5): warning MSB3277:     References which depend on "System.Core, Version=3.5.0.0, Culture=neutral, PublicKeyToken=b77a5c561934e089" [C:\Program Files (x86)\Reference Assemblies\Microsoft\Framework\v3.5\System.Core.dll]. [C:\Users\WilliamForney\source\repos\wforney\OpenLiveWriter\src\managed\OpenLiveWriter.Api\OpenLiveWriter.Api.csproj]
C:\Program Files\Microsoft Visual Studio\18\Enterprise\MSBuild\Current\Bin\Microsoft.Common.CurrentVersion.targets(2437,5): warning MSB3277:         C:\Program Files (x86)\Reference Assemblies\Microsoft\Framework\v3.5\System.Core.dll [C:\Users\WilliamForney\source\repos\wforney\OpenLiveWriter\src\managed\OpenLiveWriter.Api\OpenLiveWriter.Api.csproj]
C:\Program Files\Microsoft Visual Studio\18\Enterprise\MSBuild\Current\Bin\Microsoft.Common.CurrentVersion.targets(2437,5): warning MSB3277:           Project file item includes which caused reference "C:\Program Files (x86)\Reference Assemblies\Microsoft\Framework\v3.5\System.Core.dll". [C:\Users\WilliamForney\source\repos\wforney\OpenLiveWriter\src\managed\OpenLiveWriter.Api\OpenLiveWriter.Api.csproj]
C:\Program Files\Microsoft Visual Studio\18\Enterprise\MSBuild\Current\Bin\Microsoft.Common.CurrentVersion.targets(2437,5): warning MSB3277:             System.Core [C:\Users\WilliamForney\source\repos\wforney\OpenLiveWriter\src\managed\OpenLiveWriter.Api\OpenLiveWriter.Api.csproj]
C:\Program Files\Microsoft Visual Studio\18\Enterprise\MSBuild\Current\Bin\Microsoft.Common.CurrentVersion.targets(2437,5): warning MSB3277:     References which depend on or have been unified to "System.Core, Version=4.0.0.0, Culture=neutral, PublicKeyToken=b77a5c561934e089" [C:\Windows\Microsoft.Net\assembly\GAC_MSIL\System.Core\v4.0_4.0.0.0__b77a5c561934e089\System.Core.dll]. [C:\Users\WilliamForney\source\repos\wforney\OpenLiveWriter\src\managed\OpenLiveWriter.Api\OpenLiveWriter.Api.csproj]
C:\Program Files\Microsoft Visual Studio\18\Enterprise\MSBuild\Current\Bin\Microsoft.Common.CurrentVersion.targets(2437,5): warning MSB3277:         C:\Windows\Microsoft.Net\assembly\GAC_32\System.Data\v4.0_4.0.0.0__b77a5c561934e089\System.Data.dll [C:\Users\WilliamForney\source\repos\wforney\OpenLiveWriter\src\managed\OpenLiveWriter.Api\OpenLiveWriter.Api.csproj]
C:\Program Files\Microsoft Visual Studio\18\Enterprise\MSBuild\Current\Bin\Microsoft.Common.CurrentVersion.targets(2437,5): warning MSB3277:           Project file item includes which caused reference "C:\Windows\Microsoft.Net\assembly\GAC_32\System.Data\v4.0_4.0.0.0__b77a5c561934e089\System.Data.dll". [C:\Users\WilliamForney\source\repos\wforney\OpenLiveWriter\src\managed\OpenLiveWriter.Api\OpenLiveWriter.Api.csproj]
C:\Program Files\Microsoft Visual Studio\18\Enterprise\MSBuild\Current\Bin\Microsoft.Common.CurrentVersion.targets(2437,5): warning MSB3277:             System.Data [C:\Users\WilliamForney\source\repos\wforney\OpenLiveWriter\src\managed\OpenLiveWriter.Api\OpenLiveWriter.Api.csproj]
C:\Program Files\Microsoft Visual Studio\18\Enterprise\MSBuild\Current\Bin\Microsoft.Common.CurrentVersion.targets(2437,5): warning MSB3277:             C:\Users\WilliamForney\source\repos\wforney\OpenLiveWriter\src\managed\bin\Debug\i386\Writer\OpenLiveWriter.CoreServices.dll [C:\Users\WilliamForney\source\repos\wforney\OpenLiveWriter\src\managed\OpenLiveWriter.Api\OpenLiveWriter.Api.csproj]
C:\Program Files\Microsoft Visual Studio\18\Enterprise\MSBuild\Current\Bin\Microsoft.Common.CurrentVersion.targets(2437,5): warning MSB3277:             C:\Users\WilliamForney\source\repos\wforney\OpenLiveWriter\src\managed\bin\Debug\i386\Writer\OpenLiveWriter.Controls.dll [C:\Users\WilliamForney\source\repos\wforney\OpenLiveWriter\src\managed\OpenLiveWriter.Api\OpenLiveWriter.Api.csproj]
C:\Program Files\Microsoft Visual Studio\18\Enterprise\MSBuild\Current\Bin\Microsoft.Common.CurrentVersion.targets(2437,5): warning MSB3277:             C:\Users\WilliamForney\source\repos\wforney\OpenLiveWriter\src\managed\bin\Debug\i386\Writer\OpenLiveWriter.HtmlParser.dll [C:\Users\WilliamForney\source\repos\wforney\OpenLiveWriter\src\managed\OpenLiveWriter.Api\OpenLiveWriter.Api.csproj]
C:\Program Files\Microsoft Visual Studio\18\Enterprise\MSBuild\Current\Bin\Microsoft.Common.CurrentVersion.targets(2437,5): warning MSB3277:         C:\Windows\Microsoft.Net\assembly\GAC_MSIL\System.Windows.Forms\v4.0_4.0.0.0__b77a5c561934e089\System.Windows.Forms.dll [C:\Users\WilliamForney\source\repos\wforney\OpenLiveWriter\src\managed\OpenLiveWriter.Api\OpenLiveWriter.Api.csproj]
C:\Program Files\Microsoft Visual Studio\18\Enterprise\MSBuild\Current\Bin\Microsoft.Common.CurrentVersion.targets(2437,5): warning MSB3277:           Project file item includes which caused reference "C:\Windows\Microsoft.Net\assembly\GAC_MSIL\System.Windows.Forms\v4.0_4.0.0.0__b77a5c561934e089\System.Windows.Forms.dll". [C:\Users\WilliamForney\source\repos\wforney\OpenLiveWriter\src\managed\OpenLiveWriter.Api\OpenLiveWriter.Api.csproj]
C:\Program Files\Microsoft Visual Studio\18\Enterprise\MSBuild\Current\Bin\Microsoft.Common.CurrentVersion.targets(2437,5): warning MSB3277:             System.Windows.Forms [C:\Users\WilliamForney\source\repos\wforney\OpenLiveWriter\src\managed\OpenLiveWriter.Api\OpenLiveWriter.Api.csproj]
C:\Program Files\Microsoft Visual Studio\18\Enterprise\MSBuild\Current\Bin\Microsoft.Common.CurrentVersion.targets(2437,5): warning MSB3277:             C:\Users\WilliamForney\source\repos\wforney\OpenLiveWriter\src\managed\bin\Debug\i386\Writer\OpenLiveWriter.Controls.dll [C:\Users\WilliamForney\source\repos\wforney\OpenLiveWriter\src\managed\OpenLiveWriter.Api\OpenLiveWriter.Api.csproj]
C:\Program Files\Microsoft Visual Studio\18\Enterprise\MSBuild\Current\Bin\Microsoft.Common.CurrentVersion.targets(2437,5): warning MSB3277:             C:\Users\WilliamForney\source\repos\wforney\OpenLiveWriter\src\managed\bin\Debug\i386\Writer\OpenLiveWriter.CoreServices.dll [C:\Users\WilliamForney\source\repos\wforney\OpenLiveWriter\src\managed\OpenLiveWriter.Api\OpenLiveWriter.Api.csproj]
C:\Program Files\Microsoft Visual Studio\18\Enterprise\MSBuild\Current\Bin\Microsoft.Common.CurrentVersion.targets(2437,5): warning MSB3277:             C:\Users\WilliamForney\source\repos\wforney\OpenLiveWriter\src\managed\bin\Debug\i386\Writer\OpenLiveWriter.Interop.dll [C:\Users\WilliamForney\source\repos\wforney\OpenLiveWriter\src\managed\OpenLiveWriter.Api\OpenLiveWriter.Api.csproj]
C:\Program Files\Microsoft Visual Studio\18\Enterprise\MSBuild\Current\Bin\Microsoft.Common.CurrentVersion.targets(2437,5): warning MSB3277:             C:\Users\WilliamForney\source\repos\wforney\OpenLiveWriter\src\managed\bin\Debug\i386\Writer\OpenLiveWriter.Localization.dll [C:\Users\WilliamForney\source\repos\wforney\OpenLiveWriter\src\managed\OpenLiveWriter.Api\OpenLiveWriter.Api.csproj]
C:\Program Files\Microsoft Visual Studio\18\Enterprise\MSBuild\Current\Bin\Microsoft.Common.CurrentVersion.targets(2437,5): warning MSB3277:             System.Drawing.Design [C:\Users\WilliamForney\source\repos\wforney\OpenLiveWriter\src\managed\OpenLiveWriter.Api\OpenLiveWriter.Api.csproj]
C:\Program Files\Microsoft Visual Studio\18\Enterprise\MSBuild\Current\Bin\Microsoft.Common.CurrentVersion.targets(2437,5): warning MSB3277:             C:\Users\WilliamForney\source\repos\wforney\OpenLiveWriter\src\managed\bin\Debug\i386\Writer\OpenLiveWriter.HtmlParser.dll [C:\Users\WilliamForney\source\repos\wforney\OpenLiveWriter\src\managed\OpenLiveWriter.Api\OpenLiveWriter.Api.csproj]
C:\Program Files\Microsoft Visual Studio\18\Enterprise\MSBuild\Current\Bin\Microsoft.Common.CurrentVersion.targets(2437,5): warning MSB3277:             System.Data [C:\Users\WilliamForney\source\repos\wforney\OpenLiveWriter\src\managed\OpenLiveWriter.Api\OpenLiveWriter.Api.csproj]
C:\Program Files\Microsoft Visual Studio\18\Enterprise\MSBuild\Current\Bin\Microsoft.Common.CurrentVersion.targets(2437,5): warning MSB3277:         C:\Windows\Microsoft.Net\assembly\GAC_32\System.Web\v4.0_4.0.0.0__b03f5f7f11d50a3a\System.Web.dll [C:\Users\WilliamForney\source\repos\wforney\OpenLiveWriter\src\managed\OpenLiveWriter.Api\OpenLiveWriter.Api.csproj]
C:\Program Files\Microsoft Visual Studio\18\Enterprise\MSBuild\Current\Bin\Microsoft.Common.CurrentVersion.targets(2437,5): warning MSB3277:           Project file item includes which caused reference "C:\Windows\Microsoft.Net\assembly\GAC_32\System.Web\v4.0_4.0.0.0__b03f5f7f11d50a3a\System.Web.dll". [C:\Users\WilliamForney\source\repos\wforney\OpenLiveWriter\src\managed\OpenLiveWriter.Api\OpenLiveWriter.Api.csproj]
C:\Program Files\Microsoft Visual Studio\18\Enterprise\MSBuild\Current\Bin\Microsoft.Common.CurrentVersion.targets(2437,5): warning MSB3277:             C:\Users\WilliamForney\source\repos\wforney\OpenLiveWriter\src\managed\bin\Debug\i386\Writer\OpenLiveWriter.CoreServices.dll [C:\Users\WilliamForney\source\repos\wforney\OpenLiveWriter\src\managed\OpenLiveWriter.Api\OpenLiveWriter.Api.csproj]
C:\Program Files\Microsoft Visual Studio\18\Enterprise\MSBuild\Current\Bin\Microsoft.Common.CurrentVersion.targets(2437,5): warning MSB3277:             C:\Users\WilliamForney\source\repos\wforney\OpenLiveWriter\src\managed\bin\Debug\i386\Writer\OpenLiveWriter.Controls.dll [C:\Users\WilliamForney\source\repos\wforney\OpenLiveWriter\src\managed\OpenLiveWriter.Api\OpenLiveWriter.Api.csproj]
C:\Program Files\Microsoft Visual Studio\18\Enterprise\MSBuild\Current\Bin\Microsoft.Common.CurrentVersion.targets(2437,5): warning MSB3277:             C:\Users\WilliamForney\source\repos\wforney\OpenLiveWriter\src\managed\bin\Debug\i386\Writer\OpenLiveWriter.HtmlParser.dll [C:\Users\WilliamForney\source\repos\wforney\OpenLiveWriter\src\managed\OpenLiveWriter.Api\OpenLiveWriter.Api.csproj]
C:\Program Files\Microsoft Visual Studio\18\Enterprise\MSBuild\Current\Bin\Microsoft.Common.CurrentVersion.targets(2437,5): warning MSB3277:             System.Data [C:\Users\WilliamForney\source\repos\wforney\OpenLiveWriter\src\managed\OpenLiveWriter.Api\OpenLiveWriter.Api.csproj]
C:\Program Files\Microsoft Visual Studio\18\Enterprise\MSBuild\Current\Bin\Microsoft.Common.CurrentVersion.targets(2437,5): warning MSB3277:         C:\Windows\Microsoft.Net\assembly\GAC_MSIL\System.Configuration\v4.0_4.0.0.0__b03f5f7f11d50a3a\System.Configuration.dll [C:\Users\WilliamForney\source\repos\wforney\OpenLiveWriter\src\managed\OpenLiveWriter.Api\OpenLiveWriter.Api.csproj]
C:\Program Files\Microsoft Visual Studio\18\Enterprise\MSBuild\Current\Bin\Microsoft.Common.CurrentVersion.targets(2437,5): warning MSB3277:           Project file item includes which caused reference "C:\Windows\Microsoft.Net\assembly\GAC_MSIL\System.Configuration\v4.0_4.0.0.0__b03f5f7f11d50a3a\System.Configuration.dll". [C:\Users\WilliamForney\source\repos\wforney\OpenLiveWriter\src\managed\OpenLiveWriter.Api\OpenLiveWriter.Api.csproj]
C:\Program Files\Microsoft Visual Studio\18\Enterprise\MSBuild\Current\Bin\Microsoft.Common.CurrentVersion.targets(2437,5): warning MSB3277:             System [C:\Users\WilliamForney\source\repos\wforney\OpenLiveWriter\src\managed\OpenLiveWriter.Api\OpenLiveWriter.Api.csproj]
C:\Program Files\Microsoft Visual Studio\18\Enterprise\MSBuild\Current\Bin\Microsoft.Common.CurrentVersion.targets(2437,5): warning MSB3277:             C:\Users\WilliamForney\source\repos\wforney\OpenLiveWriter\src\managed\bin\Debug\i386\Writer\OpenLiveWriter.Controls.dll [C:\Users\WilliamForney\source\repos\wforney\OpenLiveWriter\src\managed\OpenLiveWriter.Api\OpenLiveWriter.Api.csproj]
C:\Program Files\Microsoft Visual Studio\18\Enterprise\MSBuild\Current\Bin\Microsoft.Common.CurrentVersion.targets(2437,5): warning MSB3277:             C:\Users\WilliamForney\source\repos\wforney\OpenLiveWriter\src\managed\bin\Debug\i386\Writer\OpenLiveWriter.CoreServices.dll [C:\Users\WilliamForney\source\repos\wforney\OpenLiveWriter\src\managed\OpenLiveWriter.Api\OpenLiveWriter.Api.csproj]
C:\Program Files\Microsoft Visual Studio\18\Enterprise\MSBuild\Current\Bin\Microsoft.Common.CurrentVersion.targets(2437,5): warning MSB3277:             C:\Users\WilliamForney\source\repos\wforney\OpenLiveWriter\src\managed\bin\Debug\i386\Writer\OpenLiveWriter.HtmlParser.dll [C:\Users\WilliamForney\source\repos\wforney\OpenLiveWriter\src\managed\OpenLiveWriter.Api\OpenLiveWriter.Api.csproj]
C:\Program Files\Microsoft Visual Studio\18\Enterprise\MSBuild\Current\Bin\Microsoft.Common.CurrentVersion.targets(2437,5): warning MSB3277:             C:\Users\WilliamForney\source\repos\wforney\OpenLiveWriter\src\managed\bin\Debug\i386\Writer\OpenLiveWriter.Interop.dll [C:\Users\WilliamForney\source\repos\wforney\OpenLiveWriter\src\managed\OpenLiveWriter.Api\OpenLiveWriter.Api.csproj]
C:\Program Files\Microsoft Visual Studio\18\Enterprise\MSBuild\Current\Bin\Microsoft.Common.CurrentVersion.targets(2437,5): warning MSB3277:             C:\Users\WilliamForney\source\repos\wforney\OpenLiveWriter\src\managed\bin\Debug\i386\Writer\OpenLiveWriter.Localization.dll [C:\Users\WilliamForney\source\repos\wforney\OpenLiveWriter\src\managed\OpenLiveWriter.Api\OpenLiveWriter.Api.csproj]
C:\Program Files\Microsoft Visual Studio\18\Enterprise\MSBuild\Current\Bin\Microsoft.Common.CurrentVersion.targets(2437,5): warning MSB3277:             System.Data [C:\Users\WilliamForney\source\repos\wforney\OpenLiveWriter\src\managed\OpenLiveWriter.Api\OpenLiveWriter.Api.csproj]
C:\Program Files\Microsoft Visual Studio\18\Enterprise\MSBuild\Current\Bin\Microsoft.Common.CurrentVersion.targets(2437,5): warning MSB3277:             System.Drawing [C:\Users\WilliamForney\source\repos\wforney\OpenLiveWriter\src\managed\OpenLiveWriter.Api\OpenLiveWriter.Api.csproj]
C:\Program Files\Microsoft Visual Studio\18\Enterprise\MSBuild\Current\Bin\Microsoft.Common.CurrentVersion.targets(2437,5): warning MSB3277:             System.Drawing.Design [C:\Users\WilliamForney\source\repos\wforney\OpenLiveWriter\src\managed\OpenLiveWriter.Api\OpenLiveWriter.Api.csproj]
C:\Program Files\Microsoft Visual Studio\18\Enterprise\MSBuild\Current\Bin\Microsoft.Common.CurrentVersion.targets(2437,5): warning MSB3277:             System.Windows.Forms [C:\Users\WilliamForney\source\repos\wforney\OpenLiveWriter\src\managed\OpenLiveWriter.Api\OpenLiveWriter.Api.csproj]
C:\Program Files\Microsoft Visual Studio\18\Enterprise\MSBuild\Current\Bin\Microsoft.Common.CurrentVersion.targets(2437,5): warning MSB3277:             System.Xml [C:\Users\WilliamForney\source\repos\wforney\OpenLiveWriter\src\managed\OpenLiveWriter.Api\OpenLiveWriter.Api.csproj]
C:\Program Files\Microsoft Visual Studio\18\Enterprise\MSBuild\Current\Bin\Microsoft.Common.CurrentVersion.targets(2437,5): warning MSB3277:             System.Core [C:\Users\WilliamForney\source\repos\wforney\OpenLiveWriter\src\managed\OpenLiveWriter.Api\OpenLiveWriter.Api.csproj]
C:\Program Files\Microsoft Visual Studio\18\Enterprise\MSBuild\Current\Bin\Microsoft.Common.CurrentVersion.targets(2437,5): warning MSB3277:         C:\Windows\Microsoft.Net\assembly\GAC_MSIL\System.Deployment\v4.0_4.0.0.0__b03f5f7f11d50a3a\System.Deployment.dll [C:\Users\WilliamForney\source\repos\wforney\OpenLiveWriter\src\managed\OpenLiveWriter.Api\OpenLiveWriter.Api.csproj]
C:\Program Files\Microsoft Visual Studio\18\Enterprise\MSBuild\Current\Bin\Microsoft.Common.CurrentVersion.targets(2437,5): warning MSB3277:           Project file item includes which caused reference "C:\Windows\Microsoft.Net\assembly\GAC_MSIL\System.Deployment\v4.0_4.0.0.0__b03f5f7f11d50a3a\System.Deployment.dll". [C:\Users\WilliamForney\source\repos\wforney\OpenLiveWriter\src\managed\OpenLiveWriter.Api\OpenLiveWriter.Api.csproj]
C:\Program Files\Microsoft Visual Studio\18\Enterprise\MSBuild\Current\Bin\Microsoft.Common.CurrentVersion.targets(2437,5): warning MSB3277:             System.Windows.Forms [C:\Users\WilliamForney\source\repos\wforney\OpenLiveWriter\src\managed\OpenLiveWriter.Api\OpenLiveWriter.Api.csproj]
C:\Program Files\Microsoft Visual Studio\18\Enterprise\MSBuild\Current\Bin\Microsoft.Common.CurrentVersion.targets(2437,5): warning MSB3277:             C:\Users\WilliamForney\source\repos\wforney\OpenLiveWriter\src\managed\bin\Debug\i386\Writer\OpenLiveWriter.Controls.dll [C:\Users\WilliamForney\source\repos\wforney\OpenLiveWriter\src\managed\OpenLiveWriter.Api\OpenLiveWriter.Api.csproj]
C:\Program Files\Microsoft Visual Studio\18\Enterprise\MSBuild\Current\Bin\Microsoft.Common.CurrentVersion.targets(2437,5): warning MSB3277:             C:\Users\WilliamForney\source\repos\wforney\OpenLiveWriter\src\managed\bin\Debug\i386\Writer\OpenLiveWriter.CoreServices.dll [C:\Users\WilliamForney\source\repos\wforney\OpenLiveWriter\src\managed\OpenLiveWriter.Api\OpenLiveWriter.Api.csproj]
C:\Program Files\Microsoft Visual Studio\18\Enterprise\MSBuild\Current\Bin\Microsoft.Common.CurrentVersion.targets(2437,5): warning MSB3277:             C:\Users\WilliamForney\source\repos\wforney\OpenLiveWriter\src\managed\bin\Debug\i386\Writer\OpenLiveWriter.Interop.dll [C:\Users\WilliamForney\source\repos\wforney\OpenLiveWriter\src\managed\OpenLiveWriter.Api\OpenLiveWriter.Api.csproj]
C:\Program Files\Microsoft Visual Studio\18\Enterprise\MSBuild\Current\Bin\Microsoft.Common.CurrentVersion.targets(2437,5): warning MSB3277:             C:\Users\WilliamForney\source\repos\wforney\OpenLiveWriter\src\managed\bin\Debug\i386\Writer\OpenLiveWriter.Localization.dll [C:\Users\WilliamForney\source\repos\wforney\OpenLiveWriter\src\managed\OpenLiveWriter.Api\OpenLiveWriter.Api.csproj]
C:\Program Files\Microsoft Visual Studio\18\Enterprise\MSBuild\Current\Bin\Microsoft.Common.CurrentVersion.targets(2437,5): warning MSB3277:             System.Drawing.Design [C:\Users\WilliamForney\source\repos\wforney\OpenLiveWriter\src\managed\OpenLiveWriter.Api\OpenLiveWriter.Api.csproj]
C:\Program Files\Microsoft Visual Studio\18\Enterprise\MSBuild\Current\Bin\Microsoft.Common.CurrentVersion.targets(2437,5): warning MSB3277:             C:\Users\WilliamForney\source\repos\wforney\OpenLiveWriter\src\managed\bin\Debug\i386\Writer\OpenLiveWriter.HtmlParser.dll [C:\Users\WilliamForney\source\repos\wforney\OpenLiveWriter\src\managed\OpenLiveWriter.Api\OpenLiveWriter.Api.csproj]
C:\Program Files\Microsoft Visual Studio\18\Enterprise\MSBuild\Current\Bin\Microsoft.Common.CurrentVersion.targets(2437,5): warning MSB3277:             System.Data [C:\Users\WilliamForney\source\repos\wforney\OpenLiveWriter\src\managed\OpenLiveWriter.Api\OpenLiveWriter.Api.csproj]
C:\Program Files\Microsoft Visual Studio\18\Enterprise\MSBuild\Current\Bin\Microsoft.Common.CurrentVersion.targets(2437,5): warning MSB3277:         C:\Windows\Microsoft.Net\assembly\GAC_MSIL\System.Design\v4.0_4.0.0.0__b03f5f7f11d50a3a\System.Design.dll [C:\Users\WilliamForney\source\repos\wforney\OpenLiveWriter\src\managed\OpenLiveWriter.Api\OpenLiveWriter.Api.csproj]
C:\Program Files\Microsoft Visual Studio\18\Enterprise\MSBuild\Current\Bin\Microsoft.Common.CurrentVersion.targets(2437,5): warning MSB3277:           Project file item includes which caused reference "C:\Windows\Microsoft.Net\assembly\GAC_MSIL\System.Design\v4.0_4.0.0.0__b03f5f7f11d50a3a\System.Design.dll". [C:\Users\WilliamForney\source\repos\wforney\OpenLiveWriter\src\managed\OpenLiveWriter.Api\OpenLiveWriter.Api.csproj]
C:\Program Files\Microsoft Visual Studio\18\Enterprise\MSBuild\Current\Bin\Microsoft.Common.CurrentVersion.targets(2437,5): warning MSB3277:             C:\Users\WilliamForney\source\repos\wforney\OpenLiveWriter\src\managed\bin\Debug\i386\Writer\OpenLiveWriter.CoreServices.dll [C:\Users\WilliamForney\source\repos\wforney\OpenLiveWriter\src\managed\OpenLiveWriter.Api\OpenLiveWriter.Api.csproj]
C:\Program Files\Microsoft Visual Studio\18\Enterprise\MSBuild\Current\Bin\Microsoft.Common.CurrentVersion.targets(2437,5): warning MSB3277:             C:\Users\WilliamForney\source\repos\wforney\OpenLiveWriter\src\managed\bin\Debug\i386\Writer\OpenLiveWriter.Controls.dll [C:\Users\WilliamForney\source\repos\wforney\OpenLiveWriter\src\managed\OpenLiveWriter.Api\OpenLiveWriter.Api.csproj]
C:\Program Files\Microsoft Visual Studio\18\Enterprise\MSBuild\Current\Bin\Microsoft.Common.CurrentVersion.targets(2437,5): warning MSB3277:             C:\Users\WilliamForney\source\repos\wforney\OpenLiveWriter\src\managed\bin\Debug\i386\Writer\OpenLiveWriter.HtmlParser.dll [C:\Users\WilliamForney\source\repos\wforney\OpenLiveWriter\src\managed\OpenLiveWriter.Api\OpenLiveWriter.Api.csproj]
C:\Program Files\Microsoft Visual Studio\18\Enterprise\MSBuild\Current\Bin\Microsoft.Common.CurrentVersion.targets(2437,5): warning MSB3277:             System.Data [C:\Users\WilliamForney\source\repos\wforney\OpenLiveWriter\src\managed\OpenLiveWriter.Api\OpenLiveWriter.Api.csproj]
C:\Program Files\Microsoft Visual Studio\18\Enterprise\MSBuild\Current\Bin\Microsoft.Common.CurrentVersion.targets(2437,5): warning MSB3277:         C:\Windows\Microsoft.Net\assembly\GAC_MSIL\System.ComponentModel.DataAnnotations\v4.0_4.0.0.0__31bf3856ad364e35\System.ComponentModel.DataAnnotations.dll [C:\Users\WilliamForney\source\repos\wforney\OpenLiveWriter\src\managed\OpenLiveWriter.Api\OpenLiveWriter.Api.csproj]
C:\Program Files\Microsoft Visual Studio\18\Enterprise\MSBuild\Current\Bin\Microsoft.Common.CurrentVersion.targets(2437,5): warning MSB3277:           Project file item includes which caused reference "C:\Windows\Microsoft.Net\assembly\GAC_MSIL\System.ComponentModel.DataAnnotations\v4.0_4.0.0.0__31bf3856ad364e35\System.ComponentModel.DataAnnotations.dll". [C:\Users\WilliamForney\source\repos\wforney\OpenLiveWriter\src\managed\OpenLiveWriter.Api\OpenLiveWriter.Api.csproj]
C:\Program Files\Microsoft Visual Studio\18\Enterprise\MSBuild\Current\Bin\Microsoft.Common.CurrentVersion.targets(2437,5): warning MSB3277:             C:\Users\WilliamForney\source\repos\wforney\OpenLiveWriter\src\managed\bin\Debug\i386\Writer\OpenLiveWriter.CoreServices.dll [C:\Users\WilliamForney\source\repos\wforney\OpenLiveWriter\src\managed\OpenLiveWriter.Api\OpenLiveWriter.Api.csproj]
C:\Program Files\Microsoft Visual Studio\18\Enterprise\MSBuild\Current\Bin\Microsoft.Common.CurrentVersion.targets(2437,5): warning MSB3277:             C:\Users\WilliamForney\source\repos\wforney\OpenLiveWriter\src\managed\bin\Debug\i386\Writer\OpenLiveWriter.Controls.dll [C:\Users\WilliamForney\source\repos\wforney\OpenLiveWriter\src\managed\OpenLiveWriter.Api\OpenLiveWriter.Api.csproj]
C:\Program Files\Microsoft Visual Studio\18\Enterprise\MSBuild\Current\Bin\Microsoft.Common.CurrentVersion.targets(2437,5): warning MSB3277:             C:\Users\WilliamForney\source\repos\wforney\OpenLiveWriter\src\managed\bin\Debug\i386\Writer\OpenLiveWriter.HtmlParser.dll [C:\Users\WilliamForney\source\repos\wforney\OpenLiveWriter\src\managed\OpenLiveWriter.Api\OpenLiveWriter.Api.csproj]
C:\Program Files\Microsoft Visual Studio\18\Enterprise\MSBuild\Current\Bin\Microsoft.Common.CurrentVersion.targets(2437,5): warning MSB3277:             System.Data [C:\Users\WilliamForney\source\repos\wforney\OpenLiveWriter\src\managed\OpenLiveWriter.Api\OpenLiveWriter.Api.csproj]
C:\Program Files\Microsoft Visual Studio\18\Enterprise\MSBuild\Current\Bin\Microsoft.Common.CurrentVersion.targets(2437,5): warning MSB3277:         C:\Windows\Microsoft.Net\assembly\GAC_MSIL\Microsoft.Build.Utilities.v4.0\v4.0_4.0.0.0__b03f5f7f11d50a3a\Microsoft.Build.Utilities.v4.0.dll [C:\Users\WilliamForney\source\repos\wforney\OpenLiveWriter\src\managed\OpenLiveWriter.Api\OpenLiveWriter.Api.csproj]
C:\Program Files\Microsoft Visual Studio\18\Enterprise\MSBuild\Current\Bin\Microsoft.Common.CurrentVersion.targets(2437,5): warning MSB3277:           Project file item includes which caused reference "C:\Windows\Microsoft.Net\assembly\GAC_MSIL\Microsoft.Build.Utilities.v4.0\v4.0_4.0.0.0__b03f5f7f11d50a3a\Microsoft.Build.Utilities.v4.0.dll". [C:\Users\WilliamForney\source\repos\wforney\OpenLiveWriter\src\managed\OpenLiveWriter.Api\OpenLiveWriter.Api.csproj]
C:\Program Files\Microsoft Visual Studio\18\Enterprise\MSBuild\Current\Bin\Microsoft.Common.CurrentVersion.targets(2437,5): warning MSB3277:             C:\Users\WilliamForney\source\repos\wforney\OpenLiveWriter\src\managed\bin\Debug\i386\Writer\OpenLiveWriter.CoreServices.dll [C:\Users\WilliamForney\source\repos\wforney\OpenLiveWriter\src\managed\OpenLiveWriter.Api\OpenLiveWriter.Api.csproj]
C:\Program Files\Microsoft Visual Studio\18\Enterprise\MSBuild\Current\Bin\Microsoft.Common.CurrentVersion.targets(2437,5): warning MSB3277:             C:\Users\WilliamForney\source\repos\wforney\OpenLiveWriter\src\managed\bin\Debug\i386\Writer\OpenLiveWriter.Controls.dll [C:\Users\WilliamForney\source\repos\wforney\OpenLiveWriter\src\managed\OpenLiveWriter.Api\OpenLiveWriter.Api.csproj]
C:\Program Files\Microsoft Visual Studio\18\Enterprise\MSBuild\Current\Bin\Microsoft.Common.CurrentVersion.targets(2437,5): warning MSB3277:             C:\Users\WilliamForney\source\repos\wforney\OpenLiveWriter\src\managed\bin\Debug\i386\Writer\OpenLiveWriter.HtmlParser.dll [C:\Users\WilliamForney\source\repos\wforney\OpenLiveWriter\src\managed\OpenLiveWriter.Api\OpenLiveWriter.Api.csproj]
C:\Program Files\Microsoft Visual Studio\18\Enterprise\MSBuild\Current\Bin\Microsoft.Common.CurrentVersion.targets(2437,5): warning MSB3277:             System.Data [C:\Users\WilliamForney\source\repos\wforney\OpenLiveWriter\src\managed\OpenLiveWriter.Api\OpenLiveWriter.Api.csproj]
C:\Program Files\Microsoft Visual Studio\18\Enterprise\MSBuild\Current\Bin\Microsoft.Common.CurrentVersion.targets(2437,5): warning MSB3277:         C:\Windows\Microsoft.Net\assembly\GAC_MSIL\Microsoft.Build.Tasks.v4.0\v4.0_4.0.0.0__b03f5f7f11d50a3a\Microsoft.Build.Tasks.v4.0.dll [C:\Users\WilliamForney\source\repos\wforney\OpenLiveWriter\src\managed\OpenLiveWriter.Api\OpenLiveWriter.Api.csproj]
C:\Program Files\Microsoft Visual Studio\18\Enterprise\MSBuild\Current\Bin\Microsoft.Common.CurrentVersion.targets(2437,5): warning MSB3277:           Project file item includes which caused reference "C:\Windows\Microsoft.Net\assembly\GAC_MSIL\Microsoft.Build.Tasks.v4.0\v4.0_4.0.0.0__b03f5f7f11d50a3a\Microsoft.Build.Tasks.v4.0.dll". [C:\Users\WilliamForney\source\repos\wforney\OpenLiveWriter\src\managed\OpenLiveWriter.Api\OpenLiveWriter.Api.csproj]
C:\Program Files\Microsoft Visual Studio\18\Enterprise\MSBuild\Current\Bin\Microsoft.Common.CurrentVersion.targets(2437,5): warning MSB3277:             C:\Users\WilliamForney\source\repos\wforney\OpenLiveWriter\src\managed\bin\Debug\i386\Writer\OpenLiveWriter.CoreServices.dll [C:\Users\WilliamForney\source\repos\wforney\OpenLiveWriter\src\managed\OpenLiveWriter.Api\OpenLiveWriter.Api.csproj]
C:\Program Files\Microsoft Visual Studio\18\Enterprise\MSBuild\Current\Bin\Microsoft.Common.CurrentVersion.targets(2437,5): warning MSB3277:             C:\Users\WilliamForney\source\repos\wforney\OpenLiveWriter\src\managed\bin\Debug\i386\Writer\OpenLiveWriter.Controls.dll [C:\Users\WilliamForney\source\repos\wforney\OpenLiveWriter\src\managed\OpenLiveWriter.Api\OpenLiveWriter.Api.csproj]
C:\Program Files\Microsoft Visual Studio\18\Enterprise\MSBuild\Current\Bin\Microsoft.Common.CurrentVersion.targets(2437,5): warning MSB3277:             C:\Users\WilliamForney\source\repos\wforney\OpenLiveWriter\src\managed\bin\Debug\i386\Writer\OpenLiveWriter.HtmlParser.dll [C:\Users\WilliamForney\source\repos\wforney\OpenLiveWriter\src\managed\OpenLiveWriter.Api\OpenLiveWriter.Api.csproj]
C:\Program Files\Microsoft Visual Studio\18\Enterprise\MSBuild\Current\Bin\Microsoft.Common.CurrentVersion.targets(2437,5): warning MSB3277:             System.Data [C:\Users\WilliamForney\source\repos\wforney\OpenLiveWriter\src\managed\OpenLiveWriter.Api\OpenLiveWriter.Api.csproj]
  OpenLiveWriter.Api -> C:\Users\WilliamForney\source\repos\wforney\OpenLiveWriter\src\managed\bin\Debug\i386\Writer\OpenLiveWriter.Api.dll
C:\Program Files\Microsoft Visual Studio\18\Enterprise\MSBuild\Current\Bin\Microsoft.Common.CurrentVersion.targets(2437,5): warning MSB3277: Found conflicts between different versions of "System.Core" that could not be resolved. [C:\Users\WilliamForney\source\repos\wforney\OpenLiveWriter\src\managed\LocUtil\LocUtil.csproj]
C:\Program Files\Microsoft Visual Studio\18\Enterprise\MSBuild\Current\Bin\Microsoft.Common.CurrentVersion.targets(2437,5): warning MSB3277: There was a conflict between "System.Core, Version=3.5.0.0, Culture=neutral, PublicKeyToken=b77a5c561934e089" and "System.Core, Version=4.0.0.0, Culture=neutral, PublicKeyToken=b77a5c561934e089". [C:\Users\WilliamForney\source\repos\wforney\OpenLiveWriter\src\managed\LocUtil\LocUtil.csproj]
C:\Program Files\Microsoft Visual Studio\18\Enterprise\MSBuild\Current\Bin\Microsoft.Common.CurrentVersion.targets(2437,5): warning MSB3277:     "System.Core, Version=3.5.0.0, Culture=neutral, PublicKeyToken=b77a5c561934e089" was chosen because it was primary and "System.Core, Version=4.0.0.0, Culture=neutral, PublicKeyToken=b77a5c561934e089" was not. [C:\Users\WilliamForney\source\repos\wforney\OpenLiveWriter\src\managed\LocUtil\LocUtil.csproj]
C:\Program Files\Microsoft Visual Studio\18\Enterprise\MSBuild\Current\Bin\Microsoft.Common.CurrentVersion.targets(2437,5): warning MSB3277:     References which depend on "System.Core, Version=3.5.0.0, Culture=neutral, PublicKeyToken=b77a5c561934e089" [C:\Program Files (x86)\Reference Assemblies\Microsoft\Framework\v3.5\System.Core.dll]. [C:\Users\WilliamForney\source\repos\wforney\OpenLiveWriter\src\managed\LocUtil\LocUtil.csproj]
C:\Program Files\Microsoft Visual Studio\18\Enterprise\MSBuild\Current\Bin\Microsoft.Common.CurrentVersion.targets(2437,5): warning MSB3277:         C:\Program Files (x86)\Reference Assemblies\Microsoft\Framework\v3.5\System.Core.dll [C:\Users\WilliamForney\source\repos\wforney\OpenLiveWriter\src\managed\LocUtil\LocUtil.csproj]
C:\Program Files\Microsoft Visual Studio\18\Enterprise\MSBuild\Current\Bin\Microsoft.Common.CurrentVersion.targets(2437,5): warning MSB3277:           Project file item includes which caused reference "C:\Program Files (x86)\Reference Assemblies\Microsoft\Framework\v3.5\System.Core.dll". [C:\Users\WilliamForney\source\repos\wforney\OpenLiveWriter\src\managed\LocUtil\LocUtil.csproj]
C:\Program Files\Microsoft Visual Studio\18\Enterprise\MSBuild\Current\Bin\Microsoft.Common.CurrentVersion.targets(2437,5): warning MSB3277:             System.Core [C:\Users\WilliamForney\source\repos\wforney\OpenLiveWriter\src\managed\LocUtil\LocUtil.csproj]
C:\Program Files\Microsoft Visual Studio\18\Enterprise\MSBuild\Current\Bin\Microsoft.Common.CurrentVersion.targets(2437,5): warning MSB3277:     References which depend on or have been unified to "System.Core, Version=4.0.0.0, Culture=neutral, PublicKeyToken=b77a5c561934e089" [C:\Windows\Microsoft.Net\assembly\GAC_MSIL\System.Core\v4.0_4.0.0.0__b77a5c561934e089\System.Core.dll]. [C:\Users\WilliamForney\source\repos\wforney\OpenLiveWriter\src\managed\LocUtil\LocUtil.csproj]
C:\Program Files\Microsoft Visual Studio\18\Enterprise\MSBuild\Current\Bin\Microsoft.Common.CurrentVersion.targets(2437,5): warning MSB3277:         C:\Windows\Microsoft.Net\assembly\GAC_MSIL\System.Configuration\v4.0_4.0.0.0__b03f5f7f11d50a3a\System.Configuration.dll [C:\Users\WilliamForney\source\repos\wforney\OpenLiveWriter\src\managed\LocUtil\LocUtil.csproj]
C:\Program Files\Microsoft Visual Studio\18\Enterprise\MSBuild\Current\Bin\Microsoft.Common.CurrentVersion.targets(2437,5): warning MSB3277:           Project file item includes which caused reference "C:\Windows\Microsoft.Net\assembly\GAC_MSIL\System.Configuration\v4.0_4.0.0.0__b03f5f7f11d50a3a\System.Configuration.dll". [C:\Users\WilliamForney\source\repos\wforney\OpenLiveWriter\src\managed\LocUtil\LocUtil.csproj]
C:\Program Files\Microsoft Visual Studio\18\Enterprise\MSBuild\Current\Bin\Microsoft.Common.CurrentVersion.targets(2437,5): warning MSB3277:             System.Configuration [C:\Users\WilliamForney\source\repos\wforney\OpenLiveWriter\src\managed\LocUtil\LocUtil.csproj]
C:\Program Files\Microsoft Visual Studio\18\Enterprise\MSBuild\Current\Bin\Microsoft.Common.CurrentVersion.targets(2437,5): warning MSB3277:             System [C:\Users\WilliamForney\source\repos\wforney\OpenLiveWriter\src\managed\LocUtil\LocUtil.csproj]
C:\Program Files\Microsoft Visual Studio\18\Enterprise\MSBuild\Current\Bin\Microsoft.Common.CurrentVersion.targets(2437,5): warning MSB3277:             C:\Users\WilliamForney\source\repos\wforney\OpenLiveWriter\src\managed\bin\Debug\i386\Writer\OpenLiveWriter.ApplicationFramework.dll [C:\Users\WilliamForney\source\repos\wforney\OpenLiveWriter\src\managed\LocUtil\LocUtil.csproj]
C:\Program Files\Microsoft Visual Studio\18\Enterprise\MSBuild\Current\Bin\Microsoft.Common.CurrentVersion.targets(2437,5): warning MSB3277:             C:\Users\WilliamForney\source\repos\wforney\OpenLiveWriter\src\managed\bin\Debug\i386\Writer\OpenLiveWriter.Controls.dll [C:\Users\WilliamForney\source\repos\wforney\OpenLiveWriter\src\managed\LocUtil\LocUtil.csproj]
C:\Program Files\Microsoft Visual Studio\18\Enterprise\MSBuild\Current\Bin\Microsoft.Common.CurrentVersion.targets(2437,5): warning MSB3277:             C:\Users\WilliamForney\source\repos\wforney\OpenLiveWriter\src\managed\bin\Debug\i386\Writer\OpenLiveWriter.CoreServices.dll [C:\Users\WilliamForney\source\repos\wforney\OpenLiveWriter\src\managed\LocUtil\LocUtil.csproj]
C:\Program Files\Microsoft Visual Studio\18\Enterprise\MSBuild\Current\Bin\Microsoft.Common.CurrentVersion.targets(2437,5): warning MSB3277:             C:\Users\WilliamForney\source\repos\wforney\OpenLiveWriter\src\managed\bin\Debug\i386\Writer\OpenLiveWriter.Interop.dll [C:\Users\WilliamForney\source\repos\wforney\OpenLiveWriter\src\managed\LocUtil\LocUtil.csproj]
C:\Program Files\Microsoft Visual Studio\18\Enterprise\MSBuild\Current\Bin\Microsoft.Common.CurrentVersion.targets(2437,5): warning MSB3277:             C:\Users\WilliamForney\source\repos\wforney\OpenLiveWriter\src\managed\bin\Debug\i386\Writer\OpenLiveWriter.Localization.dll [C:\Users\WilliamForney\source\repos\wforney\OpenLiveWriter\src\managed\LocUtil\LocUtil.csproj]
C:\Program Files\Microsoft Visual Studio\18\Enterprise\MSBuild\Current\Bin\Microsoft.Common.CurrentVersion.targets(2437,5): warning MSB3277:             System.Data [C:\Users\WilliamForney\source\repos\wforney\OpenLiveWriter\src\managed\LocUtil\LocUtil.csproj]
C:\Program Files\Microsoft Visual Studio\18\Enterprise\MSBuild\Current\Bin\Microsoft.Common.CurrentVersion.targets(2437,5): warning MSB3277:             System.Drawing [C:\Users\WilliamForney\source\repos\wforney\OpenLiveWriter\src\managed\LocUtil\LocUtil.csproj]
C:\Program Files\Microsoft Visual Studio\18\Enterprise\MSBuild\Current\Bin\Microsoft.Common.CurrentVersion.targets(2437,5): warning MSB3277:             System.Windows.Forms [C:\Users\WilliamForney\source\repos\wforney\OpenLiveWriter\src\managed\LocUtil\LocUtil.csproj]
C:\Program Files\Microsoft Visual Studio\18\Enterprise\MSBuild\Current\Bin\Microsoft.Common.CurrentVersion.targets(2437,5): warning MSB3277:             System.Xml [C:\Users\WilliamForney\source\repos\wforney\OpenLiveWriter\src\managed\LocUtil\LocUtil.csproj]
C:\Program Files\Microsoft Visual Studio\18\Enterprise\MSBuild\Current\Bin\Microsoft.Common.CurrentVersion.targets(2437,5): warning MSB3277:             System.Core [C:\Users\WilliamForney\source\repos\wforney\OpenLiveWriter\src\managed\LocUtil\LocUtil.csproj]
C:\Program Files\Microsoft Visual Studio\18\Enterprise\MSBuild\Current\Bin\Microsoft.Common.CurrentVersion.targets(2437,5): warning MSB3277:         C:\Windows\Microsoft.Net\assembly\GAC_32\System.Data\v4.0_4.0.0.0__b77a5c561934e089\System.Data.dll [C:\Users\WilliamForney\source\repos\wforney\OpenLiveWriter\src\managed\LocUtil\LocUtil.csproj]
C:\Program Files\Microsoft Visual Studio\18\Enterprise\MSBuild\Current\Bin\Microsoft.Common.CurrentVersion.targets(2437,5): warning MSB3277:           Project file item includes which caused reference "C:\Windows\Microsoft.Net\assembly\GAC_32\System.Data\v4.0_4.0.0.0__b77a5c561934e089\System.Data.dll". [C:\Users\WilliamForney\source\repos\wforney\OpenLiveWriter\src\managed\LocUtil\LocUtil.csproj]
C:\Program Files\Microsoft Visual Studio\18\Enterprise\MSBuild\Current\Bin\Microsoft.Common.CurrentVersion.targets(2437,5): warning MSB3277:             System.Data [C:\Users\WilliamForney\source\repos\wforney\OpenLiveWriter\src\managed\LocUtil\LocUtil.csproj]
C:\Program Files\Microsoft Visual Studio\18\Enterprise\MSBuild\Current\Bin\Microsoft.Common.CurrentVersion.targets(2437,5): warning MSB3277:             C:\Users\WilliamForney\source\repos\wforney\OpenLiveWriter\src\managed\bin\Debug\i386\Writer\OpenLiveWriter.ApplicationFramework.dll [C:\Users\WilliamForney\source\repos\wforney\OpenLiveWriter\src\managed\LocUtil\LocUtil.csproj]
C:\Program Files\Microsoft Visual Studio\18\Enterprise\MSBuild\Current\Bin\Microsoft.Common.CurrentVersion.targets(2437,5): warning MSB3277:             C:\Users\WilliamForney\source\repos\wforney\OpenLiveWriter\src\managed\bin\Debug\i386\Writer\OpenLiveWriter.CoreServices.dll [C:\Users\WilliamForney\source\repos\wforney\OpenLiveWriter\src\managed\LocUtil\LocUtil.csproj]
C:\Program Files\Microsoft Visual Studio\18\Enterprise\MSBuild\Current\Bin\Microsoft.Common.CurrentVersion.targets(2437,5): warning MSB3277:             C:\Users\WilliamForney\source\repos\wforney\OpenLiveWriter\src\managed\bin\Debug\i386\Writer\OpenLiveWriter.Controls.dll [C:\Users\WilliamForney\source\repos\wforney\OpenLiveWriter\src\managed\LocUtil\LocUtil.csproj]
C:\Program Files\Microsoft Visual Studio\18\Enterprise\MSBuild\Current\Bin\Microsoft.Common.CurrentVersion.targets(2437,5): warning MSB3277:         C:\Windows\Microsoft.Net\assembly\GAC_MSIL\System.Windows.Forms\v4.0_4.0.0.0__b77a5c561934e089\System.Windows.Forms.dll [C:\Users\WilliamForney\source\repos\wforney\OpenLiveWriter\src\managed\LocUtil\LocUtil.csproj]
C:\Program Files\Microsoft Visual Studio\18\Enterprise\MSBuild\Current\Bin\Microsoft.Common.CurrentVersion.targets(2437,5): warning MSB3277:           Project file item includes which caused reference "C:\Windows\Microsoft.Net\assembly\GAC_MSIL\System.Windows.Forms\v4.0_4.0.0.0__b77a5c561934e089\System.Windows.Forms.dll". [C:\Users\WilliamForney\source\repos\wforney\OpenLiveWriter\src\managed\LocUtil\LocUtil.csproj]
C:\Program Files\Microsoft Visual Studio\18\Enterprise\MSBuild\Current\Bin\Microsoft.Common.CurrentVersion.targets(2437,5): warning MSB3277:             System.Windows.Forms [C:\Users\WilliamForney\source\repos\wforney\OpenLiveWriter\src\managed\LocUtil\LocUtil.csproj]
C:\Program Files\Microsoft Visual Studio\18\Enterprise\MSBuild\Current\Bin\Microsoft.Common.CurrentVersion.targets(2437,5): warning MSB3277:             C:\Users\WilliamForney\source\repos\wforney\OpenLiveWriter\src\managed\bin\Debug\i386\Writer\OpenLiveWriter.ApplicationFramework.dll [C:\Users\WilliamForney\source\repos\wforney\OpenLiveWriter\src\managed\LocUtil\LocUtil.csproj]
C:\Program Files\Microsoft Visual Studio\18\Enterprise\MSBuild\Current\Bin\Microsoft.Common.CurrentVersion.targets(2437,5): warning MSB3277:             C:\Users\WilliamForney\source\repos\wforney\OpenLiveWriter\src\managed\bin\Debug\i386\Writer\OpenLiveWriter.Controls.dll [C:\Users\WilliamForney\source\repos\wforney\OpenLiveWriter\src\managed\LocUtil\LocUtil.csproj]
C:\Program Files\Microsoft Visual Studio\18\Enterprise\MSBuild\Current\Bin\Microsoft.Common.CurrentVersion.targets(2437,5): warning MSB3277:             C:\Users\WilliamForney\source\repos\wforney\OpenLiveWriter\src\managed\bin\Debug\i386\Writer\OpenLiveWriter.CoreServices.dll [C:\Users\WilliamForney\source\repos\wforney\OpenLiveWriter\src\managed\LocUtil\LocUtil.csproj]
C:\Program Files\Microsoft Visual Studio\18\Enterprise\MSBuild\Current\Bin\Microsoft.Common.CurrentVersion.targets(2437,5): warning MSB3277:             C:\Users\WilliamForney\source\repos\wforney\OpenLiveWriter\src\managed\bin\Debug\i386\Writer\OpenLiveWriter.Interop.dll [C:\Users\WilliamForney\source\repos\wforney\OpenLiveWriter\src\managed\LocUtil\LocUtil.csproj]
C:\Program Files\Microsoft Visual Studio\18\Enterprise\MSBuild\Current\Bin\Microsoft.Common.CurrentVersion.targets(2437,5): warning MSB3277:             C:\Users\WilliamForney\source\repos\wforney\OpenLiveWriter\src\managed\bin\Debug\i386\Writer\OpenLiveWriter.Localization.dll [C:\Users\WilliamForney\source\repos\wforney\OpenLiveWriter\src\managed\LocUtil\LocUtil.csproj]
C:\Program Files\Microsoft Visual Studio\18\Enterprise\MSBuild\Current\Bin\Microsoft.Common.CurrentVersion.targets(2437,5): warning MSB3277:             System.Data [C:\Users\WilliamForney\source\repos\wforney\OpenLiveWriter\src\managed\LocUtil\LocUtil.csproj]
C:\Program Files\Microsoft Visual Studio\18\Enterprise\MSBuild\Current\Bin\Microsoft.Common.CurrentVersion.targets(2437,5): warning MSB3277:         C:\Windows\Microsoft.Net\assembly\GAC_MSIL\System.Design\v4.0_4.0.0.0__b03f5f7f11d50a3a\System.Design.dll [C:\Users\WilliamForney\source\repos\wforney\OpenLiveWriter\src\managed\LocUtil\LocUtil.csproj]
C:\Program Files\Microsoft Visual Studio\18\Enterprise\MSBuild\Current\Bin\Microsoft.Common.CurrentVersion.targets(2437,5): warning MSB3277:           Project file item includes which caused reference "C:\Windows\Microsoft.Net\assembly\GAC_MSIL\System.Design\v4.0_4.0.0.0__b03f5f7f11d50a3a\System.Design.dll". [C:\Users\WilliamForney\source\repos\wforney\OpenLiveWriter\src\managed\LocUtil\LocUtil.csproj]
C:\Program Files\Microsoft Visual Studio\18\Enterprise\MSBuild\Current\Bin\Microsoft.Common.CurrentVersion.targets(2437,5): warning MSB3277:             C:\Users\WilliamForney\source\repos\wforney\OpenLiveWriter\src\managed\bin\Debug\i386\Writer\OpenLiveWriter.ApplicationFramework.dll [C:\Users\WilliamForney\source\repos\wforney\OpenLiveWriter\src\managed\LocUtil\LocUtil.csproj]
C:\Program Files\Microsoft Visual Studio\18\Enterprise\MSBuild\Current\Bin\Microsoft.Common.CurrentVersion.targets(2437,5): warning MSB3277:             C:\Users\WilliamForney\source\repos\wforney\OpenLiveWriter\src\managed\bin\Debug\i386\Writer\OpenLiveWriter.CoreServices.dll [C:\Users\WilliamForney\source\repos\wforney\OpenLiveWriter\src\managed\LocUtil\LocUtil.csproj]
C:\Program Files\Microsoft Visual Studio\18\Enterprise\MSBuild\Current\Bin\Microsoft.Common.CurrentVersion.targets(2437,5): warning MSB3277:             C:\Users\WilliamForney\source\repos\wforney\OpenLiveWriter\src\managed\bin\Debug\i386\Writer\OpenLiveWriter.Controls.dll [C:\Users\WilliamForney\source\repos\wforney\OpenLiveWriter\src\managed\LocUtil\LocUtil.csproj]
C:\Program Files\Microsoft Visual Studio\18\Enterprise\MSBuild\Current\Bin\Microsoft.Common.CurrentVersion.targets(2437,5): warning MSB3277:             System.Data [C:\Users\WilliamForney\source\repos\wforney\OpenLiveWriter\src\managed\LocUtil\LocUtil.csproj]
C:\Program Files\Microsoft Visual Studio\18\Enterprise\MSBuild\Current\Bin\Microsoft.Common.CurrentVersion.targets(2437,5): warning MSB3277:         C:\Windows\Microsoft.Net\assembly\GAC_32\System.Web\v4.0_4.0.0.0__b03f5f7f11d50a3a\System.Web.dll [C:\Users\WilliamForney\source\repos\wforney\OpenLiveWriter\src\managed\LocUtil\LocUtil.csproj]
C:\Program Files\Microsoft Visual Studio\18\Enterprise\MSBuild\Current\Bin\Microsoft.Common.CurrentVersion.targets(2437,5): warning MSB3277:           Project file item includes which caused reference "C:\Windows\Microsoft.Net\assembly\GAC_32\System.Web\v4.0_4.0.0.0__b03f5f7f11d50a3a\System.Web.dll". [C:\Users\WilliamForney\source\repos\wforney\OpenLiveWriter\src\managed\LocUtil\LocUtil.csproj]
C:\Program Files\Microsoft Visual Studio\18\Enterprise\MSBuild\Current\Bin\Microsoft.Common.CurrentVersion.targets(2437,5): warning MSB3277:             C:\Users\WilliamForney\source\repos\wforney\OpenLiveWriter\src\managed\bin\Debug\i386\Writer\OpenLiveWriter.CoreServices.dll [C:\Users\WilliamForney\source\repos\wforney\OpenLiveWriter\src\managed\LocUtil\LocUtil.csproj]
C:\Program Files\Microsoft Visual Studio\18\Enterprise\MSBuild\Current\Bin\Microsoft.Common.CurrentVersion.targets(2437,5): warning MSB3277:             C:\Users\WilliamForney\source\repos\wforney\OpenLiveWriter\src\managed\bin\Debug\i386\Writer\OpenLiveWriter.ApplicationFramework.dll [C:\Users\WilliamForney\source\repos\wforney\OpenLiveWriter\src\managed\LocUtil\LocUtil.csproj]
C:\Program Files\Microsoft Visual Studio\18\Enterprise\MSBuild\Current\Bin\Microsoft.Common.CurrentVersion.targets(2437,5): warning MSB3277:             C:\Users\WilliamForney\source\repos\wforney\OpenLiveWriter\src\managed\bin\Debug\i386\Writer\OpenLiveWriter.Controls.dll [C:\Users\WilliamForney\source\repos\wforney\OpenLiveWriter\src\managed\LocUtil\LocUtil.csproj]
C:\Program Files\Microsoft Visual Studio\18\Enterprise\MSBuild\Current\Bin\Microsoft.Common.CurrentVersion.targets(2437,5): warning MSB3277:             System.Data [C:\Users\WilliamForney\source\repos\wforney\OpenLiveWriter\src\managed\LocUtil\LocUtil.csproj]
C:\Program Files\Microsoft Visual Studio\18\Enterprise\MSBuild\Current\Bin\Microsoft.Common.CurrentVersion.targets(2437,5): warning MSB3277:         C:\Windows\Microsoft.Net\assembly\GAC_MSIL\System.Deployment\v4.0_4.0.0.0__b03f5f7f11d50a3a\System.Deployment.dll [C:\Users\WilliamForney\source\repos\wforney\OpenLiveWriter\src\managed\LocUtil\LocUtil.csproj]
C:\Program Files\Microsoft Visual Studio\18\Enterprise\MSBuild\Current\Bin\Microsoft.Common.CurrentVersion.targets(2437,5): warning MSB3277:           Project file item includes which caused reference "C:\Windows\Microsoft.Net\assembly\GAC_MSIL\System.Deployment\v4.0_4.0.0.0__b03f5f7f11d50a3a\System.Deployment.dll". [C:\Users\WilliamForney\source\repos\wforney\OpenLiveWriter\src\managed\LocUtil\LocUtil.csproj]
C:\Program Files\Microsoft Visual Studio\18\Enterprise\MSBuild\Current\Bin\Microsoft.Common.CurrentVersion.targets(2437,5): warning MSB3277:             System.Windows.Forms [C:\Users\WilliamForney\source\repos\wforney\OpenLiveWriter\src\managed\LocUtil\LocUtil.csproj]
C:\Program Files\Microsoft Visual Studio\18\Enterprise\MSBuild\Current\Bin\Microsoft.Common.CurrentVersion.targets(2437,5): warning MSB3277:             C:\Users\WilliamForney\source\repos\wforney\OpenLiveWriter\src\managed\bin\Debug\i386\Writer\OpenLiveWriter.ApplicationFramework.dll [C:\Users\WilliamForney\source\repos\wforney\OpenLiveWriter\src\managed\LocUtil\LocUtil.csproj]
C:\Program Files\Microsoft Visual Studio\18\Enterprise\MSBuild\Current\Bin\Microsoft.Common.CurrentVersion.targets(2437,5): warning MSB3277:             C:\Users\WilliamForney\source\repos\wforney\OpenLiveWriter\src\managed\bin\Debug\i386\Writer\OpenLiveWriter.Controls.dll [C:\Users\WilliamForney\source\repos\wforney\OpenLiveWriter\src\managed\LocUtil\LocUtil.csproj]
C:\Program Files\Microsoft Visual Studio\18\Enterprise\MSBuild\Current\Bin\Microsoft.Common.CurrentVersion.targets(2437,5): warning MSB3277:             C:\Users\WilliamForney\source\repos\wforney\OpenLiveWriter\src\managed\bin\Debug\i386\Writer\OpenLiveWriter.CoreServices.dll [C:\Users\WilliamForney\source\repos\wforney\OpenLiveWriter\src\managed\LocUtil\LocUtil.csproj]
C:\Program Files\Microsoft Visual Studio\18\Enterprise\MSBuild\Current\Bin\Microsoft.Common.CurrentVersion.targets(2437,5): warning MSB3277:             C:\Users\WilliamForney\source\repos\wforney\OpenLiveWriter\src\managed\bin\Debug\i386\Writer\OpenLiveWriter.Interop.dll [C:\Users\WilliamForney\source\repos\wforney\OpenLiveWriter\src\managed\LocUtil\LocUtil.csproj]
C:\Program Files\Microsoft Visual Studio\18\Enterprise\MSBuild\Current\Bin\Microsoft.Common.CurrentVersion.targets(2437,5): warning MSB3277:             C:\Users\WilliamForney\source\repos\wforney\OpenLiveWriter\src\managed\bin\Debug\i386\Writer\OpenLiveWriter.Localization.dll [C:\Users\WilliamForney\source\repos\wforney\OpenLiveWriter\src\managed\LocUtil\LocUtil.csproj]
C:\Program Files\Microsoft Visual Studio\18\Enterprise\MSBuild\Current\Bin\Microsoft.Common.CurrentVersion.targets(2437,5): warning MSB3277:             System.Data [C:\Users\WilliamForney\source\repos\wforney\OpenLiveWriter\src\managed\LocUtil\LocUtil.csproj]
C:\Program Files\Microsoft Visual Studio\18\Enterprise\MSBuild\Current\Bin\Microsoft.Common.CurrentVersion.targets(2437,5): warning MSB3277:         C:\Windows\Microsoft.Net\assembly\GAC_MSIL\System.ComponentModel.DataAnnotations\v4.0_4.0.0.0__31bf3856ad364e35\System.ComponentModel.DataAnnotations.dll [C:\Users\WilliamForney\source\repos\wforney\OpenLiveWriter\src\managed\LocUtil\LocUtil.csproj]
C:\Program Files\Microsoft Visual Studio\18\Enterprise\MSBuild\Current\Bin\Microsoft.Common.CurrentVersion.targets(2437,5): warning MSB3277:           Project file item includes which caused reference "C:\Windows\Microsoft.Net\assembly\GAC_MSIL\System.ComponentModel.DataAnnotations\v4.0_4.0.0.0__31bf3856ad364e35\System.ComponentModel.DataAnnotations.dll". [C:\Users\WilliamForney\source\repos\wforney\OpenLiveWriter\src\managed\LocUtil\LocUtil.csproj]
C:\Program Files\Microsoft Visual Studio\18\Enterprise\MSBuild\Current\Bin\Microsoft.Common.CurrentVersion.targets(2437,5): warning MSB3277:             C:\Users\WilliamForney\source\repos\wforney\OpenLiveWriter\src\managed\bin\Debug\i386\Writer\OpenLiveWriter.CoreServices.dll [C:\Users\WilliamForney\source\repos\wforney\OpenLiveWriter\src\managed\LocUtil\LocUtil.csproj]
C:\Program Files\Microsoft Visual Studio\18\Enterprise\MSBuild\Current\Bin\Microsoft.Common.CurrentVersion.targets(2437,5): warning MSB3277:             C:\Users\WilliamForney\source\repos\wforney\OpenLiveWriter\src\managed\bin\Debug\i386\Writer\OpenLiveWriter.ApplicationFramework.dll [C:\Users\WilliamForney\source\repos\wforney\OpenLiveWriter\src\managed\LocUtil\LocUtil.csproj]
C:\Program Files\Microsoft Visual Studio\18\Enterprise\MSBuild\Current\Bin\Microsoft.Common.CurrentVersion.targets(2437,5): warning MSB3277:             C:\Users\WilliamForney\source\repos\wforney\OpenLiveWriter\src\managed\bin\Debug\i386\Writer\OpenLiveWriter.Controls.dll [C:\Users\WilliamForney\source\repos\wforney\OpenLiveWriter\src\managed\LocUtil\LocUtil.csproj]
C:\Program Files\Microsoft Visual Studio\18\Enterprise\MSBuild\Current\Bin\Microsoft.Common.CurrentVersion.targets(2437,5): warning MSB3277:             System.Data [C:\Users\WilliamForney\source\repos\wforney\OpenLiveWriter\src\managed\LocUtil\LocUtil.csproj]
C:\Program Files\Microsoft Visual Studio\18\Enterprise\MSBuild\Current\Bin\Microsoft.Common.CurrentVersion.targets(2437,5): warning MSB3277:         C:\Windows\Microsoft.Net\assembly\GAC_MSIL\Microsoft.Build.Utilities.v4.0\v4.0_4.0.0.0__b03f5f7f11d50a3a\Microsoft.Build.Utilities.v4.0.dll [C:\Users\WilliamForney\source\repos\wforney\OpenLiveWriter\src\managed\LocUtil\LocUtil.csproj]
C:\Program Files\Microsoft Visual Studio\18\Enterprise\MSBuild\Current\Bin\Microsoft.Common.CurrentVersion.targets(2437,5): warning MSB3277:           Project file item includes which caused reference "C:\Windows\Microsoft.Net\assembly\GAC_MSIL\Microsoft.Build.Utilities.v4.0\v4.0_4.0.0.0__b03f5f7f11d50a3a\Microsoft.Build.Utilities.v4.0.dll". [C:\Users\WilliamForney\source\repos\wforney\OpenLiveWriter\src\managed\LocUtil\LocUtil.csproj]
C:\Program Files\Microsoft Visual Studio\18\Enterprise\MSBuild\Current\Bin\Microsoft.Common.CurrentVersion.targets(2437,5): warning MSB3277:             C:\Users\WilliamForney\source\repos\wforney\OpenLiveWriter\src\managed\bin\Debug\i386\Writer\OpenLiveWriter.CoreServices.dll [C:\Users\WilliamForney\source\repos\wforney\OpenLiveWriter\src\managed\LocUtil\LocUtil.csproj]
C:\Program Files\Microsoft Visual Studio\18\Enterprise\MSBuild\Current\Bin\Microsoft.Common.CurrentVersion.targets(2437,5): warning MSB3277:             C:\Users\WilliamForney\source\repos\wforney\OpenLiveWriter\src\managed\bin\Debug\i386\Writer\OpenLiveWriter.ApplicationFramework.dll [C:\Users\WilliamForney\source\repos\wforney\OpenLiveWriter\src\managed\LocUtil\LocUtil.csproj]
C:\Program Files\Microsoft Visual Studio\18\Enterprise\MSBuild\Current\Bin\Microsoft.Common.CurrentVersion.targets(2437,5): warning MSB3277:             C:\Users\WilliamForney\source\repos\wforney\OpenLiveWriter\src\managed\bin\Debug\i386\Writer\OpenLiveWriter.Controls.dll [C:\Users\WilliamForney\source\repos\wforney\OpenLiveWriter\src\managed\LocUtil\LocUtil.csproj]
C:\Program Files\Microsoft Visual Studio\18\Enterprise\MSBuild\Current\Bin\Microsoft.Common.CurrentVersion.targets(2437,5): warning MSB3277:             System.Data [C:\Users\WilliamForney\source\repos\wforney\OpenLiveWriter\src\managed\LocUtil\LocUtil.csproj]
C:\Program Files\Microsoft Visual Studio\18\Enterprise\MSBuild\Current\Bin\Microsoft.Common.CurrentVersion.targets(2437,5): warning MSB3277:         C:\Windows\Microsoft.Net\assembly\GAC_MSIL\Microsoft.Build.Tasks.v4.0\v4.0_4.0.0.0__b03f5f7f11d50a3a\Microsoft.Build.Tasks.v4.0.dll [C:\Users\WilliamForney\source\repos\wforney\OpenLiveWriter\src\managed\LocUtil\LocUtil.csproj]
C:\Program Files\Microsoft Visual Studio\18\Enterprise\MSBuild\Current\Bin\Microsoft.Common.CurrentVersion.targets(2437,5): warning MSB3277:           Project file item includes which caused reference "C:\Windows\Microsoft.Net\assembly\GAC_MSIL\Microsoft.Build.Tasks.v4.0\v4.0_4.0.0.0__b03f5f7f11d50a3a\Microsoft.Build.Tasks.v4.0.dll". [C:\Users\WilliamForney\source\repos\wforney\OpenLiveWriter\src\managed\LocUtil\LocUtil.csproj]
C:\Program Files\Microsoft Visual Studio\18\Enterprise\MSBuild\Current\Bin\Microsoft.Common.CurrentVersion.targets(2437,5): warning MSB3277:             C:\Users\WilliamForney\source\repos\wforney\OpenLiveWriter\src\managed\bin\Debug\i386\Writer\OpenLiveWriter.CoreServices.dll [C:\Users\WilliamForney\source\repos\wforney\OpenLiveWriter\src\managed\LocUtil\LocUtil.csproj]
C:\Program Files\Microsoft Visual Studio\18\Enterprise\MSBuild\Current\Bin\Microsoft.Common.CurrentVersion.targets(2437,5): warning MSB3277:             C:\Users\WilliamForney\source\repos\wforney\OpenLiveWriter\src\managed\bin\Debug\i386\Writer\OpenLiveWriter.ApplicationFramework.dll [C:\Users\WilliamForney\source\repos\wforney\OpenLiveWriter\src\managed\LocUtil\LocUtil.csproj]
C:\Program Files\Microsoft Visual Studio\18\Enterprise\MSBuild\Current\Bin\Microsoft.Common.CurrentVersion.targets(2437,5): warning MSB3277:             C:\Users\WilliamForney\source\repos\wforney\OpenLiveWriter\src\managed\bin\Debug\i386\Writer\OpenLiveWriter.Controls.dll [C:\Users\WilliamForney\source\repos\wforney\OpenLiveWriter\src\managed\LocUtil\LocUtil.csproj]
C:\Program Files\Microsoft Visual Studio\18\Enterprise\MSBuild\Current\Bin\Microsoft.Common.CurrentVersion.targets(2437,5): warning MSB3277:             System.Data [C:\Users\WilliamForney\source\repos\wforney\OpenLiveWriter\src\managed\LocUtil\LocUtil.csproj]
  LocUtil -> C:\Users\WilliamForney\source\repos\wforney\OpenLiveWriter\src\managed\bin\Debug\i386\Writer\locutil.exe
C:\Program Files\Microsoft Visual Studio\18\Enterprise\MSBuild\Current\Bin\Microsoft.Common.CurrentVersion.targets(2437,5): warning MSB3277: Found conflicts between different versions of "System.Core" that could not be resolved. [C:\Users\WilliamForney\source\repos\wforney\OpenLiveWriter\src\managed\OpenLiveWriter.FileDestinations\OpenLiveWriter.FileDestinations.csproj]
C:\Program Files\Microsoft Visual Studio\18\Enterprise\MSBuild\Current\Bin\Microsoft.Common.CurrentVersion.targets(2437,5): warning MSB3277: There was a conflict between "System.Core, Version=3.5.0.0, Culture=neutral, PublicKeyToken=b77a5c561934e089" and "System.Core, Version=4.0.0.0, Culture=neutral, PublicKeyToken=b77a5c561934e089". [C:\Users\WilliamForney\source\repos\wforney\OpenLiveWriter\src\managed\OpenLiveWriter.FileDestinations\OpenLiveWriter.FileDestinations.csproj]
C:\Program Files\Microsoft Visual Studio\18\Enterprise\MSBuild\Current\Bin\Microsoft.Common.CurrentVersion.targets(2437,5): warning MSB3277:     "System.Core, Version=3.5.0.0, Culture=neutral, PublicKeyToken=b77a5c561934e089" was chosen because it was primary and "System.Core, Version=4.0.0.0, Culture=neutral, PublicKeyToken=b77a5c561934e089" was not. [C:\Users\WilliamForney\source\repos\wforney\OpenLiveWriter\src\managed\OpenLiveWriter.FileDestinations\OpenLiveWriter.FileDestinations.csproj]
C:\Program Files\Microsoft Visual Studio\18\Enterprise\MSBuild\Current\Bin\Microsoft.Common.CurrentVersion.targets(2437,5): warning MSB3277:     References which depend on "System.Core, Version=3.5.0.0, Culture=neutral, PublicKeyToken=b77a5c561934e089" [C:\Program Files (x86)\Reference Assemblies\Microsoft\Framework\v3.5\System.Core.dll]. [C:\Users\WilliamForney\source\repos\wforney\OpenLiveWriter\src\managed\OpenLiveWriter.FileDestinations\OpenLiveWriter.FileDestinations.csproj]
C:\Program Files\Microsoft Visual Studio\18\Enterprise\MSBuild\Current\Bin\Microsoft.Common.CurrentVersion.targets(2437,5): warning MSB3277:         C:\Program Files (x86)\Reference Assemblies\Microsoft\Framework\v3.5\System.Core.dll [C:\Users\WilliamForney\source\repos\wforney\OpenLiveWriter\src\managed\OpenLiveWriter.FileDestinations\OpenLiveWriter.FileDestinations.csproj]
C:\Program Files\Microsoft Visual Studio\18\Enterprise\MSBuild\Current\Bin\Microsoft.Common.CurrentVersion.targets(2437,5): warning MSB3277:           Project file item includes which caused reference "C:\Program Files (x86)\Reference Assemblies\Microsoft\Framework\v3.5\System.Core.dll". [C:\Users\WilliamForney\source\repos\wforney\OpenLiveWriter\src\managed\OpenLiveWriter.FileDestinations\OpenLiveWriter.FileDestinations.csproj]
C:\Program Files\Microsoft Visual Studio\18\Enterprise\MSBuild\Current\Bin\Microsoft.Common.CurrentVersion.targets(2437,5): warning MSB3277:             System.Core [C:\Users\WilliamForney\source\repos\wforney\OpenLiveWriter\src\managed\OpenLiveWriter.FileDestinations\OpenLiveWriter.FileDestinations.csproj]
C:\Program Files\Microsoft Visual Studio\18\Enterprise\MSBuild\Current\Bin\Microsoft.Common.CurrentVersion.targets(2437,5): warning MSB3277:     References which depend on or have been unified to "System.Core, Version=4.0.0.0, Culture=neutral, PublicKeyToken=b77a5c561934e089" [C:\Windows\Microsoft.Net\assembly\GAC_MSIL\System.Core\v4.0_4.0.0.0__b77a5c561934e089\System.Core.dll]. [C:\Users\WilliamForney\source\repos\wforney\OpenLiveWriter\src\managed\OpenLiveWriter.FileDestinations\OpenLiveWriter.FileDestinations.csproj]
C:\Program Files\Microsoft Visual Studio\18\Enterprise\MSBuild\Current\Bin\Microsoft.Common.CurrentVersion.targets(2437,5): warning MSB3277:         C:\Windows\Microsoft.Net\assembly\GAC_32\System.Data\v4.0_4.0.0.0__b77a5c561934e089\System.Data.dll [C:\Users\WilliamForney\source\repos\wforney\OpenLiveWriter\src\managed\OpenLiveWriter.FileDestinations\OpenLiveWriter.FileDestinations.csproj]
C:\Program Files\Microsoft Visual Studio\18\Enterprise\MSBuild\Current\Bin\Microsoft.Common.CurrentVersion.targets(2437,5): warning MSB3277:           Project file item includes which caused reference "C:\Windows\Microsoft.Net\assembly\GAC_32\System.Data\v4.0_4.0.0.0__b77a5c561934e089\System.Data.dll". [C:\Users\WilliamForney\source\repos\wforney\OpenLiveWriter\src\managed\OpenLiveWriter.FileDestinations\OpenLiveWriter.FileDestinations.csproj]
C:\Program Files\Microsoft Visual Studio\18\Enterprise\MSBuild\Current\Bin\Microsoft.Common.CurrentVersion.targets(2437,5): warning MSB3277:             System.Data [C:\Users\WilliamForney\source\repos\wforney\OpenLiveWriter\src\managed\OpenLiveWriter.FileDestinations\OpenLiveWriter.FileDestinations.csproj]
C:\Program Files\Microsoft Visual Studio\18\Enterprise\MSBuild\Current\Bin\Microsoft.Common.CurrentVersion.targets(2437,5): warning MSB3277:             System.Design [C:\Users\WilliamForney\source\repos\wforney\OpenLiveWriter\src\managed\OpenLiveWriter.FileDestinations\OpenLiveWriter.FileDestinations.csproj]
C:\Program Files\Microsoft Visual Studio\18\Enterprise\MSBuild\Current\Bin\Microsoft.Common.CurrentVersion.targets(2437,5): warning MSB3277:             C:\Users\WilliamForney\source\repos\wforney\OpenLiveWriter\src\managed\bin\Debug\i386\Writer\OpenLiveWriter.ApplicationFramework.dll [C:\Users\WilliamForney\source\repos\wforney\OpenLiveWriter\src\managed\OpenLiveWriter.FileDestinations\OpenLiveWriter.FileDestinations.csproj]
C:\Program Files\Microsoft Visual Studio\18\Enterprise\MSBuild\Current\Bin\Microsoft.Common.CurrentVersion.targets(2437,5): warning MSB3277:             System.Web [C:\Users\WilliamForney\source\repos\wforney\OpenLiveWriter\src\managed\OpenLiveWriter.FileDestinations\OpenLiveWriter.FileDestinations.csproj]
C:\Program Files\Microsoft Visual Studio\18\Enterprise\MSBuild\Current\Bin\Microsoft.Common.CurrentVersion.targets(2437,5): warning MSB3277:             C:\Users\WilliamForney\source\repos\wforney\OpenLiveWriter\src\managed\bin\Debug\i386\Writer\OpenLiveWriter.CoreServices.dll [C:\Users\WilliamForney\source\repos\wforney\OpenLiveWriter\src\managed\OpenLiveWriter.FileDestinations\OpenLiveWriter.FileDestinations.csproj]
C:\Program Files\Microsoft Visual Studio\18\Enterprise\MSBuild\Current\Bin\Microsoft.Common.CurrentVersion.targets(2437,5): warning MSB3277:             C:\Users\WilliamForney\source\repos\wforney\OpenLiveWriter\src\managed\bin\Debug\i386\Writer\OpenLiveWriter.Controls.dll [C:\Users\WilliamForney\source\repos\wforney\OpenLiveWriter\src\managed\OpenLiveWriter.FileDestinations\OpenLiveWriter.FileDestinations.csproj]
C:\Program Files\Microsoft Visual Studio\18\Enterprise\MSBuild\Current\Bin\Microsoft.Common.CurrentVersion.targets(2437,5): warning MSB3277:             System.Runtime.Remoting [C:\Users\WilliamForney\source\repos\wforney\OpenLiveWriter\src\managed\OpenLiveWriter.FileDestinations\OpenLiveWriter.FileDestinations.csproj]
C:\Program Files\Microsoft Visual Studio\18\Enterprise\MSBuild\Current\Bin\Microsoft.Common.CurrentVersion.targets(2437,5): warning MSB3277:             System.Web.Services [C:\Users\WilliamForney\source\repos\wforney\OpenLiveWriter\src\managed\OpenLiveWriter.FileDestinations\OpenLiveWriter.FileDestinations.csproj]
C:\Program Files\Microsoft Visual Studio\18\Enterprise\MSBuild\Current\Bin\Microsoft.Common.CurrentVersion.targets(2437,5): warning MSB3277:         C:\Windows\Microsoft.Net\assembly\GAC_MSIL\System.Design\v4.0_4.0.0.0__b03f5f7f11d50a3a\System.Design.dll [C:\Users\WilliamForney\source\repos\wforney\OpenLiveWriter\src\managed\OpenLiveWriter.FileDestinations\OpenLiveWriter.FileDestinations.csproj]
C:\Program Files\Microsoft Visual Studio\18\Enterprise\MSBuild\Current\Bin\Microsoft.Common.CurrentVersion.targets(2437,5): warning MSB3277:           Project file item includes which caused reference "C:\Windows\Microsoft.Net\assembly\GAC_MSIL\System.Design\v4.0_4.0.0.0__b03f5f7f11d50a3a\System.Design.dll". [C:\Users\WilliamForney\source\repos\wforney\OpenLiveWriter\src\managed\OpenLiveWriter.FileDestinations\OpenLiveWriter.FileDestinations.csproj]
C:\Program Files\Microsoft Visual Studio\18\Enterprise\MSBuild\Current\Bin\Microsoft.Common.CurrentVersion.targets(2437,5): warning MSB3277:             System.Design [C:\Users\WilliamForney\source\repos\wforney\OpenLiveWriter\src\managed\OpenLiveWriter.FileDestinations\OpenLiveWriter.FileDestinations.csproj]
C:\Program Files\Microsoft Visual Studio\18\Enterprise\MSBuild\Current\Bin\Microsoft.Common.CurrentVersion.targets(2437,5): warning MSB3277:             C:\Users\WilliamForney\source\repos\wforney\OpenLiveWriter\src\managed\bin\Debug\i386\Writer\OpenLiveWriter.ApplicationFramework.dll [C:\Users\WilliamForney\source\repos\wforney\OpenLiveWriter\src\managed\OpenLiveWriter.FileDestinations\OpenLiveWriter.FileDestinations.csproj]
C:\Program Files\Microsoft Visual Studio\18\Enterprise\MSBuild\Current\Bin\Microsoft.Common.CurrentVersion.targets(2437,5): warning MSB3277:             System.Web [C:\Users\WilliamForney\source\repos\wforney\OpenLiveWriter\src\managed\OpenLiveWriter.FileDestinations\OpenLiveWriter.FileDestinations.csproj]
C:\Program Files\Microsoft Visual Studio\18\Enterprise\MSBuild\Current\Bin\Microsoft.Common.CurrentVersion.targets(2437,5): warning MSB3277:             C:\Users\WilliamForney\source\repos\wforney\OpenLiveWriter\src\managed\bin\Debug\i386\Writer\OpenLiveWriter.CoreServices.dll [C:\Users\WilliamForney\source\repos\wforney\OpenLiveWriter\src\managed\OpenLiveWriter.FileDestinations\OpenLiveWriter.FileDestinations.csproj]
C:\Program Files\Microsoft Visual Studio\18\Enterprise\MSBuild\Current\Bin\Microsoft.Common.CurrentVersion.targets(2437,5): warning MSB3277:             C:\Users\WilliamForney\source\repos\wforney\OpenLiveWriter\src\managed\bin\Debug\i386\Writer\OpenLiveWriter.Controls.dll [C:\Users\WilliamForney\source\repos\wforney\OpenLiveWriter\src\managed\OpenLiveWriter.FileDestinations\OpenLiveWriter.FileDestinations.csproj]
C:\Program Files\Microsoft Visual Studio\18\Enterprise\MSBuild\Current\Bin\Microsoft.Common.CurrentVersion.targets(2437,5): warning MSB3277:             System.Runtime.Remoting [C:\Users\WilliamForney\source\repos\wforney\OpenLiveWriter\src\managed\OpenLiveWriter.FileDestinations\OpenLiveWriter.FileDestinations.csproj]
C:\Program Files\Microsoft Visual Studio\18\Enterprise\MSBuild\Current\Bin\Microsoft.Common.CurrentVersion.targets(2437,5): warning MSB3277:             System.Web.Services [C:\Users\WilliamForney\source\repos\wforney\OpenLiveWriter\src\managed\OpenLiveWriter.FileDestinations\OpenLiveWriter.FileDestinations.csproj]
C:\Program Files\Microsoft Visual Studio\18\Enterprise\MSBuild\Current\Bin\Microsoft.Common.CurrentVersion.targets(2437,5): warning MSB3277:             System.Data [C:\Users\WilliamForney\source\repos\wforney\OpenLiveWriter\src\managed\OpenLiveWriter.FileDestinations\OpenLiveWriter.FileDestinations.csproj]
C:\Program Files\Microsoft Visual Studio\18\Enterprise\MSBuild\Current\Bin\Microsoft.Common.CurrentVersion.targets(2437,5): warning MSB3277:         C:\Windows\Microsoft.Net\assembly\GAC_32\System.Web\v4.0_4.0.0.0__b03f5f7f11d50a3a\System.Web.dll [C:\Users\WilliamForney\source\repos\wforney\OpenLiveWriter\src\managed\OpenLiveWriter.FileDestinations\OpenLiveWriter.FileDestinations.csproj]
C:\Program Files\Microsoft Visual Studio\18\Enterprise\MSBuild\Current\Bin\Microsoft.Common.CurrentVersion.targets(2437,5): warning MSB3277:           Project file item includes which caused reference "C:\Windows\Microsoft.Net\assembly\GAC_32\System.Web\v4.0_4.0.0.0__b03f5f7f11d50a3a\System.Web.dll". [C:\Users\WilliamForney\source\repos\wforney\OpenLiveWriter\src\managed\OpenLiveWriter.FileDestinations\OpenLiveWriter.FileDestinations.csproj]
C:\Program Files\Microsoft Visual Studio\18\Enterprise\MSBuild\Current\Bin\Microsoft.Common.CurrentVersion.targets(2437,5): warning MSB3277:             System.Web [C:\Users\WilliamForney\source\repos\wforney\OpenLiveWriter\src\managed\OpenLiveWriter.FileDestinations\OpenLiveWriter.FileDestinations.csproj]
C:\Program Files\Microsoft Visual Studio\18\Enterprise\MSBuild\Current\Bin\Microsoft.Common.CurrentVersion.targets(2437,5): warning MSB3277:             C:\Users\WilliamForney\source\repos\wforney\OpenLiveWriter\src\managed\bin\Debug\i386\Writer\OpenLiveWriter.CoreServices.dll [C:\Users\WilliamForney\source\repos\wforney\OpenLiveWriter\src\managed\OpenLiveWriter.FileDestinations\OpenLiveWriter.FileDestinations.csproj]
C:\Program Files\Microsoft Visual Studio\18\Enterprise\MSBuild\Current\Bin\Microsoft.Common.CurrentVersion.targets(2437,5): warning MSB3277:             C:\Users\WilliamForney\source\repos\wforney\OpenLiveWriter\src\managed\bin\Debug\i386\Writer\OpenLiveWriter.ApplicationFramework.dll [C:\Users\WilliamForney\source\repos\wforney\OpenLiveWriter\src\managed\OpenLiveWriter.FileDestinations\OpenLiveWriter.FileDestinations.csproj]
C:\Program Files\Microsoft Visual Studio\18\Enterprise\MSBuild\Current\Bin\Microsoft.Common.CurrentVersion.targets(2437,5): warning MSB3277:             C:\Users\WilliamForney\source\repos\wforney\OpenLiveWriter\src\managed\bin\Debug\i386\Writer\OpenLiveWriter.Controls.dll [C:\Users\WilliamForney\source\repos\wforney\OpenLiveWriter\src\managed\OpenLiveWriter.FileDestinations\OpenLiveWriter.FileDestinations.csproj]
C:\Program Files\Microsoft Visual Studio\18\Enterprise\MSBuild\Current\Bin\Microsoft.Common.CurrentVersion.targets(2437,5): warning MSB3277:             System.Design [C:\Users\WilliamForney\source\repos\wforney\OpenLiveWriter\src\managed\OpenLiveWriter.FileDestinations\OpenLiveWriter.FileDestinations.csproj]
C:\Program Files\Microsoft Visual Studio\18\Enterprise\MSBuild\Current\Bin\Microsoft.Common.CurrentVersion.targets(2437,5): warning MSB3277:             System.Runtime.Remoting [C:\Users\WilliamForney\source\repos\wforney\OpenLiveWriter\src\managed\OpenLiveWriter.FileDestinations\OpenLiveWriter.FileDestinations.csproj]
C:\Program Files\Microsoft Visual Studio\18\Enterprise\MSBuild\Current\Bin\Microsoft.Common.CurrentVersion.targets(2437,5): warning MSB3277:             System.Web.Services [C:\Users\WilliamForney\source\repos\wforney\OpenLiveWriter\src\managed\OpenLiveWriter.FileDestinations\OpenLiveWriter.FileDestinations.csproj]
C:\Program Files\Microsoft Visual Studio\18\Enterprise\MSBuild\Current\Bin\Microsoft.Common.CurrentVersion.targets(2437,5): warning MSB3277:             System.Data [C:\Users\WilliamForney\source\repos\wforney\OpenLiveWriter\src\managed\OpenLiveWriter.FileDestinations\OpenLiveWriter.FileDestinations.csproj]
C:\Program Files\Microsoft Visual Studio\18\Enterprise\MSBuild\Current\Bin\Microsoft.Common.CurrentVersion.targets(2437,5): warning MSB3277:         C:\Windows\Microsoft.Net\assembly\GAC_MSIL\System.Windows.Forms\v4.0_4.0.0.0__b77a5c561934e089\System.Windows.Forms.dll [C:\Users\WilliamForney\source\repos\wforney\OpenLiveWriter\src\managed\OpenLiveWriter.FileDestinations\OpenLiveWriter.FileDestinations.csproj]
C:\Program Files\Microsoft Visual Studio\18\Enterprise\MSBuild\Current\Bin\Microsoft.Common.CurrentVersion.targets(2437,5): warning MSB3277:           Project file item includes which caused reference "C:\Windows\Microsoft.Net\assembly\GAC_MSIL\System.Windows.Forms\v4.0_4.0.0.0__b77a5c561934e089\System.Windows.Forms.dll". [C:\Users\WilliamForney\source\repos\wforney\OpenLiveWriter\src\managed\OpenLiveWriter.FileDestinations\OpenLiveWriter.FileDestinations.csproj]
C:\Program Files\Microsoft Visual Studio\18\Enterprise\MSBuild\Current\Bin\Microsoft.Common.CurrentVersion.targets(2437,5): warning MSB3277:             System.Windows.Forms [C:\Users\WilliamForney\source\repos\wforney\OpenLiveWriter\src\managed\OpenLiveWriter.FileDestinations\OpenLiveWriter.FileDestinations.csproj]
C:\Program Files\Microsoft Visual Studio\18\Enterprise\MSBuild\Current\Bin\Microsoft.Common.CurrentVersion.targets(2437,5): warning MSB3277:             C:\Users\WilliamForney\source\repos\wforney\OpenLiveWriter\src\managed\bin\Debug\i386\Writer\OpenLiveWriter.ApplicationFramework.dll [C:\Users\WilliamForney\source\repos\wforney\OpenLiveWriter\src\managed\OpenLiveWriter.FileDestinations\OpenLiveWriter.FileDestinations.csproj]
C:\Program Files\Microsoft Visual Studio\18\Enterprise\MSBuild\Current\Bin\Microsoft.Common.CurrentVersion.targets(2437,5): warning MSB3277:             C:\Users\WilliamForney\source\repos\wforney\OpenLiveWriter\src\managed\bin\Debug\i386\Writer\OpenLiveWriter.Controls.dll [C:\Users\WilliamForney\source\repos\wforney\OpenLiveWriter\src\managed\OpenLiveWriter.FileDestinations\OpenLiveWriter.FileDestinations.csproj]
C:\Program Files\Microsoft Visual Studio\18\Enterprise\MSBuild\Current\Bin\Microsoft.Common.CurrentVersion.targets(2437,5): warning MSB3277:             C:\Users\WilliamForney\source\repos\wforney\OpenLiveWriter\src\managed\bin\Debug\i386\Writer\OpenLiveWriter.CoreServices.dll [C:\Users\WilliamForney\source\repos\wforney\OpenLiveWriter\src\managed\OpenLiveWriter.FileDestinations\OpenLiveWriter.FileDestinations.csproj]
C:\Program Files\Microsoft Visual Studio\18\Enterprise\MSBuild\Current\Bin\Microsoft.Common.CurrentVersion.targets(2437,5): warning MSB3277:             C:\Users\WilliamForney\source\repos\wforney\OpenLiveWriter\src\managed\bin\Debug\i386\Writer\OpenLiveWriter.Interop.dll [C:\Users\WilliamForney\source\repos\wforney\OpenLiveWriter\src\managed\OpenLiveWriter.FileDestinations\OpenLiveWriter.FileDestinations.csproj]
C:\Program Files\Microsoft Visual Studio\18\Enterprise\MSBuild\Current\Bin\Microsoft.Common.CurrentVersion.targets(2437,5): warning MSB3277:             C:\Users\WilliamForney\source\repos\wforney\OpenLiveWriter\src\managed\bin\Debug\i386\Writer\OpenLiveWriter.Localization.dll [C:\Users\WilliamForney\source\repos\wforney\OpenLiveWriter\src\managed\OpenLiveWriter.FileDestinations\OpenLiveWriter.FileDestinations.csproj]
C:\Program Files\Microsoft Visual Studio\18\Enterprise\MSBuild\Current\Bin\Microsoft.Common.CurrentVersion.targets(2437,5): warning MSB3277:             System.Design [C:\Users\WilliamForney\source\repos\wforney\OpenLiveWriter\src\managed\OpenLiveWriter.FileDestinations\OpenLiveWriter.FileDestinations.csproj]
C:\Program Files\Microsoft Visual Studio\18\Enterprise\MSBuild\Current\Bin\Microsoft.Common.CurrentVersion.targets(2437,5): warning MSB3277:             System.Web [C:\Users\WilliamForney\source\repos\wforney\OpenLiveWriter\src\managed\OpenLiveWriter.FileDestinations\OpenLiveWriter.FileDestinations.csproj]
C:\Program Files\Microsoft Visual Studio\18\Enterprise\MSBuild\Current\Bin\Microsoft.Common.CurrentVersion.targets(2437,5): warning MSB3277:             System.Runtime.Remoting [C:\Users\WilliamForney\source\repos\wforney\OpenLiveWriter\src\managed\OpenLiveWriter.FileDestinations\OpenLiveWriter.FileDestinations.csproj]
C:\Program Files\Microsoft Visual Studio\18\Enterprise\MSBuild\Current\Bin\Microsoft.Common.CurrentVersion.targets(2437,5): warning MSB3277:             System.Web.Services [C:\Users\WilliamForney\source\repos\wforney\OpenLiveWriter\src\managed\OpenLiveWriter.FileDestinations\OpenLiveWriter.FileDestinations.csproj]
C:\Program Files\Microsoft Visual Studio\18\Enterprise\MSBuild\Current\Bin\Microsoft.Common.CurrentVersion.targets(2437,5): warning MSB3277:             System.Data [C:\Users\WilliamForney\source\repos\wforney\OpenLiveWriter\src\managed\OpenLiveWriter.FileDestinations\OpenLiveWriter.FileDestinations.csproj]
C:\Program Files\Microsoft Visual Studio\18\Enterprise\MSBuild\Current\Bin\Microsoft.Common.CurrentVersion.targets(2437,5): warning MSB3277:         C:\Windows\Microsoft.Net\assembly\GAC_MSIL\System.Configuration\v4.0_4.0.0.0__b03f5f7f11d50a3a\System.Configuration.dll [C:\Users\WilliamForney\source\repos\wforney\OpenLiveWriter\src\managed\OpenLiveWriter.FileDestinations\OpenLiveWriter.FileDestinations.csproj]
C:\Program Files\Microsoft Visual Studio\18\Enterprise\MSBuild\Current\Bin\Microsoft.Common.CurrentVersion.targets(2437,5): warning MSB3277:           Project file item includes which caused reference "C:\Windows\Microsoft.Net\assembly\GAC_MSIL\System.Configuration\v4.0_4.0.0.0__b03f5f7f11d50a3a\System.Configuration.dll". [C:\Users\WilliamForney\source\repos\wforney\OpenLiveWriter\src\managed\OpenLiveWriter.FileDestinations\OpenLiveWriter.FileDestinations.csproj]
C:\Program Files\Microsoft Visual Studio\18\Enterprise\MSBuild\Current\Bin\Microsoft.Common.CurrentVersion.targets(2437,5): warning MSB3277:             System [C:\Users\WilliamForney\source\repos\wforney\OpenLiveWriter\src\managed\OpenLiveWriter.FileDestinations\OpenLiveWriter.FileDestinations.csproj]
C:\Program Files\Microsoft Visual Studio\18\Enterprise\MSBuild\Current\Bin\Microsoft.Common.CurrentVersion.targets(2437,5): warning MSB3277:             C:\Users\WilliamForney\source\repos\wforney\OpenLiveWriter\src\managed\bin\Debug\i386\Writer\OpenLiveWriter.ApplicationFramework.dll [C:\Users\WilliamForney\source\repos\wforney\OpenLiveWriter\src\managed\OpenLiveWriter.FileDestinations\OpenLiveWriter.FileDestinations.csproj]
C:\Program Files\Microsoft Visual Studio\18\Enterprise\MSBuild\Current\Bin\Microsoft.Common.CurrentVersion.targets(2437,5): warning MSB3277:             C:\Users\WilliamForney\source\repos\wforney\OpenLiveWriter\src\managed\bin\Debug\i386\Writer\OpenLiveWriter.Controls.dll [C:\Users\WilliamForney\source\repos\wforney\OpenLiveWriter\src\managed\OpenLiveWriter.FileDestinations\OpenLiveWriter.FileDestinations.csproj]
C:\Program Files\Microsoft Visual Studio\18\Enterprise\MSBuild\Current\Bin\Microsoft.Common.CurrentVersion.targets(2437,5): warning MSB3277:             C:\Users\WilliamForney\source\repos\wforney\OpenLiveWriter\src\managed\bin\Debug\i386\Writer\OpenLiveWriter.CoreServices.dll [C:\Users\WilliamForney\source\repos\wforney\OpenLiveWriter\src\managed\OpenLiveWriter.FileDestinations\OpenLiveWriter.FileDestinations.csproj]
C:\Program Files\Microsoft Visual Studio\18\Enterprise\MSBuild\Current\Bin\Microsoft.Common.CurrentVersion.targets(2437,5): warning MSB3277:             C:\Users\WilliamForney\source\repos\wforney\OpenLiveWriter\src\managed\bin\Debug\i386\Writer\OpenLiveWriter.Interop.dll [C:\Users\WilliamForney\source\repos\wforney\OpenLiveWriter\src\managed\OpenLiveWriter.FileDestinations\OpenLiveWriter.FileDestinations.csproj]
C:\Program Files\Microsoft Visual Studio\18\Enterprise\MSBuild\Current\Bin\Microsoft.Common.CurrentVersion.targets(2437,5): warning MSB3277:             C:\Users\WilliamForney\source\repos\wforney\OpenLiveWriter\src\managed\bin\Debug\i386\Writer\OpenLiveWriter.Localization.dll [C:\Users\WilliamForney\source\repos\wforney\OpenLiveWriter\src\managed\OpenLiveWriter.FileDestinations\OpenLiveWriter.FileDestinations.csproj]
C:\Program Files\Microsoft Visual Studio\18\Enterprise\MSBuild\Current\Bin\Microsoft.Common.CurrentVersion.targets(2437,5): warning MSB3277:             System.Data [C:\Users\WilliamForney\source\repos\wforney\OpenLiveWriter\src\managed\OpenLiveWriter.FileDestinations\OpenLiveWriter.FileDestinations.csproj]
C:\Program Files\Microsoft Visual Studio\18\Enterprise\MSBuild\Current\Bin\Microsoft.Common.CurrentVersion.targets(2437,5): warning MSB3277:             System.Design [C:\Users\WilliamForney\source\repos\wforney\OpenLiveWriter\src\managed\OpenLiveWriter.FileDestinations\OpenLiveWriter.FileDestinations.csproj]
C:\Program Files\Microsoft Visual Studio\18\Enterprise\MSBuild\Current\Bin\Microsoft.Common.CurrentVersion.targets(2437,5): warning MSB3277:             System.Drawing [C:\Users\WilliamForney\source\repos\wforney\OpenLiveWriter\src\managed\OpenLiveWriter.FileDestinations\OpenLiveWriter.FileDestinations.csproj]
C:\Program Files\Microsoft Visual Studio\18\Enterprise\MSBuild\Current\Bin\Microsoft.Common.CurrentVersion.targets(2437,5): warning MSB3277:             System.Runtime.Remoting [C:\Users\WilliamForney\source\repos\wforney\OpenLiveWriter\src\managed\OpenLiveWriter.FileDestinations\OpenLiveWriter.FileDestinations.csproj]
C:\Program Files\Microsoft Visual Studio\18\Enterprise\MSBuild\Current\Bin\Microsoft.Common.CurrentVersion.targets(2437,5): warning MSB3277:             System.Web [C:\Users\WilliamForney\source\repos\wforney\OpenLiveWriter\src\managed\OpenLiveWriter.FileDestinations\OpenLiveWriter.FileDestinations.csproj]
C:\Program Files\Microsoft Visual Studio\18\Enterprise\MSBuild\Current\Bin\Microsoft.Common.CurrentVersion.targets(2437,5): warning MSB3277:             System.Web.Services [C:\Users\WilliamForney\source\repos\wforney\OpenLiveWriter\src\managed\OpenLiveWriter.FileDestinations\OpenLiveWriter.FileDestinations.csproj]
C:\Program Files\Microsoft Visual Studio\18\Enterprise\MSBuild\Current\Bin\Microsoft.Common.CurrentVersion.targets(2437,5): warning MSB3277:             System.Windows.Forms [C:\Users\WilliamForney\source\repos\wforney\OpenLiveWriter\src\managed\OpenLiveWriter.FileDestinations\OpenLiveWriter.FileDestinations.csproj]
C:\Program Files\Microsoft Visual Studio\18\Enterprise\MSBuild\Current\Bin\Microsoft.Common.CurrentVersion.targets(2437,5): warning MSB3277:             System.Xml [C:\Users\WilliamForney\source\repos\wforney\OpenLiveWriter\src\managed\OpenLiveWriter.FileDestinations\OpenLiveWriter.FileDestinations.csproj]
C:\Program Files\Microsoft Visual Studio\18\Enterprise\MSBuild\Current\Bin\Microsoft.Common.CurrentVersion.targets(2437,5): warning MSB3277:             System.Core [C:\Users\WilliamForney\source\repos\wforney\OpenLiveWriter\src\managed\OpenLiveWriter.FileDestinations\OpenLiveWriter.FileDestinations.csproj]
C:\Program Files\Microsoft Visual Studio\18\Enterprise\MSBuild\Current\Bin\Microsoft.Common.CurrentVersion.targets(2437,5): warning MSB3277:         C:\Windows\Microsoft.Net\assembly\GAC_MSIL\System.ComponentModel.DataAnnotations\v4.0_4.0.0.0__31bf3856ad364e35\System.ComponentModel.DataAnnotations.dll [C:\Users\WilliamForney\source\repos\wforney\OpenLiveWriter\src\managed\OpenLiveWriter.FileDestinations\OpenLiveWriter.FileDestinations.csproj]
C:\Program Files\Microsoft Visual Studio\18\Enterprise\MSBuild\Current\Bin\Microsoft.Common.CurrentVersion.targets(2437,5): warning MSB3277:           Project file item includes which caused reference "C:\Windows\Microsoft.Net\assembly\GAC_MSIL\System.ComponentModel.DataAnnotations\v4.0_4.0.0.0__31bf3856ad364e35\System.ComponentModel.DataAnnotations.dll". [C:\Users\WilliamForney\source\repos\wforney\OpenLiveWriter\src\managed\OpenLiveWriter.FileDestinations\OpenLiveWriter.FileDestinations.csproj]
C:\Program Files\Microsoft Visual Studio\18\Enterprise\MSBuild\Current\Bin\Microsoft.Common.CurrentVersion.targets(2437,5): warning MSB3277:             System.Web [C:\Users\WilliamForney\source\repos\wforney\OpenLiveWriter\src\managed\OpenLiveWriter.FileDestinations\OpenLiveWriter.FileDestinations.csproj]
C:\Program Files\Microsoft Visual Studio\18\Enterprise\MSBuild\Current\Bin\Microsoft.Common.CurrentVersion.targets(2437,5): warning MSB3277:             C:\Users\WilliamForney\source\repos\wforney\OpenLiveWriter\src\managed\bin\Debug\i386\Writer\OpenLiveWriter.CoreServices.dll [C:\Users\WilliamForney\source\repos\wforney\OpenLiveWriter\src\managed\OpenLiveWriter.FileDestinations\OpenLiveWriter.FileDestinations.csproj]
C:\Program Files\Microsoft Visual Studio\18\Enterprise\MSBuild\Current\Bin\Microsoft.Common.CurrentVersion.targets(2437,5): warning MSB3277:             C:\Users\WilliamForney\source\repos\wforney\OpenLiveWriter\src\managed\bin\Debug\i386\Writer\OpenLiveWriter.ApplicationFramework.dll [C:\Users\WilliamForney\source\repos\wforney\OpenLiveWriter\src\managed\OpenLiveWriter.FileDestinations\OpenLiveWriter.FileDestinations.csproj]
C:\Program Files\Microsoft Visual Studio\18\Enterprise\MSBuild\Current\Bin\Microsoft.Common.CurrentVersion.targets(2437,5): warning MSB3277:             C:\Users\WilliamForney\source\repos\wforney\OpenLiveWriter\src\managed\bin\Debug\i386\Writer\OpenLiveWriter.Controls.dll [C:\Users\WilliamForney\source\repos\wforney\OpenLiveWriter\src\managed\OpenLiveWriter.FileDestinations\OpenLiveWriter.FileDestinations.csproj]
C:\Program Files\Microsoft Visual Studio\18\Enterprise\MSBuild\Current\Bin\Microsoft.Common.CurrentVersion.targets(2437,5): warning MSB3277:             System.Design [C:\Users\WilliamForney\source\repos\wforney\OpenLiveWriter\src\managed\OpenLiveWriter.FileDestinations\OpenLiveWriter.FileDestinations.csproj]
C:\Program Files\Microsoft Visual Studio\18\Enterprise\MSBuild\Current\Bin\Microsoft.Common.CurrentVersion.targets(2437,5): warning MSB3277:             System.Runtime.Remoting [C:\Users\WilliamForney\source\repos\wforney\OpenLiveWriter\src\managed\OpenLiveWriter.FileDestinations\OpenLiveWriter.FileDestinations.csproj]
C:\Program Files\Microsoft Visual Studio\18\Enterprise\MSBuild\Current\Bin\Microsoft.Common.CurrentVersion.targets(2437,5): warning MSB3277:             System.Web.Services [C:\Users\WilliamForney\source\repos\wforney\OpenLiveWriter\src\managed\OpenLiveWriter.FileDestinations\OpenLiveWriter.FileDestinations.csproj]
C:\Program Files\Microsoft Visual Studio\18\Enterprise\MSBuild\Current\Bin\Microsoft.Common.CurrentVersion.targets(2437,5): warning MSB3277:             System.Data [C:\Users\WilliamForney\source\repos\wforney\OpenLiveWriter\src\managed\OpenLiveWriter.FileDestinations\OpenLiveWriter.FileDestinations.csproj]
C:\Program Files\Microsoft Visual Studio\18\Enterprise\MSBuild\Current\Bin\Microsoft.Common.CurrentVersion.targets(2437,5): warning MSB3277:         C:\Windows\Microsoft.Net\assembly\GAC_MSIL\Microsoft.Build.Utilities.v4.0\v4.0_4.0.0.0__b03f5f7f11d50a3a\Microsoft.Build.Utilities.v4.0.dll [C:\Users\WilliamForney\source\repos\wforney\OpenLiveWriter\src\managed\OpenLiveWriter.FileDestinations\OpenLiveWriter.FileDestinations.csproj]
C:\Program Files\Microsoft Visual Studio\18\Enterprise\MSBuild\Current\Bin\Microsoft.Common.CurrentVersion.targets(2437,5): warning MSB3277:           Project file item includes which caused reference "C:\Windows\Microsoft.Net\assembly\GAC_MSIL\Microsoft.Build.Utilities.v4.0\v4.0_4.0.0.0__b03f5f7f11d50a3a\Microsoft.Build.Utilities.v4.0.dll". [C:\Users\WilliamForney\source\repos\wforney\OpenLiveWriter\src\managed\OpenLiveWriter.FileDestinations\OpenLiveWriter.FileDestinations.csproj]
C:\Program Files\Microsoft Visual Studio\18\Enterprise\MSBuild\Current\Bin\Microsoft.Common.CurrentVersion.targets(2437,5): warning MSB3277:             System.Web [C:\Users\WilliamForney\source\repos\wforney\OpenLiveWriter\src\managed\OpenLiveWriter.FileDestinations\OpenLiveWriter.FileDestinations.csproj]
C:\Program Files\Microsoft Visual Studio\18\Enterprise\MSBuild\Current\Bin\Microsoft.Common.CurrentVersion.targets(2437,5): warning MSB3277:             C:\Users\WilliamForney\source\repos\wforney\OpenLiveWriter\src\managed\bin\Debug\i386\Writer\OpenLiveWriter.CoreServices.dll [C:\Users\WilliamForney\source\repos\wforney\OpenLiveWriter\src\managed\OpenLiveWriter.FileDestinations\OpenLiveWriter.FileDestinations.csproj]
C:\Program Files\Microsoft Visual Studio\18\Enterprise\MSBuild\Current\Bin\Microsoft.Common.CurrentVersion.targets(2437,5): warning MSB3277:             C:\Users\WilliamForney\source\repos\wforney\OpenLiveWriter\src\managed\bin\Debug\i386\Writer\OpenLiveWriter.ApplicationFramework.dll [C:\Users\WilliamForney\source\repos\wforney\OpenLiveWriter\src\managed\OpenLiveWriter.FileDestinations\OpenLiveWriter.FileDestinations.csproj]
C:\Program Files\Microsoft Visual Studio\18\Enterprise\MSBuild\Current\Bin\Microsoft.Common.CurrentVersion.targets(2437,5): warning MSB3277:             C:\Users\WilliamForney\source\repos\wforney\OpenLiveWriter\src\managed\bin\Debug\i386\Writer\OpenLiveWriter.Controls.dll [C:\Users\WilliamForney\source\repos\wforney\OpenLiveWriter\src\managed\OpenLiveWriter.FileDestinations\OpenLiveWriter.FileDestinations.csproj]
C:\Program Files\Microsoft Visual Studio\18\Enterprise\MSBuild\Current\Bin\Microsoft.Common.CurrentVersion.targets(2437,5): warning MSB3277:             System.Design [C:\Users\WilliamForney\source\repos\wforney\OpenLiveWriter\src\managed\OpenLiveWriter.FileDestinations\OpenLiveWriter.FileDestinations.csproj]
C:\Program Files\Microsoft Visual Studio\18\Enterprise\MSBuild\Current\Bin\Microsoft.Common.CurrentVersion.targets(2437,5): warning MSB3277:             System.Runtime.Remoting [C:\Users\WilliamForney\source\repos\wforney\OpenLiveWriter\src\managed\OpenLiveWriter.FileDestinations\OpenLiveWriter.FileDestinations.csproj]
C:\Program Files\Microsoft Visual Studio\18\Enterprise\MSBuild\Current\Bin\Microsoft.Common.CurrentVersion.targets(2437,5): warning MSB3277:             System.Web.Services [C:\Users\WilliamForney\source\repos\wforney\OpenLiveWriter\src\managed\OpenLiveWriter.FileDestinations\OpenLiveWriter.FileDestinations.csproj]
C:\Program Files\Microsoft Visual Studio\18\Enterprise\MSBuild\Current\Bin\Microsoft.Common.CurrentVersion.targets(2437,5): warning MSB3277:             System.Data [C:\Users\WilliamForney\source\repos\wforney\OpenLiveWriter\src\managed\OpenLiveWriter.FileDestinations\OpenLiveWriter.FileDestinations.csproj]
C:\Program Files\Microsoft Visual Studio\18\Enterprise\MSBuild\Current\Bin\Microsoft.Common.CurrentVersion.targets(2437,5): warning MSB3277:         C:\Windows\Microsoft.Net\assembly\GAC_MSIL\Microsoft.Build.Tasks.v4.0\v4.0_4.0.0.0__b03f5f7f11d50a3a\Microsoft.Build.Tasks.v4.0.dll [C:\Users\WilliamForney\source\repos\wforney\OpenLiveWriter\src\managed\OpenLiveWriter.FileDestinations\OpenLiveWriter.FileDestinations.csproj]
C:\Program Files\Microsoft Visual Studio\18\Enterprise\MSBuild\Current\Bin\Microsoft.Common.CurrentVersion.targets(2437,5): warning MSB3277:           Project file item includes which caused reference "C:\Windows\Microsoft.Net\assembly\GAC_MSIL\Microsoft.Build.Tasks.v4.0\v4.0_4.0.0.0__b03f5f7f11d50a3a\Microsoft.Build.Tasks.v4.0.dll". [C:\Users\WilliamForney\source\repos\wforney\OpenLiveWriter\src\managed\OpenLiveWriter.FileDestinations\OpenLiveWriter.FileDestinations.csproj]
C:\Program Files\Microsoft Visual Studio\18\Enterprise\MSBuild\Current\Bin\Microsoft.Common.CurrentVersion.targets(2437,5): warning MSB3277:             System.Web [C:\Users\WilliamForney\source\repos\wforney\OpenLiveWriter\src\managed\OpenLiveWriter.FileDestinations\OpenLiveWriter.FileDestinations.csproj]
C:\Program Files\Microsoft Visual Studio\18\Enterprise\MSBuild\Current\Bin\Microsoft.Common.CurrentVersion.targets(2437,5): warning MSB3277:             C:\Users\WilliamForney\source\repos\wforney\OpenLiveWriter\src\managed\bin\Debug\i386\Writer\OpenLiveWriter.CoreServices.dll [C:\Users\WilliamForney\source\repos\wforney\OpenLiveWriter\src\managed\OpenLiveWriter.FileDestinations\OpenLiveWriter.FileDestinations.csproj]
C:\Program Files\Microsoft Visual Studio\18\Enterprise\MSBuild\Current\Bin\Microsoft.Common.CurrentVersion.targets(2437,5): warning MSB3277:             C:\Users\WilliamForney\source\repos\wforney\OpenLiveWriter\src\managed\bin\Debug\i386\Writer\OpenLiveWriter.ApplicationFramework.dll [C:\Users\WilliamForney\source\repos\wforney\OpenLiveWriter\src\managed\OpenLiveWriter.FileDestinations\OpenLiveWriter.FileDestinations.csproj]
C:\Program Files\Microsoft Visual Studio\18\Enterprise\MSBuild\Current\Bin\Microsoft.Common.CurrentVersion.targets(2437,5): warning MSB3277:             C:\Users\WilliamForney\source\repos\wforney\OpenLiveWriter\src\managed\bin\Debug\i386\Writer\OpenLiveWriter.Controls.dll [C:\Users\WilliamForney\source\repos\wforney\OpenLiveWriter\src\managed\OpenLiveWriter.FileDestinations\OpenLiveWriter.FileDestinations.csproj]
C:\Program Files\Microsoft Visual Studio\18\Enterprise\MSBuild\Current\Bin\Microsoft.Common.CurrentVersion.targets(2437,5): warning MSB3277:             System.Design [C:\Users\WilliamForney\source\repos\wforney\OpenLiveWriter\src\managed\OpenLiveWriter.FileDestinations\OpenLiveWriter.FileDestinations.csproj]
C:\Program Files\Microsoft Visual Studio\18\Enterprise\MSBuild\Current\Bin\Microsoft.Common.CurrentVersion.targets(2437,5): warning MSB3277:             System.Runtime.Remoting [C:\Users\WilliamForney\source\repos\wforney\OpenLiveWriter\src\managed\OpenLiveWriter.FileDestinations\OpenLiveWriter.FileDestinations.csproj]
C:\Program Files\Microsoft Visual Studio\18\Enterprise\MSBuild\Current\Bin\Microsoft.Common.CurrentVersion.targets(2437,5): warning MSB3277:             System.Web.Services [C:\Users\WilliamForney\source\repos\wforney\OpenLiveWriter\src\managed\OpenLiveWriter.FileDestinations\OpenLiveWriter.FileDestinations.csproj]
C:\Program Files\Microsoft Visual Studio\18\Enterprise\MSBuild\Current\Bin\Microsoft.Common.CurrentVersion.targets(2437,5): warning MSB3277:             System.Data [C:\Users\WilliamForney\source\repos\wforney\OpenLiveWriter\src\managed\OpenLiveWriter.FileDestinations\OpenLiveWriter.FileDestinations.csproj]
C:\Program Files\Microsoft Visual Studio\18\Enterprise\MSBuild\Current\Bin\Microsoft.Common.CurrentVersion.targets(2437,5): warning MSB3277:         C:\Windows\Microsoft.Net\assembly\GAC_MSIL\System.Deployment\v4.0_4.0.0.0__b03f5f7f11d50a3a\System.Deployment.dll [C:\Users\WilliamForney\source\repos\wforney\OpenLiveWriter\src\managed\OpenLiveWriter.FileDestinations\OpenLiveWriter.FileDestinations.csproj]
C:\Program Files\Microsoft Visual Studio\18\Enterprise\MSBuild\Current\Bin\Microsoft.Common.CurrentVersion.targets(2437,5): warning MSB3277:           Project file item includes which caused reference "C:\Windows\Microsoft.Net\assembly\GAC_MSIL\System.Deployment\v4.0_4.0.0.0__b03f5f7f11d50a3a\System.Deployment.dll". [C:\Users\WilliamForney\source\repos\wforney\OpenLiveWriter\src\managed\OpenLiveWriter.FileDestinations\OpenLiveWriter.FileDestinations.csproj]
C:\Program Files\Microsoft Visual Studio\18\Enterprise\MSBuild\Current\Bin\Microsoft.Common.CurrentVersion.targets(2437,5): warning MSB3277:             System.Windows.Forms [C:\Users\WilliamForney\source\repos\wforney\OpenLiveWriter\src\managed\OpenLiveWriter.FileDestinations\OpenLiveWriter.FileDestinations.csproj]
C:\Program Files\Microsoft Visual Studio\18\Enterprise\MSBuild\Current\Bin\Microsoft.Common.CurrentVersion.targets(2437,5): warning MSB3277:             C:\Users\WilliamForney\source\repos\wforney\OpenLiveWriter\src\managed\bin\Debug\i386\Writer\OpenLiveWriter.ApplicationFramework.dll [C:\Users\WilliamForney\source\repos\wforney\OpenLiveWriter\src\managed\OpenLiveWriter.FileDestinations\OpenLiveWriter.FileDestinations.csproj]
C:\Program Files\Microsoft Visual Studio\18\Enterprise\MSBuild\Current\Bin\Microsoft.Common.CurrentVersion.targets(2437,5): warning MSB3277:             C:\Users\WilliamForney\source\repos\wforney\OpenLiveWriter\src\managed\bin\Debug\i386\Writer\OpenLiveWriter.Controls.dll [C:\Users\WilliamForney\source\repos\wforney\OpenLiveWriter\src\managed\OpenLiveWriter.FileDestinations\OpenLiveWriter.FileDestinations.csproj]
C:\Program Files\Microsoft Visual Studio\18\Enterprise\MSBuild\Current\Bin\Microsoft.Common.CurrentVersion.targets(2437,5): warning MSB3277:             C:\Users\WilliamForney\source\repos\wforney\OpenLiveWriter\src\managed\bin\Debug\i386\Writer\OpenLiveWriter.CoreServices.dll [C:\Users\WilliamForney\source\repos\wforney\OpenLiveWriter\src\managed\OpenLiveWriter.FileDestinations\OpenLiveWriter.FileDestinations.csproj]
C:\Program Files\Microsoft Visual Studio\18\Enterprise\MSBuild\Current\Bin\Microsoft.Common.CurrentVersion.targets(2437,5): warning MSB3277:             C:\Users\WilliamForney\source\repos\wforney\OpenLiveWriter\src\managed\bin\Debug\i386\Writer\OpenLiveWriter.Interop.dll [C:\Users\WilliamForney\source\repos\wforney\OpenLiveWriter\src\managed\OpenLiveWriter.FileDestinations\OpenLiveWriter.FileDestinations.csproj]
C:\Program Files\Microsoft Visual Studio\18\Enterprise\MSBuild\Current\Bin\Microsoft.Common.CurrentVersion.targets(2437,5): warning MSB3277:             C:\Users\WilliamForney\source\repos\wforney\OpenLiveWriter\src\managed\bin\Debug\i386\Writer\OpenLiveWriter.Localization.dll [C:\Users\WilliamForney\source\repos\wforney\OpenLiveWriter\src\managed\OpenLiveWriter.FileDestinations\OpenLiveWriter.FileDestinations.csproj]
C:\Program Files\Microsoft Visual Studio\18\Enterprise\MSBuild\Current\Bin\Microsoft.Common.CurrentVersion.targets(2437,5): warning MSB3277:             System.Design [C:\Users\WilliamForney\source\repos\wforney\OpenLiveWriter\src\managed\OpenLiveWriter.FileDestinations\OpenLiveWriter.FileDestinations.csproj]
C:\Program Files\Microsoft Visual Studio\18\Enterprise\MSBuild\Current\Bin\Microsoft.Common.CurrentVersion.targets(2437,5): warning MSB3277:             System.Web [C:\Users\WilliamForney\source\repos\wforney\OpenLiveWriter\src\managed\OpenLiveWriter.FileDestinations\OpenLiveWriter.FileDestinations.csproj]
C:\Program Files\Microsoft Visual Studio\18\Enterprise\MSBuild\Current\Bin\Microsoft.Common.CurrentVersion.targets(2437,5): warning MSB3277:             System.Runtime.Remoting [C:\Users\WilliamForney\source\repos\wforney\OpenLiveWriter\src\managed\OpenLiveWriter.FileDestinations\OpenLiveWriter.FileDestinations.csproj]
C:\Program Files\Microsoft Visual Studio\18\Enterprise\MSBuild\Current\Bin\Microsoft.Common.CurrentVersion.targets(2437,5): warning MSB3277:             System.Web.Services [C:\Users\WilliamForney\source\repos\wforney\OpenLiveWriter\src\managed\OpenLiveWriter.FileDestinations\OpenLiveWriter.FileDestinations.csproj]
C:\Program Files\Microsoft Visual Studio\18\Enterprise\MSBuild\Current\Bin\Microsoft.Common.CurrentVersion.targets(2437,5): warning MSB3277:             System.Data [C:\Users\WilliamForney\source\repos\wforney\OpenLiveWriter\src\managed\OpenLiveWriter.FileDestinations\OpenLiveWriter.FileDestinations.csproj]
C:\Program Files\Microsoft Visual Studio\18\Enterprise\MSBuild\Current\Bin\Microsoft.Common.CurrentVersion.targets(2437,5): warning MSB3277: Found conflicts between different versions of "System.Core" that could not be resolved. [C:\Users\WilliamForney\source\repos\wforney\OpenLiveWriter\src\managed\OpenLiveWriter.SpellChecker\OpenLiveWriter.SpellChecker.csproj]
C:\Program Files\Microsoft Visual Studio\18\Enterprise\MSBuild\Current\Bin\Microsoft.Common.CurrentVersion.targets(2437,5): warning MSB3277: There was a conflict between "System.Core, Version=3.5.0.0, Culture=neutral, PublicKeyToken=b77a5c561934e089" and "System.Core, Version=4.0.0.0, Culture=neutral, PublicKeyToken=b77a5c561934e089". [C:\Users\WilliamForney\source\repos\wforney\OpenLiveWriter\src\managed\OpenLiveWriter.SpellChecker\OpenLiveWriter.SpellChecker.csproj]
C:\Program Files\Microsoft Visual Studio\18\Enterprise\MSBuild\Current\Bin\Microsoft.Common.CurrentVersion.targets(2437,5): warning MSB3277:     "System.Core, Version=3.5.0.0, Culture=neutral, PublicKeyToken=b77a5c561934e089" was chosen because it was primary and "System.Core, Version=4.0.0.0, Culture=neutral, PublicKeyToken=b77a5c561934e089" was not. [C:\Users\WilliamForney\source\repos\wforney\OpenLiveWriter\src\managed\OpenLiveWriter.SpellChecker\OpenLiveWriter.SpellChecker.csproj]
C:\Program Files\Microsoft Visual Studio\18\Enterprise\MSBuild\Current\Bin\Microsoft.Common.CurrentVersion.targets(2437,5): warning MSB3277:     References which depend on "System.Core, Version=3.5.0.0, Culture=neutral, PublicKeyToken=b77a5c561934e089" [C:\Program Files (x86)\Reference Assemblies\Microsoft\Framework\v3.5\System.Core.dll]. [C:\Users\WilliamForney\source\repos\wforney\OpenLiveWriter\src\managed\OpenLiveWriter.SpellChecker\OpenLiveWriter.SpellChecker.csproj]
C:\Program Files\Microsoft Visual Studio\18\Enterprise\MSBuild\Current\Bin\Microsoft.Common.CurrentVersion.targets(2437,5): warning MSB3277:         C:\Program Files (x86)\Reference Assemblies\Microsoft\Framework\v3.5\System.Core.dll [C:\Users\WilliamForney\source\repos\wforney\OpenLiveWriter\src\managed\OpenLiveWriter.SpellChecker\OpenLiveWriter.SpellChecker.csproj]
C:\Program Files\Microsoft Visual Studio\18\Enterprise\MSBuild\Current\Bin\Microsoft.Common.CurrentVersion.targets(2437,5): warning MSB3277:           Project file item includes which caused reference "C:\Program Files (x86)\Reference Assemblies\Microsoft\Framework\v3.5\System.Core.dll". [C:\Users\WilliamForney\source\repos\wforney\OpenLiveWriter\src\managed\OpenLiveWriter.SpellChecker\OpenLiveWriter.SpellChecker.csproj]
C:\Program Files\Microsoft Visual Studio\18\Enterprise\MSBuild\Current\Bin\Microsoft.Common.CurrentVersion.targets(2437,5): warning MSB3277:             System.Core [C:\Users\WilliamForney\source\repos\wforney\OpenLiveWriter\src\managed\OpenLiveWriter.SpellChecker\OpenLiveWriter.SpellChecker.csproj]
C:\Program Files\Microsoft Visual Studio\18\Enterprise\MSBuild\Current\Bin\Microsoft.Common.CurrentVersion.targets(2437,5): warning MSB3277:     References which depend on or have been unified to "System.Core, Version=4.0.0.0, Culture=neutral, PublicKeyToken=b77a5c561934e089" [C:\Windows\Microsoft.Net\assembly\GAC_MSIL\System.Core\v4.0_4.0.0.0__b77a5c561934e089\System.Core.dll]. [C:\Users\WilliamForney\source\repos\wforney\OpenLiveWriter\src\managed\OpenLiveWriter.SpellChecker\OpenLiveWriter.SpellChecker.csproj]
C:\Program Files\Microsoft Visual Studio\18\Enterprise\MSBuild\Current\Bin\Microsoft.Common.CurrentVersion.targets(2437,5): warning MSB3277:         C:\Windows\Microsoft.Net\assembly\GAC_32\System.Data\v4.0_4.0.0.0__b77a5c561934e089\System.Data.dll [C:\Users\WilliamForney\source\repos\wforney\OpenLiveWriter\src\managed\OpenLiveWriter.SpellChecker\OpenLiveWriter.SpellChecker.csproj]
C:\Program Files\Microsoft Visual Studio\18\Enterprise\MSBuild\Current\Bin\Microsoft.Common.CurrentVersion.targets(2437,5): warning MSB3277:           Project file item includes which caused reference "C:\Windows\Microsoft.Net\assembly\GAC_32\System.Data\v4.0_4.0.0.0__b77a5c561934e089\System.Data.dll". [C:\Users\WilliamForney\source\repos\wforney\OpenLiveWriter\src\managed\OpenLiveWriter.SpellChecker\OpenLiveWriter.SpellChecker.csproj]
C:\Program Files\Microsoft Visual Studio\18\Enterprise\MSBuild\Current\Bin\Microsoft.Common.CurrentVersion.targets(2437,5): warning MSB3277:             System.Data [C:\Users\WilliamForney\source\repos\wforney\OpenLiveWriter\src\managed\OpenLiveWriter.SpellChecker\OpenLiveWriter.SpellChecker.csproj]
C:\Program Files\Microsoft Visual Studio\18\Enterprise\MSBuild\Current\Bin\Microsoft.Common.CurrentVersion.targets(2437,5): warning MSB3277:             System.Design [C:\Users\WilliamForney\source\repos\wforney\OpenLiveWriter\src\managed\OpenLiveWriter.SpellChecker\OpenLiveWriter.SpellChecker.csproj]
C:\Program Files\Microsoft Visual Studio\18\Enterprise\MSBuild\Current\Bin\Microsoft.Common.CurrentVersion.targets(2437,5): warning MSB3277:             C:\Users\WilliamForney\source\repos\wforney\OpenLiveWriter\src\managed\bin\Debug\i386\Writer\OpenLiveWriter.ApplicationFramework.dll [C:\Users\WilliamForney\source\repos\wforney\OpenLiveWriter\src\managed\OpenLiveWriter.SpellChecker\OpenLiveWriter.SpellChecker.csproj]
C:\Program Files\Microsoft Visual Studio\18\Enterprise\MSBuild\Current\Bin\Microsoft.Common.CurrentVersion.targets(2437,5): warning MSB3277:             C:\Users\WilliamForney\source\repos\wforney\OpenLiveWriter\src\managed\bin\Debug\i386\Writer\OpenLiveWriter.CoreServices.dll [C:\Users\WilliamForney\source\repos\wforney\OpenLiveWriter\src\managed\OpenLiveWriter.SpellChecker\OpenLiveWriter.SpellChecker.csproj]
C:\Program Files\Microsoft Visual Studio\18\Enterprise\MSBuild\Current\Bin\Microsoft.Common.CurrentVersion.targets(2437,5): warning MSB3277:             C:\Users\WilliamForney\source\repos\wforney\OpenLiveWriter\src\managed\bin\Debug\i386\Writer\OpenLiveWriter.Controls.dll [C:\Users\WilliamForney\source\repos\wforney\OpenLiveWriter\src\managed\OpenLiveWriter.SpellChecker\OpenLiveWriter.SpellChecker.csproj]
C:\Program Files\Microsoft Visual Studio\18\Enterprise\MSBuild\Current\Bin\Microsoft.Common.CurrentVersion.targets(2437,5): warning MSB3277:             C:\Users\WilliamForney\source\repos\wforney\OpenLiveWriter\src\managed\bin\Debug\i386\Writer\OpenLiveWriter.HtmlParser.dll [C:\Users\WilliamForney\source\repos\wforney\OpenLiveWriter\src\managed\OpenLiveWriter.SpellChecker\OpenLiveWriter.SpellChecker.csproj]
C:\Program Files\Microsoft Visual Studio\18\Enterprise\MSBuild\Current\Bin\Microsoft.Common.CurrentVersion.targets(2437,5): warning MSB3277:             C:\Users\WilliamForney\source\repos\wforney\OpenLiveWriter\src\managed\bin\Debug\i386\Writer\OpenLiveWriter.Mshtml.dll [C:\Users\WilliamForney\source\repos\wforney\OpenLiveWriter\src\managed\OpenLiveWriter.SpellChecker\OpenLiveWriter.SpellChecker.csproj]
C:\Program Files\Microsoft Visual Studio\18\Enterprise\MSBuild\Current\Bin\Microsoft.Common.CurrentVersion.targets(2437,5): warning MSB3277:         C:\Windows\Microsoft.Net\assembly\GAC_MSIL\System.Design\v4.0_4.0.0.0__b03f5f7f11d50a3a\System.Design.dll [C:\Users\WilliamForney\source\repos\wforney\OpenLiveWriter\src\managed\OpenLiveWriter.SpellChecker\OpenLiveWriter.SpellChecker.csproj]
C:\Program Files\Microsoft Visual Studio\18\Enterprise\MSBuild\Current\Bin\Microsoft.Common.CurrentVersion.targets(2437,5): warning MSB3277:           Project file item includes which caused reference "C:\Windows\Microsoft.Net\assembly\GAC_MSIL\System.Design\v4.0_4.0.0.0__b03f5f7f11d50a3a\System.Design.dll". [C:\Users\WilliamForney\source\repos\wforney\OpenLiveWriter\src\managed\OpenLiveWriter.SpellChecker\OpenLiveWriter.SpellChecker.csproj]
C:\Program Files\Microsoft Visual Studio\18\Enterprise\MSBuild\Current\Bin\Microsoft.Common.CurrentVersion.targets(2437,5): warning MSB3277:             System.Design [C:\Users\WilliamForney\source\repos\wforney\OpenLiveWriter\src\managed\OpenLiveWriter.SpellChecker\OpenLiveWriter.SpellChecker.csproj]
C:\Program Files\Microsoft Visual Studio\18\Enterprise\MSBuild\Current\Bin\Microsoft.Common.CurrentVersion.targets(2437,5): warning MSB3277:             C:\Users\WilliamForney\source\repos\wforney\OpenLiveWriter\src\managed\bin\Debug\i386\Writer\OpenLiveWriter.ApplicationFramework.dll [C:\Users\WilliamForney\source\repos\wforney\OpenLiveWriter\src\managed\OpenLiveWriter.SpellChecker\OpenLiveWriter.SpellChecker.csproj]
C:\Program Files\Microsoft Visual Studio\18\Enterprise\MSBuild\Current\Bin\Microsoft.Common.CurrentVersion.targets(2437,5): warning MSB3277:             C:\Users\WilliamForney\source\repos\wforney\OpenLiveWriter\src\managed\bin\Debug\i386\Writer\OpenLiveWriter.CoreServices.dll [C:\Users\WilliamForney\source\repos\wforney\OpenLiveWriter\src\managed\OpenLiveWriter.SpellChecker\OpenLiveWriter.SpellChecker.csproj]
C:\Program Files\Microsoft Visual Studio\18\Enterprise\MSBuild\Current\Bin\Microsoft.Common.CurrentVersion.targets(2437,5): warning MSB3277:             C:\Users\WilliamForney\source\repos\wforney\OpenLiveWriter\src\managed\bin\Debug\i386\Writer\OpenLiveWriter.Controls.dll [C:\Users\WilliamForney\source\repos\wforney\OpenLiveWriter\src\managed\OpenLiveWriter.SpellChecker\OpenLiveWriter.SpellChecker.csproj]
C:\Program Files\Microsoft Visual Studio\18\Enterprise\MSBuild\Current\Bin\Microsoft.Common.CurrentVersion.targets(2437,5): warning MSB3277:             C:\Users\WilliamForney\source\repos\wforney\OpenLiveWriter\src\managed\bin\Debug\i386\Writer\OpenLiveWriter.HtmlParser.dll [C:\Users\WilliamForney\source\repos\wforney\OpenLiveWriter\src\managed\OpenLiveWriter.SpellChecker\OpenLiveWriter.SpellChecker.csproj]
C:\Program Files\Microsoft Visual Studio\18\Enterprise\MSBuild\Current\Bin\Microsoft.Common.CurrentVersion.targets(2437,5): warning MSB3277:             C:\Users\WilliamForney\source\repos\wforney\OpenLiveWriter\src\managed\bin\Debug\i386\Writer\OpenLiveWriter.Mshtml.dll [C:\Users\WilliamForney\source\repos\wforney\OpenLiveWriter\src\managed\OpenLiveWriter.SpellChecker\OpenLiveWriter.SpellChecker.csproj]
C:\Program Files\Microsoft Visual Studio\18\Enterprise\MSBuild\Current\Bin\Microsoft.Common.CurrentVersion.targets(2437,5): warning MSB3277:             System.Data [C:\Users\WilliamForney\source\repos\wforney\OpenLiveWriter\src\managed\OpenLiveWriter.SpellChecker\OpenLiveWriter.SpellChecker.csproj]
C:\Program Files\Microsoft Visual Studio\18\Enterprise\MSBuild\Current\Bin\Microsoft.Common.CurrentVersion.targets(2437,5): warning MSB3277:         C:\Windows\Microsoft.Net\assembly\GAC_MSIL\System.Windows.Forms\v4.0_4.0.0.0__b77a5c561934e089\System.Windows.Forms.dll [C:\Users\WilliamForney\source\repos\wforney\OpenLiveWriter\src\managed\OpenLiveWriter.SpellChecker\OpenLiveWriter.SpellChecker.csproj]
C:\Program Files\Microsoft Visual Studio\18\Enterprise\MSBuild\Current\Bin\Microsoft.Common.CurrentVersion.targets(2437,5): warning MSB3277:           Project file item includes which caused reference "C:\Windows\Microsoft.Net\assembly\GAC_MSIL\System.Windows.Forms\v4.0_4.0.0.0__b77a5c561934e089\System.Windows.Forms.dll". [C:\Users\WilliamForney\source\repos\wforney\OpenLiveWriter\src\managed\OpenLiveWriter.SpellChecker\OpenLiveWriter.SpellChecker.csproj]
C:\Program Files\Microsoft Visual Studio\18\Enterprise\MSBuild\Current\Bin\Microsoft.Common.CurrentVersion.targets(2437,5): warning MSB3277:             System.Windows.Forms [C:\Users\WilliamForney\source\repos\wforney\OpenLiveWriter\src\managed\OpenLiveWriter.SpellChecker\OpenLiveWriter.SpellChecker.csproj]
C:\Program Files\Microsoft Visual Studio\18\Enterprise\MSBuild\Current\Bin\Microsoft.Common.CurrentVersion.targets(2437,5): warning MSB3277:             C:\Users\WilliamForney\source\repos\wforney\OpenLiveWriter\src\managed\bin\Debug\i386\Writer\OpenLiveWriter.ApplicationFramework.dll [C:\Users\WilliamForney\source\repos\wforney\OpenLiveWriter\src\managed\OpenLiveWriter.SpellChecker\OpenLiveWriter.SpellChecker.csproj]
C:\Program Files\Microsoft Visual Studio\18\Enterprise\MSBuild\Current\Bin\Microsoft.Common.CurrentVersion.targets(2437,5): warning MSB3277:             C:\Users\WilliamForney\source\repos\wforney\OpenLiveWriter\src\managed\bin\Debug\i386\Writer\OpenLiveWriter.Controls.dll [C:\Users\WilliamForney\source\repos\wforney\OpenLiveWriter\src\managed\OpenLiveWriter.SpellChecker\OpenLiveWriter.SpellChecker.csproj]
C:\Program Files\Microsoft Visual Studio\18\Enterprise\MSBuild\Current\Bin\Microsoft.Common.CurrentVersion.targets(2437,5): warning MSB3277:             C:\Users\WilliamForney\source\repos\wforney\OpenLiveWriter\src\managed\bin\Debug\i386\Writer\OpenLiveWriter.CoreServices.dll [C:\Users\WilliamForney\source\repos\wforney\OpenLiveWriter\src\managed\OpenLiveWriter.SpellChecker\OpenLiveWriter.SpellChecker.csproj]
C:\Program Files\Microsoft Visual Studio\18\Enterprise\MSBuild\Current\Bin\Microsoft.Common.CurrentVersion.targets(2437,5): warning MSB3277:             C:\Users\WilliamForney\source\repos\wforney\OpenLiveWriter\src\managed\bin\Debug\i386\Writer\OpenLiveWriter.Interop.dll [C:\Users\WilliamForney\source\repos\wforney\OpenLiveWriter\src\managed\OpenLiveWriter.SpellChecker\OpenLiveWriter.SpellChecker.csproj]
C:\Program Files\Microsoft Visual Studio\18\Enterprise\MSBuild\Current\Bin\Microsoft.Common.CurrentVersion.targets(2437,5): warning MSB3277:             C:\Users\WilliamForney\source\repos\wforney\OpenLiveWriter\src\managed\bin\Debug\i386\Writer\OpenLiveWriter.Localization.dll [C:\Users\WilliamForney\source\repos\wforney\OpenLiveWriter\src\managed\OpenLiveWriter.SpellChecker\OpenLiveWriter.SpellChecker.csproj]
C:\Program Files\Microsoft Visual Studio\18\Enterprise\MSBuild\Current\Bin\Microsoft.Common.CurrentVersion.targets(2437,5): warning MSB3277:             C:\Users\WilliamForney\source\repos\wforney\OpenLiveWriter\src\managed\bin\Debug\i386\Writer\OpenLiveWriter.Mshtml.dll [C:\Users\WilliamForney\source\repos\wforney\OpenLiveWriter\src\managed\OpenLiveWriter.SpellChecker\OpenLiveWriter.SpellChecker.csproj]
C:\Program Files\Microsoft Visual Studio\18\Enterprise\MSBuild\Current\Bin\Microsoft.Common.CurrentVersion.targets(2437,5): warning MSB3277:             System.Design [C:\Users\WilliamForney\source\repos\wforney\OpenLiveWriter\src\managed\OpenLiveWriter.SpellChecker\OpenLiveWriter.SpellChecker.csproj]
C:\Program Files\Microsoft Visual Studio\18\Enterprise\MSBuild\Current\Bin\Microsoft.Common.CurrentVersion.targets(2437,5): warning MSB3277:             C:\Users\WilliamForney\source\repos\wforney\OpenLiveWriter\src\managed\bin\Debug\i386\Writer\OpenLiveWriter.HtmlParser.dll [C:\Users\WilliamForney\source\repos\wforney\OpenLiveWriter\src\managed\OpenLiveWriter.SpellChecker\OpenLiveWriter.SpellChecker.csproj]
C:\Program Files\Microsoft Visual Studio\18\Enterprise\MSBuild\Current\Bin\Microsoft.Common.CurrentVersion.targets(2437,5): warning MSB3277:             System.Data [C:\Users\WilliamForney\source\repos\wforney\OpenLiveWriter\src\managed\OpenLiveWriter.SpellChecker\OpenLiveWriter.SpellChecker.csproj]
C:\Program Files\Microsoft Visual Studio\18\Enterprise\MSBuild\Current\Bin\Microsoft.Common.CurrentVersion.targets(2437,5): warning MSB3277:         C:\Windows\Microsoft.Net\assembly\GAC_32\System.Web\v4.0_4.0.0.0__b03f5f7f11d50a3a\System.Web.dll [C:\Users\WilliamForney\source\repos\wforney\OpenLiveWriter\src\managed\OpenLiveWriter.SpellChecker\OpenLiveWriter.SpellChecker.csproj]
C:\Program Files\Microsoft Visual Studio\18\Enterprise\MSBuild\Current\Bin\Microsoft.Common.CurrentVersion.targets(2437,5): warning MSB3277:           Project file item includes which caused reference "C:\Windows\Microsoft.Net\assembly\GAC_32\System.Web\v4.0_4.0.0.0__b03f5f7f11d50a3a\System.Web.dll". [C:\Users\WilliamForney\source\repos\wforney\OpenLiveWriter\src\managed\OpenLiveWriter.SpellChecker\OpenLiveWriter.SpellChecker.csproj]
C:\Program Files\Microsoft Visual Studio\18\Enterprise\MSBuild\Current\Bin\Microsoft.Common.CurrentVersion.targets(2437,5): warning MSB3277:             C:\Users\WilliamForney\source\repos\wforney\OpenLiveWriter\src\managed\bin\Debug\i386\Writer\OpenLiveWriter.CoreServices.dll [C:\Users\WilliamForney\source\repos\wforney\OpenLiveWriter\src\managed\OpenLiveWriter.SpellChecker\OpenLiveWriter.SpellChecker.csproj]
C:\Program Files\Microsoft Visual Studio\18\Enterprise\MSBuild\Current\Bin\Microsoft.Common.CurrentVersion.targets(2437,5): warning MSB3277:             C:\Users\WilliamForney\source\repos\wforney\OpenLiveWriter\src\managed\bin\Debug\i386\Writer\OpenLiveWriter.ApplicationFramework.dll [C:\Users\WilliamForney\source\repos\wforney\OpenLiveWriter\src\managed\OpenLiveWriter.SpellChecker\OpenLiveWriter.SpellChecker.csproj]
C:\Program Files\Microsoft Visual Studio\18\Enterprise\MSBuild\Current\Bin\Microsoft.Common.CurrentVersion.targets(2437,5): warning MSB3277:             C:\Users\WilliamForney\source\repos\wforney\OpenLiveWriter\src\managed\bin\Debug\i386\Writer\OpenLiveWriter.Controls.dll [C:\Users\WilliamForney\source\repos\wforney\OpenLiveWriter\src\managed\OpenLiveWriter.SpellChecker\OpenLiveWriter.SpellChecker.csproj]
C:\Program Files\Microsoft Visual Studio\18\Enterprise\MSBuild\Current\Bin\Microsoft.Common.CurrentVersion.targets(2437,5): warning MSB3277:             C:\Users\WilliamForney\source\repos\wforney\OpenLiveWriter\src\managed\bin\Debug\i386\Writer\OpenLiveWriter.HtmlParser.dll [C:\Users\WilliamForney\source\repos\wforney\OpenLiveWriter\src\managed\OpenLiveWriter.SpellChecker\OpenLiveWriter.SpellChecker.csproj]
C:\Program Files\Microsoft Visual Studio\18\Enterprise\MSBuild\Current\Bin\Microsoft.Common.CurrentVersion.targets(2437,5): warning MSB3277:             C:\Users\WilliamForney\source\repos\wforney\OpenLiveWriter\src\managed\bin\Debug\i386\Writer\OpenLiveWriter.Mshtml.dll [C:\Users\WilliamForney\source\repos\wforney\OpenLiveWriter\src\managed\OpenLiveWriter.SpellChecker\OpenLiveWriter.SpellChecker.csproj]
C:\Program Files\Microsoft Visual Studio\18\Enterprise\MSBuild\Current\Bin\Microsoft.Common.CurrentVersion.targets(2437,5): warning MSB3277:             System.Design [C:\Users\WilliamForney\source\repos\wforney\OpenLiveWriter\src\managed\OpenLiveWriter.SpellChecker\OpenLiveWriter.SpellChecker.csproj]
C:\Program Files\Microsoft Visual Studio\18\Enterprise\MSBuild\Current\Bin\Microsoft.Common.CurrentVersion.targets(2437,5): warning MSB3277:             System.Data [C:\Users\WilliamForney\source\repos\wforney\OpenLiveWriter\src\managed\OpenLiveWriter.SpellChecker\OpenLiveWriter.SpellChecker.csproj]
C:\Program Files\Microsoft Visual Studio\18\Enterprise\MSBuild\Current\Bin\Microsoft.Common.CurrentVersion.targets(2437,5): warning MSB3277:         C:\Windows\Microsoft.Net\assembly\GAC_MSIL\System.Configuration\v4.0_4.0.0.0__b03f5f7f11d50a3a\System.Configuration.dll [C:\Users\WilliamForney\source\repos\wforney\OpenLiveWriter\src\managed\OpenLiveWriter.SpellChecker\OpenLiveWriter.SpellChecker.csproj]
C:\Program Files\Microsoft Visual Studio\18\Enterprise\MSBuild\Current\Bin\Microsoft.Common.CurrentVersion.targets(2437,5): warning MSB3277:           Project file item includes which caused reference "C:\Windows\Microsoft.Net\assembly\GAC_MSIL\System.Configuration\v4.0_4.0.0.0__b03f5f7f11d50a3a\System.Configuration.dll". [C:\Users\WilliamForney\source\repos\wforney\OpenLiveWriter\src\managed\OpenLiveWriter.SpellChecker\OpenLiveWriter.SpellChecker.csproj]
C:\Program Files\Microsoft Visual Studio\18\Enterprise\MSBuild\Current\Bin\Microsoft.Common.CurrentVersion.targets(2437,5): warning MSB3277:             System [C:\Users\WilliamForney\source\repos\wforney\OpenLiveWriter\src\managed\OpenLiveWriter.SpellChecker\OpenLiveWriter.SpellChecker.csproj]
C:\Program Files\Microsoft Visual Studio\18\Enterprise\MSBuild\Current\Bin\Microsoft.Common.CurrentVersion.targets(2437,5): warning MSB3277:             C:\Users\WilliamForney\source\repos\wforney\OpenLiveWriter\src\managed\bin\Debug\i386\Writer\OpenLiveWriter.ApplicationFramework.dll [C:\Users\WilliamForney\source\repos\wforney\OpenLiveWriter\src\managed\OpenLiveWriter.SpellChecker\OpenLiveWriter.SpellChecker.csproj]
C:\Program Files\Microsoft Visual Studio\18\Enterprise\MSBuild\Current\Bin\Microsoft.Common.CurrentVersion.targets(2437,5): warning MSB3277:             C:\Users\WilliamForney\source\repos\wforney\OpenLiveWriter\src\managed\bin\Debug\i386\Writer\OpenLiveWriter.Controls.dll [C:\Users\WilliamForney\source\repos\wforney\OpenLiveWriter\src\managed\OpenLiveWriter.SpellChecker\OpenLiveWriter.SpellChecker.csproj]
C:\Program Files\Microsoft Visual Studio\18\Enterprise\MSBuild\Current\Bin\Microsoft.Common.CurrentVersion.targets(2437,5): warning MSB3277:             C:\Users\WilliamForney\source\repos\wforney\OpenLiveWriter\src\managed\bin\Debug\i386\Writer\OpenLiveWriter.CoreServices.dll [C:\Users\WilliamForney\source\repos\wforney\OpenLiveWriter\src\managed\OpenLiveWriter.SpellChecker\OpenLiveWriter.SpellChecker.csproj]
C:\Program Files\Microsoft Visual Studio\18\Enterprise\MSBuild\Current\Bin\Microsoft.Common.CurrentVersion.targets(2437,5): warning MSB3277:             C:\Users\WilliamForney\source\repos\wforney\OpenLiveWriter\src\managed\bin\Debug\i386\Writer\OpenLiveWriter.HtmlParser.dll [C:\Users\WilliamForney\source\repos\wforney\OpenLiveWriter\src\managed\OpenLiveWriter.SpellChecker\OpenLiveWriter.SpellChecker.csproj]
C:\Program Files\Microsoft Visual Studio\18\Enterprise\MSBuild\Current\Bin\Microsoft.Common.CurrentVersion.targets(2437,5): warning MSB3277:             C:\Users\WilliamForney\source\repos\wforney\OpenLiveWriter\src\managed\bin\Debug\i386\Writer\OpenLiveWriter.Interop.dll [C:\Users\WilliamForney\source\repos\wforney\OpenLiveWriter\src\managed\OpenLiveWriter.SpellChecker\OpenLiveWriter.SpellChecker.csproj]
C:\Program Files\Microsoft Visual Studio\18\Enterprise\MSBuild\Current\Bin\Microsoft.Common.CurrentVersion.targets(2437,5): warning MSB3277:             C:\Users\WilliamForney\source\repos\wforney\OpenLiveWriter\src\managed\bin\Debug\i386\Writer\OpenLiveWriter.Localization.dll [C:\Users\WilliamForney\source\repos\wforney\OpenLiveWriter\src\managed\OpenLiveWriter.SpellChecker\OpenLiveWriter.SpellChecker.csproj]
C:\Program Files\Microsoft Visual Studio\18\Enterprise\MSBuild\Current\Bin\Microsoft.Common.CurrentVersion.targets(2437,5): warning MSB3277:             C:\Users\WilliamForney\source\repos\wforney\OpenLiveWriter\src\managed\bin\Debug\i386\Writer\OpenLiveWriter.Mshtml.dll [C:\Users\WilliamForney\source\repos\wforney\OpenLiveWriter\src\managed\OpenLiveWriter.SpellChecker\OpenLiveWriter.SpellChecker.csproj]
C:\Program Files\Microsoft Visual Studio\18\Enterprise\MSBuild\Current\Bin\Microsoft.Common.CurrentVersion.targets(2437,5): warning MSB3277:             System.Data [C:\Users\WilliamForney\source\repos\wforney\OpenLiveWriter\src\managed\OpenLiveWriter.SpellChecker\OpenLiveWriter.SpellChecker.csproj]
C:\Program Files\Microsoft Visual Studio\18\Enterprise\MSBuild\Current\Bin\Microsoft.Common.CurrentVersion.targets(2437,5): warning MSB3277:             System.Design [C:\Users\WilliamForney\source\repos\wforney\OpenLiveWriter\src\managed\OpenLiveWriter.SpellChecker\OpenLiveWriter.SpellChecker.csproj]
C:\Program Files\Microsoft Visual Studio\18\Enterprise\MSBuild\Current\Bin\Microsoft.Common.CurrentVersion.targets(2437,5): warning MSB3277:             System.Drawing [C:\Users\WilliamForney\source\repos\wforney\OpenLiveWriter\src\managed\OpenLiveWriter.SpellChecker\OpenLiveWriter.SpellChecker.csproj]
C:\Program Files\Microsoft Visual Studio\18\Enterprise\MSBuild\Current\Bin\Microsoft.Common.CurrentVersion.targets(2437,5): warning MSB3277:             System.Windows.Forms [C:\Users\WilliamForney\source\repos\wforney\OpenLiveWriter\src\managed\OpenLiveWriter.SpellChecker\OpenLiveWriter.SpellChecker.csproj]
C:\Program Files\Microsoft Visual Studio\18\Enterprise\MSBuild\Current\Bin\Microsoft.Common.CurrentVersion.targets(2437,5): warning MSB3277:             System.Xml [C:\Users\WilliamForney\source\repos\wforney\OpenLiveWriter\src\managed\OpenLiveWriter.SpellChecker\OpenLiveWriter.SpellChecker.csproj]
C:\Program Files\Microsoft Visual Studio\18\Enterprise\MSBuild\Current\Bin\Microsoft.Common.CurrentVersion.targets(2437,5): warning MSB3277:             System.Core [C:\Users\WilliamForney\source\repos\wforney\OpenLiveWriter\src\managed\OpenLiveWriter.SpellChecker\OpenLiveWriter.SpellChecker.csproj]
C:\Program Files\Microsoft Visual Studio\18\Enterprise\MSBuild\Current\Bin\Microsoft.Common.CurrentVersion.targets(2437,5): warning MSB3277:         C:\Windows\Microsoft.Net\assembly\GAC_MSIL\System.Deployment\v4.0_4.0.0.0__b03f5f7f11d50a3a\System.Deployment.dll [C:\Users\WilliamForney\source\repos\wforney\OpenLiveWriter\src\managed\OpenLiveWriter.SpellChecker\OpenLiveWriter.SpellChecker.csproj]
C:\Program Files\Microsoft Visual Studio\18\Enterprise\MSBuild\Current\Bin\Microsoft.Common.CurrentVersion.targets(2437,5): warning MSB3277:           Project file item includes which caused reference "C:\Windows\Microsoft.Net\assembly\GAC_MSIL\System.Deployment\v4.0_4.0.0.0__b03f5f7f11d50a3a\System.Deployment.dll". [C:\Users\WilliamForney\source\repos\wforney\OpenLiveWriter\src\managed\OpenLiveWriter.SpellChecker\OpenLiveWriter.SpellChecker.csproj]
C:\Program Files\Microsoft Visual Studio\18\Enterprise\MSBuild\Current\Bin\Microsoft.Common.CurrentVersion.targets(2437,5): warning MSB3277:             System.Windows.Forms [C:\Users\WilliamForney\source\repos\wforney\OpenLiveWriter\src\managed\OpenLiveWriter.SpellChecker\OpenLiveWriter.SpellChecker.csproj]
C:\Program Files\Microsoft Visual Studio\18\Enterprise\MSBuild\Current\Bin\Microsoft.Common.CurrentVersion.targets(2437,5): warning MSB3277:             C:\Users\WilliamForney\source\repos\wforney\OpenLiveWriter\src\managed\bin\Debug\i386\Writer\OpenLiveWriter.ApplicationFramework.dll [C:\Users\WilliamForney\source\repos\wforney\OpenLiveWriter\src\managed\OpenLiveWriter.SpellChecker\OpenLiveWriter.SpellChecker.csproj]
C:\Program Files\Microsoft Visual Studio\18\Enterprise\MSBuild\Current\Bin\Microsoft.Common.CurrentVersion.targets(2437,5): warning MSB3277:             C:\Users\WilliamForney\source\repos\wforney\OpenLiveWriter\src\managed\bin\Debug\i386\Writer\OpenLiveWriter.Controls.dll [C:\Users\WilliamForney\source\repos\wforney\OpenLiveWriter\src\managed\OpenLiveWriter.SpellChecker\OpenLiveWriter.SpellChecker.csproj]
C:\Program Files\Microsoft Visual Studio\18\Enterprise\MSBuild\Current\Bin\Microsoft.Common.CurrentVersion.targets(2437,5): warning MSB3277:             C:\Users\WilliamForney\source\repos\wforney\OpenLiveWriter\src\managed\bin\Debug\i386\Writer\OpenLiveWriter.CoreServices.dll [C:\Users\WilliamForney\source\repos\wforney\OpenLiveWriter\src\managed\OpenLiveWriter.SpellChecker\OpenLiveWriter.SpellChecker.csproj]
C:\Program Files\Microsoft Visual Studio\18\Enterprise\MSBuild\Current\Bin\Microsoft.Common.CurrentVersion.targets(2437,5): warning MSB3277:             C:\Users\WilliamForney\source\repos\wforney\OpenLiveWriter\src\managed\bin\Debug\i386\Writer\OpenLiveWriter.Interop.dll [C:\Users\WilliamForney\source\repos\wforney\OpenLiveWriter\src\managed\OpenLiveWriter.SpellChecker\OpenLiveWriter.SpellChecker.csproj]
C:\Program Files\Microsoft Visual Studio\18\Enterprise\MSBuild\Current\Bin\Microsoft.Common.CurrentVersion.targets(2437,5): warning MSB3277:             C:\Users\WilliamForney\source\repos\wforney\OpenLiveWriter\src\managed\bin\Debug\i386\Writer\OpenLiveWriter.Localization.dll [C:\Users\WilliamForney\source\repos\wforney\OpenLiveWriter\src\managed\OpenLiveWriter.SpellChecker\OpenLiveWriter.SpellChecker.csproj]
C:\Program Files\Microsoft Visual Studio\18\Enterprise\MSBuild\Current\Bin\Microsoft.Common.CurrentVersion.targets(2437,5): warning MSB3277:             C:\Users\WilliamForney\source\repos\wforney\OpenLiveWriter\src\managed\bin\Debug\i386\Writer\OpenLiveWriter.Mshtml.dll [C:\Users\WilliamForney\source\repos\wforney\OpenLiveWriter\src\managed\OpenLiveWriter.SpellChecker\OpenLiveWriter.SpellChecker.csproj]
C:\Program Files\Microsoft Visual Studio\18\Enterprise\MSBuild\Current\Bin\Microsoft.Common.CurrentVersion.targets(2437,5): warning MSB3277:             System.Design [C:\Users\WilliamForney\source\repos\wforney\OpenLiveWriter\src\managed\OpenLiveWriter.SpellChecker\OpenLiveWriter.SpellChecker.csproj]
C:\Program Files\Microsoft Visual Studio\18\Enterprise\MSBuild\Current\Bin\Microsoft.Common.CurrentVersion.targets(2437,5): warning MSB3277:             C:\Users\WilliamForney\source\repos\wforney\OpenLiveWriter\src\managed\bin\Debug\i386\Writer\OpenLiveWriter.HtmlParser.dll [C:\Users\WilliamForney\source\repos\wforney\OpenLiveWriter\src\managed\OpenLiveWriter.SpellChecker\OpenLiveWriter.SpellChecker.csproj]
C:\Program Files\Microsoft Visual Studio\18\Enterprise\MSBuild\Current\Bin\Microsoft.Common.CurrentVersion.targets(2437,5): warning MSB3277:             System.Data [C:\Users\WilliamForney\source\repos\wforney\OpenLiveWriter\src\managed\OpenLiveWriter.SpellChecker\OpenLiveWriter.SpellChecker.csproj]
C:\Program Files\Microsoft Visual Studio\18\Enterprise\MSBuild\Current\Bin\Microsoft.Common.CurrentVersion.targets(2437,5): warning MSB3277:         C:\Windows\Microsoft.Net\assembly\GAC_MSIL\System.ComponentModel.DataAnnotations\v4.0_4.0.0.0__31bf3856ad364e35\System.ComponentModel.DataAnnotations.dll [C:\Users\WilliamForney\source\repos\wforney\OpenLiveWriter\src\managed\OpenLiveWriter.SpellChecker\OpenLiveWriter.SpellChecker.csproj]
C:\Program Files\Microsoft Visual Studio\18\Enterprise\MSBuild\Current\Bin\Microsoft.Common.CurrentVersion.targets(2437,5): warning MSB3277:           Project file item includes which caused reference "C:\Windows\Microsoft.Net\assembly\GAC_MSIL\System.ComponentModel.DataAnnotations\v4.0_4.0.0.0__31bf3856ad364e35\System.ComponentModel.DataAnnotations.dll". [C:\Users\WilliamForney\source\repos\wforney\OpenLiveWriter\src\managed\OpenLiveWriter.SpellChecker\OpenLiveWriter.SpellChecker.csproj]
C:\Program Files\Microsoft Visual Studio\18\Enterprise\MSBuild\Current\Bin\Microsoft.Common.CurrentVersion.targets(2437,5): warning MSB3277:             C:\Users\WilliamForney\source\repos\wforney\OpenLiveWriter\src\managed\bin\Debug\i386\Writer\OpenLiveWriter.CoreServices.dll [C:\Users\WilliamForney\source\repos\wforney\OpenLiveWriter\src\managed\OpenLiveWriter.SpellChecker\OpenLiveWriter.SpellChecker.csproj]
C:\Program Files\Microsoft Visual Studio\18\Enterprise\MSBuild\Current\Bin\Microsoft.Common.CurrentVersion.targets(2437,5): warning MSB3277:             C:\Users\WilliamForney\source\repos\wforney\OpenLiveWriter\src\managed\bin\Debug\i386\Writer\OpenLiveWriter.ApplicationFramework.dll [C:\Users\WilliamForney\source\repos\wforney\OpenLiveWriter\src\managed\OpenLiveWriter.SpellChecker\OpenLiveWriter.SpellChecker.csproj]
C:\Program Files\Microsoft Visual Studio\18\Enterprise\MSBuild\Current\Bin\Microsoft.Common.CurrentVersion.targets(2437,5): warning MSB3277:             C:\Users\WilliamForney\source\repos\wforney\OpenLiveWriter\src\managed\bin\Debug\i386\Writer\OpenLiveWriter.Controls.dll [C:\Users\WilliamForney\source\repos\wforney\OpenLiveWriter\src\managed\OpenLiveWriter.SpellChecker\OpenLiveWriter.SpellChecker.csproj]
C:\Program Files\Microsoft Visual Studio\18\Enterprise\MSBuild\Current\Bin\Microsoft.Common.CurrentVersion.targets(2437,5): warning MSB3277:             C:\Users\WilliamForney\source\repos\wforney\OpenLiveWriter\src\managed\bin\Debug\i386\Writer\OpenLiveWriter.HtmlParser.dll [C:\Users\WilliamForney\source\repos\wforney\OpenLiveWriter\src\managed\OpenLiveWriter.SpellChecker\OpenLiveWriter.SpellChecker.csproj]
C:\Program Files\Microsoft Visual Studio\18\Enterprise\MSBuild\Current\Bin\Microsoft.Common.CurrentVersion.targets(2437,5): warning MSB3277:             C:\Users\WilliamForney\source\repos\wforney\OpenLiveWriter\src\managed\bin\Debug\i386\Writer\OpenLiveWriter.Mshtml.dll [C:\Users\WilliamForney\source\repos\wforney\OpenLiveWriter\src\managed\OpenLiveWriter.SpellChecker\OpenLiveWriter.SpellChecker.csproj]
C:\Program Files\Microsoft Visual Studio\18\Enterprise\MSBuild\Current\Bin\Microsoft.Common.CurrentVersion.targets(2437,5): warning MSB3277:             System.Design [C:\Users\WilliamForney\source\repos\wforney\OpenLiveWriter\src\managed\OpenLiveWriter.SpellChecker\OpenLiveWriter.SpellChecker.csproj]
C:\Program Files\Microsoft Visual Studio\18\Enterprise\MSBuild\Current\Bin\Microsoft.Common.CurrentVersion.targets(2437,5): warning MSB3277:             System.Data [C:\Users\WilliamForney\source\repos\wforney\OpenLiveWriter\src\managed\OpenLiveWriter.SpellChecker\OpenLiveWriter.SpellChecker.csproj]
C:\Program Files\Microsoft Visual Studio\18\Enterprise\MSBuild\Current\Bin\Microsoft.Common.CurrentVersion.targets(2437,5): warning MSB3277:         C:\Windows\Microsoft.Net\assembly\GAC_MSIL\Microsoft.Build.Utilities.v4.0\v4.0_4.0.0.0__b03f5f7f11d50a3a\Microsoft.Build.Utilities.v4.0.dll [C:\Users\WilliamForney\source\repos\wforney\OpenLiveWriter\src\managed\OpenLiveWriter.SpellChecker\OpenLiveWriter.SpellChecker.csproj]
C:\Program Files\Microsoft Visual Studio\18\Enterprise\MSBuild\Current\Bin\Microsoft.Common.CurrentVersion.targets(2437,5): warning MSB3277:           Project file item includes which caused reference "C:\Windows\Microsoft.Net\assembly\GAC_MSIL\Microsoft.Build.Utilities.v4.0\v4.0_4.0.0.0__b03f5f7f11d50a3a\Microsoft.Build.Utilities.v4.0.dll". [C:\Users\WilliamForney\source\repos\wforney\OpenLiveWriter\src\managed\OpenLiveWriter.SpellChecker\OpenLiveWriter.SpellChecker.csproj]
C:\Program Files\Microsoft Visual Studio\18\Enterprise\MSBuild\Current\Bin\Microsoft.Common.CurrentVersion.targets(2437,5): warning MSB3277:             C:\Users\WilliamForney\source\repos\wforney\OpenLiveWriter\src\managed\bin\Debug\i386\Writer\OpenLiveWriter.CoreServices.dll [C:\Users\WilliamForney\source\repos\wforney\OpenLiveWriter\src\managed\OpenLiveWriter.SpellChecker\OpenLiveWriter.SpellChecker.csproj]
C:\Program Files\Microsoft Visual Studio\18\Enterprise\MSBuild\Current\Bin\Microsoft.Common.CurrentVersion.targets(2437,5): warning MSB3277:             C:\Users\WilliamForney\source\repos\wforney\OpenLiveWriter\src\managed\bin\Debug\i386\Writer\OpenLiveWriter.ApplicationFramework.dll [C:\Users\WilliamForney\source\repos\wforney\OpenLiveWriter\src\managed\OpenLiveWriter.SpellChecker\OpenLiveWriter.SpellChecker.csproj]
C:\Program Files\Microsoft Visual Studio\18\Enterprise\MSBuild\Current\Bin\Microsoft.Common.CurrentVersion.targets(2437,5): warning MSB3277:             C:\Users\WilliamForney\source\repos\wforney\OpenLiveWriter\src\managed\bin\Debug\i386\Writer\OpenLiveWriter.Controls.dll [C:\Users\WilliamForney\source\repos\wforney\OpenLiveWriter\src\managed\OpenLiveWriter.SpellChecker\OpenLiveWriter.SpellChecker.csproj]
C:\Program Files\Microsoft Visual Studio\18\Enterprise\MSBuild\Current\Bin\Microsoft.Common.CurrentVersion.targets(2437,5): warning MSB3277:             C:\Users\WilliamForney\source\repos\wforney\OpenLiveWriter\src\managed\bin\Debug\i386\Writer\OpenLiveWriter.HtmlParser.dll [C:\Users\WilliamForney\source\repos\wforney\OpenLiveWriter\src\managed\OpenLiveWriter.SpellChecker\OpenLiveWriter.SpellChecker.csproj]
C:\Program Files\Microsoft Visual Studio\18\Enterprise\MSBuild\Current\Bin\Microsoft.Common.CurrentVersion.targets(2437,5): warning MSB3277:             C:\Users\WilliamForney\source\repos\wforney\OpenLiveWriter\src\managed\bin\Debug\i386\Writer\OpenLiveWriter.Mshtml.dll [C:\Users\WilliamForney\source\repos\wforney\OpenLiveWriter\src\managed\OpenLiveWriter.SpellChecker\OpenLiveWriter.SpellChecker.csproj]
C:\Program Files\Microsoft Visual Studio\18\Enterprise\MSBuild\Current\Bin\Microsoft.Common.CurrentVersion.targets(2437,5): warning MSB3277:             System.Design [C:\Users\WilliamForney\source\repos\wforney\OpenLiveWriter\src\managed\OpenLiveWriter.SpellChecker\OpenLiveWriter.SpellChecker.csproj]
C:\Program Files\Microsoft Visual Studio\18\Enterprise\MSBuild\Current\Bin\Microsoft.Common.CurrentVersion.targets(2437,5): warning MSB3277:             System.Data [C:\Users\WilliamForney\source\repos\wforney\OpenLiveWriter\src\managed\OpenLiveWriter.SpellChecker\OpenLiveWriter.SpellChecker.csproj]
C:\Program Files\Microsoft Visual Studio\18\Enterprise\MSBuild\Current\Bin\Microsoft.Common.CurrentVersion.targets(2437,5): warning MSB3277:         C:\Windows\Microsoft.Net\assembly\GAC_MSIL\Microsoft.Build.Tasks.v4.0\v4.0_4.0.0.0__b03f5f7f11d50a3a\Microsoft.Build.Tasks.v4.0.dll [C:\Users\WilliamForney\source\repos\wforney\OpenLiveWriter\src\managed\OpenLiveWriter.SpellChecker\OpenLiveWriter.SpellChecker.csproj]
C:\Program Files\Microsoft Visual Studio\18\Enterprise\MSBuild\Current\Bin\Microsoft.Common.CurrentVersion.targets(2437,5): warning MSB3277:           Project file item includes which caused reference "C:\Windows\Microsoft.Net\assembly\GAC_MSIL\Microsoft.Build.Tasks.v4.0\v4.0_4.0.0.0__b03f5f7f11d50a3a\Microsoft.Build.Tasks.v4.0.dll". [C:\Users\WilliamForney\source\repos\wforney\OpenLiveWriter\src\managed\OpenLiveWriter.SpellChecker\OpenLiveWriter.SpellChecker.csproj]
C:\Program Files\Microsoft Visual Studio\18\Enterprise\MSBuild\Current\Bin\Microsoft.Common.CurrentVersion.targets(2437,5): warning MSB3277:             C:\Users\WilliamForney\source\repos\wforney\OpenLiveWriter\src\managed\bin\Debug\i386\Writer\OpenLiveWriter.CoreServices.dll [C:\Users\WilliamForney\source\repos\wforney\OpenLiveWriter\src\managed\OpenLiveWriter.SpellChecker\OpenLiveWriter.SpellChecker.csproj]
C:\Program Files\Microsoft Visual Studio\18\Enterprise\MSBuild\Current\Bin\Microsoft.Common.CurrentVersion.targets(2437,5): warning MSB3277:             C:\Users\WilliamForney\source\repos\wforney\OpenLiveWriter\src\managed\bin\Debug\i386\Writer\OpenLiveWriter.ApplicationFramework.dll [C:\Users\WilliamForney\source\repos\wforney\OpenLiveWriter\src\managed\OpenLiveWriter.SpellChecker\OpenLiveWriter.SpellChecker.csproj]
C:\Program Files\Microsoft Visual Studio\18\Enterprise\MSBuild\Current\Bin\Microsoft.Common.CurrentVersion.targets(2437,5): warning MSB3277:             C:\Users\WilliamForney\source\repos\wforney\OpenLiveWriter\src\managed\bin\Debug\i386\Writer\OpenLiveWriter.Controls.dll [C:\Users\WilliamForney\source\repos\wforney\OpenLiveWriter\src\managed\OpenLiveWriter.SpellChecker\OpenLiveWriter.SpellChecker.csproj]
C:\Program Files\Microsoft Visual Studio\18\Enterprise\MSBuild\Current\Bin\Microsoft.Common.CurrentVersion.targets(2437,5): warning MSB3277:             C:\Users\WilliamForney\source\repos\wforney\OpenLiveWriter\src\managed\bin\Debug\i386\Writer\OpenLiveWriter.HtmlParser.dll [C:\Users\WilliamForney\source\repos\wforney\OpenLiveWriter\src\managed\OpenLiveWriter.SpellChecker\OpenLiveWriter.SpellChecker.csproj]
C:\Program Files\Microsoft Visual Studio\18\Enterprise\MSBuild\Current\Bin\Microsoft.Common.CurrentVersion.targets(2437,5): warning MSB3277:             C:\Users\WilliamForney\source\repos\wforney\OpenLiveWriter\src\managed\bin\Debug\i386\Writer\OpenLiveWriter.Mshtml.dll [C:\Users\WilliamForney\source\repos\wforney\OpenLiveWriter\src\managed\OpenLiveWriter.SpellChecker\OpenLiveWriter.SpellChecker.csproj]
C:\Program Files\Microsoft Visual Studio\18\Enterprise\MSBuild\Current\Bin\Microsoft.Common.CurrentVersion.targets(2437,5): warning MSB3277:             System.Design [C:\Users\WilliamForney\source\repos\wforney\OpenLiveWriter\src\managed\OpenLiveWriter.SpellChecker\OpenLiveWriter.SpellChecker.csproj]
C:\Program Files\Microsoft Visual Studio\18\Enterprise\MSBuild\Current\Bin\Microsoft.Common.CurrentVersion.targets(2437,5): warning MSB3277:             System.Data [C:\Users\WilliamForney\source\repos\wforney\OpenLiveWriter\src\managed\OpenLiveWriter.SpellChecker\OpenLiveWriter.SpellChecker.csproj]
C:\Program Files\Microsoft Visual Studio\18\Enterprise\MSBuild\Current\Bin\Microsoft.Common.CurrentVersion.targets(2437,5): warning MSB3277: Found conflicts between different versions of "System.Core" that could not be resolved. [C:\Users\WilliamForney\source\repos\wforney\OpenLiveWriter\src\managed\OpenLiveWriter.InternalWriterPlugin\OpenLiveWriter.InternalWriterPlugin.csproj]
C:\Program Files\Microsoft Visual Studio\18\Enterprise\MSBuild\Current\Bin\Microsoft.Common.CurrentVersion.targets(2437,5): warning MSB3277: There was a conflict between "System.Core, Version=3.5.0.0, Culture=neutral, PublicKeyToken=b77a5c561934e089" and "System.Core, Version=4.0.0.0, Culture=neutral, PublicKeyToken=b77a5c561934e089". [C:\Users\WilliamForney\source\repos\wforney\OpenLiveWriter\src\managed\OpenLiveWriter.InternalWriterPlugin\OpenLiveWriter.InternalWriterPlugin.csproj]
C:\Program Files\Microsoft Visual Studio\18\Enterprise\MSBuild\Current\Bin\Microsoft.Common.CurrentVersion.targets(2437,5): warning MSB3277:     "System.Core, Version=3.5.0.0, Culture=neutral, PublicKeyToken=b77a5c561934e089" was chosen because it was primary and "System.Core, Version=4.0.0.0, Culture=neutral, PublicKeyToken=b77a5c561934e089" was not. [C:\Users\WilliamForney\source\repos\wforney\OpenLiveWriter\src\managed\OpenLiveWriter.InternalWriterPlugin\OpenLiveWriter.InternalWriterPlugin.csproj]
C:\Program Files\Microsoft Visual Studio\18\Enterprise\MSBuild\Current\Bin\Microsoft.Common.CurrentVersion.targets(2437,5): warning MSB3277:     References which depend on "System.Core, Version=3.5.0.0, Culture=neutral, PublicKeyToken=b77a5c561934e089" [C:\Program Files (x86)\Reference Assemblies\Microsoft\Framework\v3.5\System.Core.dll]. [C:\Users\WilliamForney\source\repos\wforney\OpenLiveWriter\src\managed\OpenLiveWriter.InternalWriterPlugin\OpenLiveWriter.InternalWriterPlugin.csproj]
C:\Program Files\Microsoft Visual Studio\18\Enterprise\MSBuild\Current\Bin\Microsoft.Common.CurrentVersion.targets(2437,5): warning MSB3277:         C:\Program Files (x86)\Reference Assemblies\Microsoft\Framework\v3.5\System.Core.dll [C:\Users\WilliamForney\source\repos\wforney\OpenLiveWriter\src\managed\OpenLiveWriter.InternalWriterPlugin\OpenLiveWriter.InternalWriterPlugin.csproj]
C:\Program Files\Microsoft Visual Studio\18\Enterprise\MSBuild\Current\Bin\Microsoft.Common.CurrentVersion.targets(2437,5): warning MSB3277:           Project file item includes which caused reference "C:\Program Files (x86)\Reference Assemblies\Microsoft\Framework\v3.5\System.Core.dll". [C:\Users\WilliamForney\source\repos\wforney\OpenLiveWriter\src\managed\OpenLiveWriter.InternalWriterPlugin\OpenLiveWriter.InternalWriterPlugin.csproj]
C:\Program Files\Microsoft Visual Studio\18\Enterprise\MSBuild\Current\Bin\Microsoft.Common.CurrentVersion.targets(2437,5): warning MSB3277:             System.Core [C:\Users\WilliamForney\source\repos\wforney\OpenLiveWriter\src\managed\OpenLiveWriter.InternalWriterPlugin\OpenLiveWriter.InternalWriterPlugin.csproj]
C:\Program Files\Microsoft Visual Studio\18\Enterprise\MSBuild\Current\Bin\Microsoft.Common.CurrentVersion.targets(2437,5): warning MSB3277:     References which depend on or have been unified to "System.Core, Version=4.0.0.0, Culture=neutral, PublicKeyToken=b77a5c561934e089" [C:\Windows\Microsoft.Net\assembly\GAC_MSIL\System.Core\v4.0_4.0.0.0__b77a5c561934e089\System.Core.dll]. [C:\Users\WilliamForney\source\repos\wforney\OpenLiveWriter\src\managed\OpenLiveWriter.InternalWriterPlugin\OpenLiveWriter.InternalWriterPlugin.csproj]
C:\Program Files\Microsoft Visual Studio\18\Enterprise\MSBuild\Current\Bin\Microsoft.Common.CurrentVersion.targets(2437,5): warning MSB3277:         C:\Windows\Microsoft.Net\assembly\GAC_32\System.Data\v4.0_4.0.0.0__b77a5c561934e089\System.Data.dll [C:\Users\WilliamForney\source\repos\wforney\OpenLiveWriter\src\managed\OpenLiveWriter.InternalWriterPlugin\OpenLiveWriter.InternalWriterPlugin.csproj]
C:\Program Files\Microsoft Visual Studio\18\Enterprise\MSBuild\Current\Bin\Microsoft.Common.CurrentVersion.targets(2437,5): warning MSB3277:           Project file item includes which caused reference "C:\Windows\Microsoft.Net\assembly\GAC_32\System.Data\v4.0_4.0.0.0__b77a5c561934e089\System.Data.dll". [C:\Users\WilliamForney\source\repos\wforney\OpenLiveWriter\src\managed\OpenLiveWriter.InternalWriterPlugin\OpenLiveWriter.InternalWriterPlugin.csproj]
C:\Program Files\Microsoft Visual Studio\18\Enterprise\MSBuild\Current\Bin\Microsoft.Common.CurrentVersion.targets(2437,5): warning MSB3277:             System.Data [C:\Users\WilliamForney\source\repos\wforney\OpenLiveWriter\src\managed\OpenLiveWriter.InternalWriterPlugin\OpenLiveWriter.InternalWriterPlugin.csproj]
C:\Program Files\Microsoft Visual Studio\18\Enterprise\MSBuild\Current\Bin\Microsoft.Common.CurrentVersion.targets(2437,5): warning MSB3277:             System.Web [C:\Users\WilliamForney\source\repos\wforney\OpenLiveWriter\src\managed\OpenLiveWriter.InternalWriterPlugin\OpenLiveWriter.InternalWriterPlugin.csproj]
C:\Program Files\Microsoft Visual Studio\18\Enterprise\MSBuild\Current\Bin\Microsoft.Common.CurrentVersion.targets(2437,5): warning MSB3277:             C:\Users\WilliamForney\source\repos\wforney\OpenLiveWriter\src\managed\bin\Debug\i386\Writer\OpenLiveWriter.CoreServices.dll [C:\Users\WilliamForney\source\repos\wforney\OpenLiveWriter\src\managed\OpenLiveWriter.InternalWriterPlugin\OpenLiveWriter.InternalWriterPlugin.csproj]
C:\Program Files\Microsoft Visual Studio\18\Enterprise\MSBuild\Current\Bin\Microsoft.Common.CurrentVersion.targets(2437,5): warning MSB3277:             C:\Users\WilliamForney\source\repos\wforney\OpenLiveWriter\src\managed\bin\Debug\i386\Writer\OpenLiveWriter.Api.dll [C:\Users\WilliamForney\source\repos\wforney\OpenLiveWriter\src\managed\OpenLiveWriter.InternalWriterPlugin\OpenLiveWriter.InternalWriterPlugin.csproj]
C:\Program Files\Microsoft Visual Studio\18\Enterprise\MSBuild\Current\Bin\Microsoft.Common.CurrentVersion.targets(2437,5): warning MSB3277:             C:\Users\WilliamForney\source\repos\wforney\OpenLiveWriter\src\managed\bin\Debug\i386\Writer\OpenLiveWriter.ApplicationFramework.dll [C:\Users\WilliamForney\source\repos\wforney\OpenLiveWriter\src\managed\OpenLiveWriter.InternalWriterPlugin\OpenLiveWriter.InternalWriterPlugin.csproj]
C:\Program Files\Microsoft Visual Studio\18\Enterprise\MSBuild\Current\Bin\Microsoft.Common.CurrentVersion.targets(2437,5): warning MSB3277:             C:\Users\WilliamForney\source\repos\wforney\OpenLiveWriter\src\managed\bin\Debug\i386\Writer\OpenLiveWriter.Controls.dll [C:\Users\WilliamForney\source\repos\wforney\OpenLiveWriter\src\managed\OpenLiveWriter.InternalWriterPlugin\OpenLiveWriter.InternalWriterPlugin.csproj]
C:\Program Files\Microsoft Visual Studio\18\Enterprise\MSBuild\Current\Bin\Microsoft.Common.CurrentVersion.targets(2437,5): warning MSB3277:             C:\Users\WilliamForney\source\repos\wforney\OpenLiveWriter\src\managed\bin\Debug\i386\Writer\OpenLiveWriter.Mshtml.dll [C:\Users\WilliamForney\source\repos\wforney\OpenLiveWriter\src\managed\OpenLiveWriter.InternalWriterPlugin\OpenLiveWriter.InternalWriterPlugin.csproj]
C:\Program Files\Microsoft Visual Studio\18\Enterprise\MSBuild\Current\Bin\Microsoft.Common.CurrentVersion.targets(2437,5): warning MSB3277:         C:\Windows\Microsoft.Net\assembly\GAC_32\System.Web\v4.0_4.0.0.0__b03f5f7f11d50a3a\System.Web.dll [C:\Users\WilliamForney\source\repos\wforney\OpenLiveWriter\src\managed\OpenLiveWriter.InternalWriterPlugin\OpenLiveWriter.InternalWriterPlugin.csproj]
C:\Program Files\Microsoft Visual Studio\18\Enterprise\MSBuild\Current\Bin\Microsoft.Common.CurrentVersion.targets(2437,5): warning MSB3277:           Project file item includes which caused reference "C:\Windows\Microsoft.Net\assembly\GAC_32\System.Web\v4.0_4.0.0.0__b03f5f7f11d50a3a\System.Web.dll". [C:\Users\WilliamForney\source\repos\wforney\OpenLiveWriter\src\managed\OpenLiveWriter.InternalWriterPlugin\OpenLiveWriter.InternalWriterPlugin.csproj]
C:\Program Files\Microsoft Visual Studio\18\Enterprise\MSBuild\Current\Bin\Microsoft.Common.CurrentVersion.targets(2437,5): warning MSB3277:             System.Web [C:\Users\WilliamForney\source\repos\wforney\OpenLiveWriter\src\managed\OpenLiveWriter.InternalWriterPlugin\OpenLiveWriter.InternalWriterPlugin.csproj]
C:\Program Files\Microsoft Visual Studio\18\Enterprise\MSBuild\Current\Bin\Microsoft.Common.CurrentVersion.targets(2437,5): warning MSB3277:             C:\Users\WilliamForney\source\repos\wforney\OpenLiveWriter\src\managed\bin\Debug\i386\Writer\OpenLiveWriter.CoreServices.dll [C:\Users\WilliamForney\source\repos\wforney\OpenLiveWriter\src\managed\OpenLiveWriter.InternalWriterPlugin\OpenLiveWriter.InternalWriterPlugin.csproj]
C:\Program Files\Microsoft Visual Studio\18\Enterprise\MSBuild\Current\Bin\Microsoft.Common.CurrentVersion.targets(2437,5): warning MSB3277:             C:\Users\WilliamForney\source\repos\wforney\OpenLiveWriter\src\managed\bin\Debug\i386\Writer\OpenLiveWriter.Api.dll [C:\Users\WilliamForney\source\repos\wforney\OpenLiveWriter\src\managed\OpenLiveWriter.InternalWriterPlugin\OpenLiveWriter.InternalWriterPlugin.csproj]
C:\Program Files\Microsoft Visual Studio\18\Enterprise\MSBuild\Current\Bin\Microsoft.Common.CurrentVersion.targets(2437,5): warning MSB3277:             C:\Users\WilliamForney\source\repos\wforney\OpenLiveWriter\src\managed\bin\Debug\i386\Writer\OpenLiveWriter.ApplicationFramework.dll [C:\Users\WilliamForney\source\repos\wforney\OpenLiveWriter\src\managed\OpenLiveWriter.InternalWriterPlugin\OpenLiveWriter.InternalWriterPlugin.csproj]
C:\Program Files\Microsoft Visual Studio\18\Enterprise\MSBuild\Current\Bin\Microsoft.Common.CurrentVersion.targets(2437,5): warning MSB3277:             C:\Users\WilliamForney\source\repos\wforney\OpenLiveWriter\src\managed\bin\Debug\i386\Writer\OpenLiveWriter.Controls.dll [C:\Users\WilliamForney\source\repos\wforney\OpenLiveWriter\src\managed\OpenLiveWriter.InternalWriterPlugin\OpenLiveWriter.InternalWriterPlugin.csproj]
C:\Program Files\Microsoft Visual Studio\18\Enterprise\MSBuild\Current\Bin\Microsoft.Common.CurrentVersion.targets(2437,5): warning MSB3277:             C:\Users\WilliamForney\source\repos\wforney\OpenLiveWriter\src\managed\bin\Debug\i386\Writer\OpenLiveWriter.Mshtml.dll [C:\Users\WilliamForney\source\repos\wforney\OpenLiveWriter\src\managed\OpenLiveWriter.InternalWriterPlugin\OpenLiveWriter.InternalWriterPlugin.csproj]
C:\Program Files\Microsoft Visual Studio\18\Enterprise\MSBuild\Current\Bin\Microsoft.Common.CurrentVersion.targets(2437,5): warning MSB3277:             System.Data [C:\Users\WilliamForney\source\repos\wforney\OpenLiveWriter\src\managed\OpenLiveWriter.InternalWriterPlugin\OpenLiveWriter.InternalWriterPlugin.csproj]
C:\Program Files\Microsoft Visual Studio\18\Enterprise\MSBuild\Current\Bin\Microsoft.Common.CurrentVersion.targets(2437,5): warning MSB3277:         C:\Windows\Microsoft.Net\assembly\GAC_MSIL\System.Windows.Forms\v4.0_4.0.0.0__b77a5c561934e089\System.Windows.Forms.dll [C:\Users\WilliamForney\source\repos\wforney\OpenLiveWriter\src\managed\OpenLiveWriter.InternalWriterPlugin\OpenLiveWriter.InternalWriterPlugin.csproj]
C:\Program Files\Microsoft Visual Studio\18\Enterprise\MSBuild\Current\Bin\Microsoft.Common.CurrentVersion.targets(2437,5): warning MSB3277:           Project file item includes which caused reference "C:\Windows\Microsoft.Net\assembly\GAC_MSIL\System.Windows.Forms\v4.0_4.0.0.0__b77a5c561934e089\System.Windows.Forms.dll". [C:\Users\WilliamForney\source\repos\wforney\OpenLiveWriter\src\managed\OpenLiveWriter.InternalWriterPlugin\OpenLiveWriter.InternalWriterPlugin.csproj]
C:\Program Files\Microsoft Visual Studio\18\Enterprise\MSBuild\Current\Bin\Microsoft.Common.CurrentVersion.targets(2437,5): warning MSB3277:             System.Windows.Forms [C:\Users\WilliamForney\source\repos\wforney\OpenLiveWriter\src\managed\OpenLiveWriter.InternalWriterPlugin\OpenLiveWriter.InternalWriterPlugin.csproj]
C:\Program Files\Microsoft Visual Studio\18\Enterprise\MSBuild\Current\Bin\Microsoft.Common.CurrentVersion.targets(2437,5): warning MSB3277:             C:\Users\WilliamForney\source\repos\wforney\OpenLiveWriter\src\managed\bin\Debug\i386\Writer\OpenLiveWriter.Api.dll [C:\Users\WilliamForney\source\repos\wforney\OpenLiveWriter\src\managed\OpenLiveWriter.InternalWriterPlugin\OpenLiveWriter.InternalWriterPlugin.csproj]
C:\Program Files\Microsoft Visual Studio\18\Enterprise\MSBuild\Current\Bin\Microsoft.Common.CurrentVersion.targets(2437,5): warning MSB3277:             C:\Users\WilliamForney\source\repos\wforney\OpenLiveWriter\src\managed\bin\Debug\i386\Writer\OpenLiveWriter.ApplicationFramework.dll [C:\Users\WilliamForney\source\repos\wforney\OpenLiveWriter\src\managed\OpenLiveWriter.InternalWriterPlugin\OpenLiveWriter.InternalWriterPlugin.csproj]
C:\Program Files\Microsoft Visual Studio\18\Enterprise\MSBuild\Current\Bin\Microsoft.Common.CurrentVersion.targets(2437,5): warning MSB3277:             C:\Users\WilliamForney\source\repos\wforney\OpenLiveWriter\src\managed\bin\Debug\i386\Writer\OpenLiveWriter.BrowserControl.dll [C:\Users\WilliamForney\source\repos\wforney\OpenLiveWriter\src\managed\OpenLiveWriter.InternalWriterPlugin\OpenLiveWriter.InternalWriterPlugin.csproj]
C:\Program Files\Microsoft Visual Studio\18\Enterprise\MSBuild\Current\Bin\Microsoft.Common.CurrentVersion.targets(2437,5): warning MSB3277:             C:\Users\WilliamForney\source\repos\wforney\OpenLiveWriter\src\managed\bin\Debug\i386\Writer\OpenLiveWriter.Controls.dll [C:\Users\WilliamForney\source\repos\wforney\OpenLiveWriter\src\managed\OpenLiveWriter.InternalWriterPlugin\OpenLiveWriter.InternalWriterPlugin.csproj]
C:\Program Files\Microsoft Visual Studio\18\Enterprise\MSBuild\Current\Bin\Microsoft.Common.CurrentVersion.targets(2437,5): warning MSB3277:             C:\Users\WilliamForney\source\repos\wforney\OpenLiveWriter\src\managed\bin\Debug\i386\Writer\OpenLiveWriter.CoreServices.dll [C:\Users\WilliamForney\source\repos\wforney\OpenLiveWriter\src\managed\OpenLiveWriter.InternalWriterPlugin\OpenLiveWriter.InternalWriterPlugin.csproj]
C:\Program Files\Microsoft Visual Studio\18\Enterprise\MSBuild\Current\Bin\Microsoft.Common.CurrentVersion.targets(2437,5): warning MSB3277:             C:\Users\WilliamForney\source\repos\wforney\OpenLiveWriter\src\managed\bin\Debug\i386\Writer\OpenLiveWriter.Interop.dll [C:\Users\WilliamForney\source\repos\wforney\OpenLiveWriter\src\managed\OpenLiveWriter.InternalWriterPlugin\OpenLiveWriter.InternalWriterPlugin.csproj]
C:\Program Files\Microsoft Visual Studio\18\Enterprise\MSBuild\Current\Bin\Microsoft.Common.CurrentVersion.targets(2437,5): warning MSB3277:             C:\Users\WilliamForney\source\repos\wforney\OpenLiveWriter\src\managed\bin\Debug\i386\Writer\OpenLiveWriter.Localization.dll [C:\Users\WilliamForney\source\repos\wforney\OpenLiveWriter\src\managed\OpenLiveWriter.InternalWriterPlugin\OpenLiveWriter.InternalWriterPlugin.csproj]
C:\Program Files\Microsoft Visual Studio\18\Enterprise\MSBuild\Current\Bin\Microsoft.Common.CurrentVersion.targets(2437,5): warning MSB3277:             C:\Users\WilliamForney\source\repos\wforney\OpenLiveWriter\src\managed\bin\Debug\i386\Writer\OpenLiveWriter.Mshtml.dll [C:\Users\WilliamForney\source\repos\wforney\OpenLiveWriter\src\managed\OpenLiveWriter.InternalWriterPlugin\OpenLiveWriter.InternalWriterPlugin.csproj]
C:\Program Files\Microsoft Visual Studio\18\Enterprise\MSBuild\Current\Bin\Microsoft.Common.CurrentVersion.targets(2437,5): warning MSB3277:             System.Web [C:\Users\WilliamForney\source\repos\wforney\OpenLiveWriter\src\managed\OpenLiveWriter.InternalWriterPlugin\OpenLiveWriter.InternalWriterPlugin.csproj]
C:\Program Files\Microsoft Visual Studio\18\Enterprise\MSBuild\Current\Bin\Microsoft.Common.CurrentVersion.targets(2437,5): warning MSB3277:             System.Data [C:\Users\WilliamForney\source\repos\wforney\OpenLiveWriter\src\managed\OpenLiveWriter.InternalWriterPlugin\OpenLiveWriter.InternalWriterPlugin.csproj]
C:\Program Files\Microsoft Visual Studio\18\Enterprise\MSBuild\Current\Bin\Microsoft.Common.CurrentVersion.targets(2437,5): warning MSB3277:         C:\Windows\Microsoft.Net\assembly\GAC_MSIL\System.Design\v4.0_4.0.0.0__b03f5f7f11d50a3a\System.Design.dll [C:\Users\WilliamForney\source\repos\wforney\OpenLiveWriter\src\managed\OpenLiveWriter.InternalWriterPlugin\OpenLiveWriter.InternalWriterPlugin.csproj]
C:\Program Files\Microsoft Visual Studio\18\Enterprise\MSBuild\Current\Bin\Microsoft.Common.CurrentVersion.targets(2437,5): warning MSB3277:           Project file item includes which caused reference "C:\Windows\Microsoft.Net\assembly\GAC_MSIL\System.Design\v4.0_4.0.0.0__b03f5f7f11d50a3a\System.Design.dll". [C:\Users\WilliamForney\source\repos\wforney\OpenLiveWriter\src\managed\OpenLiveWriter.InternalWriterPlugin\OpenLiveWriter.InternalWriterPlugin.csproj]
C:\Program Files\Microsoft Visual Studio\18\Enterprise\MSBuild\Current\Bin\Microsoft.Common.CurrentVersion.targets(2437,5): warning MSB3277:             C:\Users\WilliamForney\source\repos\wforney\OpenLiveWriter\src\managed\bin\Debug\i386\Writer\OpenLiveWriter.ApplicationFramework.dll [C:\Users\WilliamForney\source\repos\wforney\OpenLiveWriter\src\managed\OpenLiveWriter.InternalWriterPlugin\OpenLiveWriter.InternalWriterPlugin.csproj]
C:\Program Files\Microsoft Visual Studio\18\Enterprise\MSBuild\Current\Bin\Microsoft.Common.CurrentVersion.targets(2437,5): warning MSB3277:             System.Web [C:\Users\WilliamForney\source\repos\wforney\OpenLiveWriter\src\managed\OpenLiveWriter.InternalWriterPlugin\OpenLiveWriter.InternalWriterPlugin.csproj]
C:\Program Files\Microsoft Visual Studio\18\Enterprise\MSBuild\Current\Bin\Microsoft.Common.CurrentVersion.targets(2437,5): warning MSB3277:             C:\Users\WilliamForney\source\repos\wforney\OpenLiveWriter\src\managed\bin\Debug\i386\Writer\OpenLiveWriter.CoreServices.dll [C:\Users\WilliamForney\source\repos\wforney\OpenLiveWriter\src\managed\OpenLiveWriter.InternalWriterPlugin\OpenLiveWriter.InternalWriterPlugin.csproj]
C:\Program Files\Microsoft Visual Studio\18\Enterprise\MSBuild\Current\Bin\Microsoft.Common.CurrentVersion.targets(2437,5): warning MSB3277:             C:\Users\WilliamForney\source\repos\wforney\OpenLiveWriter\src\managed\bin\Debug\i386\Writer\OpenLiveWriter.Api.dll [C:\Users\WilliamForney\source\repos\wforney\OpenLiveWriter\src\managed\OpenLiveWriter.InternalWriterPlugin\OpenLiveWriter.InternalWriterPlugin.csproj]
C:\Program Files\Microsoft Visual Studio\18\Enterprise\MSBuild\Current\Bin\Microsoft.Common.CurrentVersion.targets(2437,5): warning MSB3277:             C:\Users\WilliamForney\source\repos\wforney\OpenLiveWriter\src\managed\bin\Debug\i386\Writer\OpenLiveWriter.Controls.dll [C:\Users\WilliamForney\source\repos\wforney\OpenLiveWriter\src\managed\OpenLiveWriter.InternalWriterPlugin\OpenLiveWriter.InternalWriterPlugin.csproj]
C:\Program Files\Microsoft Visual Studio\18\Enterprise\MSBuild\Current\Bin\Microsoft.Common.CurrentVersion.targets(2437,5): warning MSB3277:             C:\Users\WilliamForney\source\repos\wforney\OpenLiveWriter\src\managed\bin\Debug\i386\Writer\OpenLiveWriter.Mshtml.dll [C:\Users\WilliamForney\source\repos\wforney\OpenLiveWriter\src\managed\OpenLiveWriter.InternalWriterPlugin\OpenLiveWriter.InternalWriterPlugin.csproj]
C:\Program Files\Microsoft Visual Studio\18\Enterprise\MSBuild\Current\Bin\Microsoft.Common.CurrentVersion.targets(2437,5): warning MSB3277:             System.Data [C:\Users\WilliamForney\source\repos\wforney\OpenLiveWriter\src\managed\OpenLiveWriter.InternalWriterPlugin\OpenLiveWriter.InternalWriterPlugin.csproj]
C:\Program Files\Microsoft Visual Studio\18\Enterprise\MSBuild\Current\Bin\Microsoft.Common.CurrentVersion.targets(2437,5): warning MSB3277:         C:\Windows\Microsoft.Net\assembly\GAC_MSIL\System.Configuration\v4.0_4.0.0.0__b03f5f7f11d50a3a\System.Configuration.dll [C:\Users\WilliamForney\source\repos\wforney\OpenLiveWriter\src\managed\OpenLiveWriter.InternalWriterPlugin\OpenLiveWriter.InternalWriterPlugin.csproj]
C:\Program Files\Microsoft Visual Studio\18\Enterprise\MSBuild\Current\Bin\Microsoft.Common.CurrentVersion.targets(2437,5): warning MSB3277:           Project file item includes which caused reference "C:\Windows\Microsoft.Net\assembly\GAC_MSIL\System.Configuration\v4.0_4.0.0.0__b03f5f7f11d50a3a\System.Configuration.dll". [C:\Users\WilliamForney\source\repos\wforney\OpenLiveWriter\src\managed\OpenLiveWriter.InternalWriterPlugin\OpenLiveWriter.InternalWriterPlugin.csproj]
C:\Program Files\Microsoft Visual Studio\18\Enterprise\MSBuild\Current\Bin\Microsoft.Common.CurrentVersion.targets(2437,5): warning MSB3277:             System [C:\Users\WilliamForney\source\repos\wforney\OpenLiveWriter\src\managed\OpenLiveWriter.InternalWriterPlugin\OpenLiveWriter.InternalWriterPlugin.csproj]
C:\Program Files\Microsoft Visual Studio\18\Enterprise\MSBuild\Current\Bin\Microsoft.Common.CurrentVersion.targets(2437,5): warning MSB3277:             C:\Users\WilliamForney\source\repos\wforney\OpenLiveWriter\src\managed\bin\Debug\i386\Writer\OpenLiveWriter.Api.dll [C:\Users\WilliamForney\source\repos\wforney\OpenLiveWriter\src\managed\OpenLiveWriter.InternalWriterPlugin\OpenLiveWriter.InternalWriterPlugin.csproj]
C:\Program Files\Microsoft Visual Studio\18\Enterprise\MSBuild\Current\Bin\Microsoft.Common.CurrentVersion.targets(2437,5): warning MSB3277:             C:\Users\WilliamForney\source\repos\wforney\OpenLiveWriter\src\managed\bin\Debug\i386\Writer\OpenLiveWriter.ApplicationFramework.dll [C:\Users\WilliamForney\source\repos\wforney\OpenLiveWriter\src\managed\OpenLiveWriter.InternalWriterPlugin\OpenLiveWriter.InternalWriterPlugin.csproj]
C:\Program Files\Microsoft Visual Studio\18\Enterprise\MSBuild\Current\Bin\Microsoft.Common.CurrentVersion.targets(2437,5): warning MSB3277:             C:\Users\WilliamForney\source\repos\wforney\OpenLiveWriter\src\managed\bin\Debug\i386\Writer\OpenLiveWriter.BrowserControl.dll [C:\Users\WilliamForney\source\repos\wforney\OpenLiveWriter\src\managed\OpenLiveWriter.InternalWriterPlugin\OpenLiveWriter.InternalWriterPlugin.csproj]
C:\Program Files\Microsoft Visual Studio\18\Enterprise\MSBuild\Current\Bin\Microsoft.Common.CurrentVersion.targets(2437,5): warning MSB3277:             C:\Users\WilliamForney\source\repos\wforney\OpenLiveWriter\src\managed\bin\Debug\i386\Writer\OpenLiveWriter.Controls.dll [C:\Users\WilliamForney\source\repos\wforney\OpenLiveWriter\src\managed\OpenLiveWriter.InternalWriterPlugin\OpenLiveWriter.InternalWriterPlugin.csproj]
C:\Program Files\Microsoft Visual Studio\18\Enterprise\MSBuild\Current\Bin\Microsoft.Common.CurrentVersion.targets(2437,5): warning MSB3277:             C:\Users\WilliamForney\source\repos\wforney\OpenLiveWriter\src\managed\bin\Debug\i386\Writer\OpenLiveWriter.CoreServices.dll [C:\Users\WilliamForney\source\repos\wforney\OpenLiveWriter\src\managed\OpenLiveWriter.InternalWriterPlugin\OpenLiveWriter.InternalWriterPlugin.csproj]
C:\Program Files\Microsoft Visual Studio\18\Enterprise\MSBuild\Current\Bin\Microsoft.Common.CurrentVersion.targets(2437,5): warning MSB3277:             C:\Users\WilliamForney\source\repos\wforney\OpenLiveWriter\src\managed\bin\Debug\i386\Writer\OpenLiveWriter.Interop.dll [C:\Users\WilliamForney\source\repos\wforney\OpenLiveWriter\src\managed\OpenLiveWriter.InternalWriterPlugin\OpenLiveWriter.InternalWriterPlugin.csproj]
C:\Program Files\Microsoft Visual Studio\18\Enterprise\MSBuild\Current\Bin\Microsoft.Common.CurrentVersion.targets(2437,5): warning MSB3277:             C:\Users\WilliamForney\source\repos\wforney\OpenLiveWriter\src\managed\bin\Debug\i386\Writer\OpenLiveWriter.Localization.dll [C:\Users\WilliamForney\source\repos\wforney\OpenLiveWriter\src\managed\OpenLiveWriter.InternalWriterPlugin\OpenLiveWriter.InternalWriterPlugin.csproj]
C:\Program Files\Microsoft Visual Studio\18\Enterprise\MSBuild\Current\Bin\Microsoft.Common.CurrentVersion.targets(2437,5): warning MSB3277:             C:\Users\WilliamForney\source\repos\wforney\OpenLiveWriter\src\managed\bin\Debug\i386\Writer\OpenLiveWriter.Mshtml.dll [C:\Users\WilliamForney\source\repos\wforney\OpenLiveWriter\src\managed\OpenLiveWriter.InternalWriterPlugin\OpenLiveWriter.InternalWriterPlugin.csproj]
C:\Program Files\Microsoft Visual Studio\18\Enterprise\MSBuild\Current\Bin\Microsoft.Common.CurrentVersion.targets(2437,5): warning MSB3277:             System.Data [C:\Users\WilliamForney\source\repos\wforney\OpenLiveWriter\src\managed\OpenLiveWriter.InternalWriterPlugin\OpenLiveWriter.InternalWriterPlugin.csproj]
C:\Program Files\Microsoft Visual Studio\18\Enterprise\MSBuild\Current\Bin\Microsoft.Common.CurrentVersion.targets(2437,5): warning MSB3277:             System.Drawing [C:\Users\WilliamForney\source\repos\wforney\OpenLiveWriter\src\managed\OpenLiveWriter.InternalWriterPlugin\OpenLiveWriter.InternalWriterPlugin.csproj]
C:\Program Files\Microsoft Visual Studio\18\Enterprise\MSBuild\Current\Bin\Microsoft.Common.CurrentVersion.targets(2437,5): warning MSB3277:             System.Web [C:\Users\WilliamForney\source\repos\wforney\OpenLiveWriter\src\managed\OpenLiveWriter.InternalWriterPlugin\OpenLiveWriter.InternalWriterPlugin.csproj]
C:\Program Files\Microsoft Visual Studio\18\Enterprise\MSBuild\Current\Bin\Microsoft.Common.CurrentVersion.targets(2437,5): warning MSB3277:             System.Windows.Forms [C:\Users\WilliamForney\source\repos\wforney\OpenLiveWriter\src\managed\OpenLiveWriter.InternalWriterPlugin\OpenLiveWriter.InternalWriterPlugin.csproj]
C:\Program Files\Microsoft Visual Studio\18\Enterprise\MSBuild\Current\Bin\Microsoft.Common.CurrentVersion.targets(2437,5): warning MSB3277:             System.Xml [C:\Users\WilliamForney\source\repos\wforney\OpenLiveWriter\src\managed\OpenLiveWriter.InternalWriterPlugin\OpenLiveWriter.InternalWriterPlugin.csproj]
C:\Program Files\Microsoft Visual Studio\18\Enterprise\MSBuild\Current\Bin\Microsoft.Common.CurrentVersion.targets(2437,5): warning MSB3277:             System.Core [C:\Users\WilliamForney\source\repos\wforney\OpenLiveWriter\src\managed\OpenLiveWriter.InternalWriterPlugin\OpenLiveWriter.InternalWriterPlugin.csproj]
C:\Program Files\Microsoft Visual Studio\18\Enterprise\MSBuild\Current\Bin\Microsoft.Common.CurrentVersion.targets(2437,5): warning MSB3277:         C:\Windows\Microsoft.Net\assembly\GAC_MSIL\System.ComponentModel.DataAnnotations\v4.0_4.0.0.0__31bf3856ad364e35\System.ComponentModel.DataAnnotations.dll [C:\Users\WilliamForney\source\repos\wforney\OpenLiveWriter\src\managed\OpenLiveWriter.InternalWriterPlugin\OpenLiveWriter.InternalWriterPlugin.csproj]
C:\Program Files\Microsoft Visual Studio\18\Enterprise\MSBuild\Current\Bin\Microsoft.Common.CurrentVersion.targets(2437,5): warning MSB3277:           Project file item includes which caused reference "C:\Windows\Microsoft.Net\assembly\GAC_MSIL\System.ComponentModel.DataAnnotations\v4.0_4.0.0.0__31bf3856ad364e35\System.ComponentModel.DataAnnotations.dll". [C:\Users\WilliamForney\source\repos\wforney\OpenLiveWriter\src\managed\OpenLiveWriter.InternalWriterPlugin\OpenLiveWriter.InternalWriterPlugin.csproj]
C:\Program Files\Microsoft Visual Studio\18\Enterprise\MSBuild\Current\Bin\Microsoft.Common.CurrentVersion.targets(2437,5): warning MSB3277:             System.Web [C:\Users\WilliamForney\source\repos\wforney\OpenLiveWriter\src\managed\OpenLiveWriter.InternalWriterPlugin\OpenLiveWriter.InternalWriterPlugin.csproj]
C:\Program Files\Microsoft Visual Studio\18\Enterprise\MSBuild\Current\Bin\Microsoft.Common.CurrentVersion.targets(2437,5): warning MSB3277:             C:\Users\WilliamForney\source\repos\wforney\OpenLiveWriter\src\managed\bin\Debug\i386\Writer\OpenLiveWriter.CoreServices.dll [C:\Users\WilliamForney\source\repos\wforney\OpenLiveWriter\src\managed\OpenLiveWriter.InternalWriterPlugin\OpenLiveWriter.InternalWriterPlugin.csproj]
C:\Program Files\Microsoft Visual Studio\18\Enterprise\MSBuild\Current\Bin\Microsoft.Common.CurrentVersion.targets(2437,5): warning MSB3277:             C:\Users\WilliamForney\source\repos\wforney\OpenLiveWriter\src\managed\bin\Debug\i386\Writer\OpenLiveWriter.Api.dll [C:\Users\WilliamForney\source\repos\wforney\OpenLiveWriter\src\managed\OpenLiveWriter.InternalWriterPlugin\OpenLiveWriter.InternalWriterPlugin.csproj]
C:\Program Files\Microsoft Visual Studio\18\Enterprise\MSBuild\Current\Bin\Microsoft.Common.CurrentVersion.targets(2437,5): warning MSB3277:             C:\Users\WilliamForney\source\repos\wforney\OpenLiveWriter\src\managed\bin\Debug\i386\Writer\OpenLiveWriter.ApplicationFramework.dll [C:\Users\WilliamForney\source\repos\wforney\OpenLiveWriter\src\managed\OpenLiveWriter.InternalWriterPlugin\OpenLiveWriter.InternalWriterPlugin.csproj]
C:\Program Files\Microsoft Visual Studio\18\Enterprise\MSBuild\Current\Bin\Microsoft.Common.CurrentVersion.targets(2437,5): warning MSB3277:             C:\Users\WilliamForney\source\repos\wforney\OpenLiveWriter\src\managed\bin\Debug\i386\Writer\OpenLiveWriter.Controls.dll [C:\Users\WilliamForney\source\repos\wforney\OpenLiveWriter\src\managed\OpenLiveWriter.InternalWriterPlugin\OpenLiveWriter.InternalWriterPlugin.csproj]
C:\Program Files\Microsoft Visual Studio\18\Enterprise\MSBuild\Current\Bin\Microsoft.Common.CurrentVersion.targets(2437,5): warning MSB3277:             C:\Users\WilliamForney\source\repos\wforney\OpenLiveWriter\src\managed\bin\Debug\i386\Writer\OpenLiveWriter.Mshtml.dll [C:\Users\WilliamForney\source\repos\wforney\OpenLiveWriter\src\managed\OpenLiveWriter.InternalWriterPlugin\OpenLiveWriter.InternalWriterPlugin.csproj]
C:\Program Files\Microsoft Visual Studio\18\Enterprise\MSBuild\Current\Bin\Microsoft.Common.CurrentVersion.targets(2437,5): warning MSB3277:             System.Data [C:\Users\WilliamForney\source\repos\wforney\OpenLiveWriter\src\managed\OpenLiveWriter.InternalWriterPlugin\OpenLiveWriter.InternalWriterPlugin.csproj]
C:\Program Files\Microsoft Visual Studio\18\Enterprise\MSBuild\Current\Bin\Microsoft.Common.CurrentVersion.targets(2437,5): warning MSB3277:         C:\Windows\Microsoft.Net\assembly\GAC_MSIL\Microsoft.Build.Utilities.v4.0\v4.0_4.0.0.0__b03f5f7f11d50a3a\Microsoft.Build.Utilities.v4.0.dll [C:\Users\WilliamForney\source\repos\wforney\OpenLiveWriter\src\managed\OpenLiveWriter.InternalWriterPlugin\OpenLiveWriter.InternalWriterPlugin.csproj]
C:\Program Files\Microsoft Visual Studio\18\Enterprise\MSBuild\Current\Bin\Microsoft.Common.CurrentVersion.targets(2437,5): warning MSB3277:           Project file item includes which caused reference "C:\Windows\Microsoft.Net\assembly\GAC_MSIL\Microsoft.Build.Utilities.v4.0\v4.0_4.0.0.0__b03f5f7f11d50a3a\Microsoft.Build.Utilities.v4.0.dll". [C:\Users\WilliamForney\source\repos\wforney\OpenLiveWriter\src\managed\OpenLiveWriter.InternalWriterPlugin\OpenLiveWriter.InternalWriterPlugin.csproj]
C:\Program Files\Microsoft Visual Studio\18\Enterprise\MSBuild\Current\Bin\Microsoft.Common.CurrentVersion.targets(2437,5): warning MSB3277:             System.Web [C:\Users\WilliamForney\source\repos\wforney\OpenLiveWriter\src\managed\OpenLiveWriter.InternalWriterPlugin\OpenLiveWriter.InternalWriterPlugin.csproj]
C:\Program Files\Microsoft Visual Studio\18\Enterprise\MSBuild\Current\Bin\Microsoft.Common.CurrentVersion.targets(2437,5): warning MSB3277:             C:\Users\WilliamForney\source\repos\wforney\OpenLiveWriter\src\managed\bin\Debug\i386\Writer\OpenLiveWriter.CoreServices.dll [C:\Users\WilliamForney\source\repos\wforney\OpenLiveWriter\src\managed\OpenLiveWriter.InternalWriterPlugin\OpenLiveWriter.InternalWriterPlugin.csproj]
C:\Program Files\Microsoft Visual Studio\18\Enterprise\MSBuild\Current\Bin\Microsoft.Common.CurrentVersion.targets(2437,5): warning MSB3277:             C:\Users\WilliamForney\source\repos\wforney\OpenLiveWriter\src\managed\bin\Debug\i386\Writer\OpenLiveWriter.Api.dll [C:\Users\WilliamForney\source\repos\wforney\OpenLiveWriter\src\managed\OpenLiveWriter.InternalWriterPlugin\OpenLiveWriter.InternalWriterPlugin.csproj]
C:\Program Files\Microsoft Visual Studio\18\Enterprise\MSBuild\Current\Bin\Microsoft.Common.CurrentVersion.targets(2437,5): warning MSB3277:             C:\Users\WilliamForney\source\repos\wforney\OpenLiveWriter\src\managed\bin\Debug\i386\Writer\OpenLiveWriter.ApplicationFramework.dll [C:\Users\WilliamForney\source\repos\wforney\OpenLiveWriter\src\managed\OpenLiveWriter.InternalWriterPlugin\OpenLiveWriter.InternalWriterPlugin.csproj]
C:\Program Files\Microsoft Visual Studio\18\Enterprise\MSBuild\Current\Bin\Microsoft.Common.CurrentVersion.targets(2437,5): warning MSB3277:             C:\Users\WilliamForney\source\repos\wforney\OpenLiveWriter\src\managed\bin\Debug\i386\Writer\OpenLiveWriter.Controls.dll [C:\Users\WilliamForney\source\repos\wforney\OpenLiveWriter\src\managed\OpenLiveWriter.InternalWriterPlugin\OpenLiveWriter.InternalWriterPlugin.csproj]
C:\Program Files\Microsoft Visual Studio\18\Enterprise\MSBuild\Current\Bin\Microsoft.Common.CurrentVersion.targets(2437,5): warning MSB3277:             C:\Users\WilliamForney\source\repos\wforney\OpenLiveWriter\src\managed\bin\Debug\i386\Writer\OpenLiveWriter.Mshtml.dll [C:\Users\WilliamForney\source\repos\wforney\OpenLiveWriter\src\managed\OpenLiveWriter.InternalWriterPlugin\OpenLiveWriter.InternalWriterPlugin.csproj]
C:\Program Files\Microsoft Visual Studio\18\Enterprise\MSBuild\Current\Bin\Microsoft.Common.CurrentVersion.targets(2437,5): warning MSB3277:             System.Data [C:\Users\WilliamForney\source\repos\wforney\OpenLiveWriter\src\managed\OpenLiveWriter.InternalWriterPlugin\OpenLiveWriter.InternalWriterPlugin.csproj]
C:\Program Files\Microsoft Visual Studio\18\Enterprise\MSBuild\Current\Bin\Microsoft.Common.CurrentVersion.targets(2437,5): warning MSB3277:         C:\Windows\Microsoft.Net\assembly\GAC_MSIL\Microsoft.Build.Tasks.v4.0\v4.0_4.0.0.0__b03f5f7f11d50a3a\Microsoft.Build.Tasks.v4.0.dll [C:\Users\WilliamForney\source\repos\wforney\OpenLiveWriter\src\managed\OpenLiveWriter.InternalWriterPlugin\OpenLiveWriter.InternalWriterPlugin.csproj]
C:\Program Files\Microsoft Visual Studio\18\Enterprise\MSBuild\Current\Bin\Microsoft.Common.CurrentVersion.targets(2437,5): warning MSB3277:           Project file item includes which caused reference "C:\Windows\Microsoft.Net\assembly\GAC_MSIL\Microsoft.Build.Tasks.v4.0\v4.0_4.0.0.0__b03f5f7f11d50a3a\Microsoft.Build.Tasks.v4.0.dll". [C:\Users\WilliamForney\source\repos\wforney\OpenLiveWriter\src\managed\OpenLiveWriter.InternalWriterPlugin\OpenLiveWriter.InternalWriterPlugin.csproj]
C:\Program Files\Microsoft Visual Studio\18\Enterprise\MSBuild\Current\Bin\Microsoft.Common.CurrentVersion.targets(2437,5): warning MSB3277:             System.Web [C:\Users\WilliamForney\source\repos\wforney\OpenLiveWriter\src\managed\OpenLiveWriter.InternalWriterPlugin\OpenLiveWriter.InternalWriterPlugin.csproj]
C:\Program Files\Microsoft Visual Studio\18\Enterprise\MSBuild\Current\Bin\Microsoft.Common.CurrentVersion.targets(2437,5): warning MSB3277:             C:\Users\WilliamForney\source\repos\wforney\OpenLiveWriter\src\managed\bin\Debug\i386\Writer\OpenLiveWriter.CoreServices.dll [C:\Users\WilliamForney\source\repos\wforney\OpenLiveWriter\src\managed\OpenLiveWriter.InternalWriterPlugin\OpenLiveWriter.InternalWriterPlugin.csproj]
C:\Program Files\Microsoft Visual Studio\18\Enterprise\MSBuild\Current\Bin\Microsoft.Common.CurrentVersion.targets(2437,5): warning MSB3277:             C:\Users\WilliamForney\source\repos\wforney\OpenLiveWriter\src\managed\bin\Debug\i386\Writer\OpenLiveWriter.Api.dll [C:\Users\WilliamForney\source\repos\wforney\OpenLiveWriter\src\managed\OpenLiveWriter.InternalWriterPlugin\OpenLiveWriter.InternalWriterPlugin.csproj]
C:\Program Files\Microsoft Visual Studio\18\Enterprise\MSBuild\Current\Bin\Microsoft.Common.CurrentVersion.targets(2437,5): warning MSB3277:             C:\Users\WilliamForney\source\repos\wforney\OpenLiveWriter\src\managed\bin\Debug\i386\Writer\OpenLiveWriter.ApplicationFramework.dll [C:\Users\WilliamForney\source\repos\wforney\OpenLiveWriter\src\managed\OpenLiveWriter.InternalWriterPlugin\OpenLiveWriter.InternalWriterPlugin.csproj]
C:\Program Files\Microsoft Visual Studio\18\Enterprise\MSBuild\Current\Bin\Microsoft.Common.CurrentVersion.targets(2437,5): warning MSB3277:             C:\Users\WilliamForney\source\repos\wforney\OpenLiveWriter\src\managed\bin\Debug\i386\Writer\OpenLiveWriter.Controls.dll [C:\Users\WilliamForney\source\repos\wforney\OpenLiveWriter\src\managed\OpenLiveWriter.InternalWriterPlugin\OpenLiveWriter.InternalWriterPlugin.csproj]
C:\Program Files\Microsoft Visual Studio\18\Enterprise\MSBuild\Current\Bin\Microsoft.Common.CurrentVersion.targets(2437,5): warning MSB3277:             C:\Users\WilliamForney\source\repos\wforney\OpenLiveWriter\src\managed\bin\Debug\i386\Writer\OpenLiveWriter.Mshtml.dll [C:\Users\WilliamForney\source\repos\wforney\OpenLiveWriter\src\managed\OpenLiveWriter.InternalWriterPlugin\OpenLiveWriter.InternalWriterPlugin.csproj]
C:\Program Files\Microsoft Visual Studio\18\Enterprise\MSBuild\Current\Bin\Microsoft.Common.CurrentVersion.targets(2437,5): warning MSB3277:             System.Data [C:\Users\WilliamForney\source\repos\wforney\OpenLiveWriter\src\managed\OpenLiveWriter.InternalWriterPlugin\OpenLiveWriter.InternalWriterPlugin.csproj]
C:\Program Files\Microsoft Visual Studio\18\Enterprise\MSBuild\Current\Bin\Microsoft.Common.CurrentVersion.targets(2437,5): warning MSB3277:         C:\Windows\Microsoft.Net\assembly\GAC_MSIL\System.Deployment\v4.0_4.0.0.0__b03f5f7f11d50a3a\System.Deployment.dll [C:\Users\WilliamForney\source\repos\wforney\OpenLiveWriter\src\managed\OpenLiveWriter.InternalWriterPlugin\OpenLiveWriter.InternalWriterPlugin.csproj]
C:\Program Files\Microsoft Visual Studio\18\Enterprise\MSBuild\Current\Bin\Microsoft.Common.CurrentVersion.targets(2437,5): warning MSB3277:           Project file item includes which caused reference "C:\Windows\Microsoft.Net\assembly\GAC_MSIL\System.Deployment\v4.0_4.0.0.0__b03f5f7f11d50a3a\System.Deployment.dll". [C:\Users\WilliamForney\source\repos\wforney\OpenLiveWriter\src\managed\OpenLiveWriter.InternalWriterPlugin\OpenLiveWriter.InternalWriterPlugin.csproj]
C:\Program Files\Microsoft Visual Studio\18\Enterprise\MSBuild\Current\Bin\Microsoft.Common.CurrentVersion.targets(2437,5): warning MSB3277:             System.Windows.Forms [C:\Users\WilliamForney\source\repos\wforney\OpenLiveWriter\src\managed\OpenLiveWriter.InternalWriterPlugin\OpenLiveWriter.InternalWriterPlugin.csproj]
C:\Program Files\Microsoft Visual Studio\18\Enterprise\MSBuild\Current\Bin\Microsoft.Common.CurrentVersion.targets(2437,5): warning MSB3277:             C:\Users\WilliamForney\source\repos\wforney\OpenLiveWriter\src\managed\bin\Debug\i386\Writer\OpenLiveWriter.Api.dll [C:\Users\WilliamForney\source\repos\wforney\OpenLiveWriter\src\managed\OpenLiveWriter.InternalWriterPlugin\OpenLiveWriter.InternalWriterPlugin.csproj]
C:\Program Files\Microsoft Visual Studio\18\Enterprise\MSBuild\Current\Bin\Microsoft.Common.CurrentVersion.targets(2437,5): warning MSB3277:             C:\Users\WilliamForney\source\repos\wforney\OpenLiveWriter\src\managed\bin\Debug\i386\Writer\OpenLiveWriter.ApplicationFramework.dll [C:\Users\WilliamForney\source\repos\wforney\OpenLiveWriter\src\managed\OpenLiveWriter.InternalWriterPlugin\OpenLiveWriter.InternalWriterPlugin.csproj]
C:\Program Files\Microsoft Visual Studio\18\Enterprise\MSBuild\Current\Bin\Microsoft.Common.CurrentVersion.targets(2437,5): warning MSB3277:             C:\Users\WilliamForney\source\repos\wforney\OpenLiveWriter\src\managed\bin\Debug\i386\Writer\OpenLiveWriter.BrowserControl.dll [C:\Users\WilliamForney\source\repos\wforney\OpenLiveWriter\src\managed\OpenLiveWriter.InternalWriterPlugin\OpenLiveWriter.InternalWriterPlugin.csproj]
C:\Program Files\Microsoft Visual Studio\18\Enterprise\MSBuild\Current\Bin\Microsoft.Common.CurrentVersion.targets(2437,5): warning MSB3277:             C:\Users\WilliamForney\source\repos\wforney\OpenLiveWriter\src\managed\bin\Debug\i386\Writer\OpenLiveWriter.Controls.dll [C:\Users\WilliamForney\source\repos\wforney\OpenLiveWriter\src\managed\OpenLiveWriter.InternalWriterPlugin\OpenLiveWriter.InternalWriterPlugin.csproj]
C:\Program Files\Microsoft Visual Studio\18\Enterprise\MSBuild\Current\Bin\Microsoft.Common.CurrentVersion.targets(2437,5): warning MSB3277:             C:\Users\WilliamForney\source\repos\wforney\OpenLiveWriter\src\managed\bin\Debug\i386\Writer\OpenLiveWriter.CoreServices.dll [C:\Users\WilliamForney\source\repos\wforney\OpenLiveWriter\src\managed\OpenLiveWriter.InternalWriterPlugin\OpenLiveWriter.InternalWriterPlugin.csproj]
C:\Program Files\Microsoft Visual Studio\18\Enterprise\MSBuild\Current\Bin\Microsoft.Common.CurrentVersion.targets(2437,5): warning MSB3277:             C:\Users\WilliamForney\source\repos\wforney\OpenLiveWriter\src\managed\bin\Debug\i386\Writer\OpenLiveWriter.Interop.dll [C:\Users\WilliamForney\source\repos\wforney\OpenLiveWriter\src\managed\OpenLiveWriter.InternalWriterPlugin\OpenLiveWriter.InternalWriterPlugin.csproj]
C:\Program Files\Microsoft Visual Studio\18\Enterprise\MSBuild\Current\Bin\Microsoft.Common.CurrentVersion.targets(2437,5): warning MSB3277:             C:\Users\WilliamForney\source\repos\wforney\OpenLiveWriter\src\managed\bin\Debug\i386\Writer\OpenLiveWriter.Localization.dll [C:\Users\WilliamForney\source\repos\wforney\OpenLiveWriter\src\managed\OpenLiveWriter.InternalWriterPlugin\OpenLiveWriter.InternalWriterPlugin.csproj]
C:\Program Files\Microsoft Visual Studio\18\Enterprise\MSBuild\Current\Bin\Microsoft.Common.CurrentVersion.targets(2437,5): warning MSB3277:             C:\Users\WilliamForney\source\repos\wforney\OpenLiveWriter\src\managed\bin\Debug\i386\Writer\OpenLiveWriter.Mshtml.dll [C:\Users\WilliamForney\source\repos\wforney\OpenLiveWriter\src\managed\OpenLiveWriter.InternalWriterPlugin\OpenLiveWriter.InternalWriterPlugin.csproj]
C:\Program Files\Microsoft Visual Studio\18\Enterprise\MSBuild\Current\Bin\Microsoft.Common.CurrentVersion.targets(2437,5): warning MSB3277:             System.Web [C:\Users\WilliamForney\source\repos\wforney\OpenLiveWriter\src\managed\OpenLiveWriter.InternalWriterPlugin\OpenLiveWriter.InternalWriterPlugin.csproj]
C:\Program Files\Microsoft Visual Studio\18\Enterprise\MSBuild\Current\Bin\Microsoft.Common.CurrentVersion.targets(2437,5): warning MSB3277:             System.Data [C:\Users\WilliamForney\source\repos\wforney\OpenLiveWriter\src\managed\OpenLiveWriter.InternalWriterPlugin\OpenLiveWriter.InternalWriterPlugin.csproj]
C:\Program Files\Microsoft Visual Studio\18\Enterprise\MSBuild\Current\Bin\Microsoft.Common.CurrentVersion.targets(2437,5): warning MSB3277: Found conflicts between different versions of "System.Core" that could not be resolved. [C:\Users\WilliamForney\source\repos\wforney\OpenLiveWriter\src\managed\LocEdit\LocEdit.csproj]
C:\Program Files\Microsoft Visual Studio\18\Enterprise\MSBuild\Current\Bin\Microsoft.Common.CurrentVersion.targets(2437,5): warning MSB3277: There was a conflict between "System.Core, Version=3.5.0.0, Culture=neutral, PublicKeyToken=b77a5c561934e089" and "System.Core, Version=4.0.0.0, Culture=neutral, PublicKeyToken=b77a5c561934e089". [C:\Users\WilliamForney\source\repos\wforney\OpenLiveWriter\src\managed\LocEdit\LocEdit.csproj]
C:\Program Files\Microsoft Visual Studio\18\Enterprise\MSBuild\Current\Bin\Microsoft.Common.CurrentVersion.targets(2437,5): warning MSB3277:     "System.Core, Version=3.5.0.0, Culture=neutral, PublicKeyToken=b77a5c561934e089" was chosen because it was primary and "System.Core, Version=4.0.0.0, Culture=neutral, PublicKeyToken=b77a5c561934e089" was not. [C:\Users\WilliamForney\source\repos\wforney\OpenLiveWriter\src\managed\LocEdit\LocEdit.csproj]
C:\Program Files\Microsoft Visual Studio\18\Enterprise\MSBuild\Current\Bin\Microsoft.Common.CurrentVersion.targets(2437,5): warning MSB3277:     References which depend on "System.Core, Version=3.5.0.0, Culture=neutral, PublicKeyToken=b77a5c561934e089" [C:\Program Files (x86)\Reference Assemblies\Microsoft\Framework\v3.5\System.Core.dll]. [C:\Users\WilliamForney\source\repos\wforney\OpenLiveWriter\src\managed\LocEdit\LocEdit.csproj]
C:\Program Files\Microsoft Visual Studio\18\Enterprise\MSBuild\Current\Bin\Microsoft.Common.CurrentVersion.targets(2437,5): warning MSB3277:         C:\Program Files (x86)\Reference Assemblies\Microsoft\Framework\v3.5\System.Core.dll [C:\Users\WilliamForney\source\repos\wforney\OpenLiveWriter\src\managed\LocEdit\LocEdit.csproj]
C:\Program Files\Microsoft Visual Studio\18\Enterprise\MSBuild\Current\Bin\Microsoft.Common.CurrentVersion.targets(2437,5): warning MSB3277:           Project file item includes which caused reference "C:\Program Files (x86)\Reference Assemblies\Microsoft\Framework\v3.5\System.Core.dll". [C:\Users\WilliamForney\source\repos\wforney\OpenLiveWriter\src\managed\LocEdit\LocEdit.csproj]
C:\Program Files\Microsoft Visual Studio\18\Enterprise\MSBuild\Current\Bin\Microsoft.Common.CurrentVersion.targets(2437,5): warning MSB3277:             System.Core [C:\Users\WilliamForney\source\repos\wforney\OpenLiveWriter\src\managed\LocEdit\LocEdit.csproj]
C:\Program Files\Microsoft Visual Studio\18\Enterprise\MSBuild\Current\Bin\Microsoft.Common.CurrentVersion.targets(2437,5): warning MSB3277:     References which depend on or have been unified to "System.Core, Version=4.0.0.0, Culture=neutral, PublicKeyToken=b77a5c561934e089" [C:\Windows\Microsoft.Net\assembly\GAC_MSIL\System.Core\v4.0_4.0.0.0__b77a5c561934e089\System.Core.dll]. [C:\Users\WilliamForney\source\repos\wforney\OpenLiveWriter\src\managed\LocEdit\LocEdit.csproj]
C:\Program Files\Microsoft Visual Studio\18\Enterprise\MSBuild\Current\Bin\Microsoft.Common.CurrentVersion.targets(2437,5): warning MSB3277:         C:\Program Files (x86)\Reference Assemblies\Microsoft\Framework\v3.5\System.Xml.Linq.dll [C:\Users\WilliamForney\source\repos\wforney\OpenLiveWriter\src\managed\LocEdit\LocEdit.csproj]
C:\Program Files\Microsoft Visual Studio\18\Enterprise\MSBuild\Current\Bin\Microsoft.Common.CurrentVersion.targets(2437,5): warning MSB3277:           Project file item includes which caused reference "C:\Program Files (x86)\Reference Assemblies\Microsoft\Framework\v3.5\System.Xml.Linq.dll". [C:\Users\WilliamForney\source\repos\wforney\OpenLiveWriter\src\managed\LocEdit\LocEdit.csproj]
C:\Program Files\Microsoft Visual Studio\18\Enterprise\MSBuild\Current\Bin\Microsoft.Common.CurrentVersion.targets(2437,5): warning MSB3277:             System.Xml.Linq [C:\Users\WilliamForney\source\repos\wforney\OpenLiveWriter\src\managed\LocEdit\LocEdit.csproj]
C:\Program Files\Microsoft Visual Studio\18\Enterprise\MSBuild\Current\Bin\Microsoft.Common.CurrentVersion.targets(2437,5): warning MSB3277:         C:\Program Files (x86)\Reference Assemblies\Microsoft\Framework\v3.5\System.Data.DataSetExtensions.dll [C:\Users\WilliamForney\source\repos\wforney\OpenLiveWriter\src\managed\LocEdit\LocEdit.csproj]
C:\Program Files\Microsoft Visual Studio\18\Enterprise\MSBuild\Current\Bin\Microsoft.Common.CurrentVersion.targets(2437,5): warning MSB3277:           Project file item includes which caused reference "C:\Program Files (x86)\Reference Assemblies\Microsoft\Framework\v3.5\System.Data.DataSetExtensions.dll". [C:\Users\WilliamForney\source\repos\wforney\OpenLiveWriter\src\managed\LocEdit\LocEdit.csproj]
C:\Program Files\Microsoft Visual Studio\18\Enterprise\MSBuild\Current\Bin\Microsoft.Common.CurrentVersion.targets(2437,5): warning MSB3277:             System.Data.DataSetExtensions [C:\Users\WilliamForney\source\repos\wforney\OpenLiveWriter\src\managed\LocEdit\LocEdit.csproj]
C:\Program Files\Microsoft Visual Studio\18\Enterprise\MSBuild\Current\Bin\Microsoft.Common.CurrentVersion.targets(2437,5): warning MSB3277:         C:\Windows\Microsoft.Net\assembly\GAC_MSIL\Microsoft.CSharp\v4.0_4.0.0.0__b03f5f7f11d50a3a\Microsoft.CSharp.dll [C:\Users\WilliamForney\source\repos\wforney\OpenLiveWriter\src\managed\LocEdit\LocEdit.csproj]
C:\Program Files\Microsoft Visual Studio\18\Enterprise\MSBuild\Current\Bin\Microsoft.Common.CurrentVersion.targets(2437,5): warning MSB3277:           Project file item includes which caused reference "C:\Windows\Microsoft.Net\assembly\GAC_MSIL\Microsoft.CSharp\v4.0_4.0.0.0__b03f5f7f11d50a3a\Microsoft.CSharp.dll". [C:\Users\WilliamForney\source\repos\wforney\OpenLiveWriter\src\managed\LocEdit\LocEdit.csproj]
C:\Program Files\Microsoft Visual Studio\18\Enterprise\MSBuild\Current\Bin\Microsoft.Common.CurrentVersion.targets(2437,5): warning MSB3277:             Microsoft.CSharp [C:\Users\WilliamForney\source\repos\wforney\OpenLiveWriter\src\managed\LocEdit\LocEdit.csproj]
C:\Program Files\Microsoft Visual Studio\18\Enterprise\MSBuild\Current\Bin\Microsoft.Common.CurrentVersion.targets(2437,5): warning MSB3277:         C:\Windows\Microsoft.Net\assembly\GAC_64\System.Data\v4.0_4.0.0.0__b77a5c561934e089\System.Data.dll [C:\Users\WilliamForney\source\repos\wforney\OpenLiveWriter\src\managed\LocEdit\LocEdit.csproj]
C:\Program Files\Microsoft Visual Studio\18\Enterprise\MSBuild\Current\Bin\Microsoft.Common.CurrentVersion.targets(2437,5): warning MSB3277:           Project file item includes which caused reference "C:\Windows\Microsoft.Net\assembly\GAC_64\System.Data\v4.0_4.0.0.0__b77a5c561934e089\System.Data.dll". [C:\Users\WilliamForney\source\repos\wforney\OpenLiveWriter\src\managed\LocEdit\LocEdit.csproj]
C:\Program Files\Microsoft Visual Studio\18\Enterprise\MSBuild\Current\Bin\Microsoft.Common.CurrentVersion.targets(2437,5): warning MSB3277:             System.Data [C:\Users\WilliamForney\source\repos\wforney\OpenLiveWriter\src\managed\LocEdit\LocEdit.csproj]
C:\Program Files\Microsoft Visual Studio\18\Enterprise\MSBuild\Current\Bin\Microsoft.Common.CurrentVersion.targets(2437,5): warning MSB3277:             System.Data.DataSetExtensions [C:\Users\WilliamForney\source\repos\wforney\OpenLiveWriter\src\managed\LocEdit\LocEdit.csproj]
C:\Program Files\Microsoft Visual Studio\18\Enterprise\MSBuild\Current\Bin\Microsoft.Common.CurrentVersion.targets(2437,5): warning MSB3277:             C:\Users\WilliamForney\source\repos\wforney\OpenLiveWriter\src\managed\bin\Debug\i386\Writer\locutil.exe [C:\Users\WilliamForney\source\repos\wforney\OpenLiveWriter\src\managed\LocEdit\LocEdit.csproj]
C:\Program Files\Microsoft Visual Studio\18\Enterprise\MSBuild\Current\Bin\Microsoft.Common.CurrentVersion.targets(2437,5): warning MSB3277:         C:\Windows\Microsoft.Net\assembly\GAC_MSIL\System.Deployment\v4.0_4.0.0.0__b03f5f7f11d50a3a\System.Deployment.dll [C:\Users\WilliamForney\source\repos\wforney\OpenLiveWriter\src\managed\LocEdit\LocEdit.csproj]
C:\Program Files\Microsoft Visual Studio\18\Enterprise\MSBuild\Current\Bin\Microsoft.Common.CurrentVersion.targets(2437,5): warning MSB3277:           Project file item includes which caused reference "C:\Windows\Microsoft.Net\assembly\GAC_MSIL\System.Deployment\v4.0_4.0.0.0__b03f5f7f11d50a3a\System.Deployment.dll". [C:\Users\WilliamForney\source\repos\wforney\OpenLiveWriter\src\managed\LocEdit\LocEdit.csproj]
C:\Program Files\Microsoft Visual Studio\18\Enterprise\MSBuild\Current\Bin\Microsoft.Common.CurrentVersion.targets(2437,5): warning MSB3277:             System.Deployment [C:\Users\WilliamForney\source\repos\wforney\OpenLiveWriter\src\managed\LocEdit\LocEdit.csproj]
C:\Program Files\Microsoft Visual Studio\18\Enterprise\MSBuild\Current\Bin\Microsoft.Common.CurrentVersion.targets(2437,5): warning MSB3277:             System.Windows.Forms [C:\Users\WilliamForney\source\repos\wforney\OpenLiveWriter\src\managed\LocEdit\LocEdit.csproj]
C:\Program Files\Microsoft Visual Studio\18\Enterprise\MSBuild\Current\Bin\Microsoft.Common.CurrentVersion.targets(2437,5): warning MSB3277:             C:\Users\WilliamForney\source\repos\wforney\OpenLiveWriter\src\managed\bin\Debug\i386\Writer\locutil.exe [C:\Users\WilliamForney\source\repos\wforney\OpenLiveWriter\src\managed\LocEdit\LocEdit.csproj]
C:\Program Files\Microsoft Visual Studio\18\Enterprise\MSBuild\Current\Bin\Microsoft.Common.CurrentVersion.targets(2437,5): warning MSB3277:             System.Data [C:\Users\WilliamForney\source\repos\wforney\OpenLiveWriter\src\managed\LocEdit\LocEdit.csproj]
C:\Program Files\Microsoft Visual Studio\18\Enterprise\MSBuild\Current\Bin\Microsoft.Common.CurrentVersion.targets(2437,5): warning MSB3277:             System.Data.DataSetExtensions [C:\Users\WilliamForney\source\repos\wforney\OpenLiveWriter\src\managed\LocEdit\LocEdit.csproj]
C:\Program Files\Microsoft Visual Studio\18\Enterprise\MSBuild\Current\Bin\Microsoft.Common.CurrentVersion.targets(2437,5): warning MSB3277:         C:\Windows\Microsoft.Net\assembly\GAC_MSIL\System.Net.Http\v4.0_4.0.0.0__b03f5f7f11d50a3a\System.Net.Http.dll [C:\Users\WilliamForney\source\repos\wforney\OpenLiveWriter\src\managed\LocEdit\LocEdit.csproj]
C:\Program Files\Microsoft Visual Studio\18\Enterprise\MSBuild\Current\Bin\Microsoft.Common.CurrentVersion.targets(2437,5): warning MSB3277:           Project file item includes which caused reference "C:\Windows\Microsoft.Net\assembly\GAC_MSIL\System.Net.Http\v4.0_4.0.0.0__b03f5f7f11d50a3a\System.Net.Http.dll". [C:\Users\WilliamForney\source\repos\wforney\OpenLiveWriter\src\managed\LocEdit\LocEdit.csproj]
C:\Program Files\Microsoft Visual Studio\18\Enterprise\MSBuild\Current\Bin\Microsoft.Common.CurrentVersion.targets(2437,5): warning MSB3277:             System.Net.Http [C:\Users\WilliamForney\source\repos\wforney\OpenLiveWriter\src\managed\LocEdit\LocEdit.csproj]
C:\Program Files\Microsoft Visual Studio\18\Enterprise\MSBuild\Current\Bin\Microsoft.Common.CurrentVersion.targets(2437,5): warning MSB3277:         C:\Windows\Microsoft.Net\assembly\GAC_MSIL\System.Windows.Forms\v4.0_4.0.0.0__b77a5c561934e089\System.Windows.Forms.dll [C:\Users\WilliamForney\source\repos\wforney\OpenLiveWriter\src\managed\LocEdit\LocEdit.csproj]
C:\Program Files\Microsoft Visual Studio\18\Enterprise\MSBuild\Current\Bin\Microsoft.Common.CurrentVersion.targets(2437,5): warning MSB3277:           Project file item includes which caused reference "C:\Windows\Microsoft.Net\assembly\GAC_MSIL\System.Windows.Forms\v4.0_4.0.0.0__b77a5c561934e089\System.Windows.Forms.dll". [C:\Users\WilliamForney\source\repos\wforney\OpenLiveWriter\src\managed\LocEdit\LocEdit.csproj]
C:\Program Files\Microsoft Visual Studio\18\Enterprise\MSBuild\Current\Bin\Microsoft.Common.CurrentVersion.targets(2437,5): warning MSB3277:             System.Windows.Forms [C:\Users\WilliamForney\source\repos\wforney\OpenLiveWriter\src\managed\LocEdit\LocEdit.csproj]
C:\Program Files\Microsoft Visual Studio\18\Enterprise\MSBuild\Current\Bin\Microsoft.Common.CurrentVersion.targets(2437,5): warning MSB3277:             C:\Users\WilliamForney\source\repos\wforney\OpenLiveWriter\src\managed\bin\Debug\i386\Writer\locutil.exe [C:\Users\WilliamForney\source\repos\wforney\OpenLiveWriter\src\managed\LocEdit\LocEdit.csproj]
C:\Program Files\Microsoft Visual Studio\18\Enterprise\MSBuild\Current\Bin\Microsoft.Common.CurrentVersion.targets(2437,5): warning MSB3277:             System.Deployment [C:\Users\WilliamForney\source\repos\wforney\OpenLiveWriter\src\managed\LocEdit\LocEdit.csproj]
C:\Program Files\Microsoft Visual Studio\18\Enterprise\MSBuild\Current\Bin\Microsoft.Common.CurrentVersion.targets(2437,5): warning MSB3277:             System.Data [C:\Users\WilliamForney\source\repos\wforney\OpenLiveWriter\src\managed\LocEdit\LocEdit.csproj]
C:\Program Files\Microsoft Visual Studio\18\Enterprise\MSBuild\Current\Bin\Microsoft.Common.CurrentVersion.targets(2437,5): warning MSB3277:             System.Data.DataSetExtensions [C:\Users\WilliamForney\source\repos\wforney\OpenLiveWriter\src\managed\LocEdit\LocEdit.csproj]
C:\Program Files\Microsoft Visual Studio\18\Enterprise\MSBuild\Current\Bin\Microsoft.Common.CurrentVersion.targets(2437,5): warning MSB3277:         C:\Windows\Microsoft.Net\assembly\GAC_MSIL\System.Configuration\v4.0_4.0.0.0__b03f5f7f11d50a3a\System.Configuration.dll [C:\Users\WilliamForney\source\repos\wforney\OpenLiveWriter\src\managed\LocEdit\LocEdit.csproj]
C:\Program Files\Microsoft Visual Studio\18\Enterprise\MSBuild\Current\Bin\Microsoft.Common.CurrentVersion.targets(2437,5): warning MSB3277:           Project file item includes which caused reference "C:\Windows\Microsoft.Net\assembly\GAC_MSIL\System.Configuration\v4.0_4.0.0.0__b03f5f7f11d50a3a\System.Configuration.dll". [C:\Users\WilliamForney\source\repos\wforney\OpenLiveWriter\src\managed\LocEdit\LocEdit.csproj]
C:\Program Files\Microsoft Visual Studio\18\Enterprise\MSBuild\Current\Bin\Microsoft.Common.CurrentVersion.targets(2437,5): warning MSB3277:             C:\Users\WilliamForney\source\repos\wforney\OpenLiveWriter\src\managed\bin\Debug\i386\Writer\locutil.exe [C:\Users\WilliamForney\source\repos\wforney\OpenLiveWriter\src\managed\LocEdit\LocEdit.csproj]
C:\Program Files\Microsoft Visual Studio\18\Enterprise\MSBuild\Current\Bin\Microsoft.Common.CurrentVersion.targets(2437,5): warning MSB3277:             System [C:\Users\WilliamForney\source\repos\wforney\OpenLiveWriter\src\managed\LocEdit\LocEdit.csproj]
C:\Program Files\Microsoft Visual Studio\18\Enterprise\MSBuild\Current\Bin\Microsoft.Common.CurrentVersion.targets(2437,5): warning MSB3277:             System.Xml.Linq [C:\Users\WilliamForney\source\repos\wforney\OpenLiveWriter\src\managed\LocEdit\LocEdit.csproj]
C:\Program Files\Microsoft Visual Studio\18\Enterprise\MSBuild\Current\Bin\Microsoft.Common.CurrentVersion.targets(2437,5): warning MSB3277:             System.Data.DataSetExtensions [C:\Users\WilliamForney\source\repos\wforney\OpenLiveWriter\src\managed\LocEdit\LocEdit.csproj]
C:\Program Files\Microsoft Visual Studio\18\Enterprise\MSBuild\Current\Bin\Microsoft.Common.CurrentVersion.targets(2437,5): warning MSB3277:             Microsoft.CSharp [C:\Users\WilliamForney\source\repos\wforney\OpenLiveWriter\src\managed\LocEdit\LocEdit.csproj]
C:\Program Files\Microsoft Visual Studio\18\Enterprise\MSBuild\Current\Bin\Microsoft.Common.CurrentVersion.targets(2437,5): warning MSB3277:             System.Data [C:\Users\WilliamForney\source\repos\wforney\OpenLiveWriter\src\managed\LocEdit\LocEdit.csproj]
C:\Program Files\Microsoft Visual Studio\18\Enterprise\MSBuild\Current\Bin\Microsoft.Common.CurrentVersion.targets(2437,5): warning MSB3277:             System.Deployment [C:\Users\WilliamForney\source\repos\wforney\OpenLiveWriter\src\managed\LocEdit\LocEdit.csproj]
C:\Program Files\Microsoft Visual Studio\18\Enterprise\MSBuild\Current\Bin\Microsoft.Common.CurrentVersion.targets(2437,5): warning MSB3277:             System.Drawing [C:\Users\WilliamForney\source\repos\wforney\OpenLiveWriter\src\managed\LocEdit\LocEdit.csproj]
C:\Program Files\Microsoft Visual Studio\18\Enterprise\MSBuild\Current\Bin\Microsoft.Common.CurrentVersion.targets(2437,5): warning MSB3277:             System.Net.Http [C:\Users\WilliamForney\source\repos\wforney\OpenLiveWriter\src\managed\LocEdit\LocEdit.csproj]
C:\Program Files\Microsoft Visual Studio\18\Enterprise\MSBuild\Current\Bin\Microsoft.Common.CurrentVersion.targets(2437,5): warning MSB3277:             System.Windows.Forms [C:\Users\WilliamForney\source\repos\wforney\OpenLiveWriter\src\managed\LocEdit\LocEdit.csproj]
C:\Program Files\Microsoft Visual Studio\18\Enterprise\MSBuild\Current\Bin\Microsoft.Common.CurrentVersion.targets(2437,5): warning MSB3277:             System.Xml [C:\Users\WilliamForney\source\repos\wforney\OpenLiveWriter\src\managed\LocEdit\LocEdit.csproj]
C:\Program Files\Microsoft Visual Studio\18\Enterprise\MSBuild\Current\Bin\Microsoft.Common.CurrentVersion.targets(2437,5): warning MSB3277:             System.Core [C:\Users\WilliamForney\source\repos\wforney\OpenLiveWriter\src\managed\LocEdit\LocEdit.csproj]
C:\Program Files\Microsoft Visual Studio\18\Enterprise\MSBuild\Current\Bin\Microsoft.Common.CurrentVersion.targets(2437,5): warning MSB3277:         C:\Windows\Microsoft.Net\assembly\GAC_MSIL\System.Dynamic\v4.0_4.0.0.0__b03f5f7f11d50a3a\System.Dynamic.dll [C:\Users\WilliamForney\source\repos\wforney\OpenLiveWriter\src\managed\LocEdit\LocEdit.csproj]
C:\Program Files\Microsoft Visual Studio\18\Enterprise\MSBuild\Current\Bin\Microsoft.Common.CurrentVersion.targets(2437,5): warning MSB3277:           Project file item includes which caused reference "C:\Windows\Microsoft.Net\assembly\GAC_MSIL\System.Dynamic\v4.0_4.0.0.0__b03f5f7f11d50a3a\System.Dynamic.dll". [C:\Users\WilliamForney\source\repos\wforney\OpenLiveWriter\src\managed\LocEdit\LocEdit.csproj]
C:\Program Files\Microsoft Visual Studio\18\Enterprise\MSBuild\Current\Bin\Microsoft.Common.CurrentVersion.targets(2437,5): warning MSB3277:             Microsoft.CSharp [C:\Users\WilliamForney\source\repos\wforney\OpenLiveWriter\src\managed\LocEdit\LocEdit.csproj]
C:\Program Files\Microsoft Visual Studio\18\Enterprise\MSBuild\Current\Bin\Microsoft.Common.CurrentVersion.targets(2437,5): warning MSB3277:         C:\Windows\Microsoft.Net\assembly\GAC_64\System.Web\v4.0_4.0.0.0__b03f5f7f11d50a3a\System.Web.dll [C:\Users\WilliamForney\source\repos\wforney\OpenLiveWriter\src\managed\LocEdit\LocEdit.csproj]
C:\Program Files\Microsoft Visual Studio\18\Enterprise\MSBuild\Current\Bin\Microsoft.Common.CurrentVersion.targets(2437,5): warning MSB3277:           Project file item includes which caused reference "C:\Windows\Microsoft.Net\assembly\GAC_64\System.Web\v4.0_4.0.0.0__b03f5f7f11d50a3a\System.Web.dll". [C:\Users\WilliamForney\source\repos\wforney\OpenLiveWriter\src\managed\LocEdit\LocEdit.csproj]
C:\Program Files\Microsoft Visual Studio\18\Enterprise\MSBuild\Current\Bin\Microsoft.Common.CurrentVersion.targets(2437,5): warning MSB3277:             C:\Users\WilliamForney\source\repos\wforney\OpenLiveWriter\src\managed\bin\Debug\i386\Writer\locutil.exe [C:\Users\WilliamForney\source\repos\wforney\OpenLiveWriter\src\managed\LocEdit\LocEdit.csproj]
C:\Program Files\Microsoft Visual Studio\18\Enterprise\MSBuild\Current\Bin\Microsoft.Common.CurrentVersion.targets(2437,5): warning MSB3277:             System.Data [C:\Users\WilliamForney\source\repos\wforney\OpenLiveWriter\src\managed\LocEdit\LocEdit.csproj]
C:\Program Files\Microsoft Visual Studio\18\Enterprise\MSBuild\Current\Bin\Microsoft.Common.CurrentVersion.targets(2437,5): warning MSB3277:             System.Data.DataSetExtensions [C:\Users\WilliamForney\source\repos\wforney\OpenLiveWriter\src\managed\LocEdit\LocEdit.csproj]
C:\Program Files\Microsoft Visual Studio\18\Enterprise\MSBuild\Current\Bin\Microsoft.Common.CurrentVersion.targets(2437,5): warning MSB3277:         C:\Windows\Microsoft.Net\assembly\GAC_MSIL\System.Design\v4.0_4.0.0.0__b03f5f7f11d50a3a\System.Design.dll [C:\Users\WilliamForney\source\repos\wforney\OpenLiveWriter\src\managed\LocEdit\LocEdit.csproj]
C:\Program Files\Microsoft Visual Studio\18\Enterprise\MSBuild\Current\Bin\Microsoft.Common.CurrentVersion.targets(2437,5): warning MSB3277:           Project file item includes which caused reference "C:\Windows\Microsoft.Net\assembly\GAC_MSIL\System.Design\v4.0_4.0.0.0__b03f5f7f11d50a3a\System.Design.dll". [C:\Users\WilliamForney\source\repos\wforney\OpenLiveWriter\src\managed\LocEdit\LocEdit.csproj]
C:\Program Files\Microsoft Visual Studio\18\Enterprise\MSBuild\Current\Bin\Microsoft.Common.CurrentVersion.targets(2437,5): warning MSB3277:             C:\Users\WilliamForney\source\repos\wforney\OpenLiveWriter\src\managed\bin\Debug\i386\Writer\locutil.exe [C:\Users\WilliamForney\source\repos\wforney\OpenLiveWriter\src\managed\LocEdit\LocEdit.csproj]
C:\Program Files\Microsoft Visual Studio\18\Enterprise\MSBuild\Current\Bin\Microsoft.Common.CurrentVersion.targets(2437,5): warning MSB3277:             System.Data [C:\Users\WilliamForney\source\repos\wforney\OpenLiveWriter\src\managed\LocEdit\LocEdit.csproj]
C:\Program Files\Microsoft Visual Studio\18\Enterprise\MSBuild\Current\Bin\Microsoft.Common.CurrentVersion.targets(2437,5): warning MSB3277:             System.Data.DataSetExtensions [C:\Users\WilliamForney\source\repos\wforney\OpenLiveWriter\src\managed\LocEdit\LocEdit.csproj]
C:\Program Files\Microsoft Visual Studio\18\Enterprise\MSBuild\Current\Bin\Microsoft.Common.CurrentVersion.targets(2437,5): warning MSB3277:         C:\Windows\Microsoft.Net\assembly\GAC_MSIL\System.ComponentModel.DataAnnotations\v4.0_4.0.0.0__31bf3856ad364e35\System.ComponentModel.DataAnnotations.dll [C:\Users\WilliamForney\source\repos\wforney\OpenLiveWriter\src\managed\LocEdit\LocEdit.csproj]
C:\Program Files\Microsoft Visual Studio\18\Enterprise\MSBuild\Current\Bin\Microsoft.Common.CurrentVersion.targets(2437,5): warning MSB3277:           Project file item includes which caused reference "C:\Windows\Microsoft.Net\assembly\GAC_MSIL\System.ComponentModel.DataAnnotations\v4.0_4.0.0.0__31bf3856ad364e35\System.ComponentModel.DataAnnotations.dll". [C:\Users\WilliamForney\source\repos\wforney\OpenLiveWriter\src\managed\LocEdit\LocEdit.csproj]
C:\Program Files\Microsoft Visual Studio\18\Enterprise\MSBuild\Current\Bin\Microsoft.Common.CurrentVersion.targets(2437,5): warning MSB3277:             C:\Users\WilliamForney\source\repos\wforney\OpenLiveWriter\src\managed\bin\Debug\i386\Writer\locutil.exe [C:\Users\WilliamForney\source\repos\wforney\OpenLiveWriter\src\managed\LocEdit\LocEdit.csproj]
C:\Program Files\Microsoft Visual Studio\18\Enterprise\MSBuild\Current\Bin\Microsoft.Common.CurrentVersion.targets(2437,5): warning MSB3277:             System.Data [C:\Users\WilliamForney\source\repos\wforney\OpenLiveWriter\src\managed\LocEdit\LocEdit.csproj]
C:\Program Files\Microsoft Visual Studio\18\Enterprise\MSBuild\Current\Bin\Microsoft.Common.CurrentVersion.targets(2437,5): warning MSB3277:             System.Data.DataSetExtensions [C:\Users\WilliamForney\source\repos\wforney\OpenLiveWriter\src\managed\LocEdit\LocEdit.csproj]
C:\Program Files\Microsoft Visual Studio\18\Enterprise\MSBuild\Current\Bin\Microsoft.Common.CurrentVersion.targets(2437,5): warning MSB3277:         C:\Windows\Microsoft.Net\assembly\GAC_MSIL\Microsoft.Build.Utilities.v4.0\v4.0_4.0.0.0__b03f5f7f11d50a3a\Microsoft.Build.Utilities.v4.0.dll [C:\Users\WilliamForney\source\repos\wforney\OpenLiveWriter\src\managed\LocEdit\LocEdit.csproj]
C:\Program Files\Microsoft Visual Studio\18\Enterprise\MSBuild\Current\Bin\Microsoft.Common.CurrentVersion.targets(2437,5): warning MSB3277:           Project file item includes which caused reference "C:\Windows\Microsoft.Net\assembly\GAC_MSIL\Microsoft.Build.Utilities.v4.0\v4.0_4.0.0.0__b03f5f7f11d50a3a\Microsoft.Build.Utilities.v4.0.dll". [C:\Users\WilliamForney\source\repos\wforney\OpenLiveWriter\src\managed\LocEdit\LocEdit.csproj]
C:\Program Files\Microsoft Visual Studio\18\Enterprise\MSBuild\Current\Bin\Microsoft.Common.CurrentVersion.targets(2437,5): warning MSB3277:             C:\Users\WilliamForney\source\repos\wforney\OpenLiveWriter\src\managed\bin\Debug\i386\Writer\locutil.exe [C:\Users\WilliamForney\source\repos\wforney\OpenLiveWriter\src\managed\LocEdit\LocEdit.csproj]
C:\Program Files\Microsoft Visual Studio\18\Enterprise\MSBuild\Current\Bin\Microsoft.Common.CurrentVersion.targets(2437,5): warning MSB3277:             System.Data [C:\Users\WilliamForney\source\repos\wforney\OpenLiveWriter\src\managed\LocEdit\LocEdit.csproj]
C:\Program Files\Microsoft Visual Studio\18\Enterprise\MSBuild\Current\Bin\Microsoft.Common.CurrentVersion.targets(2437,5): warning MSB3277:             System.Data.DataSetExtensions [C:\Users\WilliamForney\source\repos\wforney\OpenLiveWriter\src\managed\LocEdit\LocEdit.csproj]
C:\Program Files\Microsoft Visual Studio\18\Enterprise\MSBuild\Current\Bin\Microsoft.Common.CurrentVersion.targets(2437,5): warning MSB3277:         C:\Windows\Microsoft.Net\assembly\GAC_MSIL\Microsoft.Build.Tasks.v4.0\v4.0_4.0.0.0__b03f5f7f11d50a3a\Microsoft.Build.Tasks.v4.0.dll [C:\Users\WilliamForney\source\repos\wforney\OpenLiveWriter\src\managed\LocEdit\LocEdit.csproj]
C:\Program Files\Microsoft Visual Studio\18\Enterprise\MSBuild\Current\Bin\Microsoft.Common.CurrentVersion.targets(2437,5): warning MSB3277:           Project file item includes which caused reference "C:\Windows\Microsoft.Net\assembly\GAC_MSIL\Microsoft.Build.Tasks.v4.0\v4.0_4.0.0.0__b03f5f7f11d50a3a\Microsoft.Build.Tasks.v4.0.dll". [C:\Users\WilliamForney\source\repos\wforney\OpenLiveWriter\src\managed\LocEdit\LocEdit.csproj]
C:\Program Files\Microsoft Visual Studio\18\Enterprise\MSBuild\Current\Bin\Microsoft.Common.CurrentVersion.targets(2437,5): warning MSB3277:             C:\Users\WilliamForney\source\repos\wforney\OpenLiveWriter\src\managed\bin\Debug\i386\Writer\locutil.exe [C:\Users\WilliamForney\source\repos\wforney\OpenLiveWriter\src\managed\LocEdit\LocEdit.csproj]
C:\Program Files\Microsoft Visual Studio\18\Enterprise\MSBuild\Current\Bin\Microsoft.Common.CurrentVersion.targets(2437,5): warning MSB3277:             System.Data [C:\Users\WilliamForney\source\repos\wforney\OpenLiveWriter\src\managed\LocEdit\LocEdit.csproj]
C:\Program Files\Microsoft Visual Studio\18\Enterprise\MSBuild\Current\Bin\Microsoft.Common.CurrentVersion.targets(2437,5): warning MSB3277:             System.Data.DataSetExtensions [C:\Users\WilliamForney\source\repos\wforney\OpenLiveWriter\src\managed\LocEdit\LocEdit.csproj]
C:\Program Files\Microsoft Visual Studio\18\Enterprise\MSBuild\Current\Bin\Microsoft.Common.CurrentVersion.targets(2437,5): warning MSB3270: There was a mismatch between the processor architecture of the project being built "MSIL" and the processor architecture of the reference "C:\Users\WilliamForney\source\repos\wforney\OpenLiveWriter\src\managed\bin\Debug\i386\Writer\locutil.exe", "x86". This mismatch may cause runtime failures. Please consider changing the targeted processor architecture of your project through the Configuration Manager so as to align the processor architectures between your project and references, or take a dependency on references with a processor architecture that matches the targeted processor architecture of your project. [C:\Users\WilliamForney\source\repos\wforney\OpenLiveWriter\src\managed\LocEdit\LocEdit.csproj]
C:\Program Files\Microsoft Visual Studio\18\Enterprise\MSBuild\Current\Bin\Microsoft.Common.CurrentVersion.targets(2437,5): warning MSB3270: There was a mismatch between the processor architecture of the project being built "MSIL" and the processor architecture of the reference "C:\Windows\Microsoft.NET\Framework\v4.0.30319\\mscorlib.dll", "x86". This mismatch may cause runtime failures. Please consider changing the targeted processor architecture of your project through the Configuration Manager so as to align the processor architectures between your project and references, or take a dependency on references with a processor architecture that matches the targeted processor architecture of your project. [C:\Users\WilliamForney\source\repos\wforney\OpenLiveWriter\src\managed\LocEdit\LocEdit.csproj]
C:\Program Files\Microsoft Visual Studio\18\Enterprise\MSBuild\Current\Bin\Microsoft.Common.CurrentVersion.targets(2437,5): warning MSB3270: There was a mismatch between the processor architecture of the project being built "MSIL" and the processor architecture of the reference "System.Data", "AMD64". This mismatch may cause runtime failures. Please consider changing the targeted processor architecture of your project through the Configuration Manager so as to align the processor architectures between your project and references, or take a dependency on references with a processor architecture that matches the targeted processor architecture of your project. [C:\Users\WilliamForney\source\repos\wforney\OpenLiveWriter\src\managed\LocEdit\LocEdit.csproj]
  LocEdit -> C:\Users\WilliamForney\source\repos\wforney\OpenLiveWriter\src\managed\LocEdit\bin\Debug\LocEdit.exe
  OpenLiveWriter.SpellChecker -> C:\Users\WilliamForney\source\repos\wforney\OpenLiveWriter\src\managed\bin\Debug\i386\Writer\OpenLiveWriter.SpellChecker.dll
C:\Program Files\Microsoft Visual Studio\18\Enterprise\MSBuild\Current\Bin\Microsoft.Common.CurrentVersion.targets(2437,5): warning MSB3277: Found conflicts between different versions of "System.Core" that could not be resolved. [C:\Users\WilliamForney\source\repos\wforney\OpenLiveWriter\src\managed\OpenLiveWriter.Extensibility\OpenLiveWriter.Extensibility.csproj]
C:\Program Files\Microsoft Visual Studio\18\Enterprise\MSBuild\Current\Bin\Microsoft.Common.CurrentVersion.targets(2437,5): warning MSB3277: There was a conflict between "System.Core, Version=3.5.0.0, Culture=neutral, PublicKeyToken=b77a5c561934e089" and "System.Core, Version=4.0.0.0, Culture=neutral, PublicKeyToken=b77a5c561934e089". [C:\Users\WilliamForney\source\repos\wforney\OpenLiveWriter\src\managed\OpenLiveWriter.Extensibility\OpenLiveWriter.Extensibility.csproj]
C:\Program Files\Microsoft Visual Studio\18\Enterprise\MSBuild\Current\Bin\Microsoft.Common.CurrentVersion.targets(2437,5): warning MSB3277:     "System.Core, Version=3.5.0.0, Culture=neutral, PublicKeyToken=b77a5c561934e089" was chosen because it was primary and "System.Core, Version=4.0.0.0, Culture=neutral, PublicKeyToken=b77a5c561934e089" was not. [C:\Users\WilliamForney\source\repos\wforney\OpenLiveWriter\src\managed\OpenLiveWriter.Extensibility\OpenLiveWriter.Extensibility.csproj]
C:\Program Files\Microsoft Visual Studio\18\Enterprise\MSBuild\Current\Bin\Microsoft.Common.CurrentVersion.targets(2437,5): warning MSB3277:     References which depend on "System.Core, Version=3.5.0.0, Culture=neutral, PublicKeyToken=b77a5c561934e089" [C:\Program Files (x86)\Reference Assemblies\Microsoft\Framework\v3.5\System.Core.dll]. [C:\Users\WilliamForney\source\repos\wforney\OpenLiveWriter\src\managed\OpenLiveWriter.Extensibility\OpenLiveWriter.Extensibility.csproj]
C:\Program Files\Microsoft Visual Studio\18\Enterprise\MSBuild\Current\Bin\Microsoft.Common.CurrentVersion.targets(2437,5): warning MSB3277:         C:\Program Files (x86)\Reference Assemblies\Microsoft\Framework\v3.5\System.Core.dll [C:\Users\WilliamForney\source\repos\wforney\OpenLiveWriter\src\managed\OpenLiveWriter.Extensibility\OpenLiveWriter.Extensibility.csproj]
C:\Program Files\Microsoft Visual Studio\18\Enterprise\MSBuild\Current\Bin\Microsoft.Common.CurrentVersion.targets(2437,5): warning MSB3277:           Project file item includes which caused reference "C:\Program Files (x86)\Reference Assemblies\Microsoft\Framework\v3.5\System.Core.dll". [C:\Users\WilliamForney\source\repos\wforney\OpenLiveWriter\src\managed\OpenLiveWriter.Extensibility\OpenLiveWriter.Extensibility.csproj]
C:\Program Files\Microsoft Visual Studio\18\Enterprise\MSBuild\Current\Bin\Microsoft.Common.CurrentVersion.targets(2437,5): warning MSB3277:             System.Core [C:\Users\WilliamForney\source\repos\wforney\OpenLiveWriter\src\managed\OpenLiveWriter.Extensibility\OpenLiveWriter.Extensibility.csproj]
C:\Program Files\Microsoft Visual Studio\18\Enterprise\MSBuild\Current\Bin\Microsoft.Common.CurrentVersion.targets(2437,5): warning MSB3277:     References which depend on or have been unified to "System.Core, Version=4.0.0.0, Culture=neutral, PublicKeyToken=b77a5c561934e089" [C:\Windows\Microsoft.Net\assembly\GAC_MSIL\System.Core\v4.0_4.0.0.0__b77a5c561934e089\System.Core.dll]. [C:\Users\WilliamForney\source\repos\wforney\OpenLiveWriter\src\managed\OpenLiveWriter.Extensibility\OpenLiveWriter.Extensibility.csproj]
C:\Program Files\Microsoft Visual Studio\18\Enterprise\MSBuild\Current\Bin\Microsoft.Common.CurrentVersion.targets(2437,5): warning MSB3277:         C:\Windows\Microsoft.Net\assembly\GAC_32\System.Data\v4.0_4.0.0.0__b77a5c561934e089\System.Data.dll [C:\Users\WilliamForney\source\repos\wforney\OpenLiveWriter\src\managed\OpenLiveWriter.Extensibility\OpenLiveWriter.Extensibility.csproj]
C:\Program Files\Microsoft Visual Studio\18\Enterprise\MSBuild\Current\Bin\Microsoft.Common.CurrentVersion.targets(2437,5): warning MSB3277:           Project file item includes which caused reference "C:\Windows\Microsoft.Net\assembly\GAC_32\System.Data\v4.0_4.0.0.0__b77a5c561934e089\System.Data.dll". [C:\Users\WilliamForney\source\repos\wforney\OpenLiveWriter\src\managed\OpenLiveWriter.Extensibility\OpenLiveWriter.Extensibility.csproj]
C:\Program Files\Microsoft Visual Studio\18\Enterprise\MSBuild\Current\Bin\Microsoft.Common.CurrentVersion.targets(2437,5): warning MSB3277:             System.Data [C:\Users\WilliamForney\source\repos\wforney\OpenLiveWriter\src\managed\OpenLiveWriter.Extensibility\OpenLiveWriter.Extensibility.csproj]
C:\Program Files\Microsoft Visual Studio\18\Enterprise\MSBuild\Current\Bin\Microsoft.Common.CurrentVersion.targets(2437,5): warning MSB3277:             C:\Users\WilliamForney\source\repos\wforney\OpenLiveWriter\src\managed\bin\Debug\i386\Writer\OpenLiveWriter.ApplicationFramework.dll [C:\Users\WilliamForney\source\repos\wforney\OpenLiveWriter\src\managed\OpenLiveWriter.Extensibility\OpenLiveWriter.Extensibility.csproj]
C:\Program Files\Microsoft Visual Studio\18\Enterprise\MSBuild\Current\Bin\Microsoft.Common.CurrentVersion.targets(2437,5): warning MSB3277:             C:\Users\WilliamForney\source\repos\wforney\OpenLiveWriter\src\managed\bin\Debug\i386\Writer\OpenLiveWriter.CoreServices.dll [C:\Users\WilliamForney\source\repos\wforney\OpenLiveWriter\src\managed\OpenLiveWriter.Extensibility\OpenLiveWriter.Extensibility.csproj]
C:\Program Files\Microsoft Visual Studio\18\Enterprise\MSBuild\Current\Bin\Microsoft.Common.CurrentVersion.targets(2437,5): warning MSB3277:             C:\Users\WilliamForney\source\repos\wforney\OpenLiveWriter\src\managed\bin\Debug\i386\Writer\OpenLiveWriter.Api.dll [C:\Users\WilliamForney\source\repos\wforney\OpenLiveWriter\src\managed\OpenLiveWriter.Extensibility\OpenLiveWriter.Extensibility.csproj]
C:\Program Files\Microsoft Visual Studio\18\Enterprise\MSBuild\Current\Bin\Microsoft.Common.CurrentVersion.targets(2437,5): warning MSB3277:             C:\Users\WilliamForney\source\repos\wforney\OpenLiveWriter\src\managed\bin\Debug\i386\Writer\OpenLiveWriter.HtmlParser.dll [C:\Users\WilliamForney\source\repos\wforney\OpenLiveWriter\src\managed\OpenLiveWriter.Extensibility\OpenLiveWriter.Extensibility.csproj]
C:\Program Files\Microsoft Visual Studio\18\Enterprise\MSBuild\Current\Bin\Microsoft.Common.CurrentVersion.targets(2437,5): warning MSB3277:         C:\Windows\Microsoft.Net\assembly\GAC_MSIL\System.Windows.Forms\v4.0_4.0.0.0__b77a5c561934e089\System.Windows.Forms.dll [C:\Users\WilliamForney\source\repos\wforney\OpenLiveWriter\src\managed\OpenLiveWriter.Extensibility\OpenLiveWriter.Extensibility.csproj]
C:\Program Files\Microsoft Visual Studio\18\Enterprise\MSBuild\Current\Bin\Microsoft.Common.CurrentVersion.targets(2437,5): warning MSB3277:           Project file item includes which caused reference "C:\Windows\Microsoft.Net\assembly\GAC_MSIL\System.Windows.Forms\v4.0_4.0.0.0__b77a5c561934e089\System.Windows.Forms.dll". [C:\Users\WilliamForney\source\repos\wforney\OpenLiveWriter\src\managed\OpenLiveWriter.Extensibility\OpenLiveWriter.Extensibility.csproj]
C:\Program Files\Microsoft Visual Studio\18\Enterprise\MSBuild\Current\Bin\Microsoft.Common.CurrentVersion.targets(2437,5): warning MSB3277:             System.Windows.Forms [C:\Users\WilliamForney\source\repos\wforney\OpenLiveWriter\src\managed\OpenLiveWriter.Extensibility\OpenLiveWriter.Extensibility.csproj]
C:\Program Files\Microsoft Visual Studio\18\Enterprise\MSBuild\Current\Bin\Microsoft.Common.CurrentVersion.targets(2437,5): warning MSB3277:             C:\Users\WilliamForney\source\repos\wforney\OpenLiveWriter\src\managed\bin\Debug\i386\Writer\OpenLiveWriter.Api.dll [C:\Users\WilliamForney\source\repos\wforney\OpenLiveWriter\src\managed\OpenLiveWriter.Extensibility\OpenLiveWriter.Extensibility.csproj]
C:\Program Files\Microsoft Visual Studio\18\Enterprise\MSBuild\Current\Bin\Microsoft.Common.CurrentVersion.targets(2437,5): warning MSB3277:             C:\Users\WilliamForney\source\repos\wforney\OpenLiveWriter\src\managed\bin\Debug\i386\Writer\OpenLiveWriter.ApplicationFramework.dll [C:\Users\WilliamForney\source\repos\wforney\OpenLiveWriter\src\managed\OpenLiveWriter.Extensibility\OpenLiveWriter.Extensibility.csproj]
C:\Program Files\Microsoft Visual Studio\18\Enterprise\MSBuild\Current\Bin\Microsoft.Common.CurrentVersion.targets(2437,5): warning MSB3277:             C:\Users\WilliamForney\source\repos\wforney\OpenLiveWriter\src\managed\bin\Debug\i386\Writer\OpenLiveWriter.CoreServices.dll [C:\Users\WilliamForney\source\repos\wforney\OpenLiveWriter\src\managed\OpenLiveWriter.Extensibility\OpenLiveWriter.Extensibility.csproj]
C:\Program Files\Microsoft Visual Studio\18\Enterprise\MSBuild\Current\Bin\Microsoft.Common.CurrentVersion.targets(2437,5): warning MSB3277:             C:\Users\WilliamForney\source\repos\wforney\OpenLiveWriter\src\managed\bin\Debug\i386\Writer\OpenLiveWriter.Interop.dll [C:\Users\WilliamForney\source\repos\wforney\OpenLiveWriter\src\managed\OpenLiveWriter.Extensibility\OpenLiveWriter.Extensibility.csproj]
C:\Program Files\Microsoft Visual Studio\18\Enterprise\MSBuild\Current\Bin\Microsoft.Common.CurrentVersion.targets(2437,5): warning MSB3277:             C:\Users\WilliamForney\source\repos\wforney\OpenLiveWriter\src\managed\bin\Debug\i386\Writer\OpenLiveWriter.Localization.dll [C:\Users\WilliamForney\source\repos\wforney\OpenLiveWriter\src\managed\OpenLiveWriter.Extensibility\OpenLiveWriter.Extensibility.csproj]
C:\Program Files\Microsoft Visual Studio\18\Enterprise\MSBuild\Current\Bin\Microsoft.Common.CurrentVersion.targets(2437,5): warning MSB3277:             C:\Users\WilliamForney\source\repos\wforney\OpenLiveWriter\src\managed\bin\Debug\i386\Writer\OpenLiveWriter.HtmlParser.dll [C:\Users\WilliamForney\source\repos\wforney\OpenLiveWriter\src\managed\OpenLiveWriter.Extensibility\OpenLiveWriter.Extensibility.csproj]
C:\Program Files\Microsoft Visual Studio\18\Enterprise\MSBuild\Current\Bin\Microsoft.Common.CurrentVersion.targets(2437,5): warning MSB3277:             System.Data [C:\Users\WilliamForney\source\repos\wforney\OpenLiveWriter\src\managed\OpenLiveWriter.Extensibility\OpenLiveWriter.Extensibility.csproj]
C:\Program Files\Microsoft Visual Studio\18\Enterprise\MSBuild\Current\Bin\Microsoft.Common.CurrentVersion.targets(2437,5): warning MSB3277:         C:\Windows\Microsoft.Net\assembly\GAC_MSIL\System.Design\v4.0_4.0.0.0__b03f5f7f11d50a3a\System.Design.dll [C:\Users\WilliamForney\source\repos\wforney\OpenLiveWriter\src\managed\OpenLiveWriter.Extensibility\OpenLiveWriter.Extensibility.csproj]
C:\Program Files\Microsoft Visual Studio\18\Enterprise\MSBuild\Current\Bin\Microsoft.Common.CurrentVersion.targets(2437,5): warning MSB3277:           Project file item includes which caused reference "C:\Windows\Microsoft.Net\assembly\GAC_MSIL\System.Design\v4.0_4.0.0.0__b03f5f7f11d50a3a\System.Design.dll". [C:\Users\WilliamForney\source\repos\wforney\OpenLiveWriter\src\managed\OpenLiveWriter.Extensibility\OpenLiveWriter.Extensibility.csproj]
C:\Program Files\Microsoft Visual Studio\18\Enterprise\MSBuild\Current\Bin\Microsoft.Common.CurrentVersion.targets(2437,5): warning MSB3277:             C:\Users\WilliamForney\source\repos\wforney\OpenLiveWriter\src\managed\bin\Debug\i386\Writer\OpenLiveWriter.ApplicationFramework.dll [C:\Users\WilliamForney\source\repos\wforney\OpenLiveWriter\src\managed\OpenLiveWriter.Extensibility\OpenLiveWriter.Extensibility.csproj]
C:\Program Files\Microsoft Visual Studio\18\Enterprise\MSBuild\Current\Bin\Microsoft.Common.CurrentVersion.targets(2437,5): warning MSB3277:             C:\Users\WilliamForney\source\repos\wforney\OpenLiveWriter\src\managed\bin\Debug\i386\Writer\OpenLiveWriter.CoreServices.dll [C:\Users\WilliamForney\source\repos\wforney\OpenLiveWriter\src\managed\OpenLiveWriter.Extensibility\OpenLiveWriter.Extensibility.csproj]
C:\Program Files\Microsoft Visual Studio\18\Enterprise\MSBuild\Current\Bin\Microsoft.Common.CurrentVersion.targets(2437,5): warning MSB3277:             C:\Users\WilliamForney\source\repos\wforney\OpenLiveWriter\src\managed\bin\Debug\i386\Writer\OpenLiveWriter.Api.dll [C:\Users\WilliamForney\source\repos\wforney\OpenLiveWriter\src\managed\OpenLiveWriter.Extensibility\OpenLiveWriter.Extensibility.csproj]
C:\Program Files\Microsoft Visual Studio\18\Enterprise\MSBuild\Current\Bin\Microsoft.Common.CurrentVersion.targets(2437,5): warning MSB3277:             C:\Users\WilliamForney\source\repos\wforney\OpenLiveWriter\src\managed\bin\Debug\i386\Writer\OpenLiveWriter.HtmlParser.dll [C:\Users\WilliamForney\source\repos\wforney\OpenLiveWriter\src\managed\OpenLiveWriter.Extensibility\OpenLiveWriter.Extensibility.csproj]
C:\Program Files\Microsoft Visual Studio\18\Enterprise\MSBuild\Current\Bin\Microsoft.Common.CurrentVersion.targets(2437,5): warning MSB3277:             System.Data [C:\Users\WilliamForney\source\repos\wforney\OpenLiveWriter\src\managed\OpenLiveWriter.Extensibility\OpenLiveWriter.Extensibility.csproj]
C:\Program Files\Microsoft Visual Studio\18\Enterprise\MSBuild\Current\Bin\Microsoft.Common.CurrentVersion.targets(2437,5): warning MSB3277:         C:\Windows\Microsoft.Net\assembly\GAC_32\System.Web\v4.0_4.0.0.0__b03f5f7f11d50a3a\System.Web.dll [C:\Users\WilliamForney\source\repos\wforney\OpenLiveWriter\src\managed\OpenLiveWriter.Extensibility\OpenLiveWriter.Extensibility.csproj]
C:\Program Files\Microsoft Visual Studio\18\Enterprise\MSBuild\Current\Bin\Microsoft.Common.CurrentVersion.targets(2437,5): warning MSB3277:           Project file item includes which caused reference "C:\Windows\Microsoft.Net\assembly\GAC_32\System.Web\v4.0_4.0.0.0__b03f5f7f11d50a3a\System.Web.dll". [C:\Users\WilliamForney\source\repos\wforney\OpenLiveWriter\src\managed\OpenLiveWriter.Extensibility\OpenLiveWriter.Extensibility.csproj]
C:\Program Files\Microsoft Visual Studio\18\Enterprise\MSBuild\Current\Bin\Microsoft.Common.CurrentVersion.targets(2437,5): warning MSB3277:             C:\Users\WilliamForney\source\repos\wforney\OpenLiveWriter\src\managed\bin\Debug\i386\Writer\OpenLiveWriter.CoreServices.dll [C:\Users\WilliamForney\source\repos\wforney\OpenLiveWriter\src\managed\OpenLiveWriter.Extensibility\OpenLiveWriter.Extensibility.csproj]
C:\Program Files\Microsoft Visual Studio\18\Enterprise\MSBuild\Current\Bin\Microsoft.Common.CurrentVersion.targets(2437,5): warning MSB3277:             C:\Users\WilliamForney\source\repos\wforney\OpenLiveWriter\src\managed\bin\Debug\i386\Writer\OpenLiveWriter.Api.dll [C:\Users\WilliamForney\source\repos\wforney\OpenLiveWriter\src\managed\OpenLiveWriter.Extensibility\OpenLiveWriter.Extensibility.csproj]
C:\Program Files\Microsoft Visual Studio\18\Enterprise\MSBuild\Current\Bin\Microsoft.Common.CurrentVersion.targets(2437,5): warning MSB3277:             C:\Users\WilliamForney\source\repos\wforney\OpenLiveWriter\src\managed\bin\Debug\i386\Writer\OpenLiveWriter.ApplicationFramework.dll [C:\Users\WilliamForney\source\repos\wforney\OpenLiveWriter\src\managed\OpenLiveWriter.Extensibility\OpenLiveWriter.Extensibility.csproj]
C:\Program Files\Microsoft Visual Studio\18\Enterprise\MSBuild\Current\Bin\Microsoft.Common.CurrentVersion.targets(2437,5): warning MSB3277:             C:\Users\WilliamForney\source\repos\wforney\OpenLiveWriter\src\managed\bin\Debug\i386\Writer\OpenLiveWriter.HtmlParser.dll [C:\Users\WilliamForney\source\repos\wforney\OpenLiveWriter\src\managed\OpenLiveWriter.Extensibility\OpenLiveWriter.Extensibility.csproj]
C:\Program Files\Microsoft Visual Studio\18\Enterprise\MSBuild\Current\Bin\Microsoft.Common.CurrentVersion.targets(2437,5): warning MSB3277:             System.Data [C:\Users\WilliamForney\source\repos\wforney\OpenLiveWriter\src\managed\OpenLiveWriter.Extensibility\OpenLiveWriter.Extensibility.csproj]
C:\Program Files\Microsoft Visual Studio\18\Enterprise\MSBuild\Current\Bin\Microsoft.Common.CurrentVersion.targets(2437,5): warning MSB3277:         C:\Windows\Microsoft.Net\assembly\GAC_MSIL\System.Configuration\v4.0_4.0.0.0__b03f5f7f11d50a3a\System.Configuration.dll [C:\Users\WilliamForney\source\repos\wforney\OpenLiveWriter\src\managed\OpenLiveWriter.Extensibility\OpenLiveWriter.Extensibility.csproj]
C:\Program Files\Microsoft Visual Studio\18\Enterprise\MSBuild\Current\Bin\Microsoft.Common.CurrentVersion.targets(2437,5): warning MSB3277:           Project file item includes which caused reference "C:\Windows\Microsoft.Net\assembly\GAC_MSIL\System.Configuration\v4.0_4.0.0.0__b03f5f7f11d50a3a\System.Configuration.dll". [C:\Users\WilliamForney\source\repos\wforney\OpenLiveWriter\src\managed\OpenLiveWriter.Extensibility\OpenLiveWriter.Extensibility.csproj]
C:\Program Files\Microsoft Visual Studio\18\Enterprise\MSBuild\Current\Bin\Microsoft.Common.CurrentVersion.targets(2437,5): warning MSB3277:             System [C:\Users\WilliamForney\source\repos\wforney\OpenLiveWriter\src\managed\OpenLiveWriter.Extensibility\OpenLiveWriter.Extensibility.csproj]
C:\Program Files\Microsoft Visual Studio\18\Enterprise\MSBuild\Current\Bin\Microsoft.Common.CurrentVersion.targets(2437,5): warning MSB3277:             C:\Users\WilliamForney\source\repos\wforney\OpenLiveWriter\src\managed\bin\Debug\i386\Writer\OpenLiveWriter.Api.dll [C:\Users\WilliamForney\source\repos\wforney\OpenLiveWriter\src\managed\OpenLiveWriter.Extensibility\OpenLiveWriter.Extensibility.csproj]
C:\Program Files\Microsoft Visual Studio\18\Enterprise\MSBuild\Current\Bin\Microsoft.Common.CurrentVersion.targets(2437,5): warning MSB3277:             C:\Users\WilliamForney\source\repos\wforney\OpenLiveWriter\src\managed\bin\Debug\i386\Writer\OpenLiveWriter.ApplicationFramework.dll [C:\Users\WilliamForney\source\repos\wforney\OpenLiveWriter\src\managed\OpenLiveWriter.Extensibility\OpenLiveWriter.Extensibility.csproj]
C:\Program Files\Microsoft Visual Studio\18\Enterprise\MSBuild\Current\Bin\Microsoft.Common.CurrentVersion.targets(2437,5): warning MSB3277:             C:\Users\WilliamForney\source\repos\wforney\OpenLiveWriter\src\managed\bin\Debug\i386\Writer\OpenLiveWriter.CoreServices.dll [C:\Users\WilliamForney\source\repos\wforney\OpenLiveWriter\src\managed\OpenLiveWriter.Extensibility\OpenLiveWriter.Extensibility.csproj]
C:\Program Files\Microsoft Visual Studio\18\Enterprise\MSBuild\Current\Bin\Microsoft.Common.CurrentVersion.targets(2437,5): warning MSB3277:             C:\Users\WilliamForney\source\repos\wforney\OpenLiveWriter\src\managed\bin\Debug\i386\Writer\OpenLiveWriter.HtmlParser.dll [C:\Users\WilliamForney\source\repos\wforney\OpenLiveWriter\src\managed\OpenLiveWriter.Extensibility\OpenLiveWriter.Extensibility.csproj]
C:\Program Files\Microsoft Visual Studio\18\Enterprise\MSBuild\Current\Bin\Microsoft.Common.CurrentVersion.targets(2437,5): warning MSB3277:             C:\Users\WilliamForney\source\repos\wforney\OpenLiveWriter\src\managed\bin\Debug\i386\Writer\OpenLiveWriter.Interop.dll [C:\Users\WilliamForney\source\repos\wforney\OpenLiveWriter\src\managed\OpenLiveWriter.Extensibility\OpenLiveWriter.Extensibility.csproj]
C:\Program Files\Microsoft Visual Studio\18\Enterprise\MSBuild\Current\Bin\Microsoft.Common.CurrentVersion.targets(2437,5): warning MSB3277:             C:\Users\WilliamForney\source\repos\wforney\OpenLiveWriter\src\managed\bin\Debug\i386\Writer\OpenLiveWriter.Localization.dll [C:\Users\WilliamForney\source\repos\wforney\OpenLiveWriter\src\managed\OpenLiveWriter.Extensibility\OpenLiveWriter.Extensibility.csproj]
C:\Program Files\Microsoft Visual Studio\18\Enterprise\MSBuild\Current\Bin\Microsoft.Common.CurrentVersion.targets(2437,5): warning MSB3277:             System.Data [C:\Users\WilliamForney\source\repos\wforney\OpenLiveWriter\src\managed\OpenLiveWriter.Extensibility\OpenLiveWriter.Extensibility.csproj]
C:\Program Files\Microsoft Visual Studio\18\Enterprise\MSBuild\Current\Bin\Microsoft.Common.CurrentVersion.targets(2437,5): warning MSB3277:             System.Drawing [C:\Users\WilliamForney\source\repos\wforney\OpenLiveWriter\src\managed\OpenLiveWriter.Extensibility\OpenLiveWriter.Extensibility.csproj]
C:\Program Files\Microsoft Visual Studio\18\Enterprise\MSBuild\Current\Bin\Microsoft.Common.CurrentVersion.targets(2437,5): warning MSB3277:             System.Windows.Forms [C:\Users\WilliamForney\source\repos\wforney\OpenLiveWriter\src\managed\OpenLiveWriter.Extensibility\OpenLiveWriter.Extensibility.csproj]
C:\Program Files\Microsoft Visual Studio\18\Enterprise\MSBuild\Current\Bin\Microsoft.Common.CurrentVersion.targets(2437,5): warning MSB3277:             System.Xml [C:\Users\WilliamForney\source\repos\wforney\OpenLiveWriter\src\managed\OpenLiveWriter.Extensibility\OpenLiveWriter.Extensibility.csproj]
C:\Program Files\Microsoft Visual Studio\18\Enterprise\MSBuild\Current\Bin\Microsoft.Common.CurrentVersion.targets(2437,5): warning MSB3277:             System.Core [C:\Users\WilliamForney\source\repos\wforney\OpenLiveWriter\src\managed\OpenLiveWriter.Extensibility\OpenLiveWriter.Extensibility.csproj]
C:\Program Files\Microsoft Visual Studio\18\Enterprise\MSBuild\Current\Bin\Microsoft.Common.CurrentVersion.targets(2437,5): warning MSB3277:         C:\Windows\Microsoft.Net\assembly\GAC_MSIL\System.Deployment\v4.0_4.0.0.0__b03f5f7f11d50a3a\System.Deployment.dll [C:\Users\WilliamForney\source\repos\wforney\OpenLiveWriter\src\managed\OpenLiveWriter.Extensibility\OpenLiveWriter.Extensibility.csproj]
C:\Program Files\Microsoft Visual Studio\18\Enterprise\MSBuild\Current\Bin\Microsoft.Common.CurrentVersion.targets(2437,5): warning MSB3277:           Project file item includes which caused reference "C:\Windows\Microsoft.Net\assembly\GAC_MSIL\System.Deployment\v4.0_4.0.0.0__b03f5f7f11d50a3a\System.Deployment.dll". [C:\Users\WilliamForney\source\repos\wforney\OpenLiveWriter\src\managed\OpenLiveWriter.Extensibility\OpenLiveWriter.Extensibility.csproj]
C:\Program Files\Microsoft Visual Studio\18\Enterprise\MSBuild\Current\Bin\Microsoft.Common.CurrentVersion.targets(2437,5): warning MSB3277:             System.Windows.Forms [C:\Users\WilliamForney\source\repos\wforney\OpenLiveWriter\src\managed\OpenLiveWriter.Extensibility\OpenLiveWriter.Extensibility.csproj]
C:\Program Files\Microsoft Visual Studio\18\Enterprise\MSBuild\Current\Bin\Microsoft.Common.CurrentVersion.targets(2437,5): warning MSB3277:             C:\Users\WilliamForney\source\repos\wforney\OpenLiveWriter\src\managed\bin\Debug\i386\Writer\OpenLiveWriter.Api.dll [C:\Users\WilliamForney\source\repos\wforney\OpenLiveWriter\src\managed\OpenLiveWriter.Extensibility\OpenLiveWriter.Extensibility.csproj]
C:\Program Files\Microsoft Visual Studio\18\Enterprise\MSBuild\Current\Bin\Microsoft.Common.CurrentVersion.targets(2437,5): warning MSB3277:             C:\Users\WilliamForney\source\repos\wforney\OpenLiveWriter\src\managed\bin\Debug\i386\Writer\OpenLiveWriter.ApplicationFramework.dll [C:\Users\WilliamForney\source\repos\wforney\OpenLiveWriter\src\managed\OpenLiveWriter.Extensibility\OpenLiveWriter.Extensibility.csproj]
C:\Program Files\Microsoft Visual Studio\18\Enterprise\MSBuild\Current\Bin\Microsoft.Common.CurrentVersion.targets(2437,5): warning MSB3277:             C:\Users\WilliamForney\source\repos\wforney\OpenLiveWriter\src\managed\bin\Debug\i386\Writer\OpenLiveWriter.CoreServices.dll [C:\Users\WilliamForney\source\repos\wforney\OpenLiveWriter\src\managed\OpenLiveWriter.Extensibility\OpenLiveWriter.Extensibility.csproj]
C:\Program Files\Microsoft Visual Studio\18\Enterprise\MSBuild\Current\Bin\Microsoft.Common.CurrentVersion.targets(2437,5): warning MSB3277:             C:\Users\WilliamForney\source\repos\wforney\OpenLiveWriter\src\managed\bin\Debug\i386\Writer\OpenLiveWriter.Interop.dll [C:\Users\WilliamForney\source\repos\wforney\OpenLiveWriter\src\managed\OpenLiveWriter.Extensibility\OpenLiveWriter.Extensibility.csproj]
C:\Program Files\Microsoft Visual Studio\18\Enterprise\MSBuild\Current\Bin\Microsoft.Common.CurrentVersion.targets(2437,5): warning MSB3277:             C:\Users\WilliamForney\source\repos\wforney\OpenLiveWriter\src\managed\bin\Debug\i386\Writer\OpenLiveWriter.Localization.dll [C:\Users\WilliamForney\source\repos\wforney\OpenLiveWriter\src\managed\OpenLiveWriter.Extensibility\OpenLiveWriter.Extensibility.csproj]
C:\Program Files\Microsoft Visual Studio\18\Enterprise\MSBuild\Current\Bin\Microsoft.Common.CurrentVersion.targets(2437,5): warning MSB3277:             C:\Users\WilliamForney\source\repos\wforney\OpenLiveWriter\src\managed\bin\Debug\i386\Writer\OpenLiveWriter.HtmlParser.dll [C:\Users\WilliamForney\source\repos\wforney\OpenLiveWriter\src\managed\OpenLiveWriter.Extensibility\OpenLiveWriter.Extensibility.csproj]
C:\Program Files\Microsoft Visual Studio\18\Enterprise\MSBuild\Current\Bin\Microsoft.Common.CurrentVersion.targets(2437,5): warning MSB3277:             System.Data [C:\Users\WilliamForney\source\repos\wforney\OpenLiveWriter\src\managed\OpenLiveWriter.Extensibility\OpenLiveWriter.Extensibility.csproj]
C:\Program Files\Microsoft Visual Studio\18\Enterprise\MSBuild\Current\Bin\Microsoft.Common.CurrentVersion.targets(2437,5): warning MSB3277:         C:\Windows\Microsoft.Net\assembly\GAC_MSIL\System.ComponentModel.DataAnnotations\v4.0_4.0.0.0__31bf3856ad364e35\System.ComponentModel.DataAnnotations.dll [C:\Users\WilliamForney\source\repos\wforney\OpenLiveWriter\src\managed\OpenLiveWriter.Extensibility\OpenLiveWriter.Extensibility.csproj]
C:\Program Files\Microsoft Visual Studio\18\Enterprise\MSBuild\Current\Bin\Microsoft.Common.CurrentVersion.targets(2437,5): warning MSB3277:           Project file item includes which caused reference "C:\Windows\Microsoft.Net\assembly\GAC_MSIL\System.ComponentModel.DataAnnotations\v4.0_4.0.0.0__31bf3856ad364e35\System.ComponentModel.DataAnnotations.dll". [C:\Users\WilliamForney\source\repos\wforney\OpenLiveWriter\src\managed\OpenLiveWriter.Extensibility\OpenLiveWriter.Extensibility.csproj]
C:\Program Files\Microsoft Visual Studio\18\Enterprise\MSBuild\Current\Bin\Microsoft.Common.CurrentVersion.targets(2437,5): warning MSB3277:             C:\Users\WilliamForney\source\repos\wforney\OpenLiveWriter\src\managed\bin\Debug\i386\Writer\OpenLiveWriter.CoreServices.dll [C:\Users\WilliamForney\source\repos\wforney\OpenLiveWriter\src\managed\OpenLiveWriter.Extensibility\OpenLiveWriter.Extensibility.csproj]
C:\Program Files\Microsoft Visual Studio\18\Enterprise\MSBuild\Current\Bin\Microsoft.Common.CurrentVersion.targets(2437,5): warning MSB3277:             C:\Users\WilliamForney\source\repos\wforney\OpenLiveWriter\src\managed\bin\Debug\i386\Writer\OpenLiveWriter.Api.dll [C:\Users\WilliamForney\source\repos\wforney\OpenLiveWriter\src\managed\OpenLiveWriter.Extensibility\OpenLiveWriter.Extensibility.csproj]
C:\Program Files\Microsoft Visual Studio\18\Enterprise\MSBuild\Current\Bin\Microsoft.Common.CurrentVersion.targets(2437,5): warning MSB3277:             C:\Users\WilliamForney\source\repos\wforney\OpenLiveWriter\src\managed\bin\Debug\i386\Writer\OpenLiveWriter.ApplicationFramework.dll [C:\Users\WilliamForney\source\repos\wforney\OpenLiveWriter\src\managed\OpenLiveWriter.Extensibility\OpenLiveWriter.Extensibility.csproj]
C:\Program Files\Microsoft Visual Studio\18\Enterprise\MSBuild\Current\Bin\Microsoft.Common.CurrentVersion.targets(2437,5): warning MSB3277:             C:\Users\WilliamForney\source\repos\wforney\OpenLiveWriter\src\managed\bin\Debug\i386\Writer\OpenLiveWriter.HtmlParser.dll [C:\Users\WilliamForney\source\repos\wforney\OpenLiveWriter\src\managed\OpenLiveWriter.Extensibility\OpenLiveWriter.Extensibility.csproj]
C:\Program Files\Microsoft Visual Studio\18\Enterprise\MSBuild\Current\Bin\Microsoft.Common.CurrentVersion.targets(2437,5): warning MSB3277:             System.Data [C:\Users\WilliamForney\source\repos\wforney\OpenLiveWriter\src\managed\OpenLiveWriter.Extensibility\OpenLiveWriter.Extensibility.csproj]
C:\Program Files\Microsoft Visual Studio\18\Enterprise\MSBuild\Current\Bin\Microsoft.Common.CurrentVersion.targets(2437,5): warning MSB3277:         C:\Windows\Microsoft.Net\assembly\GAC_MSIL\Microsoft.Build.Utilities.v4.0\v4.0_4.0.0.0__b03f5f7f11d50a3a\Microsoft.Build.Utilities.v4.0.dll [C:\Users\WilliamForney\source\repos\wforney\OpenLiveWriter\src\managed\OpenLiveWriter.Extensibility\OpenLiveWriter.Extensibility.csproj]
C:\Program Files\Microsoft Visual Studio\18\Enterprise\MSBuild\Current\Bin\Microsoft.Common.CurrentVersion.targets(2437,5): warning MSB3277:           Project file item includes which caused reference "C:\Windows\Microsoft.Net\assembly\GAC_MSIL\Microsoft.Build.Utilities.v4.0\v4.0_4.0.0.0__b03f5f7f11d50a3a\Microsoft.Build.Utilities.v4.0.dll". [C:\Users\WilliamForney\source\repos\wforney\OpenLiveWriter\src\managed\OpenLiveWriter.Extensibility\OpenLiveWriter.Extensibility.csproj]
C:\Program Files\Microsoft Visual Studio\18\Enterprise\MSBuild\Current\Bin\Microsoft.Common.CurrentVersion.targets(2437,5): warning MSB3277:             C:\Users\WilliamForney\source\repos\wforney\OpenLiveWriter\src\managed\bin\Debug\i386\Writer\OpenLiveWriter.CoreServices.dll [C:\Users\WilliamForney\source\repos\wforney\OpenLiveWriter\src\managed\OpenLiveWriter.Extensibility\OpenLiveWriter.Extensibility.csproj]
C:\Program Files\Microsoft Visual Studio\18\Enterprise\MSBuild\Current\Bin\Microsoft.Common.CurrentVersion.targets(2437,5): warning MSB3277:             C:\Users\WilliamForney\source\repos\wforney\OpenLiveWriter\src\managed\bin\Debug\i386\Writer\OpenLiveWriter.Api.dll [C:\Users\WilliamForney\source\repos\wforney\OpenLiveWriter\src\managed\OpenLiveWriter.Extensibility\OpenLiveWriter.Extensibility.csproj]
C:\Program Files\Microsoft Visual Studio\18\Enterprise\MSBuild\Current\Bin\Microsoft.Common.CurrentVersion.targets(2437,5): warning MSB3277:             C:\Users\WilliamForney\source\repos\wforney\OpenLiveWriter\src\managed\bin\Debug\i386\Writer\OpenLiveWriter.ApplicationFramework.dll [C:\Users\WilliamForney\source\repos\wforney\OpenLiveWriter\src\managed\OpenLiveWriter.Extensibility\OpenLiveWriter.Extensibility.csproj]
C:\Program Files\Microsoft Visual Studio\18\Enterprise\MSBuild\Current\Bin\Microsoft.Common.CurrentVersion.targets(2437,5): warning MSB3277:             C:\Users\WilliamForney\source\repos\wforney\OpenLiveWriter\src\managed\bin\Debug\i386\Writer\OpenLiveWriter.HtmlParser.dll [C:\Users\WilliamForney\source\repos\wforney\OpenLiveWriter\src\managed\OpenLiveWriter.Extensibility\OpenLiveWriter.Extensibility.csproj]
C:\Program Files\Microsoft Visual Studio\18\Enterprise\MSBuild\Current\Bin\Microsoft.Common.CurrentVersion.targets(2437,5): warning MSB3277:             System.Data [C:\Users\WilliamForney\source\repos\wforney\OpenLiveWriter\src\managed\OpenLiveWriter.Extensibility\OpenLiveWriter.Extensibility.csproj]
C:\Program Files\Microsoft Visual Studio\18\Enterprise\MSBuild\Current\Bin\Microsoft.Common.CurrentVersion.targets(2437,5): warning MSB3277:         C:\Windows\Microsoft.Net\assembly\GAC_MSIL\Microsoft.Build.Tasks.v4.0\v4.0_4.0.0.0__b03f5f7f11d50a3a\Microsoft.Build.Tasks.v4.0.dll [C:\Users\WilliamForney\source\repos\wforney\OpenLiveWriter\src\managed\OpenLiveWriter.Extensibility\OpenLiveWriter.Extensibility.csproj]
C:\Program Files\Microsoft Visual Studio\18\Enterprise\MSBuild\Current\Bin\Microsoft.Common.CurrentVersion.targets(2437,5): warning MSB3277:           Project file item includes which caused reference "C:\Windows\Microsoft.Net\assembly\GAC_MSIL\Microsoft.Build.Tasks.v4.0\v4.0_4.0.0.0__b03f5f7f11d50a3a\Microsoft.Build.Tasks.v4.0.dll". [C:\Users\WilliamForney\source\repos\wforney\OpenLiveWriter\src\managed\OpenLiveWriter.Extensibility\OpenLiveWriter.Extensibility.csproj]
C:\Program Files\Microsoft Visual Studio\18\Enterprise\MSBuild\Current\Bin\Microsoft.Common.CurrentVersion.targets(2437,5): warning MSB3277:             C:\Users\WilliamForney\source\repos\wforney\OpenLiveWriter\src\managed\bin\Debug\i386\Writer\OpenLiveWriter.CoreServices.dll [C:\Users\WilliamForney\source\repos\wforney\OpenLiveWriter\src\managed\OpenLiveWriter.Extensibility\OpenLiveWriter.Extensibility.csproj]
C:\Program Files\Microsoft Visual Studio\18\Enterprise\MSBuild\Current\Bin\Microsoft.Common.CurrentVersion.targets(2437,5): warning MSB3277:             C:\Users\WilliamForney\source\repos\wforney\OpenLiveWriter\src\managed\bin\Debug\i386\Writer\OpenLiveWriter.Api.dll [C:\Users\WilliamForney\source\repos\wforney\OpenLiveWriter\src\managed\OpenLiveWriter.Extensibility\OpenLiveWriter.Extensibility.csproj]
C:\Program Files\Microsoft Visual Studio\18\Enterprise\MSBuild\Current\Bin\Microsoft.Common.CurrentVersion.targets(2437,5): warning MSB3277:             C:\Users\WilliamForney\source\repos\wforney\OpenLiveWriter\src\managed\bin\Debug\i386\Writer\OpenLiveWriter.ApplicationFramework.dll [C:\Users\WilliamForney\source\repos\wforney\OpenLiveWriter\src\managed\OpenLiveWriter.Extensibility\OpenLiveWriter.Extensibility.csproj]
C:\Program Files\Microsoft Visual Studio\18\Enterprise\MSBuild\Current\Bin\Microsoft.Common.CurrentVersion.targets(2437,5): warning MSB3277:             C:\Users\WilliamForney\source\repos\wforney\OpenLiveWriter\src\managed\bin\Debug\i386\Writer\OpenLiveWriter.HtmlParser.dll [C:\Users\WilliamForney\source\repos\wforney\OpenLiveWriter\src\managed\OpenLiveWriter.Extensibility\OpenLiveWriter.Extensibility.csproj]
C:\Program Files\Microsoft Visual Studio\18\Enterprise\MSBuild\Current\Bin\Microsoft.Common.CurrentVersion.targets(2437,5): warning MSB3277:             System.Data [C:\Users\WilliamForney\source\repos\wforney\OpenLiveWriter\src\managed\OpenLiveWriter.Extensibility\OpenLiveWriter.Extensibility.csproj]
  OpenLiveWriter.Extensibility -> C:\Users\WilliamForney\source\repos\wforney\OpenLiveWriter\src\managed\bin\Debug\i386\Writer\OpenLiveWriter.Extensibility.dll
  OpenLiveWriter.InternalWriterPlugin -> C:\Users\WilliamForney\source\repos\wforney\OpenLiveWriter\src\managed\bin\Debug\i386\Writer\OpenLiveWriter.InternalWriterPlugin.dll
  OpenLiveWriter.FileDestinations -> C:\Users\WilliamForney\source\repos\wforney\OpenLiveWriter\src\managed\bin\Debug\i386\Writer\OpenLiveWriter.FileDestinations.dll
C:\Program Files\Microsoft Visual Studio\18\Enterprise\MSBuild\Current\Bin\Microsoft.Common.CurrentVersion.targets(2437,5): warning MSB3277: Found conflicts between different versions of "System.Core" that could not be resolved. [C:\Users\WilliamForney\source\repos\wforney\OpenLiveWriter\src\managed\OpenLiveWriter.HtmlEditor\OpenLiveWriter.HtmlEditor.csproj]
C:\Program Files\Microsoft Visual Studio\18\Enterprise\MSBuild\Current\Bin\Microsoft.Common.CurrentVersion.targets(2437,5): warning MSB3277: There was a conflict between "System.Core, Version=3.5.0.0, Culture=neutral, PublicKeyToken=b77a5c561934e089" and "System.Core, Version=4.0.0.0, Culture=neutral, PublicKeyToken=b77a5c561934e089". [C:\Users\WilliamForney\source\repos\wforney\OpenLiveWriter\src\managed\OpenLiveWriter.HtmlEditor\OpenLiveWriter.HtmlEditor.csproj]
C:\Program Files\Microsoft Visual Studio\18\Enterprise\MSBuild\Current\Bin\Microsoft.Common.CurrentVersion.targets(2437,5): warning MSB3277:     "System.Core, Version=3.5.0.0, Culture=neutral, PublicKeyToken=b77a5c561934e089" was chosen because it was primary and "System.Core, Version=4.0.0.0, Culture=neutral, PublicKeyToken=b77a5c561934e089" was not. [C:\Users\WilliamForney\source\repos\wforney\OpenLiveWriter\src\managed\OpenLiveWriter.HtmlEditor\OpenLiveWriter.HtmlEditor.csproj]
C:\Program Files\Microsoft Visual Studio\18\Enterprise\MSBuild\Current\Bin\Microsoft.Common.CurrentVersion.targets(2437,5): warning MSB3277:     References which depend on "System.Core, Version=3.5.0.0, Culture=neutral, PublicKeyToken=b77a5c561934e089" [C:\Program Files (x86)\Reference Assemblies\Microsoft\Framework\v3.5\System.Core.dll]. [C:\Users\WilliamForney\source\repos\wforney\OpenLiveWriter\src\managed\OpenLiveWriter.HtmlEditor\OpenLiveWriter.HtmlEditor.csproj]
C:\Program Files\Microsoft Visual Studio\18\Enterprise\MSBuild\Current\Bin\Microsoft.Common.CurrentVersion.targets(2437,5): warning MSB3277:         C:\Program Files (x86)\Reference Assemblies\Microsoft\Framework\v3.5\System.Core.dll [C:\Users\WilliamForney\source\repos\wforney\OpenLiveWriter\src\managed\OpenLiveWriter.HtmlEditor\OpenLiveWriter.HtmlEditor.csproj]
C:\Program Files\Microsoft Visual Studio\18\Enterprise\MSBuild\Current\Bin\Microsoft.Common.CurrentVersion.targets(2437,5): warning MSB3277:           Project file item includes which caused reference "C:\Program Files (x86)\Reference Assemblies\Microsoft\Framework\v3.5\System.Core.dll". [C:\Users\WilliamForney\source\repos\wforney\OpenLiveWriter\src\managed\OpenLiveWriter.HtmlEditor\OpenLiveWriter.HtmlEditor.csproj]
C:\Program Files\Microsoft Visual Studio\18\Enterprise\MSBuild\Current\Bin\Microsoft.Common.CurrentVersion.targets(2437,5): warning MSB3277:             System.Core [C:\Users\WilliamForney\source\repos\wforney\OpenLiveWriter\src\managed\OpenLiveWriter.HtmlEditor\OpenLiveWriter.HtmlEditor.csproj]
C:\Program Files\Microsoft Visual Studio\18\Enterprise\MSBuild\Current\Bin\Microsoft.Common.CurrentVersion.targets(2437,5): warning MSB3277:     References which depend on or have been unified to "System.Core, Version=4.0.0.0, Culture=neutral, PublicKeyToken=b77a5c561934e089" [C:\Windows\Microsoft.Net\assembly\GAC_MSIL\System.Core\v4.0_4.0.0.0__b77a5c561934e089\System.Core.dll]. [C:\Users\WilliamForney\source\repos\wforney\OpenLiveWriter\src\managed\OpenLiveWriter.HtmlEditor\OpenLiveWriter.HtmlEditor.csproj]
C:\Program Files\Microsoft Visual Studio\18\Enterprise\MSBuild\Current\Bin\Microsoft.Common.CurrentVersion.targets(2437,5): warning MSB3277:         C:\Users\WilliamForney\source\repos\wforney\OpenLiveWriter\src\managed\bin\Debug\i386\Writer\OpenLiveWriter.SpellChecker.dll [C:\Users\WilliamForney\source\repos\wforney\OpenLiveWriter\src\managed\OpenLiveWriter.HtmlEditor\OpenLiveWriter.HtmlEditor.csproj]
C:\Program Files\Microsoft Visual Studio\18\Enterprise\MSBuild\Current\Bin\Microsoft.Common.CurrentVersion.targets(2437,5): warning MSB3277:           Project file item includes which caused reference "C:\Users\WilliamForney\source\repos\wforney\OpenLiveWriter\src\managed\bin\Debug\i386\Writer\OpenLiveWriter.SpellChecker.dll". [C:\Users\WilliamForney\source\repos\wforney\OpenLiveWriter\src\managed\OpenLiveWriter.HtmlEditor\OpenLiveWriter.HtmlEditor.csproj]
C:\Program Files\Microsoft Visual Studio\18\Enterprise\MSBuild\Current\Bin\Microsoft.Common.CurrentVersion.targets(2437,5): warning MSB3277:             C:\Users\WilliamForney\source\repos\wforney\OpenLiveWriter\src\managed\bin\Debug\i386\Writer\OpenLiveWriter.SpellChecker.dll [C:\Users\WilliamForney\source\repos\wforney\OpenLiveWriter\src\managed\OpenLiveWriter.HtmlEditor\OpenLiveWriter.HtmlEditor.csproj]
C:\Program Files\Microsoft Visual Studio\18\Enterprise\MSBuild\Current\Bin\Microsoft.Common.CurrentVersion.targets(2437,5): warning MSB3277:         C:\Windows\Microsoft.Net\assembly\GAC_32\System.Data\v4.0_4.0.0.0__b77a5c561934e089\System.Data.dll [C:\Users\WilliamForney\source\repos\wforney\OpenLiveWriter\src\managed\OpenLiveWriter.HtmlEditor\OpenLiveWriter.HtmlEditor.csproj]
C:\Program Files\Microsoft Visual Studio\18\Enterprise\MSBuild\Current\Bin\Microsoft.Common.CurrentVersion.targets(2437,5): warning MSB3277:           Project file item includes which caused reference "C:\Windows\Microsoft.Net\assembly\GAC_32\System.Data\v4.0_4.0.0.0__b77a5c561934e089\System.Data.dll". [C:\Users\WilliamForney\source\repos\wforney\OpenLiveWriter\src\managed\OpenLiveWriter.HtmlEditor\OpenLiveWriter.HtmlEditor.csproj]
C:\Program Files\Microsoft Visual Studio\18\Enterprise\MSBuild\Current\Bin\Microsoft.Common.CurrentVersion.targets(2437,5): warning MSB3277:             System.Data [C:\Users\WilliamForney\source\repos\wforney\OpenLiveWriter\src\managed\OpenLiveWriter.HtmlEditor\OpenLiveWriter.HtmlEditor.csproj]
C:\Program Files\Microsoft Visual Studio\18\Enterprise\MSBuild\Current\Bin\Microsoft.Common.CurrentVersion.targets(2437,5): warning MSB3277:             System.Design [C:\Users\WilliamForney\source\repos\wforney\OpenLiveWriter\src\managed\OpenLiveWriter.HtmlEditor\OpenLiveWriter.HtmlEditor.csproj]
C:\Program Files\Microsoft Visual Studio\18\Enterprise\MSBuild\Current\Bin\Microsoft.Common.CurrentVersion.targets(2437,5): warning MSB3277:             C:\Users\WilliamForney\source\repos\wforney\OpenLiveWriter\src\managed\bin\Debug\i386\Writer\OpenLiveWriter.ApplicationFramework.dll [C:\Users\WilliamForney\source\repos\wforney\OpenLiveWriter\src\managed\OpenLiveWriter.HtmlEditor\OpenLiveWriter.HtmlEditor.csproj]
C:\Program Files\Microsoft Visual Studio\18\Enterprise\MSBuild\Current\Bin\Microsoft.Common.CurrentVersion.targets(2437,5): warning MSB3277:             C:\Users\WilliamForney\source\repos\wforney\OpenLiveWriter\src\managed\bin\Debug\i386\Writer\OpenLiveWriter.SpellChecker.dll [C:\Users\WilliamForney\source\repos\wforney\OpenLiveWriter\src\managed\OpenLiveWriter.HtmlEditor\OpenLiveWriter.HtmlEditor.csproj]
C:\Program Files\Microsoft Visual Studio\18\Enterprise\MSBuild\Current\Bin\Microsoft.Common.CurrentVersion.targets(2437,5): warning MSB3277:             System.Web [C:\Users\WilliamForney\source\repos\wforney\OpenLiveWriter\src\managed\OpenLiveWriter.HtmlEditor\OpenLiveWriter.HtmlEditor.csproj]
C:\Program Files\Microsoft Visual Studio\18\Enterprise\MSBuild\Current\Bin\Microsoft.Common.CurrentVersion.targets(2437,5): warning MSB3277:             C:\Users\WilliamForney\source\repos\wforney\OpenLiveWriter\src\managed\bin\Debug\i386\Writer\OpenLiveWriter.CoreServices.dll [C:\Users\WilliamForney\source\repos\wforney\OpenLiveWriter\src\managed\OpenLiveWriter.HtmlEditor\OpenLiveWriter.HtmlEditor.csproj]
C:\Program Files\Microsoft Visual Studio\18\Enterprise\MSBuild\Current\Bin\Microsoft.Common.CurrentVersion.targets(2437,5): warning MSB3277:             C:\Users\WilliamForney\source\repos\wforney\OpenLiveWriter\src\managed\bin\Debug\i386\Writer\OpenLiveWriter.Controls.dll [C:\Users\WilliamForney\source\repos\wforney\OpenLiveWriter\src\managed\OpenLiveWriter.HtmlEditor\OpenLiveWriter.HtmlEditor.csproj]
C:\Program Files\Microsoft Visual Studio\18\Enterprise\MSBuild\Current\Bin\Microsoft.Common.CurrentVersion.targets(2437,5): warning MSB3277:             C:\Users\WilliamForney\source\repos\wforney\OpenLiveWriter\src\managed\bin\Debug\i386\Writer\OpenLiveWriter.HtmlParser.dll [C:\Users\WilliamForney\source\repos\wforney\OpenLiveWriter\src\managed\OpenLiveWriter.HtmlEditor\OpenLiveWriter.HtmlEditor.csproj]
C:\Program Files\Microsoft Visual Studio\18\Enterprise\MSBuild\Current\Bin\Microsoft.Common.CurrentVersion.targets(2437,5): warning MSB3277:             C:\Users\WilliamForney\source\repos\wforney\OpenLiveWriter\src\managed\bin\Debug\i386\Writer\OpenLiveWriter.Mshtml.dll [C:\Users\WilliamForney\source\repos\wforney\OpenLiveWriter\src\managed\OpenLiveWriter.HtmlEditor\OpenLiveWriter.HtmlEditor.csproj]
C:\Program Files\Microsoft Visual Studio\18\Enterprise\MSBuild\Current\Bin\Microsoft.Common.CurrentVersion.targets(2437,5): warning MSB3277:         C:\Windows\Microsoft.Net\assembly\GAC_MSIL\System.Design\v4.0_4.0.0.0__b03f5f7f11d50a3a\System.Design.dll [C:\Users\WilliamForney\source\repos\wforney\OpenLiveWriter\src\managed\OpenLiveWriter.HtmlEditor\OpenLiveWriter.HtmlEditor.csproj]
C:\Program Files\Microsoft Visual Studio\18\Enterprise\MSBuild\Current\Bin\Microsoft.Common.CurrentVersion.targets(2437,5): warning MSB3277:           Project file item includes which caused reference "C:\Windows\Microsoft.Net\assembly\GAC_MSIL\System.Design\v4.0_4.0.0.0__b03f5f7f11d50a3a\System.Design.dll". [C:\Users\WilliamForney\source\repos\wforney\OpenLiveWriter\src\managed\OpenLiveWriter.HtmlEditor\OpenLiveWriter.HtmlEditor.csproj]
C:\Program Files\Microsoft Visual Studio\18\Enterprise\MSBuild\Current\Bin\Microsoft.Common.CurrentVersion.targets(2437,5): warning MSB3277:             System.Design [C:\Users\WilliamForney\source\repos\wforney\OpenLiveWriter\src\managed\OpenLiveWriter.HtmlEditor\OpenLiveWriter.HtmlEditor.csproj]
C:\Program Files\Microsoft Visual Studio\18\Enterprise\MSBuild\Current\Bin\Microsoft.Common.CurrentVersion.targets(2437,5): warning MSB3277:             C:\Users\WilliamForney\source\repos\wforney\OpenLiveWriter\src\managed\bin\Debug\i386\Writer\OpenLiveWriter.ApplicationFramework.dll [C:\Users\WilliamForney\source\repos\wforney\OpenLiveWriter\src\managed\OpenLiveWriter.HtmlEditor\OpenLiveWriter.HtmlEditor.csproj]
C:\Program Files\Microsoft Visual Studio\18\Enterprise\MSBuild\Current\Bin\Microsoft.Common.CurrentVersion.targets(2437,5): warning MSB3277:             C:\Users\WilliamForney\source\repos\wforney\OpenLiveWriter\src\managed\bin\Debug\i386\Writer\OpenLiveWriter.SpellChecker.dll [C:\Users\WilliamForney\source\repos\wforney\OpenLiveWriter\src\managed\OpenLiveWriter.HtmlEditor\OpenLiveWriter.HtmlEditor.csproj]
C:\Program Files\Microsoft Visual Studio\18\Enterprise\MSBuild\Current\Bin\Microsoft.Common.CurrentVersion.targets(2437,5): warning MSB3277:             System.Web [C:\Users\WilliamForney\source\repos\wforney\OpenLiveWriter\src\managed\OpenLiveWriter.HtmlEditor\OpenLiveWriter.HtmlEditor.csproj]
C:\Program Files\Microsoft Visual Studio\18\Enterprise\MSBuild\Current\Bin\Microsoft.Common.CurrentVersion.targets(2437,5): warning MSB3277:             C:\Users\WilliamForney\source\repos\wforney\OpenLiveWriter\src\managed\bin\Debug\i386\Writer\OpenLiveWriter.CoreServices.dll [C:\Users\WilliamForney\source\repos\wforney\OpenLiveWriter\src\managed\OpenLiveWriter.HtmlEditor\OpenLiveWriter.HtmlEditor.csproj]
C:\Program Files\Microsoft Visual Studio\18\Enterprise\MSBuild\Current\Bin\Microsoft.Common.CurrentVersion.targets(2437,5): warning MSB3277:             C:\Users\WilliamForney\source\repos\wforney\OpenLiveWriter\src\managed\bin\Debug\i386\Writer\OpenLiveWriter.Controls.dll [C:\Users\WilliamForney\source\repos\wforney\OpenLiveWriter\src\managed\OpenLiveWriter.HtmlEditor\OpenLiveWriter.HtmlEditor.csproj]
C:\Program Files\Microsoft Visual Studio\18\Enterprise\MSBuild\Current\Bin\Microsoft.Common.CurrentVersion.targets(2437,5): warning MSB3277:             C:\Users\WilliamForney\source\repos\wforney\OpenLiveWriter\src\managed\bin\Debug\i386\Writer\OpenLiveWriter.HtmlParser.dll [C:\Users\WilliamForney\source\repos\wforney\OpenLiveWriter\src\managed\OpenLiveWriter.HtmlEditor\OpenLiveWriter.HtmlEditor.csproj]
C:\Program Files\Microsoft Visual Studio\18\Enterprise\MSBuild\Current\Bin\Microsoft.Common.CurrentVersion.targets(2437,5): warning MSB3277:             C:\Users\WilliamForney\source\repos\wforney\OpenLiveWriter\src\managed\bin\Debug\i386\Writer\OpenLiveWriter.Mshtml.dll [C:\Users\WilliamForney\source\repos\wforney\OpenLiveWriter\src\managed\OpenLiveWriter.HtmlEditor\OpenLiveWriter.HtmlEditor.csproj]
C:\Program Files\Microsoft Visual Studio\18\Enterprise\MSBuild\Current\Bin\Microsoft.Common.CurrentVersion.targets(2437,5): warning MSB3277:             System.Data [C:\Users\WilliamForney\source\repos\wforney\OpenLiveWriter\src\managed\OpenLiveWriter.HtmlEditor\OpenLiveWriter.HtmlEditor.csproj]
C:\Program Files\Microsoft Visual Studio\18\Enterprise\MSBuild\Current\Bin\Microsoft.Common.CurrentVersion.targets(2437,5): warning MSB3277:         C:\Windows\Microsoft.Net\assembly\GAC_32\System.Web\v4.0_4.0.0.0__b03f5f7f11d50a3a\System.Web.dll [C:\Users\WilliamForney\source\repos\wforney\OpenLiveWriter\src\managed\OpenLiveWriter.HtmlEditor\OpenLiveWriter.HtmlEditor.csproj]
C:\Program Files\Microsoft Visual Studio\18\Enterprise\MSBuild\Current\Bin\Microsoft.Common.CurrentVersion.targets(2437,5): warning MSB3277:           Project file item includes which caused reference "C:\Windows\Microsoft.Net\assembly\GAC_32\System.Web\v4.0_4.0.0.0__b03f5f7f11d50a3a\System.Web.dll". [C:\Users\WilliamForney\source\repos\wforney\OpenLiveWriter\src\managed\OpenLiveWriter.HtmlEditor\OpenLiveWriter.HtmlEditor.csproj]
C:\Program Files\Microsoft Visual Studio\18\Enterprise\MSBuild\Current\Bin\Microsoft.Common.CurrentVersion.targets(2437,5): warning MSB3277:             System.Web [C:\Users\WilliamForney\source\repos\wforney\OpenLiveWriter\src\managed\OpenLiveWriter.HtmlEditor\OpenLiveWriter.HtmlEditor.csproj]
C:\Program Files\Microsoft Visual Studio\18\Enterprise\MSBuild\Current\Bin\Microsoft.Common.CurrentVersion.targets(2437,5): warning MSB3277:             C:\Users\WilliamForney\source\repos\wforney\OpenLiveWriter\src\managed\bin\Debug\i386\Writer\OpenLiveWriter.CoreServices.dll [C:\Users\WilliamForney\source\repos\wforney\OpenLiveWriter\src\managed\OpenLiveWriter.HtmlEditor\OpenLiveWriter.HtmlEditor.csproj]
C:\Program Files\Microsoft Visual Studio\18\Enterprise\MSBuild\Current\Bin\Microsoft.Common.CurrentVersion.targets(2437,5): warning MSB3277:             C:\Users\WilliamForney\source\repos\wforney\OpenLiveWriter\src\managed\bin\Debug\i386\Writer\OpenLiveWriter.SpellChecker.dll [C:\Users\WilliamForney\source\repos\wforney\OpenLiveWriter\src\managed\OpenLiveWriter.HtmlEditor\OpenLiveWriter.HtmlEditor.csproj]
C:\Program Files\Microsoft Visual Studio\18\Enterprise\MSBuild\Current\Bin\Microsoft.Common.CurrentVersion.targets(2437,5): warning MSB3277:             C:\Users\WilliamForney\source\repos\wforney\OpenLiveWriter\src\managed\bin\Debug\i386\Writer\OpenLiveWriter.ApplicationFramework.dll [C:\Users\WilliamForney\source\repos\wforney\OpenLiveWriter\src\managed\OpenLiveWriter.HtmlEditor\OpenLiveWriter.HtmlEditor.csproj]
C:\Program Files\Microsoft Visual Studio\18\Enterprise\MSBuild\Current\Bin\Microsoft.Common.CurrentVersion.targets(2437,5): warning MSB3277:             C:\Users\WilliamForney\source\repos\wforney\OpenLiveWriter\src\managed\bin\Debug\i386\Writer\OpenLiveWriter.Controls.dll [C:\Users\WilliamForney\source\repos\wforney\OpenLiveWriter\src\managed\OpenLiveWriter.HtmlEditor\OpenLiveWriter.HtmlEditor.csproj]
C:\Program Files\Microsoft Visual Studio\18\Enterprise\MSBuild\Current\Bin\Microsoft.Common.CurrentVersion.targets(2437,5): warning MSB3277:             C:\Users\WilliamForney\source\repos\wforney\OpenLiveWriter\src\managed\bin\Debug\i386\Writer\OpenLiveWriter.HtmlParser.dll [C:\Users\WilliamForney\source\repos\wforney\OpenLiveWriter\src\managed\OpenLiveWriter.HtmlEditor\OpenLiveWriter.HtmlEditor.csproj]
C:\Program Files\Microsoft Visual Studio\18\Enterprise\MSBuild\Current\Bin\Microsoft.Common.CurrentVersion.targets(2437,5): warning MSB3277:             C:\Users\WilliamForney\source\repos\wforney\OpenLiveWriter\src\managed\bin\Debug\i386\Writer\OpenLiveWriter.Mshtml.dll [C:\Users\WilliamForney\source\repos\wforney\OpenLiveWriter\src\managed\OpenLiveWriter.HtmlEditor\OpenLiveWriter.HtmlEditor.csproj]
C:\Program Files\Microsoft Visual Studio\18\Enterprise\MSBuild\Current\Bin\Microsoft.Common.CurrentVersion.targets(2437,5): warning MSB3277:             System.Design [C:\Users\WilliamForney\source\repos\wforney\OpenLiveWriter\src\managed\OpenLiveWriter.HtmlEditor\OpenLiveWriter.HtmlEditor.csproj]
C:\Program Files\Microsoft Visual Studio\18\Enterprise\MSBuild\Current\Bin\Microsoft.Common.CurrentVersion.targets(2437,5): warning MSB3277:             System.Data [C:\Users\WilliamForney\source\repos\wforney\OpenLiveWriter\src\managed\OpenLiveWriter.HtmlEditor\OpenLiveWriter.HtmlEditor.csproj]
C:\Program Files\Microsoft Visual Studio\18\Enterprise\MSBuild\Current\Bin\Microsoft.Common.CurrentVersion.targets(2437,5): warning MSB3277:         C:\Windows\Microsoft.Net\assembly\GAC_MSIL\System.Windows.Forms\v4.0_4.0.0.0__b77a5c561934e089\System.Windows.Forms.dll [C:\Users\WilliamForney\source\repos\wforney\OpenLiveWriter\src\managed\OpenLiveWriter.HtmlEditor\OpenLiveWriter.HtmlEditor.csproj]
C:\Program Files\Microsoft Visual Studio\18\Enterprise\MSBuild\Current\Bin\Microsoft.Common.CurrentVersion.targets(2437,5): warning MSB3277:           Project file item includes which caused reference "C:\Windows\Microsoft.Net\assembly\GAC_MSIL\System.Windows.Forms\v4.0_4.0.0.0__b77a5c561934e089\System.Windows.Forms.dll". [C:\Users\WilliamForney\source\repos\wforney\OpenLiveWriter\src\managed\OpenLiveWriter.HtmlEditor\OpenLiveWriter.HtmlEditor.csproj]
C:\Program Files\Microsoft Visual Studio\18\Enterprise\MSBuild\Current\Bin\Microsoft.Common.CurrentVersion.targets(2437,5): warning MSB3277:             System.Windows.Forms [C:\Users\WilliamForney\source\repos\wforney\OpenLiveWriter\src\managed\OpenLiveWriter.HtmlEditor\OpenLiveWriter.HtmlEditor.csproj]
C:\Program Files\Microsoft Visual Studio\18\Enterprise\MSBuild\Current\Bin\Microsoft.Common.CurrentVersion.targets(2437,5): warning MSB3277:             C:\Users\WilliamForney\source\repos\wforney\OpenLiveWriter\src\managed\bin\Debug\i386\Writer\OpenLiveWriter.SpellChecker.dll [C:\Users\WilliamForney\source\repos\wforney\OpenLiveWriter\src\managed\OpenLiveWriter.HtmlEditor\OpenLiveWriter.HtmlEditor.csproj]
C:\Program Files\Microsoft Visual Studio\18\Enterprise\MSBuild\Current\Bin\Microsoft.Common.CurrentVersion.targets(2437,5): warning MSB3277:             C:\Users\WilliamForney\source\repos\wforney\OpenLiveWriter\src\managed\bin\Debug\i386\Writer\OpenLiveWriter.ApplicationFramework.dll [C:\Users\WilliamForney\source\repos\wforney\OpenLiveWriter\src\managed\OpenLiveWriter.HtmlEditor\OpenLiveWriter.HtmlEditor.csproj]
C:\Program Files\Microsoft Visual Studio\18\Enterprise\MSBuild\Current\Bin\Microsoft.Common.CurrentVersion.targets(2437,5): warning MSB3277:             C:\Users\WilliamForney\source\repos\wforney\OpenLiveWriter\src\managed\bin\Debug\i386\Writer\OpenLiveWriter.Controls.dll [C:\Users\WilliamForney\source\repos\wforney\OpenLiveWriter\src\managed\OpenLiveWriter.HtmlEditor\OpenLiveWriter.HtmlEditor.csproj]
C:\Program Files\Microsoft Visual Studio\18\Enterprise\MSBuild\Current\Bin\Microsoft.Common.CurrentVersion.targets(2437,5): warning MSB3277:             C:\Users\WilliamForney\source\repos\wforney\OpenLiveWriter\src\managed\bin\Debug\i386\Writer\OpenLiveWriter.CoreServices.dll [C:\Users\WilliamForney\source\repos\wforney\OpenLiveWriter\src\managed\OpenLiveWriter.HtmlEditor\OpenLiveWriter.HtmlEditor.csproj]
C:\Program Files\Microsoft Visual Studio\18\Enterprise\MSBuild\Current\Bin\Microsoft.Common.CurrentVersion.targets(2437,5): warning MSB3277:             C:\Users\WilliamForney\source\repos\wforney\OpenLiveWriter\src\managed\bin\Debug\i386\Writer\OpenLiveWriter.Interop.dll [C:\Users\WilliamForney\source\repos\wforney\OpenLiveWriter\src\managed\OpenLiveWriter.HtmlEditor\OpenLiveWriter.HtmlEditor.csproj]
C:\Program Files\Microsoft Visual Studio\18\Enterprise\MSBuild\Current\Bin\Microsoft.Common.CurrentVersion.targets(2437,5): warning MSB3277:             C:\Users\WilliamForney\source\repos\wforney\OpenLiveWriter\src\managed\bin\Debug\i386\Writer\OpenLiveWriter.Localization.dll [C:\Users\WilliamForney\source\repos\wforney\OpenLiveWriter\src\managed\OpenLiveWriter.HtmlEditor\OpenLiveWriter.HtmlEditor.csproj]
C:\Program Files\Microsoft Visual Studio\18\Enterprise\MSBuild\Current\Bin\Microsoft.Common.CurrentVersion.targets(2437,5): warning MSB3277:             C:\Users\WilliamForney\source\repos\wforney\OpenLiveWriter\src\managed\bin\Debug\i386\Writer\OpenLiveWriter.Mshtml.dll [C:\Users\WilliamForney\source\repos\wforney\OpenLiveWriter\src\managed\OpenLiveWriter.HtmlEditor\OpenLiveWriter.HtmlEditor.csproj]
C:\Program Files\Microsoft Visual Studio\18\Enterprise\MSBuild\Current\Bin\Microsoft.Common.CurrentVersion.targets(2437,5): warning MSB3277:             System.Design [C:\Users\WilliamForney\source\repos\wforney\OpenLiveWriter\src\managed\OpenLiveWriter.HtmlEditor\OpenLiveWriter.HtmlEditor.csproj]
C:\Program Files\Microsoft Visual Studio\18\Enterprise\MSBuild\Current\Bin\Microsoft.Common.CurrentVersion.targets(2437,5): warning MSB3277:             System.Web [C:\Users\WilliamForney\source\repos\wforney\OpenLiveWriter\src\managed\OpenLiveWriter.HtmlEditor\OpenLiveWriter.HtmlEditor.csproj]
C:\Program Files\Microsoft Visual Studio\18\Enterprise\MSBuild\Current\Bin\Microsoft.Common.CurrentVersion.targets(2437,5): warning MSB3277:             C:\Users\WilliamForney\source\repos\wforney\OpenLiveWriter\src\managed\bin\Debug\i386\Writer\OpenLiveWriter.HtmlParser.dll [C:\Users\WilliamForney\source\repos\wforney\OpenLiveWriter\src\managed\OpenLiveWriter.HtmlEditor\OpenLiveWriter.HtmlEditor.csproj]
C:\Program Files\Microsoft Visual Studio\18\Enterprise\MSBuild\Current\Bin\Microsoft.Common.CurrentVersion.targets(2437,5): warning MSB3277:             System.Data [C:\Users\WilliamForney\source\repos\wforney\OpenLiveWriter\src\managed\OpenLiveWriter.HtmlEditor\OpenLiveWriter.HtmlEditor.csproj]
C:\Program Files\Microsoft Visual Studio\18\Enterprise\MSBuild\Current\Bin\Microsoft.Common.CurrentVersion.targets(2437,5): warning MSB3277:         C:\Windows\Microsoft.Net\assembly\GAC_MSIL\System.Configuration\v4.0_4.0.0.0__b03f5f7f11d50a3a\System.Configuration.dll [C:\Users\WilliamForney\source\repos\wforney\OpenLiveWriter\src\managed\OpenLiveWriter.HtmlEditor\OpenLiveWriter.HtmlEditor.csproj]
C:\Program Files\Microsoft Visual Studio\18\Enterprise\MSBuild\Current\Bin\Microsoft.Common.CurrentVersion.targets(2437,5): warning MSB3277:           Project file item includes which caused reference "C:\Windows\Microsoft.Net\assembly\GAC_MSIL\System.Configuration\v4.0_4.0.0.0__b03f5f7f11d50a3a\System.Configuration.dll". [C:\Users\WilliamForney\source\repos\wforney\OpenLiveWriter\src\managed\OpenLiveWriter.HtmlEditor\OpenLiveWriter.HtmlEditor.csproj]
C:\Program Files\Microsoft Visual Studio\18\Enterprise\MSBuild\Current\Bin\Microsoft.Common.CurrentVersion.targets(2437,5): warning MSB3277:             System [C:\Users\WilliamForney\source\repos\wforney\OpenLiveWriter\src\managed\OpenLiveWriter.HtmlEditor\OpenLiveWriter.HtmlEditor.csproj]
C:\Program Files\Microsoft Visual Studio\18\Enterprise\MSBuild\Current\Bin\Microsoft.Common.CurrentVersion.targets(2437,5): warning MSB3277:             C:\Users\WilliamForney\source\repos\wforney\OpenLiveWriter\src\managed\bin\Debug\i386\Writer\OpenLiveWriter.SpellChecker.dll [C:\Users\WilliamForney\source\repos\wforney\OpenLiveWriter\src\managed\OpenLiveWriter.HtmlEditor\OpenLiveWriter.HtmlEditor.csproj]
C:\Program Files\Microsoft Visual Studio\18\Enterprise\MSBuild\Current\Bin\Microsoft.Common.CurrentVersion.targets(2437,5): warning MSB3277:             C:\Users\WilliamForney\source\repos\wforney\OpenLiveWriter\src\managed\bin\Debug\i386\Writer\OpenLiveWriter.ApplicationFramework.dll [C:\Users\WilliamForney\source\repos\wforney\OpenLiveWriter\src\managed\OpenLiveWriter.HtmlEditor\OpenLiveWriter.HtmlEditor.csproj]
C:\Program Files\Microsoft Visual Studio\18\Enterprise\MSBuild\Current\Bin\Microsoft.Common.CurrentVersion.targets(2437,5): warning MSB3277:             C:\Users\WilliamForney\source\repos\wforney\OpenLiveWriter\src\managed\bin\Debug\i386\Writer\OpenLiveWriter.Controls.dll [C:\Users\WilliamForney\source\repos\wforney\OpenLiveWriter\src\managed\OpenLiveWriter.HtmlEditor\OpenLiveWriter.HtmlEditor.csproj]
C:\Program Files\Microsoft Visual Studio\18\Enterprise\MSBuild\Current\Bin\Microsoft.Common.CurrentVersion.targets(2437,5): warning MSB3277:             C:\Users\WilliamForney\source\repos\wforney\OpenLiveWriter\src\managed\bin\Debug\i386\Writer\OpenLiveWriter.CoreServices.dll [C:\Users\WilliamForney\source\repos\wforney\OpenLiveWriter\src\managed\OpenLiveWriter.HtmlEditor\OpenLiveWriter.HtmlEditor.csproj]
C:\Program Files\Microsoft Visual Studio\18\Enterprise\MSBuild\Current\Bin\Microsoft.Common.CurrentVersion.targets(2437,5): warning MSB3277:             C:\Users\WilliamForney\source\repos\wforney\OpenLiveWriter\src\managed\bin\Debug\i386\Writer\OpenLiveWriter.HtmlParser.dll [C:\Users\WilliamForney\source\repos\wforney\OpenLiveWriter\src\managed\OpenLiveWriter.HtmlEditor\OpenLiveWriter.HtmlEditor.csproj]
C:\Program Files\Microsoft Visual Studio\18\Enterprise\MSBuild\Current\Bin\Microsoft.Common.CurrentVersion.targets(2437,5): warning MSB3277:             C:\Users\WilliamForney\source\repos\wforney\OpenLiveWriter\src\managed\bin\Debug\i386\Writer\OpenLiveWriter.Interop.dll [C:\Users\WilliamForney\source\repos\wforney\OpenLiveWriter\src\managed\OpenLiveWriter.HtmlEditor\OpenLiveWriter.HtmlEditor.csproj]
C:\Program Files\Microsoft Visual Studio\18\Enterprise\MSBuild\Current\Bin\Microsoft.Common.CurrentVersion.targets(2437,5): warning MSB3277:             C:\Users\WilliamForney\source\repos\wforney\OpenLiveWriter\src\managed\bin\Debug\i386\Writer\OpenLiveWriter.Localization.dll [C:\Users\WilliamForney\source\repos\wforney\OpenLiveWriter\src\managed\OpenLiveWriter.HtmlEditor\OpenLiveWriter.HtmlEditor.csproj]
C:\Program Files\Microsoft Visual Studio\18\Enterprise\MSBuild\Current\Bin\Microsoft.Common.CurrentVersion.targets(2437,5): warning MSB3277:             C:\Users\WilliamForney\source\repos\wforney\OpenLiveWriter\src\managed\bin\Debug\i386\Writer\OpenLiveWriter.Mshtml.dll [C:\Users\WilliamForney\source\repos\wforney\OpenLiveWriter\src\managed\OpenLiveWriter.HtmlEditor\OpenLiveWriter.HtmlEditor.csproj]
C:\Program Files\Microsoft Visual Studio\18\Enterprise\MSBuild\Current\Bin\Microsoft.Common.CurrentVersion.targets(2437,5): warning MSB3277:             System.Data [C:\Users\WilliamForney\source\repos\wforney\OpenLiveWriter\src\managed\OpenLiveWriter.HtmlEditor\OpenLiveWriter.HtmlEditor.csproj]
C:\Program Files\Microsoft Visual Studio\18\Enterprise\MSBuild\Current\Bin\Microsoft.Common.CurrentVersion.targets(2437,5): warning MSB3277:             System.Design [C:\Users\WilliamForney\source\repos\wforney\OpenLiveWriter\src\managed\OpenLiveWriter.HtmlEditor\OpenLiveWriter.HtmlEditor.csproj]
C:\Program Files\Microsoft Visual Studio\18\Enterprise\MSBuild\Current\Bin\Microsoft.Common.CurrentVersion.targets(2437,5): warning MSB3277:             System.Drawing [C:\Users\WilliamForney\source\repos\wforney\OpenLiveWriter\src\managed\OpenLiveWriter.HtmlEditor\OpenLiveWriter.HtmlEditor.csproj]
C:\Program Files\Microsoft Visual Studio\18\Enterprise\MSBuild\Current\Bin\Microsoft.Common.CurrentVersion.targets(2437,5): warning MSB3277:             System.Web [C:\Users\WilliamForney\source\repos\wforney\OpenLiveWriter\src\managed\OpenLiveWriter.HtmlEditor\OpenLiveWriter.HtmlEditor.csproj]
C:\Program Files\Microsoft Visual Studio\18\Enterprise\MSBuild\Current\Bin\Microsoft.Common.CurrentVersion.targets(2437,5): warning MSB3277:             System.Windows.Forms [C:\Users\WilliamForney\source\repos\wforney\OpenLiveWriter\src\managed\OpenLiveWriter.HtmlEditor\OpenLiveWriter.HtmlEditor.csproj]
C:\Program Files\Microsoft Visual Studio\18\Enterprise\MSBuild\Current\Bin\Microsoft.Common.CurrentVersion.targets(2437,5): warning MSB3277:             System.Xml [C:\Users\WilliamForney\source\repos\wforney\OpenLiveWriter\src\managed\OpenLiveWriter.HtmlEditor\OpenLiveWriter.HtmlEditor.csproj]
C:\Program Files\Microsoft Visual Studio\18\Enterprise\MSBuild\Current\Bin\Microsoft.Common.CurrentVersion.targets(2437,5): warning MSB3277:             System.Core [C:\Users\WilliamForney\source\repos\wforney\OpenLiveWriter\src\managed\OpenLiveWriter.HtmlEditor\OpenLiveWriter.HtmlEditor.csproj]
C:\Program Files\Microsoft Visual Studio\18\Enterprise\MSBuild\Current\Bin\Microsoft.Common.CurrentVersion.targets(2437,5): warning MSB3277:         C:\Windows\Microsoft.Net\assembly\GAC_MSIL\System.ComponentModel.DataAnnotations\v4.0_4.0.0.0__31bf3856ad364e35\System.ComponentModel.DataAnnotations.dll [C:\Users\WilliamForney\source\repos\wforney\OpenLiveWriter\src\managed\OpenLiveWriter.HtmlEditor\OpenLiveWriter.HtmlEditor.csproj]
C:\Program Files\Microsoft Visual Studio\18\Enterprise\MSBuild\Current\Bin\Microsoft.Common.CurrentVersion.targets(2437,5): warning MSB3277:           Project file item includes which caused reference "C:\Windows\Microsoft.Net\assembly\GAC_MSIL\System.ComponentModel.DataAnnotations\v4.0_4.0.0.0__31bf3856ad364e35\System.ComponentModel.DataAnnotations.dll". [C:\Users\WilliamForney\source\repos\wforney\OpenLiveWriter\src\managed\OpenLiveWriter.HtmlEditor\OpenLiveWriter.HtmlEditor.csproj]
C:\Program Files\Microsoft Visual Studio\18\Enterprise\MSBuild\Current\Bin\Microsoft.Common.CurrentVersion.targets(2437,5): warning MSB3277:             System.Web [C:\Users\WilliamForney\source\repos\wforney\OpenLiveWriter\src\managed\OpenLiveWriter.HtmlEditor\OpenLiveWriter.HtmlEditor.csproj]
C:\Program Files\Microsoft Visual Studio\18\Enterprise\MSBuild\Current\Bin\Microsoft.Common.CurrentVersion.targets(2437,5): warning MSB3277:             C:\Users\WilliamForney\source\repos\wforney\OpenLiveWriter\src\managed\bin\Debug\i386\Writer\OpenLiveWriter.CoreServices.dll [C:\Users\WilliamForney\source\repos\wforney\OpenLiveWriter\src\managed\OpenLiveWriter.HtmlEditor\OpenLiveWriter.HtmlEditor.csproj]
C:\Program Files\Microsoft Visual Studio\18\Enterprise\MSBuild\Current\Bin\Microsoft.Common.CurrentVersion.targets(2437,5): warning MSB3277:             C:\Users\WilliamForney\source\repos\wforney\OpenLiveWriter\src\managed\bin\Debug\i386\Writer\OpenLiveWriter.SpellChecker.dll [C:\Users\WilliamForney\source\repos\wforney\OpenLiveWriter\src\managed\OpenLiveWriter.HtmlEditor\OpenLiveWriter.HtmlEditor.csproj]
C:\Program Files\Microsoft Visual Studio\18\Enterprise\MSBuild\Current\Bin\Microsoft.Common.CurrentVersion.targets(2437,5): warning MSB3277:             C:\Users\WilliamForney\source\repos\wforney\OpenLiveWriter\src\managed\bin\Debug\i386\Writer\OpenLiveWriter.ApplicationFramework.dll [C:\Users\WilliamForney\source\repos\wforney\OpenLiveWriter\src\managed\OpenLiveWriter.HtmlEditor\OpenLiveWriter.HtmlEditor.csproj]
C:\Program Files\Microsoft Visual Studio\18\Enterprise\MSBuild\Current\Bin\Microsoft.Common.CurrentVersion.targets(2437,5): warning MSB3277:             C:\Users\WilliamForney\source\repos\wforney\OpenLiveWriter\src\managed\bin\Debug\i386\Writer\OpenLiveWriter.Controls.dll [C:\Users\WilliamForney\source\repos\wforney\OpenLiveWriter\src\managed\OpenLiveWriter.HtmlEditor\OpenLiveWriter.HtmlEditor.csproj]
C:\Program Files\Microsoft Visual Studio\18\Enterprise\MSBuild\Current\Bin\Microsoft.Common.CurrentVersion.targets(2437,5): warning MSB3277:             C:\Users\WilliamForney\source\repos\wforney\OpenLiveWriter\src\managed\bin\Debug\i386\Writer\OpenLiveWriter.HtmlParser.dll [C:\Users\WilliamForney\source\repos\wforney\OpenLiveWriter\src\managed\OpenLiveWriter.HtmlEditor\OpenLiveWriter.HtmlEditor.csproj]
C:\Program Files\Microsoft Visual Studio\18\Enterprise\MSBuild\Current\Bin\Microsoft.Common.CurrentVersion.targets(2437,5): warning MSB3277:             C:\Users\WilliamForney\source\repos\wforney\OpenLiveWriter\src\managed\bin\Debug\i386\Writer\OpenLiveWriter.Mshtml.dll [C:\Users\WilliamForney\source\repos\wforney\OpenLiveWriter\src\managed\OpenLiveWriter.HtmlEditor\OpenLiveWriter.HtmlEditor.csproj]
C:\Program Files\Microsoft Visual Studio\18\Enterprise\MSBuild\Current\Bin\Microsoft.Common.CurrentVersion.targets(2437,5): warning MSB3277:             System.Design [C:\Users\WilliamForney\source\repos\wforney\OpenLiveWriter\src\managed\OpenLiveWriter.HtmlEditor\OpenLiveWriter.HtmlEditor.csproj]
C:\Program Files\Microsoft Visual Studio\18\Enterprise\MSBuild\Current\Bin\Microsoft.Common.CurrentVersion.targets(2437,5): warning MSB3277:             System.Data [C:\Users\WilliamForney\source\repos\wforney\OpenLiveWriter\src\managed\OpenLiveWriter.HtmlEditor\OpenLiveWriter.HtmlEditor.csproj]
C:\Program Files\Microsoft Visual Studio\18\Enterprise\MSBuild\Current\Bin\Microsoft.Common.CurrentVersion.targets(2437,5): warning MSB3277:         C:\Windows\Microsoft.Net\assembly\GAC_MSIL\Microsoft.Build.Utilities.v4.0\v4.0_4.0.0.0__b03f5f7f11d50a3a\Microsoft.Build.Utilities.v4.0.dll [C:\Users\WilliamForney\source\repos\wforney\OpenLiveWriter\src\managed\OpenLiveWriter.HtmlEditor\OpenLiveWriter.HtmlEditor.csproj]
C:\Program Files\Microsoft Visual Studio\18\Enterprise\MSBuild\Current\Bin\Microsoft.Common.CurrentVersion.targets(2437,5): warning MSB3277:           Project file item includes which caused reference "C:\Windows\Microsoft.Net\assembly\GAC_MSIL\Microsoft.Build.Utilities.v4.0\v4.0_4.0.0.0__b03f5f7f11d50a3a\Microsoft.Build.Utilities.v4.0.dll". [C:\Users\WilliamForney\source\repos\wforney\OpenLiveWriter\src\managed\OpenLiveWriter.HtmlEditor\OpenLiveWriter.HtmlEditor.csproj]
C:\Program Files\Microsoft Visual Studio\18\Enterprise\MSBuild\Current\Bin\Microsoft.Common.CurrentVersion.targets(2437,5): warning MSB3277:             System.Web [C:\Users\WilliamForney\source\repos\wforney\OpenLiveWriter\src\managed\OpenLiveWriter.HtmlEditor\OpenLiveWriter.HtmlEditor.csproj]
C:\Program Files\Microsoft Visual Studio\18\Enterprise\MSBuild\Current\Bin\Microsoft.Common.CurrentVersion.targets(2437,5): warning MSB3277:             C:\Users\WilliamForney\source\repos\wforney\OpenLiveWriter\src\managed\bin\Debug\i386\Writer\OpenLiveWriter.CoreServices.dll [C:\Users\WilliamForney\source\repos\wforney\OpenLiveWriter\src\managed\OpenLiveWriter.HtmlEditor\OpenLiveWriter.HtmlEditor.csproj]
C:\Program Files\Microsoft Visual Studio\18\Enterprise\MSBuild\Current\Bin\Microsoft.Common.CurrentVersion.targets(2437,5): warning MSB3277:             C:\Users\WilliamForney\source\repos\wforney\OpenLiveWriter\src\managed\bin\Debug\i386\Writer\OpenLiveWriter.SpellChecker.dll [C:\Users\WilliamForney\source\repos\wforney\OpenLiveWriter\src\managed\OpenLiveWriter.HtmlEditor\OpenLiveWriter.HtmlEditor.csproj]
C:\Program Files\Microsoft Visual Studio\18\Enterprise\MSBuild\Current\Bin\Microsoft.Common.CurrentVersion.targets(2437,5): warning MSB3277:             C:\Users\WilliamForney\source\repos\wforney\OpenLiveWriter\src\managed\bin\Debug\i386\Writer\OpenLiveWriter.ApplicationFramework.dll [C:\Users\WilliamForney\source\repos\wforney\OpenLiveWriter\src\managed\OpenLiveWriter.HtmlEditor\OpenLiveWriter.HtmlEditor.csproj]
C:\Program Files\Microsoft Visual Studio\18\Enterprise\MSBuild\Current\Bin\Microsoft.Common.CurrentVersion.targets(2437,5): warning MSB3277:             C:\Users\WilliamForney\source\repos\wforney\OpenLiveWriter\src\managed\bin\Debug\i386\Writer\OpenLiveWriter.Controls.dll [C:\Users\WilliamForney\source\repos\wforney\OpenLiveWriter\src\managed\OpenLiveWriter.HtmlEditor\OpenLiveWriter.HtmlEditor.csproj]
C:\Program Files\Microsoft Visual Studio\18\Enterprise\MSBuild\Current\Bin\Microsoft.Common.CurrentVersion.targets(2437,5): warning MSB3277:             C:\Users\WilliamForney\source\repos\wforney\OpenLiveWriter\src\managed\bin\Debug\i386\Writer\OpenLiveWriter.HtmlParser.dll [C:\Users\WilliamForney\source\repos\wforney\OpenLiveWriter\src\managed\OpenLiveWriter.HtmlEditor\OpenLiveWriter.HtmlEditor.csproj]
C:\Program Files\Microsoft Visual Studio\18\Enterprise\MSBuild\Current\Bin\Microsoft.Common.CurrentVersion.targets(2437,5): warning MSB3277:             C:\Users\WilliamForney\source\repos\wforney\OpenLiveWriter\src\managed\bin\Debug\i386\Writer\OpenLiveWriter.Mshtml.dll [C:\Users\WilliamForney\source\repos\wforney\OpenLiveWriter\src\managed\OpenLiveWriter.HtmlEditor\OpenLiveWriter.HtmlEditor.csproj]
C:\Program Files\Microsoft Visual Studio\18\Enterprise\MSBuild\Current\Bin\Microsoft.Common.CurrentVersion.targets(2437,5): warning MSB3277:             System.Design [C:\Users\WilliamForney\source\repos\wforney\OpenLiveWriter\src\managed\OpenLiveWriter.HtmlEditor\OpenLiveWriter.HtmlEditor.csproj]
C:\Program Files\Microsoft Visual Studio\18\Enterprise\MSBuild\Current\Bin\Microsoft.Common.CurrentVersion.targets(2437,5): warning MSB3277:             System.Data [C:\Users\WilliamForney\source\repos\wforney\OpenLiveWriter\src\managed\OpenLiveWriter.HtmlEditor\OpenLiveWriter.HtmlEditor.csproj]
C:\Program Files\Microsoft Visual Studio\18\Enterprise\MSBuild\Current\Bin\Microsoft.Common.CurrentVersion.targets(2437,5): warning MSB3277:         C:\Windows\Microsoft.Net\assembly\GAC_MSIL\Microsoft.Build.Tasks.v4.0\v4.0_4.0.0.0__b03f5f7f11d50a3a\Microsoft.Build.Tasks.v4.0.dll [C:\Users\WilliamForney\source\repos\wforney\OpenLiveWriter\src\managed\OpenLiveWriter.HtmlEditor\OpenLiveWriter.HtmlEditor.csproj]
C:\Program Files\Microsoft Visual Studio\18\Enterprise\MSBuild\Current\Bin\Microsoft.Common.CurrentVersion.targets(2437,5): warning MSB3277:           Project file item includes which caused reference "C:\Windows\Microsoft.Net\assembly\GAC_MSIL\Microsoft.Build.Tasks.v4.0\v4.0_4.0.0.0__b03f5f7f11d50a3a\Microsoft.Build.Tasks.v4.0.dll". [C:\Users\WilliamForney\source\repos\wforney\OpenLiveWriter\src\managed\OpenLiveWriter.HtmlEditor\OpenLiveWriter.HtmlEditor.csproj]
C:\Program Files\Microsoft Visual Studio\18\Enterprise\MSBuild\Current\Bin\Microsoft.Common.CurrentVersion.targets(2437,5): warning MSB3277:             System.Web [C:\Users\WilliamForney\source\repos\wforney\OpenLiveWriter\src\managed\OpenLiveWriter.HtmlEditor\OpenLiveWriter.HtmlEditor.csproj]
C:\Program Files\Microsoft Visual Studio\18\Enterprise\MSBuild\Current\Bin\Microsoft.Common.CurrentVersion.targets(2437,5): warning MSB3277:             C:\Users\WilliamForney\source\repos\wforney\OpenLiveWriter\src\managed\bin\Debug\i386\Writer\OpenLiveWriter.CoreServices.dll [C:\Users\WilliamForney\source\repos\wforney\OpenLiveWriter\src\managed\OpenLiveWriter.HtmlEditor\OpenLiveWriter.HtmlEditor.csproj]
C:\Program Files\Microsoft Visual Studio\18\Enterprise\MSBuild\Current\Bin\Microsoft.Common.CurrentVersion.targets(2437,5): warning MSB3277:             C:\Users\WilliamForney\source\repos\wforney\OpenLiveWriter\src\managed\bin\Debug\i386\Writer\OpenLiveWriter.SpellChecker.dll [C:\Users\WilliamForney\source\repos\wforney\OpenLiveWriter\src\managed\OpenLiveWriter.HtmlEditor\OpenLiveWriter.HtmlEditor.csproj]
C:\Program Files\Microsoft Visual Studio\18\Enterprise\MSBuild\Current\Bin\Microsoft.Common.CurrentVersion.targets(2437,5): warning MSB3277:             C:\Users\WilliamForney\source\repos\wforney\OpenLiveWriter\src\managed\bin\Debug\i386\Writer\OpenLiveWriter.ApplicationFramework.dll [C:\Users\WilliamForney\source\repos\wforney\OpenLiveWriter\src\managed\OpenLiveWriter.HtmlEditor\OpenLiveWriter.HtmlEditor.csproj]
C:\Program Files\Microsoft Visual Studio\18\Enterprise\MSBuild\Current\Bin\Microsoft.Common.CurrentVersion.targets(2437,5): warning MSB3277:             C:\Users\WilliamForney\source\repos\wforney\OpenLiveWriter\src\managed\bin\Debug\i386\Writer\OpenLiveWriter.Controls.dll [C:\Users\WilliamForney\source\repos\wforney\OpenLiveWriter\src\managed\OpenLiveWriter.HtmlEditor\OpenLiveWriter.HtmlEditor.csproj]
C:\Program Files\Microsoft Visual Studio\18\Enterprise\MSBuild\Current\Bin\Microsoft.Common.CurrentVersion.targets(2437,5): warning MSB3277:             C:\Users\WilliamForney\source\repos\wforney\OpenLiveWriter\src\managed\bin\Debug\i386\Writer\OpenLiveWriter.HtmlParser.dll [C:\Users\WilliamForney\source\repos\wforney\OpenLiveWriter\src\managed\OpenLiveWriter.HtmlEditor\OpenLiveWriter.HtmlEditor.csproj]
C:\Program Files\Microsoft Visual Studio\18\Enterprise\MSBuild\Current\Bin\Microsoft.Common.CurrentVersion.targets(2437,5): warning MSB3277:             C:\Users\WilliamForney\source\repos\wforney\OpenLiveWriter\src\managed\bin\Debug\i386\Writer\OpenLiveWriter.Mshtml.dll [C:\Users\WilliamForney\source\repos\wforney\OpenLiveWriter\src\managed\OpenLiveWriter.HtmlEditor\OpenLiveWriter.HtmlEditor.csproj]
C:\Program Files\Microsoft Visual Studio\18\Enterprise\MSBuild\Current\Bin\Microsoft.Common.CurrentVersion.targets(2437,5): warning MSB3277:             System.Design [C:\Users\WilliamForney\source\repos\wforney\OpenLiveWriter\src\managed\OpenLiveWriter.HtmlEditor\OpenLiveWriter.HtmlEditor.csproj]
C:\Program Files\Microsoft Visual Studio\18\Enterprise\MSBuild\Current\Bin\Microsoft.Common.CurrentVersion.targets(2437,5): warning MSB3277:             System.Data [C:\Users\WilliamForney\source\repos\wforney\OpenLiveWriter\src\managed\OpenLiveWriter.HtmlEditor\OpenLiveWriter.HtmlEditor.csproj]
C:\Program Files\Microsoft Visual Studio\18\Enterprise\MSBuild\Current\Bin\Microsoft.Common.CurrentVersion.targets(2437,5): warning MSB3277:         C:\Windows\Microsoft.Net\assembly\GAC_MSIL\System.Deployment\v4.0_4.0.0.0__b03f5f7f11d50a3a\System.Deployment.dll [C:\Users\WilliamForney\source\repos\wforney\OpenLiveWriter\src\managed\OpenLiveWriter.HtmlEditor\OpenLiveWriter.HtmlEditor.csproj]
C:\Program Files\Microsoft Visual Studio\18\Enterprise\MSBuild\Current\Bin\Microsoft.Common.CurrentVersion.targets(2437,5): warning MSB3277:           Project file item includes which caused reference "C:\Windows\Microsoft.Net\assembly\GAC_MSIL\System.Deployment\v4.0_4.0.0.0__b03f5f7f11d50a3a\System.Deployment.dll". [C:\Users\WilliamForney\source\repos\wforney\OpenLiveWriter\src\managed\OpenLiveWriter.HtmlEditor\OpenLiveWriter.HtmlEditor.csproj]
C:\Program Files\Microsoft Visual Studio\18\Enterprise\MSBuild\Current\Bin\Microsoft.Common.CurrentVersion.targets(2437,5): warning MSB3277:             System.Windows.Forms [C:\Users\WilliamForney\source\repos\wforney\OpenLiveWriter\src\managed\OpenLiveWriter.HtmlEditor\OpenLiveWriter.HtmlEditor.csproj]
C:\Program Files\Microsoft Visual Studio\18\Enterprise\MSBuild\Current\Bin\Microsoft.Common.CurrentVersion.targets(2437,5): warning MSB3277:             C:\Users\WilliamForney\source\repos\wforney\OpenLiveWriter\src\managed\bin\Debug\i386\Writer\OpenLiveWriter.SpellChecker.dll [C:\Users\WilliamForney\source\repos\wforney\OpenLiveWriter\src\managed\OpenLiveWriter.HtmlEditor\OpenLiveWriter.HtmlEditor.csproj]
C:\Program Files\Microsoft Visual Studio\18\Enterprise\MSBuild\Current\Bin\Microsoft.Common.CurrentVersion.targets(2437,5): warning MSB3277:             C:\Users\WilliamForney\source\repos\wforney\OpenLiveWriter\src\managed\bin\Debug\i386\Writer\OpenLiveWriter.ApplicationFramework.dll [C:\Users\WilliamForney\source\repos\wforney\OpenLiveWriter\src\managed\OpenLiveWriter.HtmlEditor\OpenLiveWriter.HtmlEditor.csproj]
C:\Program Files\Microsoft Visual Studio\18\Enterprise\MSBuild\Current\Bin\Microsoft.Common.CurrentVersion.targets(2437,5): warning MSB3277:             C:\Users\WilliamForney\source\repos\wforney\OpenLiveWriter\src\managed\bin\Debug\i386\Writer\OpenLiveWriter.Controls.dll [C:\Users\WilliamForney\source\repos\wforney\OpenLiveWriter\src\managed\OpenLiveWriter.HtmlEditor\OpenLiveWriter.HtmlEditor.csproj]
C:\Program Files\Microsoft Visual Studio\18\Enterprise\MSBuild\Current\Bin\Microsoft.Common.CurrentVersion.targets(2437,5): warning MSB3277:             C:\Users\WilliamForney\source\repos\wforney\OpenLiveWriter\src\managed\bin\Debug\i386\Writer\OpenLiveWriter.CoreServices.dll [C:\Users\WilliamForney\source\repos\wforney\OpenLiveWriter\src\managed\OpenLiveWriter.HtmlEditor\OpenLiveWriter.HtmlEditor.csproj]
C:\Program Files\Microsoft Visual Studio\18\Enterprise\MSBuild\Current\Bin\Microsoft.Common.CurrentVersion.targets(2437,5): warning MSB3277:             C:\Users\WilliamForney\source\repos\wforney\OpenLiveWriter\src\managed\bin\Debug\i386\Writer\OpenLiveWriter.Interop.dll [C:\Users\WilliamForney\source\repos\wforney\OpenLiveWriter\src\managed\OpenLiveWriter.HtmlEditor\OpenLiveWriter.HtmlEditor.csproj]
C:\Program Files\Microsoft Visual Studio\18\Enterprise\MSBuild\Current\Bin\Microsoft.Common.CurrentVersion.targets(2437,5): warning MSB3277:             C:\Users\WilliamForney\source\repos\wforney\OpenLiveWriter\src\managed\bin\Debug\i386\Writer\OpenLiveWriter.Localization.dll [C:\Users\WilliamForney\source\repos\wforney\OpenLiveWriter\src\managed\OpenLiveWriter.HtmlEditor\OpenLiveWriter.HtmlEditor.csproj]
C:\Program Files\Microsoft Visual Studio\18\Enterprise\MSBuild\Current\Bin\Microsoft.Common.CurrentVersion.targets(2437,5): warning MSB3277:             C:\Users\WilliamForney\source\repos\wforney\OpenLiveWriter\src\managed\bin\Debug\i386\Writer\OpenLiveWriter.Mshtml.dll [C:\Users\WilliamForney\source\repos\wforney\OpenLiveWriter\src\managed\OpenLiveWriter.HtmlEditor\OpenLiveWriter.HtmlEditor.csproj]
C:\Program Files\Microsoft Visual Studio\18\Enterprise\MSBuild\Current\Bin\Microsoft.Common.CurrentVersion.targets(2437,5): warning MSB3277:             System.Design [C:\Users\WilliamForney\source\repos\wforney\OpenLiveWriter\src\managed\OpenLiveWriter.HtmlEditor\OpenLiveWriter.HtmlEditor.csproj]
C:\Program Files\Microsoft Visual Studio\18\Enterprise\MSBuild\Current\Bin\Microsoft.Common.CurrentVersion.targets(2437,5): warning MSB3277:             System.Web [C:\Users\WilliamForney\source\repos\wforney\OpenLiveWriter\src\managed\OpenLiveWriter.HtmlEditor\OpenLiveWriter.HtmlEditor.csproj]
C:\Program Files\Microsoft Visual Studio\18\Enterprise\MSBuild\Current\Bin\Microsoft.Common.CurrentVersion.targets(2437,5): warning MSB3277:             C:\Users\WilliamForney\source\repos\wforney\OpenLiveWriter\src\managed\bin\Debug\i386\Writer\OpenLiveWriter.HtmlParser.dll [C:\Users\WilliamForney\source\repos\wforney\OpenLiveWriter\src\managed\OpenLiveWriter.HtmlEditor\OpenLiveWriter.HtmlEditor.csproj]
C:\Program Files\Microsoft Visual Studio\18\Enterprise\MSBuild\Current\Bin\Microsoft.Common.CurrentVersion.targets(2437,5): warning MSB3277:             System.Data [C:\Users\WilliamForney\source\repos\wforney\OpenLiveWriter\src\managed\OpenLiveWriter.HtmlEditor\OpenLiveWriter.HtmlEditor.csproj]
  OpenLiveWriter.HtmlEditor -> C:\Users\WilliamForney\source\repos\wforney\OpenLiveWriter\src\managed\bin\Debug\i386\Writer\OpenLiveWriter.HtmlEditor.dll
C:\Program Files\Microsoft Visual Studio\18\Enterprise\MSBuild\Current\Bin\Microsoft.Common.CurrentVersion.targets(2437,5): warning MSB3277: Found conflicts between different versions of "System.Core" that could not be resolved. [C:\Users\WilliamForney\source\repos\wforney\OpenLiveWriter\src\managed\OpenLiveWriter.BlogClient\OpenLiveWriter.BlogClient.csproj]
C:\Program Files\Microsoft Visual Studio\18\Enterprise\MSBuild\Current\Bin\Microsoft.Common.CurrentVersion.targets(2437,5): warning MSB3277: There was a conflict between "System.Core, Version=3.5.0.0, Culture=neutral, PublicKeyToken=b77a5c561934e089" and "System.Core, Version=4.0.0.0, Culture=neutral, PublicKeyToken=b77a5c561934e089". [C:\Users\WilliamForney\source\repos\wforney\OpenLiveWriter\src\managed\OpenLiveWriter.BlogClient\OpenLiveWriter.BlogClient.csproj]
C:\Program Files\Microsoft Visual Studio\18\Enterprise\MSBuild\Current\Bin\Microsoft.Common.CurrentVersion.targets(2437,5): warning MSB3277:     "System.Core, Version=3.5.0.0, Culture=neutral, PublicKeyToken=b77a5c561934e089" was chosen because it was primary and "System.Core, Version=4.0.0.0, Culture=neutral, PublicKeyToken=b77a5c561934e089" was not. [C:\Users\WilliamForney\source\repos\wforney\OpenLiveWriter\src\managed\OpenLiveWriter.BlogClient\OpenLiveWriter.BlogClient.csproj]
C:\Program Files\Microsoft Visual Studio\18\Enterprise\MSBuild\Current\Bin\Microsoft.Common.CurrentVersion.targets(2437,5): warning MSB3277:     References which depend on "System.Core, Version=3.5.0.0, Culture=neutral, PublicKeyToken=b77a5c561934e089" [C:\Program Files (x86)\Reference Assemblies\Microsoft\Framework\v3.5\System.Core.dll]. [C:\Users\WilliamForney\source\repos\wforney\OpenLiveWriter\src\managed\OpenLiveWriter.BlogClient\OpenLiveWriter.BlogClient.csproj]
C:\Program Files\Microsoft Visual Studio\18\Enterprise\MSBuild\Current\Bin\Microsoft.Common.CurrentVersion.targets(2437,5): warning MSB3277:         C:\Program Files (x86)\Reference Assemblies\Microsoft\Framework\v3.5\System.Core.dll [C:\Users\WilliamForney\source\repos\wforney\OpenLiveWriter\src\managed\OpenLiveWriter.BlogClient\OpenLiveWriter.BlogClient.csproj]
C:\Program Files\Microsoft Visual Studio\18\Enterprise\MSBuild\Current\Bin\Microsoft.Common.CurrentVersion.targets(2437,5): warning MSB3277:           Project file item includes which caused reference "C:\Program Files (x86)\Reference Assemblies\Microsoft\Framework\v3.5\System.Core.dll". [C:\Users\WilliamForney\source\repos\wforney\OpenLiveWriter\src\managed\OpenLiveWriter.BlogClient\OpenLiveWriter.BlogClient.csproj]
C:\Program Files\Microsoft Visual Studio\18\Enterprise\MSBuild\Current\Bin\Microsoft.Common.CurrentVersion.targets(2437,5): warning MSB3277:             System.Core [C:\Users\WilliamForney\source\repos\wforney\OpenLiveWriter\src\managed\OpenLiveWriter.BlogClient\OpenLiveWriter.BlogClient.csproj]
C:\Program Files\Microsoft Visual Studio\18\Enterprise\MSBuild\Current\Bin\Microsoft.Common.CurrentVersion.targets(2437,5): warning MSB3277:     References which depend on or have been unified to "System.Core, Version=4.0.0.0, Culture=neutral, PublicKeyToken=b77a5c561934e089" [C:\Windows\Microsoft.Net\assembly\GAC_MSIL\System.Core\v4.0_4.0.0.0__b77a5c561934e089\System.Core.dll]. [C:\Users\WilliamForney\source\repos\wforney\OpenLiveWriter\src\managed\OpenLiveWriter.BlogClient\OpenLiveWriter.BlogClient.csproj]
C:\Program Files\Microsoft Visual Studio\18\Enterprise\MSBuild\Current\Bin\Microsoft.Common.CurrentVersion.targets(2437,5): warning MSB3277:         C:\Users\WilliamForney\source\repos\wforney\OpenLiveWriter\src\managed\packages\Google.Apis.1.39.0\lib\net45\Google.Apis.dll [C:\Users\WilliamForney\source\repos\wforney\OpenLiveWriter\src\managed\OpenLiveWriter.BlogClient\OpenLiveWriter.BlogClient.csproj]
C:\Program Files\Microsoft Visual Studio\18\Enterprise\MSBuild\Current\Bin\Microsoft.Common.CurrentVersion.targets(2437,5): warning MSB3277:           Project file item includes which caused reference "C:\Users\WilliamForney\source\repos\wforney\OpenLiveWriter\src\managed\packages\Google.Apis.1.39.0\lib\net45\Google.Apis.dll". [C:\Users\WilliamForney\source\repos\wforney\OpenLiveWriter\src\managed\OpenLiveWriter.BlogClient\OpenLiveWriter.BlogClient.csproj]
C:\Program Files\Microsoft Visual Studio\18\Enterprise\MSBuild\Current\Bin\Microsoft.Common.CurrentVersion.targets(2437,5): warning MSB3277:             Google.Apis, Version=1.39.0.0, Culture=neutral, PublicKeyToken=4b01fa6e34db77ab, processorArchitecture=MSIL [C:\Users\WilliamForney\source\repos\wforney\OpenLiveWriter\src\managed\OpenLiveWriter.BlogClient\OpenLiveWriter.BlogClient.csproj]
C:\Program Files\Microsoft Visual Studio\18\Enterprise\MSBuild\Current\Bin\Microsoft.Common.CurrentVersion.targets(2437,5): warning MSB3277:             Google.Apis.Auth, Version=1.39.0.0, Culture=neutral, PublicKeyToken=4b01fa6e34db77ab, processorArchitecture=MSIL [C:\Users\WilliamForney\source\repos\wforney\OpenLiveWriter\src\managed\OpenLiveWriter.BlogClient\OpenLiveWriter.BlogClient.csproj]
C:\Program Files\Microsoft Visual Studio\18\Enterprise\MSBuild\Current\Bin\Microsoft.Common.CurrentVersion.targets(2437,5): warning MSB3277:             Google.Apis.Auth.PlatformServices, Version=1.39.0.0, Culture=neutral, PublicKeyToken=4b01fa6e34db77ab, processorArchitecture=MSIL [C:\Users\WilliamForney\source\repos\wforney\OpenLiveWriter\src\managed\OpenLiveWriter.BlogClient\OpenLiveWriter.BlogClient.csproj]
C:\Program Files\Microsoft Visual Studio\18\Enterprise\MSBuild\Current\Bin\Microsoft.Common.CurrentVersion.targets(2437,5): warning MSB3277:             Google.Apis.Blogger.v3, Version=1.21.0.111, Culture=neutral, PublicKeyToken=4b01fa6e34db77ab, processorArchitecture=MSIL [C:\Users\WilliamForney\source\repos\wforney\OpenLiveWriter\src\managed\OpenLiveWriter.BlogClient\OpenLiveWriter.BlogClient.csproj]
C:\Program Files\Microsoft Visual Studio\18\Enterprise\MSBuild\Current\Bin\Microsoft.Common.CurrentVersion.targets(2437,5): warning MSB3277:             Google.Apis.Drive.v3, Version=1.39.0.1566, Culture=neutral, PublicKeyToken=4b01fa6e34db77ab, processorArchitecture=MSIL [C:\Users\WilliamForney\source\repos\wforney\OpenLiveWriter\src\managed\OpenLiveWriter.BlogClient\OpenLiveWriter.BlogClient.csproj]
C:\Program Files\Microsoft Visual Studio\18\Enterprise\MSBuild\Current\Bin\Microsoft.Common.CurrentVersion.targets(2437,5): warning MSB3277:             Google.Apis.PlatformServices, Version=1.39.0.0, Culture=neutral, PublicKeyToken=4b01fa6e34db77ab, processorArchitecture=MSIL [C:\Users\WilliamForney\source\repos\wforney\OpenLiveWriter\src\managed\OpenLiveWriter.BlogClient\OpenLiveWriter.BlogClient.csproj]
C:\Program Files\Microsoft Visual Studio\18\Enterprise\MSBuild\Current\Bin\Microsoft.Common.CurrentVersion.targets(2437,5): warning MSB3277:         C:\Users\WilliamForney\source\repos\wforney\OpenLiveWriter\src\managed\packages\Google.Apis.Auth.1.39.0\lib\net45\Google.Apis.Auth.dll [C:\Users\WilliamForney\source\repos\wforney\OpenLiveWriter\src\managed\OpenLiveWriter.BlogClient\OpenLiveWriter.BlogClient.csproj]
C:\Program Files\Microsoft Visual Studio\18\Enterprise\MSBuild\Current\Bin\Microsoft.Common.CurrentVersion.targets(2437,5): warning MSB3277:           Project file item includes which caused reference "C:\Users\WilliamForney\source\repos\wforney\OpenLiveWriter\src\managed\packages\Google.Apis.Auth.1.39.0\lib\net45\Google.Apis.Auth.dll". [C:\Users\WilliamForney\source\repos\wforney\OpenLiveWriter\src\managed\OpenLiveWriter.BlogClient\OpenLiveWriter.BlogClient.csproj]
C:\Program Files\Microsoft Visual Studio\18\Enterprise\MSBuild\Current\Bin\Microsoft.Common.CurrentVersion.targets(2437,5): warning MSB3277:             Google.Apis.Auth, Version=1.39.0.0, Culture=neutral, PublicKeyToken=4b01fa6e34db77ab, processorArchitecture=MSIL [C:\Users\WilliamForney\source\repos\wforney\OpenLiveWriter\src\managed\OpenLiveWriter.BlogClient\OpenLiveWriter.BlogClient.csproj]
C:\Program Files\Microsoft Visual Studio\18\Enterprise\MSBuild\Current\Bin\Microsoft.Common.CurrentVersion.targets(2437,5): warning MSB3277:             Google.Apis.Auth.PlatformServices, Version=1.39.0.0, Culture=neutral, PublicKeyToken=4b01fa6e34db77ab, processorArchitecture=MSIL [C:\Users\WilliamForney\source\repos\wforney\OpenLiveWriter\src\managed\OpenLiveWriter.BlogClient\OpenLiveWriter.BlogClient.csproj]
C:\Program Files\Microsoft Visual Studio\18\Enterprise\MSBuild\Current\Bin\Microsoft.Common.CurrentVersion.targets(2437,5): warning MSB3277:         C:\Users\WilliamForney\source\repos\wforney\OpenLiveWriter\src\managed\packages\Google.Apis.Core.1.39.0\lib\net45\Google.Apis.Core.dll [C:\Users\WilliamForney\source\repos\wforney\OpenLiveWriter\src\managed\OpenLiveWriter.BlogClient\OpenLiveWriter.BlogClient.csproj]
C:\Program Files\Microsoft Visual Studio\18\Enterprise\MSBuild\Current\Bin\Microsoft.Common.CurrentVersion.targets(2437,5): warning MSB3277:           Project file item includes which caused reference "C:\Users\WilliamForney\source\repos\wforney\OpenLiveWriter\src\managed\packages\Google.Apis.Core.1.39.0\lib\net45\Google.Apis.Core.dll". [C:\Users\WilliamForney\source\repos\wforney\OpenLiveWriter\src\managed\OpenLiveWriter.BlogClient\OpenLiveWriter.BlogClient.csproj]
C:\Program Files\Microsoft Visual Studio\18\Enterprise\MSBuild\Current\Bin\Microsoft.Common.CurrentVersion.targets(2437,5): warning MSB3277:             Google.Apis.Core, Version=1.39.0.0, Culture=neutral, PublicKeyToken=4b01fa6e34db77ab, processorArchitecture=MSIL [C:\Users\WilliamForney\source\repos\wforney\OpenLiveWriter\src\managed\OpenLiveWriter.BlogClient\OpenLiveWriter.BlogClient.csproj]
C:\Program Files\Microsoft Visual Studio\18\Enterprise\MSBuild\Current\Bin\Microsoft.Common.CurrentVersion.targets(2437,5): warning MSB3277:             Google.Apis, Version=1.39.0.0, Culture=neutral, PublicKeyToken=4b01fa6e34db77ab, processorArchitecture=MSIL [C:\Users\WilliamForney\source\repos\wforney\OpenLiveWriter\src\managed\OpenLiveWriter.BlogClient\OpenLiveWriter.BlogClient.csproj]
C:\Program Files\Microsoft Visual Studio\18\Enterprise\MSBuild\Current\Bin\Microsoft.Common.CurrentVersion.targets(2437,5): warning MSB3277:             Google.Apis.Auth, Version=1.39.0.0, Culture=neutral, PublicKeyToken=4b01fa6e34db77ab, processorArchitecture=MSIL [C:\Users\WilliamForney\source\repos\wforney\OpenLiveWriter\src\managed\OpenLiveWriter.BlogClient\OpenLiveWriter.BlogClient.csproj]
C:\Program Files\Microsoft Visual Studio\18\Enterprise\MSBuild\Current\Bin\Microsoft.Common.CurrentVersion.targets(2437,5): warning MSB3277:             Google.Apis.Auth.PlatformServices, Version=1.39.0.0, Culture=neutral, PublicKeyToken=4b01fa6e34db77ab, processorArchitecture=MSIL [C:\Users\WilliamForney\source\repos\wforney\OpenLiveWriter\src\managed\OpenLiveWriter.BlogClient\OpenLiveWriter.BlogClient.csproj]
C:\Program Files\Microsoft Visual Studio\18\Enterprise\MSBuild\Current\Bin\Microsoft.Common.CurrentVersion.targets(2437,5): warning MSB3277:             Google.Apis.Blogger.v3, Version=1.21.0.111, Culture=neutral, PublicKeyToken=4b01fa6e34db77ab, processorArchitecture=MSIL [C:\Users\WilliamForney\source\repos\wforney\OpenLiveWriter\src\managed\OpenLiveWriter.BlogClient\OpenLiveWriter.BlogClient.csproj]
C:\Program Files\Microsoft Visual Studio\18\Enterprise\MSBuild\Current\Bin\Microsoft.Common.CurrentVersion.targets(2437,5): warning MSB3277:             Google.Apis.Drive.v3, Version=1.39.0.1566, Culture=neutral, PublicKeyToken=4b01fa6e34db77ab, processorArchitecture=MSIL [C:\Users\WilliamForney\source\repos\wforney\OpenLiveWriter\src\managed\OpenLiveWriter.BlogClient\OpenLiveWriter.BlogClient.csproj]
C:\Program Files\Microsoft Visual Studio\18\Enterprise\MSBuild\Current\Bin\Microsoft.Common.CurrentVersion.targets(2437,5): warning MSB3277:             Google.Apis.PlatformServices, Version=1.39.0.0, Culture=neutral, PublicKeyToken=4b01fa6e34db77ab, processorArchitecture=MSIL [C:\Users\WilliamForney\source\repos\wforney\OpenLiveWriter\src\managed\OpenLiveWriter.BlogClient\OpenLiveWriter.BlogClient.csproj]
C:\Program Files\Microsoft Visual Studio\18\Enterprise\MSBuild\Current\Bin\Microsoft.Common.CurrentVersion.targets(2437,5): warning MSB3277:         C:\Users\WilliamForney\source\repos\wforney\OpenLiveWriter\src\managed\packages\Microsoft.Bcl.Async.1.0.168\lib\net40\Microsoft.Threading.Tasks.Extensions.Desktop.dll [C:\Users\WilliamForney\source\repos\wforney\OpenLiveWriter\src\managed\OpenLiveWriter.BlogClient\OpenLiveWriter.BlogClient.csproj]
C:\Program Files\Microsoft Visual Studio\18\Enterprise\MSBuild\Current\Bin\Microsoft.Common.CurrentVersion.targets(2437,5): warning MSB3277:           Project file item includes which caused reference "C:\Users\WilliamForney\source\repos\wforney\OpenLiveWriter\src\managed\packages\Microsoft.Bcl.Async.1.0.168\lib\net40\Microsoft.Threading.Tasks.Extensions.Desktop.dll". [C:\Users\WilliamForney\source\repos\wforney\OpenLiveWriter\src\managed\OpenLiveWriter.BlogClient\OpenLiveWriter.BlogClient.csproj]
C:\Program Files\Microsoft Visual Studio\18\Enterprise\MSBuild\Current\Bin\Microsoft.Common.CurrentVersion.targets(2437,5): warning MSB3277:             Microsoft.Threading.Tasks.Extensions.Desktop, Version=1.0.168.0, Culture=neutral, PublicKeyToken=b03f5f7f11d50a3a, processorArchitecture=MSIL [C:\Users\WilliamForney\source\repos\wforney\OpenLiveWriter\src\managed\OpenLiveWriter.BlogClient\OpenLiveWriter.BlogClient.csproj]
C:\Program Files\Microsoft Visual Studio\18\Enterprise\MSBuild\Current\Bin\Microsoft.Common.CurrentVersion.targets(2437,5): warning MSB3277:         C:\Users\WilliamForney\source\repos\wforney\OpenLiveWriter\src\managed\packages\Newtonsoft.Json.13.0.2\lib\net45\Newtonsoft.Json.dll [C:\Users\WilliamForney\source\repos\wforney\OpenLiveWriter\src\managed\OpenLiveWriter.BlogClient\OpenLiveWriter.BlogClient.csproj]
C:\Program Files\Microsoft Visual Studio\18\Enterprise\MSBuild\Current\Bin\Microsoft.Common.CurrentVersion.targets(2437,5): warning MSB3277:           Project file item includes which caused reference "C:\Users\WilliamForney\source\repos\wforney\OpenLiveWriter\src\managed\packages\Newtonsoft.Json.13.0.2\lib\net45\Newtonsoft.Json.dll". [C:\Users\WilliamForney\source\repos\wforney\OpenLiveWriter\src\managed\OpenLiveWriter.BlogClient\OpenLiveWriter.BlogClient.csproj]
C:\Program Files\Microsoft Visual Studio\18\Enterprise\MSBuild\Current\Bin\Microsoft.Common.CurrentVersion.targets(2437,5): warning MSB3277:             Newtonsoft.Json, Version=13.0.0.0, Culture=neutral, PublicKeyToken=30ad4fe6b2a6aeed, processorArchitecture=MSIL [C:\Users\WilliamForney\source\repos\wforney\OpenLiveWriter\src\managed\OpenLiveWriter.BlogClient\OpenLiveWriter.BlogClient.csproj]
C:\Program Files\Microsoft Visual Studio\18\Enterprise\MSBuild\Current\Bin\Microsoft.Common.CurrentVersion.targets(2437,5): warning MSB3277:             Google.Apis, Version=1.39.0.0, Culture=neutral, PublicKeyToken=4b01fa6e34db77ab, processorArchitecture=MSIL [C:\Users\WilliamForney\source\repos\wforney\OpenLiveWriter\src\managed\OpenLiveWriter.BlogClient\OpenLiveWriter.BlogClient.csproj]
C:\Program Files\Microsoft Visual Studio\18\Enterprise\MSBuild\Current\Bin\Microsoft.Common.CurrentVersion.targets(2437,5): warning MSB3277:             Google.Apis.Auth, Version=1.39.0.0, Culture=neutral, PublicKeyToken=4b01fa6e34db77ab, processorArchitecture=MSIL [C:\Users\WilliamForney\source\repos\wforney\OpenLiveWriter\src\managed\OpenLiveWriter.BlogClient\OpenLiveWriter.BlogClient.csproj]
C:\Program Files\Microsoft Visual Studio\18\Enterprise\MSBuild\Current\Bin\Microsoft.Common.CurrentVersion.targets(2437,5): warning MSB3277:             Google.Apis.Auth.PlatformServices, Version=1.39.0.0, Culture=neutral, PublicKeyToken=4b01fa6e34db77ab, processorArchitecture=MSIL [C:\Users\WilliamForney\source\repos\wforney\OpenLiveWriter\src\managed\OpenLiveWriter.BlogClient\OpenLiveWriter.BlogClient.csproj]
C:\Program Files\Microsoft Visual Studio\18\Enterprise\MSBuild\Current\Bin\Microsoft.Common.CurrentVersion.targets(2437,5): warning MSB3277:             Google.Apis.Blogger.v3, Version=1.21.0.111, Culture=neutral, PublicKeyToken=4b01fa6e34db77ab, processorArchitecture=MSIL [C:\Users\WilliamForney\source\repos\wforney\OpenLiveWriter\src\managed\OpenLiveWriter.BlogClient\OpenLiveWriter.BlogClient.csproj]
C:\Program Files\Microsoft Visual Studio\18\Enterprise\MSBuild\Current\Bin\Microsoft.Common.CurrentVersion.targets(2437,5): warning MSB3277:             Google.Apis.Core, Version=1.39.0.0, Culture=neutral, PublicKeyToken=4b01fa6e34db77ab, processorArchitecture=MSIL [C:\Users\WilliamForney\source\repos\wforney\OpenLiveWriter\src\managed\OpenLiveWriter.BlogClient\OpenLiveWriter.BlogClient.csproj]
C:\Program Files\Microsoft Visual Studio\18\Enterprise\MSBuild\Current\Bin\Microsoft.Common.CurrentVersion.targets(2437,5): warning MSB3277:             Google.Apis.Drive.v3, Version=1.39.0.1566, Culture=neutral, PublicKeyToken=4b01fa6e34db77ab, processorArchitecture=MSIL [C:\Users\WilliamForney\source\repos\wforney\OpenLiveWriter\src\managed\OpenLiveWriter.BlogClient\OpenLiveWriter.BlogClient.csproj]
C:\Program Files\Microsoft Visual Studio\18\Enterprise\MSBuild\Current\Bin\Microsoft.Common.CurrentVersion.targets(2437,5): warning MSB3277:             Google.Apis.PlatformServices, Version=1.39.0.0, Culture=neutral, PublicKeyToken=4b01fa6e34db77ab, processorArchitecture=MSIL [C:\Users\WilliamForney\source\repos\wforney\OpenLiveWriter\src\managed\OpenLiveWriter.BlogClient\OpenLiveWriter.BlogClient.csproj]
C:\Program Files\Microsoft Visual Studio\18\Enterprise\MSBuild\Current\Bin\Microsoft.Common.CurrentVersion.targets(2437,5): warning MSB3277:         C:\Windows\Microsoft.Net\assembly\GAC_32\System.Data\v4.0_4.0.0.0__b77a5c561934e089\System.Data.dll [C:\Users\WilliamForney\source\repos\wforney\OpenLiveWriter\src\managed\OpenLiveWriter.BlogClient\OpenLiveWriter.BlogClient.csproj]
C:\Program Files\Microsoft Visual Studio\18\Enterprise\MSBuild\Current\Bin\Microsoft.Common.CurrentVersion.targets(2437,5): warning MSB3277:           Project file item includes which caused reference "C:\Windows\Microsoft.Net\assembly\GAC_32\System.Data\v4.0_4.0.0.0__b77a5c561934e089\System.Data.dll". [C:\Users\WilliamForney\source\repos\wforney\OpenLiveWriter\src\managed\OpenLiveWriter.BlogClient\OpenLiveWriter.BlogClient.csproj]
C:\Program Files\Microsoft Visual Studio\18\Enterprise\MSBuild\Current\Bin\Microsoft.Common.CurrentVersion.targets(2437,5): warning MSB3277:             System.Data [C:\Users\WilliamForney\source\repos\wforney\OpenLiveWriter\src\managed\OpenLiveWriter.BlogClient\OpenLiveWriter.BlogClient.csproj]
C:\Program Files\Microsoft Visual Studio\18\Enterprise\MSBuild\Current\Bin\Microsoft.Common.CurrentVersion.targets(2437,5): warning MSB3277:             Microsoft.Threading.Tasks.Extensions.Desktop, Version=1.0.168.0, Culture=neutral, PublicKeyToken=b03f5f7f11d50a3a, processorArchitecture=MSIL [C:\Users\WilliamForney\source\repos\wforney\OpenLiveWriter\src\managed\OpenLiveWriter.BlogClient\OpenLiveWriter.BlogClient.csproj]
C:\Program Files\Microsoft Visual Studio\18\Enterprise\MSBuild\Current\Bin\Microsoft.Common.CurrentVersion.targets(2437,5): warning MSB3277:             Newtonsoft.Json, Version=13.0.0.0, Culture=neutral, PublicKeyToken=30ad4fe6b2a6aeed, processorArchitecture=MSIL [C:\Users\WilliamForney\source\repos\wforney\OpenLiveWriter\src\managed\OpenLiveWriter.BlogClient\OpenLiveWriter.BlogClient.csproj]
C:\Program Files\Microsoft Visual Studio\18\Enterprise\MSBuild\Current\Bin\Microsoft.Common.CurrentVersion.targets(2437,5): warning MSB3277:             Google.Apis, Version=1.39.0.0, Culture=neutral, PublicKeyToken=4b01fa6e34db77ab, processorArchitecture=MSIL [C:\Users\WilliamForney\source\repos\wforney\OpenLiveWriter\src\managed\OpenLiveWriter.BlogClient\OpenLiveWriter.BlogClient.csproj]
C:\Program Files\Microsoft Visual Studio\18\Enterprise\MSBuild\Current\Bin\Microsoft.Common.CurrentVersion.targets(2437,5): warning MSB3277:             Google.Apis.Auth, Version=1.39.0.0, Culture=neutral, PublicKeyToken=4b01fa6e34db77ab, processorArchitecture=MSIL [C:\Users\WilliamForney\source\repos\wforney\OpenLiveWriter\src\managed\OpenLiveWriter.BlogClient\OpenLiveWriter.BlogClient.csproj]
C:\Program Files\Microsoft Visual Studio\18\Enterprise\MSBuild\Current\Bin\Microsoft.Common.CurrentVersion.targets(2437,5): warning MSB3277:             Google.Apis.Auth.PlatformServices, Version=1.39.0.0, Culture=neutral, PublicKeyToken=4b01fa6e34db77ab, processorArchitecture=MSIL [C:\Users\WilliamForney\source\repos\wforney\OpenLiveWriter\src\managed\OpenLiveWriter.BlogClient\OpenLiveWriter.BlogClient.csproj]
C:\Program Files\Microsoft Visual Studio\18\Enterprise\MSBuild\Current\Bin\Microsoft.Common.CurrentVersion.targets(2437,5): warning MSB3277:             Google.Apis.Blogger.v3, Version=1.21.0.111, Culture=neutral, PublicKeyToken=4b01fa6e34db77ab, processorArchitecture=MSIL [C:\Users\WilliamForney\source\repos\wforney\OpenLiveWriter\src\managed\OpenLiveWriter.BlogClient\OpenLiveWriter.BlogClient.csproj]
C:\Program Files\Microsoft Visual Studio\18\Enterprise\MSBuild\Current\Bin\Microsoft.Common.CurrentVersion.targets(2437,5): warning MSB3277:             Google.Apis.Core, Version=1.39.0.0, Culture=neutral, PublicKeyToken=4b01fa6e34db77ab, processorArchitecture=MSIL [C:\Users\WilliamForney\source\repos\wforney\OpenLiveWriter\src\managed\OpenLiveWriter.BlogClient\OpenLiveWriter.BlogClient.csproj]
C:\Program Files\Microsoft Visual Studio\18\Enterprise\MSBuild\Current\Bin\Microsoft.Common.CurrentVersion.targets(2437,5): warning MSB3277:             Google.Apis.Drive.v3, Version=1.39.0.1566, Culture=neutral, PublicKeyToken=4b01fa6e34db77ab, processorArchitecture=MSIL [C:\Users\WilliamForney\source\repos\wforney\OpenLiveWriter\src\managed\OpenLiveWriter.BlogClient\OpenLiveWriter.BlogClient.csproj]
C:\Program Files\Microsoft Visual Studio\18\Enterprise\MSBuild\Current\Bin\Microsoft.Common.CurrentVersion.targets(2437,5): warning MSB3277:             Google.Apis.PlatformServices, Version=1.39.0.0, Culture=neutral, PublicKeyToken=4b01fa6e34db77ab, processorArchitecture=MSIL [C:\Users\WilliamForney\source\repos\wforney\OpenLiveWriter\src\managed\OpenLiveWriter.BlogClient\OpenLiveWriter.BlogClient.csproj]
C:\Program Files\Microsoft Visual Studio\18\Enterprise\MSBuild\Current\Bin\Microsoft.Common.CurrentVersion.targets(2437,5): warning MSB3277:             System.Web [C:\Users\WilliamForney\source\repos\wforney\OpenLiveWriter\src\managed\OpenLiveWriter.BlogClient\OpenLiveWriter.BlogClient.csproj]
C:\Program Files\Microsoft Visual Studio\18\Enterprise\MSBuild\Current\Bin\Microsoft.Common.CurrentVersion.targets(2437,5): warning MSB3277:             C:\Users\WilliamForney\source\repos\wforney\OpenLiveWriter\src\managed\bin\Debug\i386\Writer\OpenLiveWriter.CoreServices.dll [C:\Users\WilliamForney\source\repos\wforney\OpenLiveWriter\src\managed\OpenLiveWriter.BlogClient\OpenLiveWriter.BlogClient.csproj]
C:\Program Files\Microsoft Visual Studio\18\Enterprise\MSBuild\Current\Bin\Microsoft.Common.CurrentVersion.targets(2437,5): warning MSB3277:             C:\Users\WilliamForney\source\repos\wforney\OpenLiveWriter\src\managed\bin\Debug\i386\Writer\OpenLiveWriter.Api.dll [C:\Users\WilliamForney\source\repos\wforney\OpenLiveWriter\src\managed\OpenLiveWriter.BlogClient\OpenLiveWriter.BlogClient.csproj]
C:\Program Files\Microsoft Visual Studio\18\Enterprise\MSBuild\Current\Bin\Microsoft.Common.CurrentVersion.targets(2437,5): warning MSB3277:             C:\Users\WilliamForney\source\repos\wforney\OpenLiveWriter\src\managed\bin\Debug\i386\Writer\OpenLiveWriter.Controls.dll [C:\Users\WilliamForney\source\repos\wforney\OpenLiveWriter\src\managed\OpenLiveWriter.BlogClient\OpenLiveWriter.BlogClient.csproj]
C:\Program Files\Microsoft Visual Studio\18\Enterprise\MSBuild\Current\Bin\Microsoft.Common.CurrentVersion.targets(2437,5): warning MSB3277:             C:\Users\WilliamForney\source\repos\wforney\OpenLiveWriter\src\managed\bin\Debug\i386\Writer\OpenLiveWriter.Extensibility.dll [C:\Users\WilliamForney\source\repos\wforney\OpenLiveWriter\src\managed\OpenLiveWriter.BlogClient\OpenLiveWriter.BlogClient.csproj]
C:\Program Files\Microsoft Visual Studio\18\Enterprise\MSBuild\Current\Bin\Microsoft.Common.CurrentVersion.targets(2437,5): warning MSB3277:             C:\Users\WilliamForney\source\repos\wforney\OpenLiveWriter\src\managed\bin\Debug\i386\Writer\OpenLiveWriter.FileDestinations.dll [C:\Users\WilliamForney\source\repos\wforney\OpenLiveWriter\src\managed\OpenLiveWriter.BlogClient\OpenLiveWriter.BlogClient.csproj]
C:\Program Files\Microsoft Visual Studio\18\Enterprise\MSBuild\Current\Bin\Microsoft.Common.CurrentVersion.targets(2437,5): warning MSB3277:             C:\Users\WilliamForney\source\repos\wforney\OpenLiveWriter\src\managed\bin\Debug\i386\Writer\OpenLiveWriter.HtmlParser.dll [C:\Users\WilliamForney\source\repos\wforney\OpenLiveWriter\src\managed\OpenLiveWriter.BlogClient\OpenLiveWriter.BlogClient.csproj]
C:\Program Files\Microsoft Visual Studio\18\Enterprise\MSBuild\Current\Bin\Microsoft.Common.CurrentVersion.targets(2437,5): warning MSB3277:             C:\Users\WilliamForney\source\repos\wforney\OpenLiveWriter\src\managed\bin\Debug\i386\Writer\OpenLiveWriter.Mshtml.dll [C:\Users\WilliamForney\source\repos\wforney\OpenLiveWriter\src\managed\OpenLiveWriter.BlogClient\OpenLiveWriter.BlogClient.csproj]
C:\Program Files\Microsoft Visual Studio\18\Enterprise\MSBuild\Current\Bin\Microsoft.Common.CurrentVersion.targets(2437,5): warning MSB3277:             System.Web.Services [C:\Users\WilliamForney\source\repos\wforney\OpenLiveWriter\src\managed\OpenLiveWriter.BlogClient\OpenLiveWriter.BlogClient.csproj]
C:\Program Files\Microsoft Visual Studio\18\Enterprise\MSBuild\Current\Bin\Microsoft.Common.CurrentVersion.targets(2437,5): warning MSB3277:         C:\Windows\Microsoft.Net\assembly\GAC_MSIL\System.Net.Http\v4.0_4.0.0.0__b03f5f7f11d50a3a\System.Net.Http.dll [C:\Users\WilliamForney\source\repos\wforney\OpenLiveWriter\src\managed\OpenLiveWriter.BlogClient\OpenLiveWriter.BlogClient.csproj]
C:\Program Files\Microsoft Visual Studio\18\Enterprise\MSBuild\Current\Bin\Microsoft.Common.CurrentVersion.targets(2437,5): warning MSB3277:           Project file item includes which caused reference "C:\Windows\Microsoft.Net\assembly\GAC_MSIL\System.Net.Http\v4.0_4.0.0.0__b03f5f7f11d50a3a\System.Net.Http.dll". [C:\Users\WilliamForney\source\repos\wforney\OpenLiveWriter\src\managed\OpenLiveWriter.BlogClient\OpenLiveWriter.BlogClient.csproj]
C:\Program Files\Microsoft Visual Studio\18\Enterprise\MSBuild\Current\Bin\Microsoft.Common.CurrentVersion.targets(2437,5): warning MSB3277:             System.Net.Http [C:\Users\WilliamForney\source\repos\wforney\OpenLiveWriter\src\managed\OpenLiveWriter.BlogClient\OpenLiveWriter.BlogClient.csproj]
C:\Program Files\Microsoft Visual Studio\18\Enterprise\MSBuild\Current\Bin\Microsoft.Common.CurrentVersion.targets(2437,5): warning MSB3277:             Google.Apis, Version=1.39.0.0, Culture=neutral, PublicKeyToken=4b01fa6e34db77ab, processorArchitecture=MSIL [C:\Users\WilliamForney\source\repos\wforney\OpenLiveWriter\src\managed\OpenLiveWriter.BlogClient\OpenLiveWriter.BlogClient.csproj]
C:\Program Files\Microsoft Visual Studio\18\Enterprise\MSBuild\Current\Bin\Microsoft.Common.CurrentVersion.targets(2437,5): warning MSB3277:             Google.Apis.Auth, Version=1.39.0.0, Culture=neutral, PublicKeyToken=4b01fa6e34db77ab, processorArchitecture=MSIL [C:\Users\WilliamForney\source\repos\wforney\OpenLiveWriter\src\managed\OpenLiveWriter.BlogClient\OpenLiveWriter.BlogClient.csproj]
C:\Program Files\Microsoft Visual Studio\18\Enterprise\MSBuild\Current\Bin\Microsoft.Common.CurrentVersion.targets(2437,5): warning MSB3277:             Google.Apis.Auth.PlatformServices, Version=1.39.0.0, Culture=neutral, PublicKeyToken=4b01fa6e34db77ab, processorArchitecture=MSIL [C:\Users\WilliamForney\source\repos\wforney\OpenLiveWriter\src\managed\OpenLiveWriter.BlogClient\OpenLiveWriter.BlogClient.csproj]
C:\Program Files\Microsoft Visual Studio\18\Enterprise\MSBuild\Current\Bin\Microsoft.Common.CurrentVersion.targets(2437,5): warning MSB3277:             Google.Apis.Blogger.v3, Version=1.21.0.111, Culture=neutral, PublicKeyToken=4b01fa6e34db77ab, processorArchitecture=MSIL [C:\Users\WilliamForney\source\repos\wforney\OpenLiveWriter\src\managed\OpenLiveWriter.BlogClient\OpenLiveWriter.BlogClient.csproj]
C:\Program Files\Microsoft Visual Studio\18\Enterprise\MSBuild\Current\Bin\Microsoft.Common.CurrentVersion.targets(2437,5): warning MSB3277:             Google.Apis.Core, Version=1.39.0.0, Culture=neutral, PublicKeyToken=4b01fa6e34db77ab, processorArchitecture=MSIL [C:\Users\WilliamForney\source\repos\wforney\OpenLiveWriter\src\managed\OpenLiveWriter.BlogClient\OpenLiveWriter.BlogClient.csproj]
C:\Program Files\Microsoft Visual Studio\18\Enterprise\MSBuild\Current\Bin\Microsoft.Common.CurrentVersion.targets(2437,5): warning MSB3277:             Google.Apis.Drive.v3, Version=1.39.0.1566, Culture=neutral, PublicKeyToken=4b01fa6e34db77ab, processorArchitecture=MSIL [C:\Users\WilliamForney\source\repos\wforney\OpenLiveWriter\src\managed\OpenLiveWriter.BlogClient\OpenLiveWriter.BlogClient.csproj]
C:\Program Files\Microsoft Visual Studio\18\Enterprise\MSBuild\Current\Bin\Microsoft.Common.CurrentVersion.targets(2437,5): warning MSB3277:             Google.Apis.PlatformServices, Version=1.39.0.0, Culture=neutral, PublicKeyToken=4b01fa6e34db77ab, processorArchitecture=MSIL [C:\Users\WilliamForney\source\repos\wforney\OpenLiveWriter\src\managed\OpenLiveWriter.BlogClient\OpenLiveWriter.BlogClient.csproj]
C:\Program Files\Microsoft Visual Studio\18\Enterprise\MSBuild\Current\Bin\Microsoft.Common.CurrentVersion.targets(2437,5): warning MSB3277:             System.Net.Http.WebRequest [C:\Users\WilliamForney\source\repos\wforney\OpenLiveWriter\src\managed\OpenLiveWriter.BlogClient\OpenLiveWriter.BlogClient.csproj]
C:\Program Files\Microsoft Visual Studio\18\Enterprise\MSBuild\Current\Bin\Microsoft.Common.CurrentVersion.targets(2437,5): warning MSB3277:             Microsoft.Threading.Tasks.Extensions.Desktop, Version=1.0.168.0, Culture=neutral, PublicKeyToken=b03f5f7f11d50a3a, processorArchitecture=MSIL [C:\Users\WilliamForney\source\repos\wforney\OpenLiveWriter\src\managed\OpenLiveWriter.BlogClient\OpenLiveWriter.BlogClient.csproj]
C:\Program Files\Microsoft Visual Studio\18\Enterprise\MSBuild\Current\Bin\Microsoft.Common.CurrentVersion.targets(2437,5): warning MSB3277:         C:\Windows\Microsoft.Net\assembly\GAC_32\System.Web\v4.0_4.0.0.0__b03f5f7f11d50a3a\System.Web.dll [C:\Users\WilliamForney\source\repos\wforney\OpenLiveWriter\src\managed\OpenLiveWriter.BlogClient\OpenLiveWriter.BlogClient.csproj]
C:\Program Files\Microsoft Visual Studio\18\Enterprise\MSBuild\Current\Bin\Microsoft.Common.CurrentVersion.targets(2437,5): warning MSB3277:           Project file item includes which caused reference "C:\Windows\Microsoft.Net\assembly\GAC_32\System.Web\v4.0_4.0.0.0__b03f5f7f11d50a3a\System.Web.dll". [C:\Users\WilliamForney\source\repos\wforney\OpenLiveWriter\src\managed\OpenLiveWriter.BlogClient\OpenLiveWriter.BlogClient.csproj]
C:\Program Files\Microsoft Visual Studio\18\Enterprise\MSBuild\Current\Bin\Microsoft.Common.CurrentVersion.targets(2437,5): warning MSB3277:             System.Web [C:\Users\WilliamForney\source\repos\wforney\OpenLiveWriter\src\managed\OpenLiveWriter.BlogClient\OpenLiveWriter.BlogClient.csproj]
C:\Program Files\Microsoft Visual Studio\18\Enterprise\MSBuild\Current\Bin\Microsoft.Common.CurrentVersion.targets(2437,5): warning MSB3277:             C:\Users\WilliamForney\source\repos\wforney\OpenLiveWriter\src\managed\bin\Debug\i386\Writer\OpenLiveWriter.CoreServices.dll [C:\Users\WilliamForney\source\repos\wforney\OpenLiveWriter\src\managed\OpenLiveWriter.BlogClient\OpenLiveWriter.BlogClient.csproj]
C:\Program Files\Microsoft Visual Studio\18\Enterprise\MSBuild\Current\Bin\Microsoft.Common.CurrentVersion.targets(2437,5): warning MSB3277:             C:\Users\WilliamForney\source\repos\wforney\OpenLiveWriter\src\managed\bin\Debug\i386\Writer\OpenLiveWriter.Api.dll [C:\Users\WilliamForney\source\repos\wforney\OpenLiveWriter\src\managed\OpenLiveWriter.BlogClient\OpenLiveWriter.BlogClient.csproj]
C:\Program Files\Microsoft Visual Studio\18\Enterprise\MSBuild\Current\Bin\Microsoft.Common.CurrentVersion.targets(2437,5): warning MSB3277:             C:\Users\WilliamForney\source\repos\wforney\OpenLiveWriter\src\managed\bin\Debug\i386\Writer\OpenLiveWriter.Controls.dll [C:\Users\WilliamForney\source\repos\wforney\OpenLiveWriter\src\managed\OpenLiveWriter.BlogClient\OpenLiveWriter.BlogClient.csproj]
C:\Program Files\Microsoft Visual Studio\18\Enterprise\MSBuild\Current\Bin\Microsoft.Common.CurrentVersion.targets(2437,5): warning MSB3277:             C:\Users\WilliamForney\source\repos\wforney\OpenLiveWriter\src\managed\bin\Debug\i386\Writer\OpenLiveWriter.Extensibility.dll [C:\Users\WilliamForney\source\repos\wforney\OpenLiveWriter\src\managed\OpenLiveWriter.BlogClient\OpenLiveWriter.BlogClient.csproj]
C:\Program Files\Microsoft Visual Studio\18\Enterprise\MSBuild\Current\Bin\Microsoft.Common.CurrentVersion.targets(2437,5): warning MSB3277:             C:\Users\WilliamForney\source\repos\wforney\OpenLiveWriter\src\managed\bin\Debug\i386\Writer\OpenLiveWriter.FileDestinations.dll [C:\Users\WilliamForney\source\repos\wforney\OpenLiveWriter\src\managed\OpenLiveWriter.BlogClient\OpenLiveWriter.BlogClient.csproj]
C:\Program Files\Microsoft Visual Studio\18\Enterprise\MSBuild\Current\Bin\Microsoft.Common.CurrentVersion.targets(2437,5): warning MSB3277:             C:\Users\WilliamForney\source\repos\wforney\OpenLiveWriter\src\managed\bin\Debug\i386\Writer\OpenLiveWriter.HtmlParser.dll [C:\Users\WilliamForney\source\repos\wforney\OpenLiveWriter\src\managed\OpenLiveWriter.BlogClient\OpenLiveWriter.BlogClient.csproj]
C:\Program Files\Microsoft Visual Studio\18\Enterprise\MSBuild\Current\Bin\Microsoft.Common.CurrentVersion.targets(2437,5): warning MSB3277:             C:\Users\WilliamForney\source\repos\wforney\OpenLiveWriter\src\managed\bin\Debug\i386\Writer\OpenLiveWriter.Mshtml.dll [C:\Users\WilliamForney\source\repos\wforney\OpenLiveWriter\src\managed\OpenLiveWriter.BlogClient\OpenLiveWriter.BlogClient.csproj]
C:\Program Files\Microsoft Visual Studio\18\Enterprise\MSBuild\Current\Bin\Microsoft.Common.CurrentVersion.targets(2437,5): warning MSB3277:             System.Web.Services [C:\Users\WilliamForney\source\repos\wforney\OpenLiveWriter\src\managed\OpenLiveWriter.BlogClient\OpenLiveWriter.BlogClient.csproj]
C:\Program Files\Microsoft Visual Studio\18\Enterprise\MSBuild\Current\Bin\Microsoft.Common.CurrentVersion.targets(2437,5): warning MSB3277:             Microsoft.Threading.Tasks.Extensions.Desktop, Version=1.0.168.0, Culture=neutral, PublicKeyToken=b03f5f7f11d50a3a, processorArchitecture=MSIL [C:\Users\WilliamForney\source\repos\wforney\OpenLiveWriter\src\managed\OpenLiveWriter.BlogClient\OpenLiveWriter.BlogClient.csproj]
C:\Program Files\Microsoft Visual Studio\18\Enterprise\MSBuild\Current\Bin\Microsoft.Common.CurrentVersion.targets(2437,5): warning MSB3277:             System.Data [C:\Users\WilliamForney\source\repos\wforney\OpenLiveWriter\src\managed\OpenLiveWriter.BlogClient\OpenLiveWriter.BlogClient.csproj]
C:\Program Files\Microsoft Visual Studio\18\Enterprise\MSBuild\Current\Bin\Microsoft.Common.CurrentVersion.targets(2437,5): warning MSB3277:             Newtonsoft.Json, Version=13.0.0.0, Culture=neutral, PublicKeyToken=30ad4fe6b2a6aeed, processorArchitecture=MSIL [C:\Users\WilliamForney\source\repos\wforney\OpenLiveWriter\src\managed\OpenLiveWriter.BlogClient\OpenLiveWriter.BlogClient.csproj]
C:\Program Files\Microsoft Visual Studio\18\Enterprise\MSBuild\Current\Bin\Microsoft.Common.CurrentVersion.targets(2437,5): warning MSB3277:             Google.Apis, Version=1.39.0.0, Culture=neutral, PublicKeyToken=4b01fa6e34db77ab, processorArchitecture=MSIL [C:\Users\WilliamForney\source\repos\wforney\OpenLiveWriter\src\managed\OpenLiveWriter.BlogClient\OpenLiveWriter.BlogClient.csproj]
C:\Program Files\Microsoft Visual Studio\18\Enterprise\MSBuild\Current\Bin\Microsoft.Common.CurrentVersion.targets(2437,5): warning MSB3277:             Google.Apis.Auth, Version=1.39.0.0, Culture=neutral, PublicKeyToken=4b01fa6e34db77ab, processorArchitecture=MSIL [C:\Users\WilliamForney\source\repos\wforney\OpenLiveWriter\src\managed\OpenLiveWriter.BlogClient\OpenLiveWriter.BlogClient.csproj]
C:\Program Files\Microsoft Visual Studio\18\Enterprise\MSBuild\Current\Bin\Microsoft.Common.CurrentVersion.targets(2437,5): warning MSB3277:             Google.Apis.Auth.PlatformServices, Version=1.39.0.0, Culture=neutral, PublicKeyToken=4b01fa6e34db77ab, processorArchitecture=MSIL [C:\Users\WilliamForney\source\repos\wforney\OpenLiveWriter\src\managed\OpenLiveWriter.BlogClient\OpenLiveWriter.BlogClient.csproj]
C:\Program Files\Microsoft Visual Studio\18\Enterprise\MSBuild\Current\Bin\Microsoft.Common.CurrentVersion.targets(2437,5): warning MSB3277:             Google.Apis.Blogger.v3, Version=1.21.0.111, Culture=neutral, PublicKeyToken=4b01fa6e34db77ab, processorArchitecture=MSIL [C:\Users\WilliamForney\source\repos\wforney\OpenLiveWriter\src\managed\OpenLiveWriter.BlogClient\OpenLiveWriter.BlogClient.csproj]
C:\Program Files\Microsoft Visual Studio\18\Enterprise\MSBuild\Current\Bin\Microsoft.Common.CurrentVersion.targets(2437,5): warning MSB3277:             Google.Apis.Core, Version=1.39.0.0, Culture=neutral, PublicKeyToken=4b01fa6e34db77ab, processorArchitecture=MSIL [C:\Users\WilliamForney\source\repos\wforney\OpenLiveWriter\src\managed\OpenLiveWriter.BlogClient\OpenLiveWriter.BlogClient.csproj]
C:\Program Files\Microsoft Visual Studio\18\Enterprise\MSBuild\Current\Bin\Microsoft.Common.CurrentVersion.targets(2437,5): warning MSB3277:             Google.Apis.Drive.v3, Version=1.39.0.1566, Culture=neutral, PublicKeyToken=4b01fa6e34db77ab, processorArchitecture=MSIL [C:\Users\WilliamForney\source\repos\wforney\OpenLiveWriter\src\managed\OpenLiveWriter.BlogClient\OpenLiveWriter.BlogClient.csproj]
C:\Program Files\Microsoft Visual Studio\18\Enterprise\MSBuild\Current\Bin\Microsoft.Common.CurrentVersion.targets(2437,5): warning MSB3277:             Google.Apis.PlatformServices, Version=1.39.0.0, Culture=neutral, PublicKeyToken=4b01fa6e34db77ab, processorArchitecture=MSIL [C:\Users\WilliamForney\source\repos\wforney\OpenLiveWriter\src\managed\OpenLiveWriter.BlogClient\OpenLiveWriter.BlogClient.csproj]
C:\Program Files\Microsoft Visual Studio\18\Enterprise\MSBuild\Current\Bin\Microsoft.Common.CurrentVersion.targets(2437,5): warning MSB3277:         C:\Windows\Microsoft.Net\assembly\GAC_MSIL\System.Windows.Forms\v4.0_4.0.0.0__b77a5c561934e089\System.Windows.Forms.dll [C:\Users\WilliamForney\source\repos\wforney\OpenLiveWriter\src\managed\OpenLiveWriter.BlogClient\OpenLiveWriter.BlogClient.csproj]
C:\Program Files\Microsoft Visual Studio\18\Enterprise\MSBuild\Current\Bin\Microsoft.Common.CurrentVersion.targets(2437,5): warning MSB3277:           Project file item includes which caused reference "C:\Windows\Microsoft.Net\assembly\GAC_MSIL\System.Windows.Forms\v4.0_4.0.0.0__b77a5c561934e089\System.Windows.Forms.dll". [C:\Users\WilliamForney\source\repos\wforney\OpenLiveWriter\src\managed\OpenLiveWriter.BlogClient\OpenLiveWriter.BlogClient.csproj]
C:\Program Files\Microsoft Visual Studio\18\Enterprise\MSBuild\Current\Bin\Microsoft.Common.CurrentVersion.targets(2437,5): warning MSB3277:             System.Windows.Forms [C:\Users\WilliamForney\source\repos\wforney\OpenLiveWriter\src\managed\OpenLiveWriter.BlogClient\OpenLiveWriter.BlogClient.csproj]
C:\Program Files\Microsoft Visual Studio\18\Enterprise\MSBuild\Current\Bin\Microsoft.Common.CurrentVersion.targets(2437,5): warning MSB3277:             C:\Users\WilliamForney\source\repos\wforney\OpenLiveWriter\src\managed\bin\Debug\i386\Writer\OpenLiveWriter.Api.dll [C:\Users\WilliamForney\source\repos\wforney\OpenLiveWriter\src\managed\OpenLiveWriter.BlogClient\OpenLiveWriter.BlogClient.csproj]
C:\Program Files\Microsoft Visual Studio\18\Enterprise\MSBuild\Current\Bin\Microsoft.Common.CurrentVersion.targets(2437,5): warning MSB3277:             C:\Users\WilliamForney\source\repos\wforney\OpenLiveWriter\src\managed\bin\Debug\i386\Writer\OpenLiveWriter.BrowserControl.dll [C:\Users\WilliamForney\source\repos\wforney\OpenLiveWriter\src\managed\OpenLiveWriter.BlogClient\OpenLiveWriter.BlogClient.csproj]
C:\Program Files\Microsoft Visual Studio\18\Enterprise\MSBuild\Current\Bin\Microsoft.Common.CurrentVersion.targets(2437,5): warning MSB3277:             C:\Users\WilliamForney\source\repos\wforney\OpenLiveWriter\src\managed\bin\Debug\i386\Writer\OpenLiveWriter.Controls.dll [C:\Users\WilliamForney\source\repos\wforney\OpenLiveWriter\src\managed\OpenLiveWriter.BlogClient\OpenLiveWriter.BlogClient.csproj]
C:\Program Files\Microsoft Visual Studio\18\Enterprise\MSBuild\Current\Bin\Microsoft.Common.CurrentVersion.targets(2437,5): warning MSB3277:             C:\Users\WilliamForney\source\repos\wforney\OpenLiveWriter\src\managed\bin\Debug\i386\Writer\OpenLiveWriter.CoreServices.dll [C:\Users\WilliamForney\source\repos\wforney\OpenLiveWriter\src\managed\OpenLiveWriter.BlogClient\OpenLiveWriter.BlogClient.csproj]
C:\Program Files\Microsoft Visual Studio\18\Enterprise\MSBuild\Current\Bin\Microsoft.Common.CurrentVersion.targets(2437,5): warning MSB3277:             C:\Users\WilliamForney\source\repos\wforney\OpenLiveWriter\src\managed\bin\Debug\i386\Writer\OpenLiveWriter.Extensibility.dll [C:\Users\WilliamForney\source\repos\wforney\OpenLiveWriter\src\managed\OpenLiveWriter.BlogClient\OpenLiveWriter.BlogClient.csproj]
C:\Program Files\Microsoft Visual Studio\18\Enterprise\MSBuild\Current\Bin\Microsoft.Common.CurrentVersion.targets(2437,5): warning MSB3277:             C:\Users\WilliamForney\source\repos\wforney\OpenLiveWriter\src\managed\bin\Debug\i386\Writer\OpenLiveWriter.FileDestinations.dll [C:\Users\WilliamForney\source\repos\wforney\OpenLiveWriter\src\managed\OpenLiveWriter.BlogClient\OpenLiveWriter.BlogClient.csproj]
C:\Program Files\Microsoft Visual Studio\18\Enterprise\MSBuild\Current\Bin\Microsoft.Common.CurrentVersion.targets(2437,5): warning MSB3277:             C:\Users\WilliamForney\source\repos\wforney\OpenLiveWriter\src\managed\bin\Debug\i386\Writer\OpenLiveWriter.Interop.dll [C:\Users\WilliamForney\source\repos\wforney\OpenLiveWriter\src\managed\OpenLiveWriter.BlogClient\OpenLiveWriter.BlogClient.csproj]
C:\Program Files\Microsoft Visual Studio\18\Enterprise\MSBuild\Current\Bin\Microsoft.Common.CurrentVersion.targets(2437,5): warning MSB3277:             C:\Users\WilliamForney\source\repos\wforney\OpenLiveWriter\src\managed\bin\Debug\i386\Writer\OpenLiveWriter.Localization.dll [C:\Users\WilliamForney\source\repos\wforney\OpenLiveWriter\src\managed\OpenLiveWriter.BlogClient\OpenLiveWriter.BlogClient.csproj]
C:\Program Files\Microsoft Visual Studio\18\Enterprise\MSBuild\Current\Bin\Microsoft.Common.CurrentVersion.targets(2437,5): warning MSB3277:             C:\Users\WilliamForney\source\repos\wforney\OpenLiveWriter\src\managed\bin\Debug\i386\Writer\OpenLiveWriter.Mshtml.dll [C:\Users\WilliamForney\source\repos\wforney\OpenLiveWriter\src\managed\OpenLiveWriter.BlogClient\OpenLiveWriter.BlogClient.csproj]
C:\Program Files\Microsoft Visual Studio\18\Enterprise\MSBuild\Current\Bin\Microsoft.Common.CurrentVersion.targets(2437,5): warning MSB3277:             System.Web [C:\Users\WilliamForney\source\repos\wforney\OpenLiveWriter\src\managed\OpenLiveWriter.BlogClient\OpenLiveWriter.BlogClient.csproj]
C:\Program Files\Microsoft Visual Studio\18\Enterprise\MSBuild\Current\Bin\Microsoft.Common.CurrentVersion.targets(2437,5): warning MSB3277:             C:\Users\WilliamForney\source\repos\wforney\OpenLiveWriter\src\managed\bin\Debug\i386\Writer\OpenLiveWriter.HtmlParser.dll [C:\Users\WilliamForney\source\repos\wforney\OpenLiveWriter\src\managed\OpenLiveWriter.BlogClient\OpenLiveWriter.BlogClient.csproj]
C:\Program Files\Microsoft Visual Studio\18\Enterprise\MSBuild\Current\Bin\Microsoft.Common.CurrentVersion.targets(2437,5): warning MSB3277:             System.Web.Services [C:\Users\WilliamForney\source\repos\wforney\OpenLiveWriter\src\managed\OpenLiveWriter.BlogClient\OpenLiveWriter.BlogClient.csproj]
C:\Program Files\Microsoft Visual Studio\18\Enterprise\MSBuild\Current\Bin\Microsoft.Common.CurrentVersion.targets(2437,5): warning MSB3277:             Microsoft.Threading.Tasks.Extensions.Desktop, Version=1.0.168.0, Culture=neutral, PublicKeyToken=b03f5f7f11d50a3a, processorArchitecture=MSIL [C:\Users\WilliamForney\source\repos\wforney\OpenLiveWriter\src\managed\OpenLiveWriter.BlogClient\OpenLiveWriter.BlogClient.csproj]
C:\Program Files\Microsoft Visual Studio\18\Enterprise\MSBuild\Current\Bin\Microsoft.Common.CurrentVersion.targets(2437,5): warning MSB3277:             System.Data [C:\Users\WilliamForney\source\repos\wforney\OpenLiveWriter\src\managed\OpenLiveWriter.BlogClient\OpenLiveWriter.BlogClient.csproj]
C:\Program Files\Microsoft Visual Studio\18\Enterprise\MSBuild\Current\Bin\Microsoft.Common.CurrentVersion.targets(2437,5): warning MSB3277:             Newtonsoft.Json, Version=13.0.0.0, Culture=neutral, PublicKeyToken=30ad4fe6b2a6aeed, processorArchitecture=MSIL [C:\Users\WilliamForney\source\repos\wforney\OpenLiveWriter\src\managed\OpenLiveWriter.BlogClient\OpenLiveWriter.BlogClient.csproj]
C:\Program Files\Microsoft Visual Studio\18\Enterprise\MSBuild\Current\Bin\Microsoft.Common.CurrentVersion.targets(2437,5): warning MSB3277:             Google.Apis, Version=1.39.0.0, Culture=neutral, PublicKeyToken=4b01fa6e34db77ab, processorArchitecture=MSIL [C:\Users\WilliamForney\source\repos\wforney\OpenLiveWriter\src\managed\OpenLiveWriter.BlogClient\OpenLiveWriter.BlogClient.csproj]
C:\Program Files\Microsoft Visual Studio\18\Enterprise\MSBuild\Current\Bin\Microsoft.Common.CurrentVersion.targets(2437,5): warning MSB3277:             Google.Apis.Auth, Version=1.39.0.0, Culture=neutral, PublicKeyToken=4b01fa6e34db77ab, processorArchitecture=MSIL [C:\Users\WilliamForney\source\repos\wforney\OpenLiveWriter\src\managed\OpenLiveWriter.BlogClient\OpenLiveWriter.BlogClient.csproj]
C:\Program Files\Microsoft Visual Studio\18\Enterprise\MSBuild\Current\Bin\Microsoft.Common.CurrentVersion.targets(2437,5): warning MSB3277:             Google.Apis.Auth.PlatformServices, Version=1.39.0.0, Culture=neutral, PublicKeyToken=4b01fa6e34db77ab, processorArchitecture=MSIL [C:\Users\WilliamForney\source\repos\wforney\OpenLiveWriter\src\managed\OpenLiveWriter.BlogClient\OpenLiveWriter.BlogClient.csproj]
C:\Program Files\Microsoft Visual Studio\18\Enterprise\MSBuild\Current\Bin\Microsoft.Common.CurrentVersion.targets(2437,5): warning MSB3277:             Google.Apis.Blogger.v3, Version=1.21.0.111, Culture=neutral, PublicKeyToken=4b01fa6e34db77ab, processorArchitecture=MSIL [C:\Users\WilliamForney\source\repos\wforney\OpenLiveWriter\src\managed\OpenLiveWriter.BlogClient\OpenLiveWriter.BlogClient.csproj]
C:\Program Files\Microsoft Visual Studio\18\Enterprise\MSBuild\Current\Bin\Microsoft.Common.CurrentVersion.targets(2437,5): warning MSB3277:             Google.Apis.Core, Version=1.39.0.0, Culture=neutral, PublicKeyToken=4b01fa6e34db77ab, processorArchitecture=MSIL [C:\Users\WilliamForney\source\repos\wforney\OpenLiveWriter\src\managed\OpenLiveWriter.BlogClient\OpenLiveWriter.BlogClient.csproj]
C:\Program Files\Microsoft Visual Studio\18\Enterprise\MSBuild\Current\Bin\Microsoft.Common.CurrentVersion.targets(2437,5): warning MSB3277:             Google.Apis.Drive.v3, Version=1.39.0.1566, Culture=neutral, PublicKeyToken=4b01fa6e34db77ab, processorArchitecture=MSIL [C:\Users\WilliamForney\source\repos\wforney\OpenLiveWriter\src\managed\OpenLiveWriter.BlogClient\OpenLiveWriter.BlogClient.csproj]
C:\Program Files\Microsoft Visual Studio\18\Enterprise\MSBuild\Current\Bin\Microsoft.Common.CurrentVersion.targets(2437,5): warning MSB3277:             Google.Apis.PlatformServices, Version=1.39.0.0, Culture=neutral, PublicKeyToken=4b01fa6e34db77ab, processorArchitecture=MSIL [C:\Users\WilliamForney\source\repos\wforney\OpenLiveWriter\src\managed\OpenLiveWriter.BlogClient\OpenLiveWriter.BlogClient.csproj]
C:\Program Files\Microsoft Visual Studio\18\Enterprise\MSBuild\Current\Bin\Microsoft.Common.CurrentVersion.targets(2437,5): warning MSB3277:         C:\Users\WilliamForney\source\repos\wforney\OpenLiveWriter\src\managed\packages\YamlDotNet.6.1.1\lib\net45\YamlDotNet.dll [C:\Users\WilliamForney\source\repos\wforney\OpenLiveWriter\src\managed\OpenLiveWriter.BlogClient\OpenLiveWriter.BlogClient.csproj]
C:\Program Files\Microsoft Visual Studio\18\Enterprise\MSBuild\Current\Bin\Microsoft.Common.CurrentVersion.targets(2437,5): warning MSB3277:           Project file item includes which caused reference "C:\Users\WilliamForney\source\repos\wforney\OpenLiveWriter\src\managed\packages\YamlDotNet.6.1.1\lib\net45\YamlDotNet.dll". [C:\Users\WilliamForney\source\repos\wforney\OpenLiveWriter\src\managed\OpenLiveWriter.BlogClient\OpenLiveWriter.BlogClient.csproj]
C:\Program Files\Microsoft Visual Studio\18\Enterprise\MSBuild\Current\Bin\Microsoft.Common.CurrentVersion.targets(2437,5): warning MSB3277:             YamlDotNet, Version=6.0.0.0, Culture=neutral, PublicKeyToken=ec19458f3c15af5e, processorArchitecture=MSIL [C:\Users\WilliamForney\source\repos\wforney\OpenLiveWriter\src\managed\OpenLiveWriter.BlogClient\OpenLiveWriter.BlogClient.csproj]
C:\Program Files\Microsoft Visual Studio\18\Enterprise\MSBuild\Current\Bin\Microsoft.Common.CurrentVersion.targets(2437,5): warning MSB3277:         C:\Windows\Microsoft.Net\assembly\GAC_MSIL\System.ServiceModel\v4.0_4.0.0.0__b77a5c561934e089\System.ServiceModel.dll [C:\Users\WilliamForney\source\repos\wforney\OpenLiveWriter\src\managed\OpenLiveWriter.BlogClient\OpenLiveWriter.BlogClient.csproj]
C:\Program Files\Microsoft Visual Studio\18\Enterprise\MSBuild\Current\Bin\Microsoft.Common.CurrentVersion.targets(2437,5): warning MSB3277:           Project file item includes which caused reference "C:\Windows\Microsoft.Net\assembly\GAC_MSIL\System.ServiceModel\v4.0_4.0.0.0__b77a5c561934e089\System.ServiceModel.dll". [C:\Users\WilliamForney\source\repos\wforney\OpenLiveWriter\src\managed\OpenLiveWriter.BlogClient\OpenLiveWriter.BlogClient.csproj]
C:\Program Files\Microsoft Visual Studio\18\Enterprise\MSBuild\Current\Bin\Microsoft.Common.CurrentVersion.targets(2437,5): warning MSB3277:             Microsoft.Threading.Tasks.Extensions.Desktop, Version=1.0.168.0, Culture=neutral, PublicKeyToken=b03f5f7f11d50a3a, processorArchitecture=MSIL [C:\Users\WilliamForney\source\repos\wforney\OpenLiveWriter\src\managed\OpenLiveWriter.BlogClient\OpenLiveWriter.BlogClient.csproj]
C:\Program Files\Microsoft Visual Studio\18\Enterprise\MSBuild\Current\Bin\Microsoft.Common.CurrentVersion.targets(2437,5): warning MSB3277:         C:\Windows\Microsoft.Net\assembly\GAC_MSIL\System.Xml.Linq\v4.0_4.0.0.0__b77a5c561934e089\System.Xml.Linq.dll [C:\Users\WilliamForney\source\repos\wforney\OpenLiveWriter\src\managed\OpenLiveWriter.BlogClient\OpenLiveWriter.BlogClient.csproj]
C:\Program Files\Microsoft Visual Studio\18\Enterprise\MSBuild\Current\Bin\Microsoft.Common.CurrentVersion.targets(2437,5): warning MSB3277:           Project file item includes which caused reference "C:\Windows\Microsoft.Net\assembly\GAC_MSIL\System.Xml.Linq\v4.0_4.0.0.0__b77a5c561934e089\System.Xml.Linq.dll". [C:\Users\WilliamForney\source\repos\wforney\OpenLiveWriter\src\managed\OpenLiveWriter.BlogClient\OpenLiveWriter.BlogClient.csproj]
C:\Program Files\Microsoft Visual Studio\18\Enterprise\MSBuild\Current\Bin\Microsoft.Common.CurrentVersion.targets(2437,5): warning MSB3277:             Newtonsoft.Json, Version=13.0.0.0, Culture=neutral, PublicKeyToken=30ad4fe6b2a6aeed, processorArchitecture=MSIL [C:\Users\WilliamForney\source\repos\wforney\OpenLiveWriter\src\managed\OpenLiveWriter.BlogClient\OpenLiveWriter.BlogClient.csproj]
C:\Program Files\Microsoft Visual Studio\18\Enterprise\MSBuild\Current\Bin\Microsoft.Common.CurrentVersion.targets(2437,5): warning MSB3277:             Google.Apis, Version=1.39.0.0, Culture=neutral, PublicKeyToken=4b01fa6e34db77ab, processorArchitecture=MSIL [C:\Users\WilliamForney\source\repos\wforney\OpenLiveWriter\src\managed\OpenLiveWriter.BlogClient\OpenLiveWriter.BlogClient.csproj]
C:\Program Files\Microsoft Visual Studio\18\Enterprise\MSBuild\Current\Bin\Microsoft.Common.CurrentVersion.targets(2437,5): warning MSB3277:             Google.Apis.Auth, Version=1.39.0.0, Culture=neutral, PublicKeyToken=4b01fa6e34db77ab, processorArchitecture=MSIL [C:\Users\WilliamForney\source\repos\wforney\OpenLiveWriter\src\managed\OpenLiveWriter.BlogClient\OpenLiveWriter.BlogClient.csproj]
C:\Program Files\Microsoft Visual Studio\18\Enterprise\MSBuild\Current\Bin\Microsoft.Common.CurrentVersion.targets(2437,5): warning MSB3277:             Google.Apis.Auth.PlatformServices, Version=1.39.0.0, Culture=neutral, PublicKeyToken=4b01fa6e34db77ab, processorArchitecture=MSIL [C:\Users\WilliamForney\source\repos\wforney\OpenLiveWriter\src\managed\OpenLiveWriter.BlogClient\OpenLiveWriter.BlogClient.csproj]
C:\Program Files\Microsoft Visual Studio\18\Enterprise\MSBuild\Current\Bin\Microsoft.Common.CurrentVersion.targets(2437,5): warning MSB3277:             Google.Apis.Blogger.v3, Version=1.21.0.111, Culture=neutral, PublicKeyToken=4b01fa6e34db77ab, processorArchitecture=MSIL [C:\Users\WilliamForney\source\repos\wforney\OpenLiveWriter\src\managed\OpenLiveWriter.BlogClient\OpenLiveWriter.BlogClient.csproj]
C:\Program Files\Microsoft Visual Studio\18\Enterprise\MSBuild\Current\Bin\Microsoft.Common.CurrentVersion.targets(2437,5): warning MSB3277:             Google.Apis.Core, Version=1.39.0.0, Culture=neutral, PublicKeyToken=4b01fa6e34db77ab, processorArchitecture=MSIL [C:\Users\WilliamForney\source\repos\wforney\OpenLiveWriter\src\managed\OpenLiveWriter.BlogClient\OpenLiveWriter.BlogClient.csproj]
C:\Program Files\Microsoft Visual Studio\18\Enterprise\MSBuild\Current\Bin\Microsoft.Common.CurrentVersion.targets(2437,5): warning MSB3277:             Google.Apis.Drive.v3, Version=1.39.0.1566, Culture=neutral, PublicKeyToken=4b01fa6e34db77ab, processorArchitecture=MSIL [C:\Users\WilliamForney\source\repos\wforney\OpenLiveWriter\src\managed\OpenLiveWriter.BlogClient\OpenLiveWriter.BlogClient.csproj]
C:\Program Files\Microsoft Visual Studio\18\Enterprise\MSBuild\Current\Bin\Microsoft.Common.CurrentVersion.targets(2437,5): warning MSB3277:             Google.Apis.PlatformServices, Version=1.39.0.0, Culture=neutral, PublicKeyToken=4b01fa6e34db77ab, processorArchitecture=MSIL [C:\Users\WilliamForney\source\repos\wforney\OpenLiveWriter\src\managed\OpenLiveWriter.BlogClient\OpenLiveWriter.BlogClient.csproj]
C:\Program Files\Microsoft Visual Studio\18\Enterprise\MSBuild\Current\Bin\Microsoft.Common.CurrentVersion.targets(2437,5): warning MSB3277:             Microsoft.Threading.Tasks.Extensions.Desktop, Version=1.0.168.0, Culture=neutral, PublicKeyToken=b03f5f7f11d50a3a, processorArchitecture=MSIL [C:\Users\WilliamForney\source\repos\wforney\OpenLiveWriter\src\managed\OpenLiveWriter.BlogClient\OpenLiveWriter.BlogClient.csproj]
C:\Program Files\Microsoft Visual Studio\18\Enterprise\MSBuild\Current\Bin\Microsoft.Common.CurrentVersion.targets(2437,5): warning MSB3277:         C:\Windows\Microsoft.Net\assembly\GAC_MSIL\System.Configuration\v4.0_4.0.0.0__b03f5f7f11d50a3a\System.Configuration.dll [C:\Users\WilliamForney\source\repos\wforney\OpenLiveWriter\src\managed\OpenLiveWriter.BlogClient\OpenLiveWriter.BlogClient.csproj]
C:\Program Files\Microsoft Visual Studio\18\Enterprise\MSBuild\Current\Bin\Microsoft.Common.CurrentVersion.targets(2437,5): warning MSB3277:           Project file item includes which caused reference "C:\Windows\Microsoft.Net\assembly\GAC_MSIL\System.Configuration\v4.0_4.0.0.0__b03f5f7f11d50a3a\System.Configuration.dll". [C:\Users\WilliamForney\source\repos\wforney\OpenLiveWriter\src\managed\OpenLiveWriter.BlogClient\OpenLiveWriter.BlogClient.csproj]
C:\Program Files\Microsoft Visual Studio\18\Enterprise\MSBuild\Current\Bin\Microsoft.Common.CurrentVersion.targets(2437,5): warning MSB3277:             System [C:\Users\WilliamForney\source\repos\wforney\OpenLiveWriter\src\managed\OpenLiveWriter.BlogClient\OpenLiveWriter.BlogClient.csproj]
C:\Program Files\Microsoft Visual Studio\18\Enterprise\MSBuild\Current\Bin\Microsoft.Common.CurrentVersion.targets(2437,5): warning MSB3277:             C:\Users\WilliamForney\source\repos\wforney\OpenLiveWriter\src\managed\bin\Debug\i386\Writer\OpenLiveWriter.Api.dll [C:\Users\WilliamForney\source\repos\wforney\OpenLiveWriter\src\managed\OpenLiveWriter.BlogClient\OpenLiveWriter.BlogClient.csproj]
C:\Program Files\Microsoft Visual Studio\18\Enterprise\MSBuild\Current\Bin\Microsoft.Common.CurrentVersion.targets(2437,5): warning MSB3277:             C:\Users\WilliamForney\source\repos\wforney\OpenLiveWriter\src\managed\bin\Debug\i386\Writer\OpenLiveWriter.BrowserControl.dll [C:\Users\WilliamForney\source\repos\wforney\OpenLiveWriter\src\managed\OpenLiveWriter.BlogClient\OpenLiveWriter.BlogClient.csproj]
C:\Program Files\Microsoft Visual Studio\18\Enterprise\MSBuild\Current\Bin\Microsoft.Common.CurrentVersion.targets(2437,5): warning MSB3277:             C:\Users\WilliamForney\source\repos\wforney\OpenLiveWriter\src\managed\bin\Debug\i386\Writer\OpenLiveWriter.Controls.dll [C:\Users\WilliamForney\source\repos\wforney\OpenLiveWriter\src\managed\OpenLiveWriter.BlogClient\OpenLiveWriter.BlogClient.csproj]
C:\Program Files\Microsoft Visual Studio\18\Enterprise\MSBuild\Current\Bin\Microsoft.Common.CurrentVersion.targets(2437,5): warning MSB3277:             C:\Users\WilliamForney\source\repos\wforney\OpenLiveWriter\src\managed\bin\Debug\i386\Writer\OpenLiveWriter.CoreServices.dll [C:\Users\WilliamForney\source\repos\wforney\OpenLiveWriter\src\managed\OpenLiveWriter.BlogClient\OpenLiveWriter.BlogClient.csproj]
C:\Program Files\Microsoft Visual Studio\18\Enterprise\MSBuild\Current\Bin\Microsoft.Common.CurrentVersion.targets(2437,5): warning MSB3277:             C:\Users\WilliamForney\source\repos\wforney\OpenLiveWriter\src\managed\bin\Debug\i386\Writer\OpenLiveWriter.Extensibility.dll [C:\Users\WilliamForney\source\repos\wforney\OpenLiveWriter\src\managed\OpenLiveWriter.BlogClient\OpenLiveWriter.BlogClient.csproj]
C:\Program Files\Microsoft Visual Studio\18\Enterprise\MSBuild\Current\Bin\Microsoft.Common.CurrentVersion.targets(2437,5): warning MSB3277:             C:\Users\WilliamForney\source\repos\wforney\OpenLiveWriter\src\managed\bin\Debug\i386\Writer\OpenLiveWriter.FileDestinations.dll [C:\Users\WilliamForney\source\repos\wforney\OpenLiveWriter\src\managed\OpenLiveWriter.BlogClient\OpenLiveWriter.BlogClient.csproj]
C:\Program Files\Microsoft Visual Studio\18\Enterprise\MSBuild\Current\Bin\Microsoft.Common.CurrentVersion.targets(2437,5): warning MSB3277:             C:\Users\WilliamForney\source\repos\wforney\OpenLiveWriter\src\managed\bin\Debug\i386\Writer\OpenLiveWriter.HtmlParser.dll [C:\Users\WilliamForney\source\repos\wforney\OpenLiveWriter\src\managed\OpenLiveWriter.BlogClient\OpenLiveWriter.BlogClient.csproj]
C:\Program Files\Microsoft Visual Studio\18\Enterprise\MSBuild\Current\Bin\Microsoft.Common.CurrentVersion.targets(2437,5): warning MSB3277:             C:\Users\WilliamForney\source\repos\wforney\OpenLiveWriter\src\managed\bin\Debug\i386\Writer\OpenLiveWriter.Interop.dll [C:\Users\WilliamForney\source\repos\wforney\OpenLiveWriter\src\managed\OpenLiveWriter.BlogClient\OpenLiveWriter.BlogClient.csproj]
C:\Program Files\Microsoft Visual Studio\18\Enterprise\MSBuild\Current\Bin\Microsoft.Common.CurrentVersion.targets(2437,5): warning MSB3277:             C:\Users\WilliamForney\source\repos\wforney\OpenLiveWriter\src\managed\bin\Debug\i386\Writer\OpenLiveWriter.Localization.dll [C:\Users\WilliamForney\source\repos\wforney\OpenLiveWriter\src\managed\OpenLiveWriter.BlogClient\OpenLiveWriter.BlogClient.csproj]
C:\Program Files\Microsoft Visual Studio\18\Enterprise\MSBuild\Current\Bin\Microsoft.Common.CurrentVersion.targets(2437,5): warning MSB3277:             C:\Users\WilliamForney\source\repos\wforney\OpenLiveWriter\src\managed\bin\Debug\i386\Writer\OpenLiveWriter.Mshtml.dll [C:\Users\WilliamForney\source\repos\wforney\OpenLiveWriter\src\managed\OpenLiveWriter.BlogClient\OpenLiveWriter.BlogClient.csproj]
C:\Program Files\Microsoft Visual Studio\18\Enterprise\MSBuild\Current\Bin\Microsoft.Common.CurrentVersion.targets(2437,5): warning MSB3277:             Google.Apis, Version=1.39.0.0, Culture=neutral, PublicKeyToken=4b01fa6e34db77ab, processorArchitecture=MSIL [C:\Users\WilliamForney\source\repos\wforney\OpenLiveWriter\src\managed\OpenLiveWriter.BlogClient\OpenLiveWriter.BlogClient.csproj]
C:\Program Files\Microsoft Visual Studio\18\Enterprise\MSBuild\Current\Bin\Microsoft.Common.CurrentVersion.targets(2437,5): warning MSB3277:             Google.Apis.Auth, Version=1.39.0.0, Culture=neutral, PublicKeyToken=4b01fa6e34db77ab, processorArchitecture=MSIL [C:\Users\WilliamForney\source\repos\wforney\OpenLiveWriter\src\managed\OpenLiveWriter.BlogClient\OpenLiveWriter.BlogClient.csproj]
C:\Program Files\Microsoft Visual Studio\18\Enterprise\MSBuild\Current\Bin\Microsoft.Common.CurrentVersion.targets(2437,5): warning MSB3277:             Google.Apis.Auth.PlatformServices, Version=1.39.0.0, Culture=neutral, PublicKeyToken=4b01fa6e34db77ab, processorArchitecture=MSIL [C:\Users\WilliamForney\source\repos\wforney\OpenLiveWriter\src\managed\OpenLiveWriter.BlogClient\OpenLiveWriter.BlogClient.csproj]
C:\Program Files\Microsoft Visual Studio\18\Enterprise\MSBuild\Current\Bin\Microsoft.Common.CurrentVersion.targets(2437,5): warning MSB3277:             Google.Apis.Blogger.v3, Version=1.21.0.111, Culture=neutral, PublicKeyToken=4b01fa6e34db77ab, processorArchitecture=MSIL [C:\Users\WilliamForney\source\repos\wforney\OpenLiveWriter\src\managed\OpenLiveWriter.BlogClient\OpenLiveWriter.BlogClient.csproj]
C:\Program Files\Microsoft Visual Studio\18\Enterprise\MSBuild\Current\Bin\Microsoft.Common.CurrentVersion.targets(2437,5): warning MSB3277:             Google.Apis.Core, Version=1.39.0.0, Culture=neutral, PublicKeyToken=4b01fa6e34db77ab, processorArchitecture=MSIL [C:\Users\WilliamForney\source\repos\wforney\OpenLiveWriter\src\managed\OpenLiveWriter.BlogClient\OpenLiveWriter.BlogClient.csproj]
C:\Program Files\Microsoft Visual Studio\18\Enterprise\MSBuild\Current\Bin\Microsoft.Common.CurrentVersion.targets(2437,5): warning MSB3277:             Google.Apis.Drive.v3, Version=1.39.0.1566, Culture=neutral, PublicKeyToken=4b01fa6e34db77ab, processorArchitecture=MSIL [C:\Users\WilliamForney\source\repos\wforney\OpenLiveWriter\src\managed\OpenLiveWriter.BlogClient\OpenLiveWriter.BlogClient.csproj]
C:\Program Files\Microsoft Visual Studio\18\Enterprise\MSBuild\Current\Bin\Microsoft.Common.CurrentVersion.targets(2437,5): warning MSB3277:             Google.Apis.PlatformServices, Version=1.39.0.0, Culture=neutral, PublicKeyToken=4b01fa6e34db77ab, processorArchitecture=MSIL [C:\Users\WilliamForney\source\repos\wforney\OpenLiveWriter\src\managed\OpenLiveWriter.BlogClient\OpenLiveWriter.BlogClient.csproj]
C:\Program Files\Microsoft Visual Studio\18\Enterprise\MSBuild\Current\Bin\Microsoft.Common.CurrentVersion.targets(2437,5): warning MSB3277:             Microsoft.Threading.Tasks.Extensions.Desktop, Version=1.0.168.0, Culture=neutral, PublicKeyToken=b03f5f7f11d50a3a, processorArchitecture=MSIL [C:\Users\WilliamForney\source\repos\wforney\OpenLiveWriter\src\managed\OpenLiveWriter.BlogClient\OpenLiveWriter.BlogClient.csproj]
C:\Program Files\Microsoft Visual Studio\18\Enterprise\MSBuild\Current\Bin\Microsoft.Common.CurrentVersion.targets(2437,5): warning MSB3277:             Newtonsoft.Json, Version=13.0.0.0, Culture=neutral, PublicKeyToken=30ad4fe6b2a6aeed, processorArchitecture=MSIL [C:\Users\WilliamForney\source\repos\wforney\OpenLiveWriter\src\managed\OpenLiveWriter.BlogClient\OpenLiveWriter.BlogClient.csproj]
C:\Program Files\Microsoft Visual Studio\18\Enterprise\MSBuild\Current\Bin\Microsoft.Common.CurrentVersion.targets(2437,5): warning MSB3277:             System.Data [C:\Users\WilliamForney\source\repos\wforney\OpenLiveWriter\src\managed\OpenLiveWriter.BlogClient\OpenLiveWriter.BlogClient.csproj]
C:\Program Files\Microsoft Visual Studio\18\Enterprise\MSBuild\Current\Bin\Microsoft.Common.CurrentVersion.targets(2437,5): warning MSB3277:             System.Drawing [C:\Users\WilliamForney\source\repos\wforney\OpenLiveWriter\src\managed\OpenLiveWriter.BlogClient\OpenLiveWriter.BlogClient.csproj]
C:\Program Files\Microsoft Visual Studio\18\Enterprise\MSBuild\Current\Bin\Microsoft.Common.CurrentVersion.targets(2437,5): warning MSB3277:             System.Net.Http [C:\Users\WilliamForney\source\repos\wforney\OpenLiveWriter\src\managed\OpenLiveWriter.BlogClient\OpenLiveWriter.BlogClient.csproj]
C:\Program Files\Microsoft Visual Studio\18\Enterprise\MSBuild\Current\Bin\Microsoft.Common.CurrentVersion.targets(2437,5): warning MSB3277:             System.Net.Http.WebRequest [C:\Users\WilliamForney\source\repos\wforney\OpenLiveWriter\src\managed\OpenLiveWriter.BlogClient\OpenLiveWriter.BlogClient.csproj]
C:\Program Files\Microsoft Visual Studio\18\Enterprise\MSBuild\Current\Bin\Microsoft.Common.CurrentVersion.targets(2437,5): warning MSB3277:             System.Web [C:\Users\WilliamForney\source\repos\wforney\OpenLiveWriter\src\managed\OpenLiveWriter.BlogClient\OpenLiveWriter.BlogClient.csproj]
C:\Program Files\Microsoft Visual Studio\18\Enterprise\MSBuild\Current\Bin\Microsoft.Common.CurrentVersion.targets(2437,5): warning MSB3277:             System.Web.Services [C:\Users\WilliamForney\source\repos\wforney\OpenLiveWriter\src\managed\OpenLiveWriter.BlogClient\OpenLiveWriter.BlogClient.csproj]
C:\Program Files\Microsoft Visual Studio\18\Enterprise\MSBuild\Current\Bin\Microsoft.Common.CurrentVersion.targets(2437,5): warning MSB3277:             System.Windows.Forms [C:\Users\WilliamForney\source\repos\wforney\OpenLiveWriter\src\managed\OpenLiveWriter.BlogClient\OpenLiveWriter.BlogClient.csproj]
C:\Program Files\Microsoft Visual Studio\18\Enterprise\MSBuild\Current\Bin\Microsoft.Common.CurrentVersion.targets(2437,5): warning MSB3277:             System.Xml [C:\Users\WilliamForney\source\repos\wforney\OpenLiveWriter\src\managed\OpenLiveWriter.BlogClient\OpenLiveWriter.BlogClient.csproj]
C:\Program Files\Microsoft Visual Studio\18\Enterprise\MSBuild\Current\Bin\Microsoft.Common.CurrentVersion.targets(2437,5): warning MSB3277:             YamlDotNet, Version=6.0.0.0, Culture=neutral, PublicKeyToken=ec19458f3c15af5e, processorArchitecture=MSIL [C:\Users\WilliamForney\source\repos\wforney\OpenLiveWriter\src\managed\OpenLiveWriter.BlogClient\OpenLiveWriter.BlogClient.csproj]
C:\Program Files\Microsoft Visual Studio\18\Enterprise\MSBuild\Current\Bin\Microsoft.Common.CurrentVersion.targets(2437,5): warning MSB3277:             System.Net.Http.Primitives, Version=4.2.29.0, Culture=neutral, PublicKeyToken=b03f5f7f11d50a3a, processorArchitecture=MSIL [C:\Users\WilliamForney\source\repos\wforney\OpenLiveWriter\src\managed\OpenLiveWriter.BlogClient\OpenLiveWriter.BlogClient.csproj]
C:\Program Files\Microsoft Visual Studio\18\Enterprise\MSBuild\Current\Bin\Microsoft.Common.CurrentVersion.targets(2437,5): warning MSB3277:         C:\Windows\Microsoft.Net\assembly\GAC_MSIL\System.Runtime\v4.0_4.0.0.0__b03f5f7f11d50a3a\System.Runtime.dll [C:\Users\WilliamForney\source\repos\wforney\OpenLiveWriter\src\managed\OpenLiveWriter.BlogClient\OpenLiveWriter.BlogClient.csproj]
C:\Program Files\Microsoft Visual Studio\18\Enterprise\MSBuild\Current\Bin\Microsoft.Common.CurrentVersion.targets(2437,5): warning MSB3277:           Project file item includes which caused reference "C:\Windows\Microsoft.Net\assembly\GAC_MSIL\System.Runtime\v4.0_4.0.0.0__b03f5f7f11d50a3a\System.Runtime.dll". [C:\Users\WilliamForney\source\repos\wforney\OpenLiveWriter\src\managed\OpenLiveWriter.BlogClient\OpenLiveWriter.BlogClient.csproj]
C:\Program Files\Microsoft Visual Studio\18\Enterprise\MSBuild\Current\Bin\Microsoft.Common.CurrentVersion.targets(2437,5): warning MSB3277:             System.Net.Http.Primitives, Version=4.2.29.0, Culture=neutral, PublicKeyToken=b03f5f7f11d50a3a, processorArchitecture=MSIL [C:\Users\WilliamForney\source\repos\wforney\OpenLiveWriter\src\managed\OpenLiveWriter.BlogClient\OpenLiveWriter.BlogClient.csproj]
C:\Program Files\Microsoft Visual Studio\18\Enterprise\MSBuild\Current\Bin\Microsoft.Common.CurrentVersion.targets(2437,5): warning MSB3277:         C:\Windows\Microsoft.Net\assembly\GAC_MSIL\System.Runtime.InteropServices\v4.0_4.0.0.0__b03f5f7f11d50a3a\System.Runtime.InteropServices.dll [C:\Users\WilliamForney\source\repos\wforney\OpenLiveWriter\src\managed\OpenLiveWriter.BlogClient\OpenLiveWriter.BlogClient.csproj]
C:\Program Files\Microsoft Visual Studio\18\Enterprise\MSBuild\Current\Bin\Microsoft.Common.CurrentVersion.targets(2437,5): warning MSB3277:           Project file item includes which caused reference "C:\Windows\Microsoft.Net\assembly\GAC_MSIL\System.Runtime.InteropServices\v4.0_4.0.0.0__b03f5f7f11d50a3a\System.Runtime.InteropServices.dll". [C:\Users\WilliamForney\source\repos\wforney\OpenLiveWriter\src\managed\OpenLiveWriter.BlogClient\OpenLiveWriter.BlogClient.csproj]
C:\Program Files\Microsoft Visual Studio\18\Enterprise\MSBuild\Current\Bin\Microsoft.Common.CurrentVersion.targets(2437,5): warning MSB3277:             System.Net.Http.Primitives, Version=4.2.29.0, Culture=neutral, PublicKeyToken=b03f5f7f11d50a3a, processorArchitecture=MSIL [C:\Users\WilliamForney\source\repos\wforney\OpenLiveWriter\src\managed\OpenLiveWriter.BlogClient\OpenLiveWriter.BlogClient.csproj]
C:\Program Files\Microsoft Visual Studio\18\Enterprise\MSBuild\Current\Bin\Microsoft.Common.CurrentVersion.targets(2437,5): warning MSB3277:         C:\Windows\Microsoft.Net\assembly\GAC_MSIL\System.Design\v4.0_4.0.0.0__b03f5f7f11d50a3a\System.Design.dll [C:\Users\WilliamForney\source\repos\wforney\OpenLiveWriter\src\managed\OpenLiveWriter.BlogClient\OpenLiveWriter.BlogClient.csproj]
C:\Program Files\Microsoft Visual Studio\18\Enterprise\MSBuild\Current\Bin\Microsoft.Common.CurrentVersion.targets(2437,5): warning MSB3277:           Project file item includes which caused reference "C:\Windows\Microsoft.Net\assembly\GAC_MSIL\System.Design\v4.0_4.0.0.0__b03f5f7f11d50a3a\System.Design.dll". [C:\Users\WilliamForney\source\repos\wforney\OpenLiveWriter\src\managed\OpenLiveWriter.BlogClient\OpenLiveWriter.BlogClient.csproj]
C:\Program Files\Microsoft Visual Studio\18\Enterprise\MSBuild\Current\Bin\Microsoft.Common.CurrentVersion.targets(2437,5): warning MSB3277:             System.Web [C:\Users\WilliamForney\source\repos\wforney\OpenLiveWriter\src\managed\OpenLiveWriter.BlogClient\OpenLiveWriter.BlogClient.csproj]
C:\Program Files\Microsoft Visual Studio\18\Enterprise\MSBuild\Current\Bin\Microsoft.Common.CurrentVersion.targets(2437,5): warning MSB3277:             C:\Users\WilliamForney\source\repos\wforney\OpenLiveWriter\src\managed\bin\Debug\i386\Writer\OpenLiveWriter.CoreServices.dll [C:\Users\WilliamForney\source\repos\wforney\OpenLiveWriter\src\managed\OpenLiveWriter.BlogClient\OpenLiveWriter.BlogClient.csproj]
C:\Program Files\Microsoft Visual Studio\18\Enterprise\MSBuild\Current\Bin\Microsoft.Common.CurrentVersion.targets(2437,5): warning MSB3277:             C:\Users\WilliamForney\source\repos\wforney\OpenLiveWriter\src\managed\bin\Debug\i386\Writer\OpenLiveWriter.Api.dll [C:\Users\WilliamForney\source\repos\wforney\OpenLiveWriter\src\managed\OpenLiveWriter.BlogClient\OpenLiveWriter.BlogClient.csproj]
C:\Program Files\Microsoft Visual Studio\18\Enterprise\MSBuild\Current\Bin\Microsoft.Common.CurrentVersion.targets(2437,5): warning MSB3277:             C:\Users\WilliamForney\source\repos\wforney\OpenLiveWriter\src\managed\bin\Debug\i386\Writer\OpenLiveWriter.Controls.dll [C:\Users\WilliamForney\source\repos\wforney\OpenLiveWriter\src\managed\OpenLiveWriter.BlogClient\OpenLiveWriter.BlogClient.csproj]
C:\Program Files\Microsoft Visual Studio\18\Enterprise\MSBuild\Current\Bin\Microsoft.Common.CurrentVersion.targets(2437,5): warning MSB3277:             C:\Users\WilliamForney\source\repos\wforney\OpenLiveWriter\src\managed\bin\Debug\i386\Writer\OpenLiveWriter.Extensibility.dll [C:\Users\WilliamForney\source\repos\wforney\OpenLiveWriter\src\managed\OpenLiveWriter.BlogClient\OpenLiveWriter.BlogClient.csproj]
C:\Program Files\Microsoft Visual Studio\18\Enterprise\MSBuild\Current\Bin\Microsoft.Common.CurrentVersion.targets(2437,5): warning MSB3277:             C:\Users\WilliamForney\source\repos\wforney\OpenLiveWriter\src\managed\bin\Debug\i386\Writer\OpenLiveWriter.FileDestinations.dll [C:\Users\WilliamForney\source\repos\wforney\OpenLiveWriter\src\managed\OpenLiveWriter.BlogClient\OpenLiveWriter.BlogClient.csproj]
C:\Program Files\Microsoft Visual Studio\18\Enterprise\MSBuild\Current\Bin\Microsoft.Common.CurrentVersion.targets(2437,5): warning MSB3277:             C:\Users\WilliamForney\source\repos\wforney\OpenLiveWriter\src\managed\bin\Debug\i386\Writer\OpenLiveWriter.HtmlParser.dll [C:\Users\WilliamForney\source\repos\wforney\OpenLiveWriter\src\managed\OpenLiveWriter.BlogClient\OpenLiveWriter.BlogClient.csproj]
C:\Program Files\Microsoft Visual Studio\18\Enterprise\MSBuild\Current\Bin\Microsoft.Common.CurrentVersion.targets(2437,5): warning MSB3277:             C:\Users\WilliamForney\source\repos\wforney\OpenLiveWriter\src\managed\bin\Debug\i386\Writer\OpenLiveWriter.Mshtml.dll [C:\Users\WilliamForney\source\repos\wforney\OpenLiveWriter\src\managed\OpenLiveWriter.BlogClient\OpenLiveWriter.BlogClient.csproj]
C:\Program Files\Microsoft Visual Studio\18\Enterprise\MSBuild\Current\Bin\Microsoft.Common.CurrentVersion.targets(2437,5): warning MSB3277:             System.Web.Services [C:\Users\WilliamForney\source\repos\wforney\OpenLiveWriter\src\managed\OpenLiveWriter.BlogClient\OpenLiveWriter.BlogClient.csproj]
C:\Program Files\Microsoft Visual Studio\18\Enterprise\MSBuild\Current\Bin\Microsoft.Common.CurrentVersion.targets(2437,5): warning MSB3277:             Microsoft.Threading.Tasks.Extensions.Desktop, Version=1.0.168.0, Culture=neutral, PublicKeyToken=b03f5f7f11d50a3a, processorArchitecture=MSIL [C:\Users\WilliamForney\source\repos\wforney\OpenLiveWriter\src\managed\OpenLiveWriter.BlogClient\OpenLiveWriter.BlogClient.csproj]
C:\Program Files\Microsoft Visual Studio\18\Enterprise\MSBuild\Current\Bin\Microsoft.Common.CurrentVersion.targets(2437,5): warning MSB3277:             System.Data [C:\Users\WilliamForney\source\repos\wforney\OpenLiveWriter\src\managed\OpenLiveWriter.BlogClient\OpenLiveWriter.BlogClient.csproj]
C:\Program Files\Microsoft Visual Studio\18\Enterprise\MSBuild\Current\Bin\Microsoft.Common.CurrentVersion.targets(2437,5): warning MSB3277:             Newtonsoft.Json, Version=13.0.0.0, Culture=neutral, PublicKeyToken=30ad4fe6b2a6aeed, processorArchitecture=MSIL [C:\Users\WilliamForney\source\repos\wforney\OpenLiveWriter\src\managed\OpenLiveWriter.BlogClient\OpenLiveWriter.BlogClient.csproj]
C:\Program Files\Microsoft Visual Studio\18\Enterprise\MSBuild\Current\Bin\Microsoft.Common.CurrentVersion.targets(2437,5): warning MSB3277:             Google.Apis, Version=1.39.0.0, Culture=neutral, PublicKeyToken=4b01fa6e34db77ab, processorArchitecture=MSIL [C:\Users\WilliamForney\source\repos\wforney\OpenLiveWriter\src\managed\OpenLiveWriter.BlogClient\OpenLiveWriter.BlogClient.csproj]
C:\Program Files\Microsoft Visual Studio\18\Enterprise\MSBuild\Current\Bin\Microsoft.Common.CurrentVersion.targets(2437,5): warning MSB3277:             Google.Apis.Auth, Version=1.39.0.0, Culture=neutral, PublicKeyToken=4b01fa6e34db77ab, processorArchitecture=MSIL [C:\Users\WilliamForney\source\repos\wforney\OpenLiveWriter\src\managed\OpenLiveWriter.BlogClient\OpenLiveWriter.BlogClient.csproj]
C:\Program Files\Microsoft Visual Studio\18\Enterprise\MSBuild\Current\Bin\Microsoft.Common.CurrentVersion.targets(2437,5): warning MSB3277:             Google.Apis.Auth.PlatformServices, Version=1.39.0.0, Culture=neutral, PublicKeyToken=4b01fa6e34db77ab, processorArchitecture=MSIL [C:\Users\WilliamForney\source\repos\wforney\OpenLiveWriter\src\managed\OpenLiveWriter.BlogClient\OpenLiveWriter.BlogClient.csproj]
C:\Program Files\Microsoft Visual Studio\18\Enterprise\MSBuild\Current\Bin\Microsoft.Common.CurrentVersion.targets(2437,5): warning MSB3277:             Google.Apis.Blogger.v3, Version=1.21.0.111, Culture=neutral, PublicKeyToken=4b01fa6e34db77ab, processorArchitecture=MSIL [C:\Users\WilliamForney\source\repos\wforney\OpenLiveWriter\src\managed\OpenLiveWriter.BlogClient\OpenLiveWriter.BlogClient.csproj]
C:\Program Files\Microsoft Visual Studio\18\Enterprise\MSBuild\Current\Bin\Microsoft.Common.CurrentVersion.targets(2437,5): warning MSB3277:             Google.Apis.Core, Version=1.39.0.0, Culture=neutral, PublicKeyToken=4b01fa6e34db77ab, processorArchitecture=MSIL [C:\Users\WilliamForney\source\repos\wforney\OpenLiveWriter\src\managed\OpenLiveWriter.BlogClient\OpenLiveWriter.BlogClient.csproj]
C:\Program Files\Microsoft Visual Studio\18\Enterprise\MSBuild\Current\Bin\Microsoft.Common.CurrentVersion.targets(2437,5): warning MSB3277:             Google.Apis.Drive.v3, Version=1.39.0.1566, Culture=neutral, PublicKeyToken=4b01fa6e34db77ab, processorArchitecture=MSIL [C:\Users\WilliamForney\source\repos\wforney\OpenLiveWriter\src\managed\OpenLiveWriter.BlogClient\OpenLiveWriter.BlogClient.csproj]
C:\Program Files\Microsoft Visual Studio\18\Enterprise\MSBuild\Current\Bin\Microsoft.Common.CurrentVersion.targets(2437,5): warning MSB3277:             Google.Apis.PlatformServices, Version=1.39.0.0, Culture=neutral, PublicKeyToken=4b01fa6e34db77ab, processorArchitecture=MSIL [C:\Users\WilliamForney\source\repos\wforney\OpenLiveWriter\src\managed\OpenLiveWriter.BlogClient\OpenLiveWriter.BlogClient.csproj]
C:\Program Files\Microsoft Visual Studio\18\Enterprise\MSBuild\Current\Bin\Microsoft.Common.CurrentVersion.targets(2437,5): warning MSB3277:         C:\Windows\Microsoft.Net\assembly\GAC_MSIL\System.ComponentModel.DataAnnotations\v4.0_4.0.0.0__31bf3856ad364e35\System.ComponentModel.DataAnnotations.dll [C:\Users\WilliamForney\source\repos\wforney\OpenLiveWriter\src\managed\OpenLiveWriter.BlogClient\OpenLiveWriter.BlogClient.csproj]
C:\Program Files\Microsoft Visual Studio\18\Enterprise\MSBuild\Current\Bin\Microsoft.Common.CurrentVersion.targets(2437,5): warning MSB3277:           Project file item includes which caused reference "C:\Windows\Microsoft.Net\assembly\GAC_MSIL\System.ComponentModel.DataAnnotations\v4.0_4.0.0.0__31bf3856ad364e35\System.ComponentModel.DataAnnotations.dll". [C:\Users\WilliamForney\source\repos\wforney\OpenLiveWriter\src\managed\OpenLiveWriter.BlogClient\OpenLiveWriter.BlogClient.csproj]
C:\Program Files\Microsoft Visual Studio\18\Enterprise\MSBuild\Current\Bin\Microsoft.Common.CurrentVersion.targets(2437,5): warning MSB3277:             System.Web [C:\Users\WilliamForney\source\repos\wforney\OpenLiveWriter\src\managed\OpenLiveWriter.BlogClient\OpenLiveWriter.BlogClient.csproj]
C:\Program Files\Microsoft Visual Studio\18\Enterprise\MSBuild\Current\Bin\Microsoft.Common.CurrentVersion.targets(2437,5): warning MSB3277:             C:\Users\WilliamForney\source\repos\wforney\OpenLiveWriter\src\managed\bin\Debug\i386\Writer\OpenLiveWriter.CoreServices.dll [C:\Users\WilliamForney\source\repos\wforney\OpenLiveWriter\src\managed\OpenLiveWriter.BlogClient\OpenLiveWriter.BlogClient.csproj]
C:\Program Files\Microsoft Visual Studio\18\Enterprise\MSBuild\Current\Bin\Microsoft.Common.CurrentVersion.targets(2437,5): warning MSB3277:             C:\Users\WilliamForney\source\repos\wforney\OpenLiveWriter\src\managed\bin\Debug\i386\Writer\OpenLiveWriter.Api.dll [C:\Users\WilliamForney\source\repos\wforney\OpenLiveWriter\src\managed\OpenLiveWriter.BlogClient\OpenLiveWriter.BlogClient.csproj]
C:\Program Files\Microsoft Visual Studio\18\Enterprise\MSBuild\Current\Bin\Microsoft.Common.CurrentVersion.targets(2437,5): warning MSB3277:             C:\Users\WilliamForney\source\repos\wforney\OpenLiveWriter\src\managed\bin\Debug\i386\Writer\OpenLiveWriter.Controls.dll [C:\Users\WilliamForney\source\repos\wforney\OpenLiveWriter\src\managed\OpenLiveWriter.BlogClient\OpenLiveWriter.BlogClient.csproj]
C:\Program Files\Microsoft Visual Studio\18\Enterprise\MSBuild\Current\Bin\Microsoft.Common.CurrentVersion.targets(2437,5): warning MSB3277:             C:\Users\WilliamForney\source\repos\wforney\OpenLiveWriter\src\managed\bin\Debug\i386\Writer\OpenLiveWriter.Extensibility.dll [C:\Users\WilliamForney\source\repos\wforney\OpenLiveWriter\src\managed\OpenLiveWriter.BlogClient\OpenLiveWriter.BlogClient.csproj]
C:\Program Files\Microsoft Visual Studio\18\Enterprise\MSBuild\Current\Bin\Microsoft.Common.CurrentVersion.targets(2437,5): warning MSB3277:             C:\Users\WilliamForney\source\repos\wforney\OpenLiveWriter\src\managed\bin\Debug\i386\Writer\OpenLiveWriter.FileDestinations.dll [C:\Users\WilliamForney\source\repos\wforney\OpenLiveWriter\src\managed\OpenLiveWriter.BlogClient\OpenLiveWriter.BlogClient.csproj]
C:\Program Files\Microsoft Visual Studio\18\Enterprise\MSBuild\Current\Bin\Microsoft.Common.CurrentVersion.targets(2437,5): warning MSB3277:             C:\Users\WilliamForney\source\repos\wforney\OpenLiveWriter\src\managed\bin\Debug\i386\Writer\OpenLiveWriter.HtmlParser.dll [C:\Users\WilliamForney\source\repos\wforney\OpenLiveWriter\src\managed\OpenLiveWriter.BlogClient\OpenLiveWriter.BlogClient.csproj]
C:\Program Files\Microsoft Visual Studio\18\Enterprise\MSBuild\Current\Bin\Microsoft.Common.CurrentVersion.targets(2437,5): warning MSB3277:             C:\Users\WilliamForney\source\repos\wforney\OpenLiveWriter\src\managed\bin\Debug\i386\Writer\OpenLiveWriter.Mshtml.dll [C:\Users\WilliamForney\source\repos\wforney\OpenLiveWriter\src\managed\OpenLiveWriter.BlogClient\OpenLiveWriter.BlogClient.csproj]
C:\Program Files\Microsoft Visual Studio\18\Enterprise\MSBuild\Current\Bin\Microsoft.Common.CurrentVersion.targets(2437,5): warning MSB3277:             System.Web.Services [C:\Users\WilliamForney\source\repos\wforney\OpenLiveWriter\src\managed\OpenLiveWriter.BlogClient\OpenLiveWriter.BlogClient.csproj]
C:\Program Files\Microsoft Visual Studio\18\Enterprise\MSBuild\Current\Bin\Microsoft.Common.CurrentVersion.targets(2437,5): warning MSB3277:             Microsoft.Threading.Tasks.Extensions.Desktop, Version=1.0.168.0, Culture=neutral, PublicKeyToken=b03f5f7f11d50a3a, processorArchitecture=MSIL [C:\Users\WilliamForney\source\repos\wforney\OpenLiveWriter\src\managed\OpenLiveWriter.BlogClient\OpenLiveWriter.BlogClient.csproj]
C:\Program Files\Microsoft Visual Studio\18\Enterprise\MSBuild\Current\Bin\Microsoft.Common.CurrentVersion.targets(2437,5): warning MSB3277:             System.Data [C:\Users\WilliamForney\source\repos\wforney\OpenLiveWriter\src\managed\OpenLiveWriter.BlogClient\OpenLiveWriter.BlogClient.csproj]
C:\Program Files\Microsoft Visual Studio\18\Enterprise\MSBuild\Current\Bin\Microsoft.Common.CurrentVersion.targets(2437,5): warning MSB3277:             Newtonsoft.Json, Version=13.0.0.0, Culture=neutral, PublicKeyToken=30ad4fe6b2a6aeed, processorArchitecture=MSIL [C:\Users\WilliamForney\source\repos\wforney\OpenLiveWriter\src\managed\OpenLiveWriter.BlogClient\OpenLiveWriter.BlogClient.csproj]
C:\Program Files\Microsoft Visual Studio\18\Enterprise\MSBuild\Current\Bin\Microsoft.Common.CurrentVersion.targets(2437,5): warning MSB3277:             Google.Apis, Version=1.39.0.0, Culture=neutral, PublicKeyToken=4b01fa6e34db77ab, processorArchitecture=MSIL [C:\Users\WilliamForney\source\repos\wforney\OpenLiveWriter\src\managed\OpenLiveWriter.BlogClient\OpenLiveWriter.BlogClient.csproj]
C:\Program Files\Microsoft Visual Studio\18\Enterprise\MSBuild\Current\Bin\Microsoft.Common.CurrentVersion.targets(2437,5): warning MSB3277:             Google.Apis.Auth, Version=1.39.0.0, Culture=neutral, PublicKeyToken=4b01fa6e34db77ab, processorArchitecture=MSIL [C:\Users\WilliamForney\source\repos\wforney\OpenLiveWriter\src\managed\OpenLiveWriter.BlogClient\OpenLiveWriter.BlogClient.csproj]
C:\Program Files\Microsoft Visual Studio\18\Enterprise\MSBuild\Current\Bin\Microsoft.Common.CurrentVersion.targets(2437,5): warning MSB3277:             Google.Apis.Auth.PlatformServices, Version=1.39.0.0, Culture=neutral, PublicKeyToken=4b01fa6e34db77ab, processorArchitecture=MSIL [C:\Users\WilliamForney\source\repos\wforney\OpenLiveWriter\src\managed\OpenLiveWriter.BlogClient\OpenLiveWriter.BlogClient.csproj]
C:\Program Files\Microsoft Visual Studio\18\Enterprise\MSBuild\Current\Bin\Microsoft.Common.CurrentVersion.targets(2437,5): warning MSB3277:             Google.Apis.Blogger.v3, Version=1.21.0.111, Culture=neutral, PublicKeyToken=4b01fa6e34db77ab, processorArchitecture=MSIL [C:\Users\WilliamForney\source\repos\wforney\OpenLiveWriter\src\managed\OpenLiveWriter.BlogClient\OpenLiveWriter.BlogClient.csproj]
C:\Program Files\Microsoft Visual Studio\18\Enterprise\MSBuild\Current\Bin\Microsoft.Common.CurrentVersion.targets(2437,5): warning MSB3277:             Google.Apis.Core, Version=1.39.0.0, Culture=neutral, PublicKeyToken=4b01fa6e34db77ab, processorArchitecture=MSIL [C:\Users\WilliamForney\source\repos\wforney\OpenLiveWriter\src\managed\OpenLiveWriter.BlogClient\OpenLiveWriter.BlogClient.csproj]
C:\Program Files\Microsoft Visual Studio\18\Enterprise\MSBuild\Current\Bin\Microsoft.Common.CurrentVersion.targets(2437,5): warning MSB3277:             Google.Apis.Drive.v3, Version=1.39.0.1566, Culture=neutral, PublicKeyToken=4b01fa6e34db77ab, processorArchitecture=MSIL [C:\Users\WilliamForney\source\repos\wforney\OpenLiveWriter\src\managed\OpenLiveWriter.BlogClient\OpenLiveWriter.BlogClient.csproj]
C:\Program Files\Microsoft Visual Studio\18\Enterprise\MSBuild\Current\Bin\Microsoft.Common.CurrentVersion.targets(2437,5): warning MSB3277:             Google.Apis.PlatformServices, Version=1.39.0.0, Culture=neutral, PublicKeyToken=4b01fa6e34db77ab, processorArchitecture=MSIL [C:\Users\WilliamForney\source\repos\wforney\OpenLiveWriter\src\managed\OpenLiveWriter.BlogClient\OpenLiveWriter.BlogClient.csproj]
C:\Program Files\Microsoft Visual Studio\18\Enterprise\MSBuild\Current\Bin\Microsoft.Common.CurrentVersion.targets(2437,5): warning MSB3277:         C:\Windows\Microsoft.Net\assembly\GAC_MSIL\Microsoft.Build.Utilities.v4.0\v4.0_4.0.0.0__b03f5f7f11d50a3a\Microsoft.Build.Utilities.v4.0.dll [C:\Users\WilliamForney\source\repos\wforney\OpenLiveWriter\src\managed\OpenLiveWriter.BlogClient\OpenLiveWriter.BlogClient.csproj]
C:\Program Files\Microsoft Visual Studio\18\Enterprise\MSBuild\Current\Bin\Microsoft.Common.CurrentVersion.targets(2437,5): warning MSB3277:           Project file item includes which caused reference "C:\Windows\Microsoft.Net\assembly\GAC_MSIL\Microsoft.Build.Utilities.v4.0\v4.0_4.0.0.0__b03f5f7f11d50a3a\Microsoft.Build.Utilities.v4.0.dll". [C:\Users\WilliamForney\source\repos\wforney\OpenLiveWriter\src\managed\OpenLiveWriter.BlogClient\OpenLiveWriter.BlogClient.csproj]
C:\Program Files\Microsoft Visual Studio\18\Enterprise\MSBuild\Current\Bin\Microsoft.Common.CurrentVersion.targets(2437,5): warning MSB3277:             System.Web [C:\Users\WilliamForney\source\repos\wforney\OpenLiveWriter\src\managed\OpenLiveWriter.BlogClient\OpenLiveWriter.BlogClient.csproj]
C:\Program Files\Microsoft Visual Studio\18\Enterprise\MSBuild\Current\Bin\Microsoft.Common.CurrentVersion.targets(2437,5): warning MSB3277:             C:\Users\WilliamForney\source\repos\wforney\OpenLiveWriter\src\managed\bin\Debug\i386\Writer\OpenLiveWriter.CoreServices.dll [C:\Users\WilliamForney\source\repos\wforney\OpenLiveWriter\src\managed\OpenLiveWriter.BlogClient\OpenLiveWriter.BlogClient.csproj]
C:\Program Files\Microsoft Visual Studio\18\Enterprise\MSBuild\Current\Bin\Microsoft.Common.CurrentVersion.targets(2437,5): warning MSB3277:             C:\Users\WilliamForney\source\repos\wforney\OpenLiveWriter\src\managed\bin\Debug\i386\Writer\OpenLiveWriter.Api.dll [C:\Users\WilliamForney\source\repos\wforney\OpenLiveWriter\src\managed\OpenLiveWriter.BlogClient\OpenLiveWriter.BlogClient.csproj]
C:\Program Files\Microsoft Visual Studio\18\Enterprise\MSBuild\Current\Bin\Microsoft.Common.CurrentVersion.targets(2437,5): warning MSB3277:             C:\Users\WilliamForney\source\repos\wforney\OpenLiveWriter\src\managed\bin\Debug\i386\Writer\OpenLiveWriter.Controls.dll [C:\Users\WilliamForney\source\repos\wforney\OpenLiveWriter\src\managed\OpenLiveWriter.BlogClient\OpenLiveWriter.BlogClient.csproj]
C:\Program Files\Microsoft Visual Studio\18\Enterprise\MSBuild\Current\Bin\Microsoft.Common.CurrentVersion.targets(2437,5): warning MSB3277:             C:\Users\WilliamForney\source\repos\wforney\OpenLiveWriter\src\managed\bin\Debug\i386\Writer\OpenLiveWriter.Extensibility.dll [C:\Users\WilliamForney\source\repos\wforney\OpenLiveWriter\src\managed\OpenLiveWriter.BlogClient\OpenLiveWriter.BlogClient.csproj]
C:\Program Files\Microsoft Visual Studio\18\Enterprise\MSBuild\Current\Bin\Microsoft.Common.CurrentVersion.targets(2437,5): warning MSB3277:             C:\Users\WilliamForney\source\repos\wforney\OpenLiveWriter\src\managed\bin\Debug\i386\Writer\OpenLiveWriter.FileDestinations.dll [C:\Users\WilliamForney\source\repos\wforney\OpenLiveWriter\src\managed\OpenLiveWriter.BlogClient\OpenLiveWriter.BlogClient.csproj]
C:\Program Files\Microsoft Visual Studio\18\Enterprise\MSBuild\Current\Bin\Microsoft.Common.CurrentVersion.targets(2437,5): warning MSB3277:             C:\Users\WilliamForney\source\repos\wforney\OpenLiveWriter\src\managed\bin\Debug\i386\Writer\OpenLiveWriter.HtmlParser.dll [C:\Users\WilliamForney\source\repos\wforney\OpenLiveWriter\src\managed\OpenLiveWriter.BlogClient\OpenLiveWriter.BlogClient.csproj]
C:\Program Files\Microsoft Visual Studio\18\Enterprise\MSBuild\Current\Bin\Microsoft.Common.CurrentVersion.targets(2437,5): warning MSB3277:             C:\Users\WilliamForney\source\repos\wforney\OpenLiveWriter\src\managed\bin\Debug\i386\Writer\OpenLiveWriter.Mshtml.dll [C:\Users\WilliamForney\source\repos\wforney\OpenLiveWriter\src\managed\OpenLiveWriter.BlogClient\OpenLiveWriter.BlogClient.csproj]
C:\Program Files\Microsoft Visual Studio\18\Enterprise\MSBuild\Current\Bin\Microsoft.Common.CurrentVersion.targets(2437,5): warning MSB3277:             System.Web.Services [C:\Users\WilliamForney\source\repos\wforney\OpenLiveWriter\src\managed\OpenLiveWriter.BlogClient\OpenLiveWriter.BlogClient.csproj]
C:\Program Files\Microsoft Visual Studio\18\Enterprise\MSBuild\Current\Bin\Microsoft.Common.CurrentVersion.targets(2437,5): warning MSB3277:             Microsoft.Threading.Tasks.Extensions.Desktop, Version=1.0.168.0, Culture=neutral, PublicKeyToken=b03f5f7f11d50a3a, processorArchitecture=MSIL [C:\Users\WilliamForney\source\repos\wforney\OpenLiveWriter\src\managed\OpenLiveWriter.BlogClient\OpenLiveWriter.BlogClient.csproj]
C:\Program Files\Microsoft Visual Studio\18\Enterprise\MSBuild\Current\Bin\Microsoft.Common.CurrentVersion.targets(2437,5): warning MSB3277:             System.Data [C:\Users\WilliamForney\source\repos\wforney\OpenLiveWriter\src\managed\OpenLiveWriter.BlogClient\OpenLiveWriter.BlogClient.csproj]
C:\Program Files\Microsoft Visual Studio\18\Enterprise\MSBuild\Current\Bin\Microsoft.Common.CurrentVersion.targets(2437,5): warning MSB3277:             Newtonsoft.Json, Version=13.0.0.0, Culture=neutral, PublicKeyToken=30ad4fe6b2a6aeed, processorArchitecture=MSIL [C:\Users\WilliamForney\source\repos\wforney\OpenLiveWriter\src\managed\OpenLiveWriter.BlogClient\OpenLiveWriter.BlogClient.csproj]
C:\Program Files\Microsoft Visual Studio\18\Enterprise\MSBuild\Current\Bin\Microsoft.Common.CurrentVersion.targets(2437,5): warning MSB3277:             Google.Apis, Version=1.39.0.0, Culture=neutral, PublicKeyToken=4b01fa6e34db77ab, processorArchitecture=MSIL [C:\Users\WilliamForney\source\repos\wforney\OpenLiveWriter\src\managed\OpenLiveWriter.BlogClient\OpenLiveWriter.BlogClient.csproj]
C:\Program Files\Microsoft Visual Studio\18\Enterprise\MSBuild\Current\Bin\Microsoft.Common.CurrentVersion.targets(2437,5): warning MSB3277:             Google.Apis.Auth, Version=1.39.0.0, Culture=neutral, PublicKeyToken=4b01fa6e34db77ab, processorArchitecture=MSIL [C:\Users\WilliamForney\source\repos\wforney\OpenLiveWriter\src\managed\OpenLiveWriter.BlogClient\OpenLiveWriter.BlogClient.csproj]
C:\Program Files\Microsoft Visual Studio\18\Enterprise\MSBuild\Current\Bin\Microsoft.Common.CurrentVersion.targets(2437,5): warning MSB3277:             Google.Apis.Auth.PlatformServices, Version=1.39.0.0, Culture=neutral, PublicKeyToken=4b01fa6e34db77ab, processorArchitecture=MSIL [C:\Users\WilliamForney\source\repos\wforney\OpenLiveWriter\src\managed\OpenLiveWriter.BlogClient\OpenLiveWriter.BlogClient.csproj]
C:\Program Files\Microsoft Visual Studio\18\Enterprise\MSBuild\Current\Bin\Microsoft.Common.CurrentVersion.targets(2437,5): warning MSB3277:             Google.Apis.Blogger.v3, Version=1.21.0.111, Culture=neutral, PublicKeyToken=4b01fa6e34db77ab, processorArchitecture=MSIL [C:\Users\WilliamForney\source\repos\wforney\OpenLiveWriter\src\managed\OpenLiveWriter.BlogClient\OpenLiveWriter.BlogClient.csproj]
C:\Program Files\Microsoft Visual Studio\18\Enterprise\MSBuild\Current\Bin\Microsoft.Common.CurrentVersion.targets(2437,5): warning MSB3277:             Google.Apis.Core, Version=1.39.0.0, Culture=neutral, PublicKeyToken=4b01fa6e34db77ab, processorArchitecture=MSIL [C:\Users\WilliamForney\source\repos\wforney\OpenLiveWriter\src\managed\OpenLiveWriter.BlogClient\OpenLiveWriter.BlogClient.csproj]
C:\Program Files\Microsoft Visual Studio\18\Enterprise\MSBuild\Current\Bin\Microsoft.Common.CurrentVersion.targets(2437,5): warning MSB3277:             Google.Apis.Drive.v3, Version=1.39.0.1566, Culture=neutral, PublicKeyToken=4b01fa6e34db77ab, processorArchitecture=MSIL [C:\Users\WilliamForney\source\repos\wforney\OpenLiveWriter\src\managed\OpenLiveWriter.BlogClient\OpenLiveWriter.BlogClient.csproj]
C:\Program Files\Microsoft Visual Studio\18\Enterprise\MSBuild\Current\Bin\Microsoft.Common.CurrentVersion.targets(2437,5): warning MSB3277:             Google.Apis.PlatformServices, Version=1.39.0.0, Culture=neutral, PublicKeyToken=4b01fa6e34db77ab, processorArchitecture=MSIL [C:\Users\WilliamForney\source\repos\wforney\OpenLiveWriter\src\managed\OpenLiveWriter.BlogClient\OpenLiveWriter.BlogClient.csproj]
C:\Program Files\Microsoft Visual Studio\18\Enterprise\MSBuild\Current\Bin\Microsoft.Common.CurrentVersion.targets(2437,5): warning MSB3277:         C:\Windows\Microsoft.Net\assembly\GAC_MSIL\Microsoft.Build.Tasks.v4.0\v4.0_4.0.0.0__b03f5f7f11d50a3a\Microsoft.Build.Tasks.v4.0.dll [C:\Users\WilliamForney\source\repos\wforney\OpenLiveWriter\src\managed\OpenLiveWriter.BlogClient\OpenLiveWriter.BlogClient.csproj]
C:\Program Files\Microsoft Visual Studio\18\Enterprise\MSBuild\Current\Bin\Microsoft.Common.CurrentVersion.targets(2437,5): warning MSB3277:           Project file item includes which caused reference "C:\Windows\Microsoft.Net\assembly\GAC_MSIL\Microsoft.Build.Tasks.v4.0\v4.0_4.0.0.0__b03f5f7f11d50a3a\Microsoft.Build.Tasks.v4.0.dll". [C:\Users\WilliamForney\source\repos\wforney\OpenLiveWriter\src\managed\OpenLiveWriter.BlogClient\OpenLiveWriter.BlogClient.csproj]
C:\Program Files\Microsoft Visual Studio\18\Enterprise\MSBuild\Current\Bin\Microsoft.Common.CurrentVersion.targets(2437,5): warning MSB3277:             System.Web [C:\Users\WilliamForney\source\repos\wforney\OpenLiveWriter\src\managed\OpenLiveWriter.BlogClient\OpenLiveWriter.BlogClient.csproj]
C:\Program Files\Microsoft Visual Studio\18\Enterprise\MSBuild\Current\Bin\Microsoft.Common.CurrentVersion.targets(2437,5): warning MSB3277:             C:\Users\WilliamForney\source\repos\wforney\OpenLiveWriter\src\managed\bin\Debug\i386\Writer\OpenLiveWriter.CoreServices.dll [C:\Users\WilliamForney\source\repos\wforney\OpenLiveWriter\src\managed\OpenLiveWriter.BlogClient\OpenLiveWriter.BlogClient.csproj]
C:\Program Files\Microsoft Visual Studio\18\Enterprise\MSBuild\Current\Bin\Microsoft.Common.CurrentVersion.targets(2437,5): warning MSB3277:             C:\Users\WilliamForney\source\repos\wforney\OpenLiveWriter\src\managed\bin\Debug\i386\Writer\OpenLiveWriter.Api.dll [C:\Users\WilliamForney\source\repos\wforney\OpenLiveWriter\src\managed\OpenLiveWriter.BlogClient\OpenLiveWriter.BlogClient.csproj]
C:\Program Files\Microsoft Visual Studio\18\Enterprise\MSBuild\Current\Bin\Microsoft.Common.CurrentVersion.targets(2437,5): warning MSB3277:             C:\Users\WilliamForney\source\repos\wforney\OpenLiveWriter\src\managed\bin\Debug\i386\Writer\OpenLiveWriter.Controls.dll [C:\Users\WilliamForney\source\repos\wforney\OpenLiveWriter\src\managed\OpenLiveWriter.BlogClient\OpenLiveWriter.BlogClient.csproj]
C:\Program Files\Microsoft Visual Studio\18\Enterprise\MSBuild\Current\Bin\Microsoft.Common.CurrentVersion.targets(2437,5): warning MSB3277:             C:\Users\WilliamForney\source\repos\wforney\OpenLiveWriter\src\managed\bin\Debug\i386\Writer\OpenLiveWriter.Extensibility.dll [C:\Users\WilliamForney\source\repos\wforney\OpenLiveWriter\src\managed\OpenLiveWriter.BlogClient\OpenLiveWriter.BlogClient.csproj]
C:\Program Files\Microsoft Visual Studio\18\Enterprise\MSBuild\Current\Bin\Microsoft.Common.CurrentVersion.targets(2437,5): warning MSB3277:             C:\Users\WilliamForney\source\repos\wforney\OpenLiveWriter\src\managed\bin\Debug\i386\Writer\OpenLiveWriter.FileDestinations.dll [C:\Users\WilliamForney\source\repos\wforney\OpenLiveWriter\src\managed\OpenLiveWriter.BlogClient\OpenLiveWriter.BlogClient.csproj]
C:\Program Files\Microsoft Visual Studio\18\Enterprise\MSBuild\Current\Bin\Microsoft.Common.CurrentVersion.targets(2437,5): warning MSB3277:             C:\Users\WilliamForney\source\repos\wforney\OpenLiveWriter\src\managed\bin\Debug\i386\Writer\OpenLiveWriter.HtmlParser.dll [C:\Users\WilliamForney\source\repos\wforney\OpenLiveWriter\src\managed\OpenLiveWriter.BlogClient\OpenLiveWriter.BlogClient.csproj]
C:\Program Files\Microsoft Visual Studio\18\Enterprise\MSBuild\Current\Bin\Microsoft.Common.CurrentVersion.targets(2437,5): warning MSB3277:             C:\Users\WilliamForney\source\repos\wforney\OpenLiveWriter\src\managed\bin\Debug\i386\Writer\OpenLiveWriter.Mshtml.dll [C:\Users\WilliamForney\source\repos\wforney\OpenLiveWriter\src\managed\OpenLiveWriter.BlogClient\OpenLiveWriter.BlogClient.csproj]
C:\Program Files\Microsoft Visual Studio\18\Enterprise\MSBuild\Current\Bin\Microsoft.Common.CurrentVersion.targets(2437,5): warning MSB3277:             System.Web.Services [C:\Users\WilliamForney\source\repos\wforney\OpenLiveWriter\src\managed\OpenLiveWriter.BlogClient\OpenLiveWriter.BlogClient.csproj]
C:\Program Files\Microsoft Visual Studio\18\Enterprise\MSBuild\Current\Bin\Microsoft.Common.CurrentVersion.targets(2437,5): warning MSB3277:             Microsoft.Threading.Tasks.Extensions.Desktop, Version=1.0.168.0, Culture=neutral, PublicKeyToken=b03f5f7f11d50a3a, processorArchitecture=MSIL [C:\Users\WilliamForney\source\repos\wforney\OpenLiveWriter\src\managed\OpenLiveWriter.BlogClient\OpenLiveWriter.BlogClient.csproj]
C:\Program Files\Microsoft Visual Studio\18\Enterprise\MSBuild\Current\Bin\Microsoft.Common.CurrentVersion.targets(2437,5): warning MSB3277:             System.Data [C:\Users\WilliamForney\source\repos\wforney\OpenLiveWriter\src\managed\OpenLiveWriter.BlogClient\OpenLiveWriter.BlogClient.csproj]
C:\Program Files\Microsoft Visual Studio\18\Enterprise\MSBuild\Current\Bin\Microsoft.Common.CurrentVersion.targets(2437,5): warning MSB3277:             Newtonsoft.Json, Version=13.0.0.0, Culture=neutral, PublicKeyToken=30ad4fe6b2a6aeed, processorArchitecture=MSIL [C:\Users\WilliamForney\source\repos\wforney\OpenLiveWriter\src\managed\OpenLiveWriter.BlogClient\OpenLiveWriter.BlogClient.csproj]
C:\Program Files\Microsoft Visual Studio\18\Enterprise\MSBuild\Current\Bin\Microsoft.Common.CurrentVersion.targets(2437,5): warning MSB3277:             Google.Apis, Version=1.39.0.0, Culture=neutral, PublicKeyToken=4b01fa6e34db77ab, processorArchitecture=MSIL [C:\Users\WilliamForney\source\repos\wforney\OpenLiveWriter\src\managed\OpenLiveWriter.BlogClient\OpenLiveWriter.BlogClient.csproj]
C:\Program Files\Microsoft Visual Studio\18\Enterprise\MSBuild\Current\Bin\Microsoft.Common.CurrentVersion.targets(2437,5): warning MSB3277:             Google.Apis.Auth, Version=1.39.0.0, Culture=neutral, PublicKeyToken=4b01fa6e34db77ab, processorArchitecture=MSIL [C:\Users\WilliamForney\source\repos\wforney\OpenLiveWriter\src\managed\OpenLiveWriter.BlogClient\OpenLiveWriter.BlogClient.csproj]
C:\Program Files\Microsoft Visual Studio\18\Enterprise\MSBuild\Current\Bin\Microsoft.Common.CurrentVersion.targets(2437,5): warning MSB3277:             Google.Apis.Auth.PlatformServices, Version=1.39.0.0, Culture=neutral, PublicKeyToken=4b01fa6e34db77ab, processorArchitecture=MSIL [C:\Users\WilliamForney\source\repos\wforney\OpenLiveWriter\src\managed\OpenLiveWriter.BlogClient\OpenLiveWriter.BlogClient.csproj]
C:\Program Files\Microsoft Visual Studio\18\Enterprise\MSBuild\Current\Bin\Microsoft.Common.CurrentVersion.targets(2437,5): warning MSB3277:             Google.Apis.Blogger.v3, Version=1.21.0.111, Culture=neutral, PublicKeyToken=4b01fa6e34db77ab, processorArchitecture=MSIL [C:\Users\WilliamForney\source\repos\wforney\OpenLiveWriter\src\managed\OpenLiveWriter.BlogClient\OpenLiveWriter.BlogClient.csproj]
C:\Program Files\Microsoft Visual Studio\18\Enterprise\MSBuild\Current\Bin\Microsoft.Common.CurrentVersion.targets(2437,5): warning MSB3277:             Google.Apis.Core, Version=1.39.0.0, Culture=neutral, PublicKeyToken=4b01fa6e34db77ab, processorArchitecture=MSIL [C:\Users\WilliamForney\source\repos\wforney\OpenLiveWriter\src\managed\OpenLiveWriter.BlogClient\OpenLiveWriter.BlogClient.csproj]
C:\Program Files\Microsoft Visual Studio\18\Enterprise\MSBuild\Current\Bin\Microsoft.Common.CurrentVersion.targets(2437,5): warning MSB3277:             Google.Apis.Drive.v3, Version=1.39.0.1566, Culture=neutral, PublicKeyToken=4b01fa6e34db77ab, processorArchitecture=MSIL [C:\Users\WilliamForney\source\repos\wforney\OpenLiveWriter\src\managed\OpenLiveWriter.BlogClient\OpenLiveWriter.BlogClient.csproj]
C:\Program Files\Microsoft Visual Studio\18\Enterprise\MSBuild\Current\Bin\Microsoft.Common.CurrentVersion.targets(2437,5): warning MSB3277:             Google.Apis.PlatformServices, Version=1.39.0.0, Culture=neutral, PublicKeyToken=4b01fa6e34db77ab, processorArchitecture=MSIL [C:\Users\WilliamForney\source\repos\wforney\OpenLiveWriter\src\managed\OpenLiveWriter.BlogClient\OpenLiveWriter.BlogClient.csproj]
C:\Program Files\Microsoft Visual Studio\18\Enterprise\MSBuild\Current\Bin\Microsoft.Common.CurrentVersion.targets(2437,5): warning MSB3277:         C:\Windows\Microsoft.Net\assembly\GAC_MSIL\System.Deployment\v4.0_4.0.0.0__b03f5f7f11d50a3a\System.Deployment.dll [C:\Users\WilliamForney\source\repos\wforney\OpenLiveWriter\src\managed\OpenLiveWriter.BlogClient\OpenLiveWriter.BlogClient.csproj]
C:\Program Files\Microsoft Visual Studio\18\Enterprise\MSBuild\Current\Bin\Microsoft.Common.CurrentVersion.targets(2437,5): warning MSB3277:           Project file item includes which caused reference "C:\Windows\Microsoft.Net\assembly\GAC_MSIL\System.Deployment\v4.0_4.0.0.0__b03f5f7f11d50a3a\System.Deployment.dll". [C:\Users\WilliamForney\source\repos\wforney\OpenLiveWriter\src\managed\OpenLiveWriter.BlogClient\OpenLiveWriter.BlogClient.csproj]
C:\Program Files\Microsoft Visual Studio\18\Enterprise\MSBuild\Current\Bin\Microsoft.Common.CurrentVersion.targets(2437,5): warning MSB3277:             System.Windows.Forms [C:\Users\WilliamForney\source\repos\wforney\OpenLiveWriter\src\managed\OpenLiveWriter.BlogClient\OpenLiveWriter.BlogClient.csproj]
C:\Program Files\Microsoft Visual Studio\18\Enterprise\MSBuild\Current\Bin\Microsoft.Common.CurrentVersion.targets(2437,5): warning MSB3277:             C:\Users\WilliamForney\source\repos\wforney\OpenLiveWriter\src\managed\bin\Debug\i386\Writer\OpenLiveWriter.Api.dll [C:\Users\WilliamForney\source\repos\wforney\OpenLiveWriter\src\managed\OpenLiveWriter.BlogClient\OpenLiveWriter.BlogClient.csproj]
C:\Program Files\Microsoft Visual Studio\18\Enterprise\MSBuild\Current\Bin\Microsoft.Common.CurrentVersion.targets(2437,5): warning MSB3277:             C:\Users\WilliamForney\source\repos\wforney\OpenLiveWriter\src\managed\bin\Debug\i386\Writer\OpenLiveWriter.BrowserControl.dll [C:\Users\WilliamForney\source\repos\wforney\OpenLiveWriter\src\managed\OpenLiveWriter.BlogClient\OpenLiveWriter.BlogClient.csproj]
C:\Program Files\Microsoft Visual Studio\18\Enterprise\MSBuild\Current\Bin\Microsoft.Common.CurrentVersion.targets(2437,5): warning MSB3277:             C:\Users\WilliamForney\source\repos\wforney\OpenLiveWriter\src\managed\bin\Debug\i386\Writer\OpenLiveWriter.Controls.dll [C:\Users\WilliamForney\source\repos\wforney\OpenLiveWriter\src\managed\OpenLiveWriter.BlogClient\OpenLiveWriter.BlogClient.csproj]
C:\Program Files\Microsoft Visual Studio\18\Enterprise\MSBuild\Current\Bin\Microsoft.Common.CurrentVersion.targets(2437,5): warning MSB3277:             C:\Users\WilliamForney\source\repos\wforney\OpenLiveWriter\src\managed\bin\Debug\i386\Writer\OpenLiveWriter.CoreServices.dll [C:\Users\WilliamForney\source\repos\wforney\OpenLiveWriter\src\managed\OpenLiveWriter.BlogClient\OpenLiveWriter.BlogClient.csproj]
C:\Program Files\Microsoft Visual Studio\18\Enterprise\MSBuild\Current\Bin\Microsoft.Common.CurrentVersion.targets(2437,5): warning MSB3277:             C:\Users\WilliamForney\source\repos\wforney\OpenLiveWriter\src\managed\bin\Debug\i386\Writer\OpenLiveWriter.Extensibility.dll [C:\Users\WilliamForney\source\repos\wforney\OpenLiveWriter\src\managed\OpenLiveWriter.BlogClient\OpenLiveWriter.BlogClient.csproj]
C:\Program Files\Microsoft Visual Studio\18\Enterprise\MSBuild\Current\Bin\Microsoft.Common.CurrentVersion.targets(2437,5): warning MSB3277:             C:\Users\WilliamForney\source\repos\wforney\OpenLiveWriter\src\managed\bin\Debug\i386\Writer\OpenLiveWriter.FileDestinations.dll [C:\Users\WilliamForney\source\repos\wforney\OpenLiveWriter\src\managed\OpenLiveWriter.BlogClient\OpenLiveWriter.BlogClient.csproj]
C:\Program Files\Microsoft Visual Studio\18\Enterprise\MSBuild\Current\Bin\Microsoft.Common.CurrentVersion.targets(2437,5): warning MSB3277:             C:\Users\WilliamForney\source\repos\wforney\OpenLiveWriter\src\managed\bin\Debug\i386\Writer\OpenLiveWriter.Interop.dll [C:\Users\WilliamForney\source\repos\wforney\OpenLiveWriter\src\managed\OpenLiveWriter.BlogClient\OpenLiveWriter.BlogClient.csproj]
C:\Program Files\Microsoft Visual Studio\18\Enterprise\MSBuild\Current\Bin\Microsoft.Common.CurrentVersion.targets(2437,5): warning MSB3277:             C:\Users\WilliamForney\source\repos\wforney\OpenLiveWriter\src\managed\bin\Debug\i386\Writer\OpenLiveWriter.Localization.dll [C:\Users\WilliamForney\source\repos\wforney\OpenLiveWriter\src\managed\OpenLiveWriter.BlogClient\OpenLiveWriter.BlogClient.csproj]
C:\Program Files\Microsoft Visual Studio\18\Enterprise\MSBuild\Current\Bin\Microsoft.Common.CurrentVersion.targets(2437,5): warning MSB3277:             C:\Users\WilliamForney\source\repos\wforney\OpenLiveWriter\src\managed\bin\Debug\i386\Writer\OpenLiveWriter.Mshtml.dll [C:\Users\WilliamForney\source\repos\wforney\OpenLiveWriter\src\managed\OpenLiveWriter.BlogClient\OpenLiveWriter.BlogClient.csproj]
C:\Program Files\Microsoft Visual Studio\18\Enterprise\MSBuild\Current\Bin\Microsoft.Common.CurrentVersion.targets(2437,5): warning MSB3277:             System.Web [C:\Users\WilliamForney\source\repos\wforney\OpenLiveWriter\src\managed\OpenLiveWriter.BlogClient\OpenLiveWriter.BlogClient.csproj]
C:\Program Files\Microsoft Visual Studio\18\Enterprise\MSBuild\Current\Bin\Microsoft.Common.CurrentVersion.targets(2437,5): warning MSB3277:             C:\Users\WilliamForney\source\repos\wforney\OpenLiveWriter\src\managed\bin\Debug\i386\Writer\OpenLiveWriter.HtmlParser.dll [C:\Users\WilliamForney\source\repos\wforney\OpenLiveWriter\src\managed\OpenLiveWriter.BlogClient\OpenLiveWriter.BlogClient.csproj]
C:\Program Files\Microsoft Visual Studio\18\Enterprise\MSBuild\Current\Bin\Microsoft.Common.CurrentVersion.targets(2437,5): warning MSB3277:             System.Web.Services [C:\Users\WilliamForney\source\repos\wforney\OpenLiveWriter\src\managed\OpenLiveWriter.BlogClient\OpenLiveWriter.BlogClient.csproj]
C:\Program Files\Microsoft Visual Studio\18\Enterprise\MSBuild\Current\Bin\Microsoft.Common.CurrentVersion.targets(2437,5): warning MSB3277:             Microsoft.Threading.Tasks.Extensions.Desktop, Version=1.0.168.0, Culture=neutral, PublicKeyToken=b03f5f7f11d50a3a, processorArchitecture=MSIL [C:\Users\WilliamForney\source\repos\wforney\OpenLiveWriter\src\managed\OpenLiveWriter.BlogClient\OpenLiveWriter.BlogClient.csproj]
C:\Program Files\Microsoft Visual Studio\18\Enterprise\MSBuild\Current\Bin\Microsoft.Common.CurrentVersion.targets(2437,5): warning MSB3277:             System.Data [C:\Users\WilliamForney\source\repos\wforney\OpenLiveWriter\src\managed\OpenLiveWriter.BlogClient\OpenLiveWriter.BlogClient.csproj]
C:\Program Files\Microsoft Visual Studio\18\Enterprise\MSBuild\Current\Bin\Microsoft.Common.CurrentVersion.targets(2437,5): warning MSB3277:             Newtonsoft.Json, Version=13.0.0.0, Culture=neutral, PublicKeyToken=30ad4fe6b2a6aeed, processorArchitecture=MSIL [C:\Users\WilliamForney\source\repos\wforney\OpenLiveWriter\src\managed\OpenLiveWriter.BlogClient\OpenLiveWriter.BlogClient.csproj]
C:\Program Files\Microsoft Visual Studio\18\Enterprise\MSBuild\Current\Bin\Microsoft.Common.CurrentVersion.targets(2437,5): warning MSB3277:             Google.Apis, Version=1.39.0.0, Culture=neutral, PublicKeyToken=4b01fa6e34db77ab, processorArchitecture=MSIL [C:\Users\WilliamForney\source\repos\wforney\OpenLiveWriter\src\managed\OpenLiveWriter.BlogClient\OpenLiveWriter.BlogClient.csproj]
C:\Program Files\Microsoft Visual Studio\18\Enterprise\MSBuild\Current\Bin\Microsoft.Common.CurrentVersion.targets(2437,5): warning MSB3277:             Google.Apis.Auth, Version=1.39.0.0, Culture=neutral, PublicKeyToken=4b01fa6e34db77ab, processorArchitecture=MSIL [C:\Users\WilliamForney\source\repos\wforney\OpenLiveWriter\src\managed\OpenLiveWriter.BlogClient\OpenLiveWriter.BlogClient.csproj]
C:\Program Files\Microsoft Visual Studio\18\Enterprise\MSBuild\Current\Bin\Microsoft.Common.CurrentVersion.targets(2437,5): warning MSB3277:             Google.Apis.Auth.PlatformServices, Version=1.39.0.0, Culture=neutral, PublicKeyToken=4b01fa6e34db77ab, processorArchitecture=MSIL [C:\Users\WilliamForney\source\repos\wforney\OpenLiveWriter\src\managed\OpenLiveWriter.BlogClient\OpenLiveWriter.BlogClient.csproj]
C:\Program Files\Microsoft Visual Studio\18\Enterprise\MSBuild\Current\Bin\Microsoft.Common.CurrentVersion.targets(2437,5): warning MSB3277:             Google.Apis.Blogger.v3, Version=1.21.0.111, Culture=neutral, PublicKeyToken=4b01fa6e34db77ab, processorArchitecture=MSIL [C:\Users\WilliamForney\source\repos\wforney\OpenLiveWriter\src\managed\OpenLiveWriter.BlogClient\OpenLiveWriter.BlogClient.csproj]
C:\Program Files\Microsoft Visual Studio\18\Enterprise\MSBuild\Current\Bin\Microsoft.Common.CurrentVersion.targets(2437,5): warning MSB3277:             Google.Apis.Core, Version=1.39.0.0, Culture=neutral, PublicKeyToken=4b01fa6e34db77ab, processorArchitecture=MSIL [C:\Users\WilliamForney\source\repos\wforney\OpenLiveWriter\src\managed\OpenLiveWriter.BlogClient\OpenLiveWriter.BlogClient.csproj]
C:\Program Files\Microsoft Visual Studio\18\Enterprise\MSBuild\Current\Bin\Microsoft.Common.CurrentVersion.targets(2437,5): warning MSB3277:             Google.Apis.Drive.v3, Version=1.39.0.1566, Culture=neutral, PublicKeyToken=4b01fa6e34db77ab, processorArchitecture=MSIL [C:\Users\WilliamForney\source\repos\wforney\OpenLiveWriter\src\managed\OpenLiveWriter.BlogClient\OpenLiveWriter.BlogClient.csproj]
C:\Program Files\Microsoft Visual Studio\18\Enterprise\MSBuild\Current\Bin\Microsoft.Common.CurrentVersion.targets(2437,5): warning MSB3277:             Google.Apis.PlatformServices, Version=1.39.0.0, Culture=neutral, PublicKeyToken=4b01fa6e34db77ab, processorArchitecture=MSIL [C:\Users\WilliamForney\source\repos\wforney\OpenLiveWriter\src\managed\OpenLiveWriter.BlogClient\OpenLiveWriter.BlogClient.csproj]
C:\Program Files\Microsoft Visual Studio\18\Enterprise\MSBuild\Current\Bin\Microsoft.Common.CurrentVersion.targets(2437,5): warning MSB3277:         C:\Windows\Microsoft.Net\assembly\GAC_MSIL\System.IdentityModel\v4.0_4.0.0.0__b77a5c561934e089\System.IdentityModel.dll [C:\Users\WilliamForney\source\repos\wforney\OpenLiveWriter\src\managed\OpenLiveWriter.BlogClient\OpenLiveWriter.BlogClient.csproj]
C:\Program Files\Microsoft Visual Studio\18\Enterprise\MSBuild\Current\Bin\Microsoft.Common.CurrentVersion.targets(2437,5): warning MSB3277:           Project file item includes which caused reference "C:\Windows\Microsoft.Net\assembly\GAC_MSIL\System.IdentityModel\v4.0_4.0.0.0__b77a5c561934e089\System.IdentityModel.dll". [C:\Users\WilliamForney\source\repos\wforney\OpenLiveWriter\src\managed\OpenLiveWriter.BlogClient\OpenLiveWriter.BlogClient.csproj]
C:\Program Files\Microsoft Visual Studio\18\Enterprise\MSBuild\Current\Bin\Microsoft.Common.CurrentVersion.targets(2437,5): warning MSB3277:             Microsoft.Threading.Tasks.Extensions.Desktop, Version=1.0.168.0, Culture=neutral, PublicKeyToken=b03f5f7f11d50a3a, processorArchitecture=MSIL [C:\Users\WilliamForney\source\repos\wforney\OpenLiveWriter\src\managed\OpenLiveWriter.BlogClient\OpenLiveWriter.BlogClient.csproj]
C:\Program Files\Microsoft Visual Studio\18\Enterprise\MSBuild\Current\Bin\Microsoft.Common.CurrentVersion.targets(2437,5): warning MSB3277:         C:\Windows\Microsoft.Net\assembly\GAC_MSIL\System.Runtime.DurableInstancing\v4.0_4.0.0.0__31bf3856ad364e35\System.Runtime.DurableInstancing.dll [C:\Users\WilliamForney\source\repos\wforney\OpenLiveWriter\src\managed\OpenLiveWriter.BlogClient\OpenLiveWriter.BlogClient.csproj]
C:\Program Files\Microsoft Visual Studio\18\Enterprise\MSBuild\Current\Bin\Microsoft.Common.CurrentVersion.targets(2437,5): warning MSB3277:           Project file item includes which caused reference "C:\Windows\Microsoft.Net\assembly\GAC_MSIL\System.Runtime.DurableInstancing\v4.0_4.0.0.0__31bf3856ad364e35\System.Runtime.DurableInstancing.dll". [C:\Users\WilliamForney\source\repos\wforney\OpenLiveWriter\src\managed\OpenLiveWriter.BlogClient\OpenLiveWriter.BlogClient.csproj]
C:\Program Files\Microsoft Visual Studio\18\Enterprise\MSBuild\Current\Bin\Microsoft.Common.CurrentVersion.targets(2437,5): warning MSB3277:             Microsoft.Threading.Tasks.Extensions.Desktop, Version=1.0.168.0, Culture=neutral, PublicKeyToken=b03f5f7f11d50a3a, processorArchitecture=MSIL [C:\Users\WilliamForney\source\repos\wforney\OpenLiveWriter\src\managed\OpenLiveWriter.BlogClient\OpenLiveWriter.BlogClient.csproj]
C:\Program Files\Microsoft Visual Studio\18\Enterprise\MSBuild\Current\Bin\Microsoft.Common.CurrentVersion.targets(2437,5): warning MSB3277:         C:\Windows\Microsoft.Net\assembly\GAC_MSIL\System.ServiceModel.Activation\v4.0_4.0.0.0__31bf3856ad364e35\System.ServiceModel.Activation.dll [C:\Users\WilliamForney\source\repos\wforney\OpenLiveWriter\src\managed\OpenLiveWriter.BlogClient\OpenLiveWriter.BlogClient.csproj]
C:\Program Files\Microsoft Visual Studio\18\Enterprise\MSBuild\Current\Bin\Microsoft.Common.CurrentVersion.targets(2437,5): warning MSB3277:           Project file item includes which caused reference "C:\Windows\Microsoft.Net\assembly\GAC_MSIL\System.ServiceModel.Activation\v4.0_4.0.0.0__31bf3856ad364e35\System.ServiceModel.Activation.dll". [C:\Users\WilliamForney\source\repos\wforney\OpenLiveWriter\src\managed\OpenLiveWriter.BlogClient\OpenLiveWriter.BlogClient.csproj]
C:\Program Files\Microsoft Visual Studio\18\Enterprise\MSBuild\Current\Bin\Microsoft.Common.CurrentVersion.targets(2437,5): warning MSB3277:             Microsoft.Threading.Tasks.Extensions.Desktop, Version=1.0.168.0, Culture=neutral, PublicKeyToken=b03f5f7f11d50a3a, processorArchitecture=MSIL [C:\Users\WilliamForney\source\repos\wforney\OpenLiveWriter\src\managed\OpenLiveWriter.BlogClient\OpenLiveWriter.BlogClient.csproj]
C:\Program Files\Microsoft Visual Studio\18\Enterprise\MSBuild\Current\Bin\Microsoft.Common.CurrentVersion.targets(2437,5): warning MSB3277:         C:\Windows\Microsoft.Net\assembly\GAC_MSIL\System.ComponentModel.Composition\v4.0_4.0.0.0__b77a5c561934e089\System.ComponentModel.Composition.dll [C:\Users\WilliamForney\source\repos\wforney\OpenLiveWriter\src\managed\OpenLiveWriter.BlogClient\OpenLiveWriter.BlogClient.csproj]
C:\Program Files\Microsoft Visual Studio\18\Enterprise\MSBuild\Current\Bin\Microsoft.Common.CurrentVersion.targets(2437,5): warning MSB3277:           Project file item includes which caused reference "C:\Windows\Microsoft.Net\assembly\GAC_MSIL\System.ComponentModel.Composition\v4.0_4.0.0.0__b77a5c561934e089\System.ComponentModel.Composition.dll". [C:\Users\WilliamForney\source\repos\wforney\OpenLiveWriter\src\managed\OpenLiveWriter.BlogClient\OpenLiveWriter.BlogClient.csproj]
C:\Program Files\Microsoft Visual Studio\18\Enterprise\MSBuild\Current\Bin\Microsoft.Common.CurrentVersion.targets(2437,5): warning MSB3277:             System.Net.Http.Primitives, Version=4.2.29.0, Culture=neutral, PublicKeyToken=b03f5f7f11d50a3a, processorArchitecture=MSIL [C:\Users\WilliamForney\source\repos\wforney\OpenLiveWriter\src\managed\OpenLiveWriter.BlogClient\OpenLiveWriter.BlogClient.csproj]
C:\Program Files\Microsoft Visual Studio\18\Enterprise\MSBuild\Current\Bin\Microsoft.Common.CurrentVersion.targets(2437,5): warning MSB3277:         C:\Windows\Microsoft.Net\assembly\GAC_MSIL\System.ServiceModel.Activities\v4.0_4.0.0.0__31bf3856ad364e35\System.ServiceModel.Activities.dll [C:\Users\WilliamForney\source\repos\wforney\OpenLiveWriter\src\managed\OpenLiveWriter.BlogClient\OpenLiveWriter.BlogClient.csproj]
C:\Program Files\Microsoft Visual Studio\18\Enterprise\MSBuild\Current\Bin\Microsoft.Common.CurrentVersion.targets(2437,5): warning MSB3277:           Project file item includes which caused reference "C:\Windows\Microsoft.Net\assembly\GAC_MSIL\System.ServiceModel.Activities\v4.0_4.0.0.0__31bf3856ad364e35\System.ServiceModel.Activities.dll". [C:\Users\WilliamForney\source\repos\wforney\OpenLiveWriter\src\managed\OpenLiveWriter.BlogClient\OpenLiveWriter.BlogClient.csproj]
C:\Program Files\Microsoft Visual Studio\18\Enterprise\MSBuild\Current\Bin\Microsoft.Common.CurrentVersion.targets(2437,5): warning MSB3277:             Microsoft.Threading.Tasks.Extensions.Desktop, Version=1.0.168.0, Culture=neutral, PublicKeyToken=b03f5f7f11d50a3a, processorArchitecture=MSIL [C:\Users\WilliamForney\source\repos\wforney\OpenLiveWriter\src\managed\OpenLiveWriter.BlogClient\OpenLiveWriter.BlogClient.csproj]
C:\Program Files\Microsoft Visual Studio\18\Enterprise\MSBuild\Current\Bin\Microsoft.Common.CurrentVersion.targets(2437,5): warning MSB3277:         C:\Windows\Microsoft.Net\assembly\GAC_MSIL\System.Activities\v4.0_4.0.0.0__31bf3856ad364e35\System.Activities.dll [C:\Users\WilliamForney\source\repos\wforney\OpenLiveWriter\src\managed\OpenLiveWriter.BlogClient\OpenLiveWriter.BlogClient.csproj]
C:\Program Files\Microsoft Visual Studio\18\Enterprise\MSBuild\Current\Bin\Microsoft.Common.CurrentVersion.targets(2437,5): warning MSB3277:           Project file item includes which caused reference "C:\Windows\Microsoft.Net\assembly\GAC_MSIL\System.Activities\v4.0_4.0.0.0__31bf3856ad364e35\System.Activities.dll". [C:\Users\WilliamForney\source\repos\wforney\OpenLiveWriter\src\managed\OpenLiveWriter.BlogClient\OpenLiveWriter.BlogClient.csproj]
C:\Program Files\Microsoft Visual Studio\18\Enterprise\MSBuild\Current\Bin\Microsoft.Common.CurrentVersion.targets(2437,5): warning MSB3277:             Microsoft.Threading.Tasks.Extensions.Desktop, Version=1.0.168.0, Culture=neutral, PublicKeyToken=b03f5f7f11d50a3a, processorArchitecture=MSIL [C:\Users\WilliamForney\source\repos\wforney\OpenLiveWriter\src\managed\OpenLiveWriter.BlogClient\OpenLiveWriter.BlogClient.csproj]
C:\Program Files\Microsoft Visual Studio\18\Enterprise\MSBuild\Current\Bin\Microsoft.Common.CurrentVersion.targets(2437,5): warning MSB3277:         C:\Windows\Microsoft.Net\assembly\GAC_MSIL\System.Activities.DurableInstancing\v4.0_4.0.0.0__31bf3856ad364e35\System.Activities.DurableInstancing.dll [C:\Users\WilliamForney\source\repos\wforney\OpenLiveWriter\src\managed\OpenLiveWriter.BlogClient\OpenLiveWriter.BlogClient.csproj]
C:\Program Files\Microsoft Visual Studio\18\Enterprise\MSBuild\Current\Bin\Microsoft.Common.CurrentVersion.targets(2437,5): warning MSB3277:           Project file item includes which caused reference "C:\Windows\Microsoft.Net\assembly\GAC_MSIL\System.Activities.DurableInstancing\v4.0_4.0.0.0__31bf3856ad364e35\System.Activities.DurableInstancing.dll". [C:\Users\WilliamForney\source\repos\wforney\OpenLiveWriter\src\managed\OpenLiveWriter.BlogClient\OpenLiveWriter.BlogClient.csproj]
C:\Program Files\Microsoft Visual Studio\18\Enterprise\MSBuild\Current\Bin\Microsoft.Common.CurrentVersion.targets(2437,5): warning MSB3277:             Microsoft.Threading.Tasks.Extensions.Desktop, Version=1.0.168.0, Culture=neutral, PublicKeyToken=b03f5f7f11d50a3a, processorArchitecture=MSIL [C:\Users\WilliamForney\source\repos\wforney\OpenLiveWriter\src\managed\OpenLiveWriter.BlogClient\OpenLiveWriter.BlogClient.csproj]
C:\Program Files\Microsoft Visual Studio\18\Enterprise\MSBuild\Current\Bin\Microsoft.Common.CurrentVersion.targets(2437,5): warning MSB3277:         C:\Windows\Microsoft.Net\assembly\GAC_32\Microsoft.VisualBasic.Activities.Compiler\v4.0_10.0.0.0__b03f5f7f11d50a3a\Microsoft.VisualBasic.Activities.Compiler.dll [C:\Users\WilliamForney\source\repos\wforney\OpenLiveWriter\src\managed\OpenLiveWriter.BlogClient\OpenLiveWriter.BlogClient.csproj]
C:\Program Files\Microsoft Visual Studio\18\Enterprise\MSBuild\Current\Bin\Microsoft.Common.CurrentVersion.targets(2437,5): warning MSB3277:           Project file item includes which caused reference "C:\Windows\Microsoft.Net\assembly\GAC_32\Microsoft.VisualBasic.Activities.Compiler\v4.0_10.0.0.0__b03f5f7f11d50a3a\Microsoft.VisualBasic.Activities.Compiler.dll". [C:\Users\WilliamForney\source\repos\wforney\OpenLiveWriter\src\managed\OpenLiveWriter.BlogClient\OpenLiveWriter.BlogClient.csproj]
C:\Program Files\Microsoft Visual Studio\18\Enterprise\MSBuild\Current\Bin\Microsoft.Common.CurrentVersion.targets(2437,5): warning MSB3277:             Microsoft.Threading.Tasks.Extensions.Desktop, Version=1.0.168.0, Culture=neutral, PublicKeyToken=b03f5f7f11d50a3a, processorArchitecture=MSIL [C:\Users\WilliamForney\source\repos\wforney\OpenLiveWriter\src\managed\OpenLiveWriter.BlogClient\OpenLiveWriter.BlogClient.csproj]
C:\Program Files\Microsoft Visual Studio\18\Enterprise\MSBuild\Current\Bin\Microsoft.Common.CurrentVersion.targets(2437,5): warning MSB3277:         C:\Windows\Microsoft.Net\assembly\GAC_MSIL\Microsoft.VisualBasic\v4.0_10.0.0.0__b03f5f7f11d50a3a\Microsoft.VisualBasic.dll [C:\Users\WilliamForney\source\repos\wforney\OpenLiveWriter\src\managed\OpenLiveWriter.BlogClient\OpenLiveWriter.BlogClient.csproj]
C:\Program Files\Microsoft Visual Studio\18\Enterprise\MSBuild\Current\Bin\Microsoft.Common.CurrentVersion.targets(2437,5): warning MSB3277:           Project file item includes which caused reference "C:\Windows\Microsoft.Net\assembly\GAC_MSIL\Microsoft.VisualBasic\v4.0_10.0.0.0__b03f5f7f11d50a3a\Microsoft.VisualBasic.dll". [C:\Users\WilliamForney\source\repos\wforney\OpenLiveWriter\src\managed\OpenLiveWriter.BlogClient\OpenLiveWriter.BlogClient.csproj]
C:\Program Files\Microsoft Visual Studio\18\Enterprise\MSBuild\Current\Bin\Microsoft.Common.CurrentVersion.targets(2437,5): warning MSB3277:             Microsoft.Threading.Tasks.Extensions.Desktop, Version=1.0.168.0, Culture=neutral, PublicKeyToken=b03f5f7f11d50a3a, processorArchitecture=MSIL [C:\Users\WilliamForney\source\repos\wforney\OpenLiveWriter\src\managed\OpenLiveWriter.BlogClient\OpenLiveWriter.BlogClient.csproj]
  Consider app.config remapping of assembly "mscorlib, Culture=neutral, PublicKeyToken=b77a5c561934e089" from Version "2.0.5.0" [] to Version "4.0.0.0" [C:\Windows\Microsoft.NET\Framework\v4.0.30319\mscorlib.dll] to solve conflict and get rid of warning.
  Consider app.config remapping of assembly "System, Culture=neutral, PublicKeyToken=b77a5c561934e089" from Version "2.0.5.0" [] to Version "4.0.0.0" [C:\Windows\Microsoft.Net\assembly\GAC_MSIL\System\v4.0_4.0.0.0__b77a5c561934e089\System.dll] to solve conflict and get rid of warning.
  Consider app.config remapping of assembly "System.Net.Http, Culture=neutral, PublicKeyToken=b03f5f7f11d50a3a" from Version "1.5.0.0" [] to Version "4.0.0.0" [C:\Windows\Microsoft.Net\assembly\GAC_MSIL\System.Net.Http\v4.0_4.0.0.0__b03f5f7f11d50a3a\System.Net.Http.dll] to solve conflict and get rid of warning.
  Consider app.config remapping of assembly "System.Xml, Culture=neutral, PublicKeyToken=b77a5c561934e089" from Version "2.0.0.0" [C:\Windows\assembly\GAC_MSIL\System.Xml\2.0.0.0__b77a5c561934e089\System.Xml.dll] to Version "4.0.0.0" [C:\Windows\Microsoft.Net\assembly\GAC_MSIL\System.Xml\v4.0_4.0.0.0__b77a5c561934e089\System.Xml.dll] to solve conflict and get rid of warning.
  Consider app.config remapping of assembly "System.Security, Culture=neutral, PublicKeyToken=b03f5f7f11d50a3a" from Version "2.0.0.0" [C:\Windows\assembly\GAC_MSIL\System.Security\2.0.0.0__b03f5f7f11d50a3a\System.Security.dll] to Version "4.0.0.0" [C:\Windows\Microsoft.Net\assembly\GAC_MSIL\System.Security\v4.0_4.0.0.0__b03f5f7f11d50a3a\System.Security.dll] to solve conflict and get rid of warning.
  Consider app.config remapping of assembly "System.Runtime, Culture=neutral, PublicKeyToken=b03f5f7f11d50a3a" from Version "1.5.11.0" [] to Version "4.0.0.0" [C:\Windows\Microsoft.Net\assembly\GAC_MSIL\System.Runtime\v4.0_4.0.0.0__b03f5f7f11d50a3a\System.Runtime.dll] to solve conflict and get rid of warning.
  Consider app.config remapping of assembly "System.Configuration, Culture=neutral, PublicKeyToken=b03f5f7f11d50a3a" from Version "2.0.0.0" [C:\Windows\assembly\GAC_MSIL\System.Configuration\2.0.0.0__b03f5f7f11d50a3a\System.Configuration.dll] to Version "4.0.0.0" [C:\Windows\Microsoft.Net\assembly\GAC_MSIL\System.Configuration\v4.0_4.0.0.0__b03f5f7f11d50a3a\System.Configuration.dll] to solve conflict and get rid of warning.
  Consider app.config remapping of assembly "System.Data.SqlXml, Culture=neutral, PublicKeyToken=b77a5c561934e089" from Version "2.0.0.0" [C:\Windows\assembly\GAC_MSIL\System.Data.SqlXml\2.0.0.0__b77a5c561934e089\System.Data.SqlXml.dll] to Version "4.0.0.0" [C:\Windows\Microsoft.Net\assembly\GAC_MSIL\System.Data.SqlXml\v4.0_4.0.0.0__b77a5c561934e089\System.Data.SqlXml.dll] to solve conflict and get rid of warning.
C:\Program Files\Microsoft Visual Studio\18\Enterprise\MSBuild\Current\Bin\Microsoft.Common.CurrentVersion.targets(2437,5): warning MSB3247: Found conflicts between different versions of the same dependent assembly. In Visual Studio, double-click this warning (or select it and press Enter) to fix the conflicts; otherwise, add the following binding redirects to the "runtime" node in the application configuration file: <assemblyBinding xmlns="urn:schemas-microsoft-com:asm.v1"><dependentAssembly><assemblyIdentity name="mscorlib" culture="neutral" publicKeyToken="b77a5c561934e089" /><bindingRedirect oldVersion="0.0.0.0-4.0.0.0" newVersion="4.0.0.0" /></dependentAssembly></assemblyBinding><assemblyBinding xmlns="urn:schemas-microsoft-com:asm.v1"><dependentAssembly><assemblyIdentity name="System" culture="neutral" publicKeyToken="b77a5c561934e089" /><bindingRedirect oldVersion="0.0.0.0-4.0.0.0" newVersion="4.0.0.0" /></dependentAssembly></assemblyBinding><assemblyBinding xmlns="urn:schemas-microsoft-com:asm.v1"><dependentAssembly><assemblyIdentity name="System.Net.Http" culture="neutral" publicKeyToken="b03f5f7f11d50a3a" /><bindingRedirect oldVersion="0.0.0.0-4.0.0.0" newVersion="4.0.0.0" /></dependentAssembly></assemblyBinding><assemblyBinding xmlns="urn:schemas-microsoft-com:asm.v1"><dependentAssembly><assemblyIdentity name="System.Xml" culture="neutral" publicKeyToken="b77a5c561934e089" /><bindingRedirect oldVersion="0.0.0.0-4.0.0.0" newVersion="4.0.0.0" /></dependentAssembly></assemblyBinding><assemblyBinding xmlns="urn:schemas-microsoft-com:asm.v1"><dependentAssembly><assemblyIdentity name="System.Security" culture="neutral" publicKeyToken="b03f5f7f11d50a3a" /><bindingRedirect oldVersion="0.0.0.0-4.0.0.0" newVersion="4.0.0.0" /></dependentAssembly></assemblyBinding><assemblyBinding xmlns="urn:schemas-microsoft-com:asm.v1"><dependentAssembly><assemblyIdentity name="System.Runtime" culture="neutral" publicKeyToken="b03f5f7f11d50a3a" /><bindingRedirect oldVersion="0.0.0.0-4.0.0.0" newVersion="4.0.0.0" /></dependentAssembly></assemblyBinding><assemblyBinding xmlns="urn:schemas-microsoft-com:asm.v1"><dependentAssembly><assemblyIdentity name="System.Configuration" culture="neutral" publicKeyToken="b03f5f7f11d50a3a" /><bindingRedirect oldVersion="0.0.0.0-4.0.0.0" newVersion="4.0.0.0" /></dependentAssembly></assemblyBinding><assemblyBinding xmlns="urn:schemas-microsoft-com:asm.v1"><dependentAssembly><assemblyIdentity name="System.Data.SqlXml" culture="neutral" publicKeyToken="b77a5c561934e089" /><bindingRedirect oldVersion="0.0.0.0-4.0.0.0" newVersion="4.0.0.0" /></dependentAssembly></assemblyBinding> [C:\Users\WilliamForney\source\repos\wforney\OpenLiveWriter\src\managed\OpenLiveWriter.BlogClient\OpenLiveWriter.BlogClient.csproj]
  OpenLiveWriter.BlogClient -> C:\Users\WilliamForney\source\repos\wforney\OpenLiveWriter\src\managed\bin\Debug\i386\Writer\OpenLiveWriter.BlogClient.dll
C:\Program Files\Microsoft Visual Studio\18\Enterprise\MSBuild\Current\Bin\Microsoft.Common.CurrentVersion.targets(2437,5): warning MSB3245: Could not resolve this reference. Could not locate the assembly "Newtonsoft.Json, Version=10.0.0.0, Culture=neutral, PublicKeyToken=30ad4fe6b2a6aeed, processorArchitecture=MSIL". Check to make sure the assembly exists on disk. If this reference is required by your code, you may get compilation errors. [C:\Users\WilliamForney\source\repos\wforney\OpenLiveWriter\src\managed\OpenLiveWriter.PostEditor\OpenLiveWriter.PostEditor.csproj]
C:\Program Files\Microsoft Visual Studio\18\Enterprise\MSBuild\Current\Bin\Microsoft.Common.CurrentVersion.targets(2437,5): warning MSB3277: Found conflicts between different versions of "Newtonsoft.Json" that could not be resolved. [C:\Users\WilliamForney\source\repos\wforney\OpenLiveWriter\src\managed\OpenLiveWriter.PostEditor\OpenLiveWriter.PostEditor.csproj]
C:\Program Files\Microsoft Visual Studio\18\Enterprise\MSBuild\Current\Bin\Microsoft.Common.CurrentVersion.targets(2437,5): warning MSB3277: There was a conflict between "Newtonsoft.Json, Version=10.0.0.0, Culture=neutral, PublicKeyToken=30ad4fe6b2a6aeed, processorArchitecture=MSIL" and "Newtonsoft.Json, Version=13.0.0.0, Culture=neutral, PublicKeyToken=30ad4fe6b2a6aeed". [C:\Users\WilliamForney\source\repos\wforney\OpenLiveWriter\src\managed\OpenLiveWriter.PostEditor\OpenLiveWriter.PostEditor.csproj]
C:\Program Files\Microsoft Visual Studio\18\Enterprise\MSBuild\Current\Bin\Microsoft.Common.CurrentVersion.targets(2437,5): warning MSB3277:     "Newtonsoft.Json, Version=10.0.0.0, Culture=neutral, PublicKeyToken=30ad4fe6b2a6aeed, processorArchitecture=MSIL" was chosen because it was primary and "Newtonsoft.Json, Version=13.0.0.0, Culture=neutral, PublicKeyToken=30ad4fe6b2a6aeed" was not. [C:\Users\WilliamForney\source\repos\wforney\OpenLiveWriter\src\managed\OpenLiveWriter.PostEditor\OpenLiveWriter.PostEditor.csproj]
C:\Program Files\Microsoft Visual Studio\18\Enterprise\MSBuild\Current\Bin\Microsoft.Common.CurrentVersion.targets(2437,5): warning MSB3277:     References which depend on "Newtonsoft.Json, Version=10.0.0.0, Culture=neutral, PublicKeyToken=30ad4fe6b2a6aeed, processorArchitecture=MSIL" []. [C:\Users\WilliamForney\source\repos\wforney\OpenLiveWriter\src\managed\OpenLiveWriter.PostEditor\OpenLiveWriter.PostEditor.csproj]
C:\Program Files\Microsoft Visual Studio\18\Enterprise\MSBuild\Current\Bin\Microsoft.Common.CurrentVersion.targets(2437,5): warning MSB3277:         Unresolved primary reference with an item include of "Newtonsoft.Json, Version=10.0.0.0, Culture=neutral, PublicKeyToken=30ad4fe6b2a6aeed, processorArchitecture=MSIL". [C:\Users\WilliamForney\source\repos\wforney\OpenLiveWriter\src\managed\OpenLiveWriter.PostEditor\OpenLiveWriter.PostEditor.csproj]
C:\Program Files\Microsoft Visual Studio\18\Enterprise\MSBuild\Current\Bin\Microsoft.Common.CurrentVersion.targets(2437,5): warning MSB3277:     References which depend on or have been unified to "Newtonsoft.Json, Version=13.0.0.0, Culture=neutral, PublicKeyToken=30ad4fe6b2a6aeed" [C:\Users\WilliamForney\source\repos\wforney\OpenLiveWriter\src\managed\bin\Debug\i386\Writer\Newtonsoft.Json.dll]. [C:\Users\WilliamForney\source\repos\wforney\OpenLiveWriter\src\managed\OpenLiveWriter.PostEditor\OpenLiveWriter.PostEditor.csproj]
C:\Program Files\Microsoft Visual Studio\18\Enterprise\MSBuild\Current\Bin\Microsoft.Common.CurrentVersion.targets(2437,5): warning MSB3277:         C:\Users\WilliamForney\source\repos\wforney\OpenLiveWriter\src\managed\bin\Debug\i386\Writer\OpenLiveWriter.BlogClient.dll [C:\Users\WilliamForney\source\repos\wforney\OpenLiveWriter\src\managed\OpenLiveWriter.PostEditor\OpenLiveWriter.PostEditor.csproj]
C:\Program Files\Microsoft Visual Studio\18\Enterprise\MSBuild\Current\Bin\Microsoft.Common.CurrentVersion.targets(2437,5): warning MSB3277:           Project file item includes which caused reference "C:\Users\WilliamForney\source\repos\wforney\OpenLiveWriter\src\managed\bin\Debug\i386\Writer\OpenLiveWriter.BlogClient.dll". [C:\Users\WilliamForney\source\repos\wforney\OpenLiveWriter\src\managed\OpenLiveWriter.PostEditor\OpenLiveWriter.PostEditor.csproj]
C:\Program Files\Microsoft Visual Studio\18\Enterprise\MSBuild\Current\Bin\Microsoft.Common.CurrentVersion.targets(2437,5): warning MSB3277:             C:\Users\WilliamForney\source\repos\wforney\OpenLiveWriter\src\managed\bin\Debug\i386\Writer\OpenLiveWriter.BlogClient.dll [C:\Users\WilliamForney\source\repos\wforney\OpenLiveWriter\src\managed\OpenLiveWriter.PostEditor\OpenLiveWriter.PostEditor.csproj]
C:\Program Files\Microsoft Visual Studio\18\Enterprise\MSBuild\Current\Bin\Microsoft.Common.CurrentVersion.targets(2437,5): warning MSB3277:         C:\Users\WilliamForney\source\repos\wforney\OpenLiveWriter\src\managed\packages\Google.Apis.1.39.0\lib\net45\Google.Apis.dll [C:\Users\WilliamForney\source\repos\wforney\OpenLiveWriter\src\managed\OpenLiveWriter.PostEditor\OpenLiveWriter.PostEditor.csproj]
C:\Program Files\Microsoft Visual Studio\18\Enterprise\MSBuild\Current\Bin\Microsoft.Common.CurrentVersion.targets(2437,5): warning MSB3277:           Project file item includes which caused reference "C:\Users\WilliamForney\source\repos\wforney\OpenLiveWriter\src\managed\packages\Google.Apis.1.39.0\lib\net45\Google.Apis.dll". [C:\Users\WilliamForney\source\repos\wforney\OpenLiveWriter\src\managed\OpenLiveWriter.PostEditor\OpenLiveWriter.PostEditor.csproj]
C:\Program Files\Microsoft Visual Studio\18\Enterprise\MSBuild\Current\Bin\Microsoft.Common.CurrentVersion.targets(2437,5): warning MSB3277:             Google.Apis, Version=1.39.0.0, Culture=neutral, PublicKeyToken=4b01fa6e34db77ab, processorArchitecture=MSIL [C:\Users\WilliamForney\source\repos\wforney\OpenLiveWriter\src\managed\OpenLiveWriter.PostEditor\OpenLiveWriter.PostEditor.csproj]
C:\Program Files\Microsoft Visual Studio\18\Enterprise\MSBuild\Current\Bin\Microsoft.Common.CurrentVersion.targets(2437,5): warning MSB3277:             C:\Users\WilliamForney\source\repos\wforney\OpenLiveWriter\src\managed\bin\Debug\i386\Writer\OpenLiveWriter.BlogClient.dll [C:\Users\WilliamForney\source\repos\wforney\OpenLiveWriter\src\managed\OpenLiveWriter.PostEditor\OpenLiveWriter.PostEditor.csproj]
C:\Program Files\Microsoft Visual Studio\18\Enterprise\MSBuild\Current\Bin\Microsoft.Common.CurrentVersion.targets(2437,5): warning MSB3277:             Google.Apis.Auth, Version=1.39.0.0, Culture=neutral, PublicKeyToken=4b01fa6e34db77ab, processorArchitecture=MSIL [C:\Users\WilliamForney\source\repos\wforney\OpenLiveWriter\src\managed\OpenLiveWriter.PostEditor\OpenLiveWriter.PostEditor.csproj]
C:\Program Files\Microsoft Visual Studio\18\Enterprise\MSBuild\Current\Bin\Microsoft.Common.CurrentVersion.targets(2437,5): warning MSB3277:             Google.Apis.Auth.PlatformServices, Version=1.39.0.0, Culture=neutral, PublicKeyToken=4b01fa6e34db77ab, processorArchitecture=MSIL [C:\Users\WilliamForney\source\repos\wforney\OpenLiveWriter\src\managed\OpenLiveWriter.PostEditor\OpenLiveWriter.PostEditor.csproj]
C:\Program Files\Microsoft Visual Studio\18\Enterprise\MSBuild\Current\Bin\Microsoft.Common.CurrentVersion.targets(2437,5): warning MSB3277:             Google.Apis.Blogger.v3, Version=1.21.0.111, Culture=neutral, PublicKeyToken=4b01fa6e34db77ab, processorArchitecture=MSIL [C:\Users\WilliamForney\source\repos\wforney\OpenLiveWriter\src\managed\OpenLiveWriter.PostEditor\OpenLiveWriter.PostEditor.csproj]
C:\Program Files\Microsoft Visual Studio\18\Enterprise\MSBuild\Current\Bin\Microsoft.Common.CurrentVersion.targets(2437,5): warning MSB3277:             Google.Apis.PlatformServices, Version=1.39.0.0, Culture=neutral, PublicKeyToken=4b01fa6e34db77ab, processorArchitecture=MSIL [C:\Users\WilliamForney\source\repos\wforney\OpenLiveWriter\src\managed\OpenLiveWriter.PostEditor\OpenLiveWriter.PostEditor.csproj]
C:\Program Files\Microsoft Visual Studio\18\Enterprise\MSBuild\Current\Bin\Microsoft.Common.CurrentVersion.targets(2437,5): warning MSB3277:         C:\Users\WilliamForney\source\repos\wforney\OpenLiveWriter\src\managed\packages\Google.Apis.Auth.1.39.0\lib\net45\Google.Apis.Auth.dll [C:\Users\WilliamForney\source\repos\wforney\OpenLiveWriter\src\managed\OpenLiveWriter.PostEditor\OpenLiveWriter.PostEditor.csproj]
C:\Program Files\Microsoft Visual Studio\18\Enterprise\MSBuild\Current\Bin\Microsoft.Common.CurrentVersion.targets(2437,5): warning MSB3277:           Project file item includes which caused reference "C:\Users\WilliamForney\source\repos\wforney\OpenLiveWriter\src\managed\packages\Google.Apis.Auth.1.39.0\lib\net45\Google.Apis.Auth.dll". [C:\Users\WilliamForney\source\repos\wforney\OpenLiveWriter\src\managed\OpenLiveWriter.PostEditor\OpenLiveWriter.PostEditor.csproj]
C:\Program Files\Microsoft Visual Studio\18\Enterprise\MSBuild\Current\Bin\Microsoft.Common.CurrentVersion.targets(2437,5): warning MSB3277:             Google.Apis.Auth, Version=1.39.0.0, Culture=neutral, PublicKeyToken=4b01fa6e34db77ab, processorArchitecture=MSIL [C:\Users\WilliamForney\source\repos\wforney\OpenLiveWriter\src\managed\OpenLiveWriter.PostEditor\OpenLiveWriter.PostEditor.csproj]
C:\Program Files\Microsoft Visual Studio\18\Enterprise\MSBuild\Current\Bin\Microsoft.Common.CurrentVersion.targets(2437,5): warning MSB3277:             C:\Users\WilliamForney\source\repos\wforney\OpenLiveWriter\src\managed\bin\Debug\i386\Writer\OpenLiveWriter.BlogClient.dll [C:\Users\WilliamForney\source\repos\wforney\OpenLiveWriter\src\managed\OpenLiveWriter.PostEditor\OpenLiveWriter.PostEditor.csproj]
C:\Program Files\Microsoft Visual Studio\18\Enterprise\MSBuild\Current\Bin\Microsoft.Common.CurrentVersion.targets(2437,5): warning MSB3277:             Google.Apis.Auth.PlatformServices, Version=1.39.0.0, Culture=neutral, PublicKeyToken=4b01fa6e34db77ab, processorArchitecture=MSIL [C:\Users\WilliamForney\source\repos\wforney\OpenLiveWriter\src\managed\OpenLiveWriter.PostEditor\OpenLiveWriter.PostEditor.csproj]
C:\Program Files\Microsoft Visual Studio\18\Enterprise\MSBuild\Current\Bin\Microsoft.Common.CurrentVersion.targets(2437,5): warning MSB3277:         C:\Users\WilliamForney\source\repos\wforney\OpenLiveWriter\src\managed\packages\Google.Apis.Blogger.v3.1.21.0.111\lib\net45\Google.Apis.Blogger.v3.dll [C:\Users\WilliamForney\source\repos\wforney\OpenLiveWriter\src\managed\OpenLiveWriter.PostEditor\OpenLiveWriter.PostEditor.csproj]
C:\Program Files\Microsoft Visual Studio\18\Enterprise\MSBuild\Current\Bin\Microsoft.Common.CurrentVersion.targets(2437,5): warning MSB3277:           Project file item includes which caused reference "C:\Users\WilliamForney\source\repos\wforney\OpenLiveWriter\src\managed\packages\Google.Apis.Blogger.v3.1.21.0.111\lib\net45\Google.Apis.Blogger.v3.dll". [C:\Users\WilliamForney\source\repos\wforney\OpenLiveWriter\src\managed\OpenLiveWriter.PostEditor\OpenLiveWriter.PostEditor.csproj]
C:\Program Files\Microsoft Visual Studio\18\Enterprise\MSBuild\Current\Bin\Microsoft.Common.CurrentVersion.targets(2437,5): warning MSB3277:             Google.Apis.Blogger.v3, Version=1.21.0.111, Culture=neutral, PublicKeyToken=4b01fa6e34db77ab, processorArchitecture=MSIL [C:\Users\WilliamForney\source\repos\wforney\OpenLiveWriter\src\managed\OpenLiveWriter.PostEditor\OpenLiveWriter.PostEditor.csproj]
C:\Program Files\Microsoft Visual Studio\18\Enterprise\MSBuild\Current\Bin\Microsoft.Common.CurrentVersion.targets(2437,5): warning MSB3277:             C:\Users\WilliamForney\source\repos\wforney\OpenLiveWriter\src\managed\bin\Debug\i386\Writer\OpenLiveWriter.BlogClient.dll [C:\Users\WilliamForney\source\repos\wforney\OpenLiveWriter\src\managed\OpenLiveWriter.PostEditor\OpenLiveWriter.PostEditor.csproj]
C:\Program Files\Microsoft Visual Studio\18\Enterprise\MSBuild\Current\Bin\Microsoft.Common.CurrentVersion.targets(2437,5): warning MSB3277:         C:\Users\WilliamForney\source\repos\wforney\OpenLiveWriter\src\managed\packages\Google.Apis.Core.1.39.0\lib\net45\Google.Apis.Core.dll [C:\Users\WilliamForney\source\repos\wforney\OpenLiveWriter\src\managed\OpenLiveWriter.PostEditor\OpenLiveWriter.PostEditor.csproj]
C:\Program Files\Microsoft Visual Studio\18\Enterprise\MSBuild\Current\Bin\Microsoft.Common.CurrentVersion.targets(2437,5): warning MSB3277:           Project file item includes which caused reference "C:\Users\WilliamForney\source\repos\wforney\OpenLiveWriter\src\managed\packages\Google.Apis.Core.1.39.0\lib\net45\Google.Apis.Core.dll". [C:\Users\WilliamForney\source\repos\wforney\OpenLiveWriter\src\managed\OpenLiveWriter.PostEditor\OpenLiveWriter.PostEditor.csproj]
C:\Program Files\Microsoft Visual Studio\18\Enterprise\MSBuild\Current\Bin\Microsoft.Common.CurrentVersion.targets(2437,5): warning MSB3277:             Google.Apis.Core, Version=1.39.0.0, Culture=neutral, PublicKeyToken=4b01fa6e34db77ab, processorArchitecture=MSIL [C:\Users\WilliamForney\source\repos\wforney\OpenLiveWriter\src\managed\OpenLiveWriter.PostEditor\OpenLiveWriter.PostEditor.csproj]
C:\Program Files\Microsoft Visual Studio\18\Enterprise\MSBuild\Current\Bin\Microsoft.Common.CurrentVersion.targets(2437,5): warning MSB3277:             C:\Users\WilliamForney\source\repos\wforney\OpenLiveWriter\src\managed\bin\Debug\i386\Writer\OpenLiveWriter.BlogClient.dll [C:\Users\WilliamForney\source\repos\wforney\OpenLiveWriter\src\managed\OpenLiveWriter.PostEditor\OpenLiveWriter.PostEditor.csproj]
C:\Program Files\Microsoft Visual Studio\18\Enterprise\MSBuild\Current\Bin\Microsoft.Common.CurrentVersion.targets(2437,5): warning MSB3277:             Google.Apis, Version=1.39.0.0, Culture=neutral, PublicKeyToken=4b01fa6e34db77ab, processorArchitecture=MSIL [C:\Users\WilliamForney\source\repos\wforney\OpenLiveWriter\src\managed\OpenLiveWriter.PostEditor\OpenLiveWriter.PostEditor.csproj]
C:\Program Files\Microsoft Visual Studio\18\Enterprise\MSBuild\Current\Bin\Microsoft.Common.CurrentVersion.targets(2437,5): warning MSB3277:             Google.Apis.Auth, Version=1.39.0.0, Culture=neutral, PublicKeyToken=4b01fa6e34db77ab, processorArchitecture=MSIL [C:\Users\WilliamForney\source\repos\wforney\OpenLiveWriter\src\managed\OpenLiveWriter.PostEditor\OpenLiveWriter.PostEditor.csproj]
C:\Program Files\Microsoft Visual Studio\18\Enterprise\MSBuild\Current\Bin\Microsoft.Common.CurrentVersion.targets(2437,5): warning MSB3277:             Google.Apis.Auth.PlatformServices, Version=1.39.0.0, Culture=neutral, PublicKeyToken=4b01fa6e34db77ab, processorArchitecture=MSIL [C:\Users\WilliamForney\source\repos\wforney\OpenLiveWriter\src\managed\OpenLiveWriter.PostEditor\OpenLiveWriter.PostEditor.csproj]
C:\Program Files\Microsoft Visual Studio\18\Enterprise\MSBuild\Current\Bin\Microsoft.Common.CurrentVersion.targets(2437,5): warning MSB3277:             Google.Apis.Blogger.v3, Version=1.21.0.111, Culture=neutral, PublicKeyToken=4b01fa6e34db77ab, processorArchitecture=MSIL [C:\Users\WilliamForney\source\repos\wforney\OpenLiveWriter\src\managed\OpenLiveWriter.PostEditor\OpenLiveWriter.PostEditor.csproj]
C:\Program Files\Microsoft Visual Studio\18\Enterprise\MSBuild\Current\Bin\Microsoft.Common.CurrentVersion.targets(2437,5): warning MSB3277:             Google.Apis.PlatformServices, Version=1.39.0.0, Culture=neutral, PublicKeyToken=4b01fa6e34db77ab, processorArchitecture=MSIL [C:\Users\WilliamForney\source\repos\wforney\OpenLiveWriter\src\managed\OpenLiveWriter.PostEditor\OpenLiveWriter.PostEditor.csproj]
C:\Program Files\Microsoft Visual Studio\18\Enterprise\MSBuild\Current\Bin\Microsoft.Common.CurrentVersion.targets(2437,5): warning MSB3277:         C:\Users\WilliamForney\source\repos\wforney\OpenLiveWriter\src\managed\bin\Debug\i386\Writer\Google.Apis.Drive.v3.dll [C:\Users\WilliamForney\source\repos\wforney\OpenLiveWriter\src\managed\OpenLiveWriter.PostEditor\OpenLiveWriter.PostEditor.csproj]
C:\Program Files\Microsoft Visual Studio\18\Enterprise\MSBuild\Current\Bin\Microsoft.Common.CurrentVersion.targets(2437,5): warning MSB3277:           Project file item includes which caused reference "C:\Users\WilliamForney\source\repos\wforney\OpenLiveWriter\src\managed\bin\Debug\i386\Writer\Google.Apis.Drive.v3.dll". [C:\Users\WilliamForney\source\repos\wforney\OpenLiveWriter\src\managed\OpenLiveWriter.PostEditor\OpenLiveWriter.PostEditor.csproj]
C:\Program Files\Microsoft Visual Studio\18\Enterprise\MSBuild\Current\Bin\Microsoft.Common.CurrentVersion.targets(2437,5): warning MSB3277:             C:\Users\WilliamForney\source\repos\wforney\OpenLiveWriter\src\managed\bin\Debug\i386\Writer\OpenLiveWriter.BlogClient.dll [C:\Users\WilliamForney\source\repos\wforney\OpenLiveWriter\src\managed\OpenLiveWriter.PostEditor\OpenLiveWriter.PostEditor.csproj]
C:\Program Files\Microsoft Visual Studio\18\Enterprise\MSBuild\Current\Bin\Microsoft.Common.CurrentVersion.targets(2437,5): warning MSB3277: Found conflicts between different versions of "System.Core" that could not be resolved. [C:\Users\WilliamForney\source\repos\wforney\OpenLiveWriter\src\managed\OpenLiveWriter.PostEditor\OpenLiveWriter.PostEditor.csproj]
C:\Program Files\Microsoft Visual Studio\18\Enterprise\MSBuild\Current\Bin\Microsoft.Common.CurrentVersion.targets(2437,5): warning MSB3277: There was a conflict between "System.Core, Version=3.5.0.0, Culture=neutral, PublicKeyToken=b77a5c561934e089" and "System.Core, Version=4.0.0.0, Culture=neutral, PublicKeyToken=b77a5c561934e089". [C:\Users\WilliamForney\source\repos\wforney\OpenLiveWriter\src\managed\OpenLiveWriter.PostEditor\OpenLiveWriter.PostEditor.csproj]
C:\Program Files\Microsoft Visual Studio\18\Enterprise\MSBuild\Current\Bin\Microsoft.Common.CurrentVersion.targets(2437,5): warning MSB3277:     "System.Core, Version=3.5.0.0, Culture=neutral, PublicKeyToken=b77a5c561934e089" was chosen because it was primary and "System.Core, Version=4.0.0.0, Culture=neutral, PublicKeyToken=b77a5c561934e089" was not. [C:\Users\WilliamForney\source\repos\wforney\OpenLiveWriter\src\managed\OpenLiveWriter.PostEditor\OpenLiveWriter.PostEditor.csproj]
C:\Program Files\Microsoft Visual Studio\18\Enterprise\MSBuild\Current\Bin\Microsoft.Common.CurrentVersion.targets(2437,5): warning MSB3277:     References which depend on "System.Core, Version=3.5.0.0, Culture=neutral, PublicKeyToken=b77a5c561934e089" [C:\Program Files (x86)\Reference Assemblies\Microsoft\Framework\v3.5\System.Core.dll]. [C:\Users\WilliamForney\source\repos\wforney\OpenLiveWriter\src\managed\OpenLiveWriter.PostEditor\OpenLiveWriter.PostEditor.csproj]
C:\Program Files\Microsoft Visual Studio\18\Enterprise\MSBuild\Current\Bin\Microsoft.Common.CurrentVersion.targets(2437,5): warning MSB3277:         C:\Program Files (x86)\Reference Assemblies\Microsoft\Framework\v3.5\System.Core.dll [C:\Users\WilliamForney\source\repos\wforney\OpenLiveWriter\src\managed\OpenLiveWriter.PostEditor\OpenLiveWriter.PostEditor.csproj]
C:\Program Files\Microsoft Visual Studio\18\Enterprise\MSBuild\Current\Bin\Microsoft.Common.CurrentVersion.targets(2437,5): warning MSB3277:           Project file item includes which caused reference "C:\Program Files (x86)\Reference Assemblies\Microsoft\Framework\v3.5\System.Core.dll". [C:\Users\WilliamForney\source\repos\wforney\OpenLiveWriter\src\managed\OpenLiveWriter.PostEditor\OpenLiveWriter.PostEditor.csproj]
C:\Program Files\Microsoft Visual Studio\18\Enterprise\MSBuild\Current\Bin\Microsoft.Common.CurrentVersion.targets(2437,5): warning MSB3277:             System.Core [C:\Users\WilliamForney\source\repos\wforney\OpenLiveWriter\src\managed\OpenLiveWriter.PostEditor\OpenLiveWriter.PostEditor.csproj]
C:\Program Files\Microsoft Visual Studio\18\Enterprise\MSBuild\Current\Bin\Microsoft.Common.CurrentVersion.targets(2437,5): warning MSB3277:             C:\Users\WilliamForney\source\repos\wforney\OpenLiveWriter\src\managed\bin\Debug\i386\Writer\OpenLiveWriter.SpellChecker.dll [C:\Users\WilliamForney\source\repos\wforney\OpenLiveWriter\src\managed\OpenLiveWriter.PostEditor\OpenLiveWriter.PostEditor.csproj]
C:\Program Files\Microsoft Visual Studio\18\Enterprise\MSBuild\Current\Bin\Microsoft.Common.CurrentVersion.targets(2437,5): warning MSB3277:             C:\Users\WilliamForney\source\repos\wforney\OpenLiveWriter\src\managed\bin\Debug\i386\Writer\OpenLiveWriter.BlogClient.dll [C:\Users\WilliamForney\source\repos\wforney\OpenLiveWriter\src\managed\OpenLiveWriter.PostEditor\OpenLiveWriter.PostEditor.csproj]
C:\Program Files\Microsoft Visual Studio\18\Enterprise\MSBuild\Current\Bin\Microsoft.Common.CurrentVersion.targets(2437,5): warning MSB3277:             C:\Users\WilliamForney\source\repos\wforney\OpenLiveWriter\src\managed\bin\Debug\i386\Writer\OpenLiveWriter.HtmlEditor.dll [C:\Users\WilliamForney\source\repos\wforney\OpenLiveWriter\src\managed\OpenLiveWriter.PostEditor\OpenLiveWriter.PostEditor.csproj]
C:\Program Files\Microsoft Visual Studio\18\Enterprise\MSBuild\Current\Bin\Microsoft.Common.CurrentVersion.targets(2437,5): warning MSB3277:         C:\Users\WilliamForney\source\repos\wforney\OpenLiveWriter\src\managed\bin\Debug\i386\Writer\OpenLiveWriter.SpellChecker.dll [C:\Users\WilliamForney\source\repos\wforney\OpenLiveWriter\src\managed\OpenLiveWriter.PostEditor\OpenLiveWriter.PostEditor.csproj]
C:\Program Files\Microsoft Visual Studio\18\Enterprise\MSBuild\Current\Bin\Microsoft.Common.CurrentVersion.targets(2437,5): warning MSB3277:           Project file item includes which caused reference "C:\Users\WilliamForney\source\repos\wforney\OpenLiveWriter\src\managed\bin\Debug\i386\Writer\OpenLiveWriter.SpellChecker.dll". [C:\Users\WilliamForney\source\repos\wforney\OpenLiveWriter\src\managed\OpenLiveWriter.PostEditor\OpenLiveWriter.PostEditor.csproj]
C:\Program Files\Microsoft Visual Studio\18\Enterprise\MSBuild\Current\Bin\Microsoft.Common.CurrentVersion.targets(2437,5): warning MSB3277:             C:\Users\WilliamForney\source\repos\wforney\OpenLiveWriter\src\managed\bin\Debug\i386\Writer\OpenLiveWriter.SpellChecker.dll [C:\Users\WilliamForney\source\repos\wforney\OpenLiveWriter\src\managed\OpenLiveWriter.PostEditor\OpenLiveWriter.PostEditor.csproj]
C:\Program Files\Microsoft Visual Studio\18\Enterprise\MSBuild\Current\Bin\Microsoft.Common.CurrentVersion.targets(2437,5): warning MSB3277:             C:\Users\WilliamForney\source\repos\wforney\OpenLiveWriter\src\managed\bin\Debug\i386\Writer\OpenLiveWriter.HtmlEditor.dll [C:\Users\WilliamForney\source\repos\wforney\OpenLiveWriter\src\managed\OpenLiveWriter.PostEditor\OpenLiveWriter.PostEditor.csproj]
C:\Program Files\Microsoft Visual Studio\18\Enterprise\MSBuild\Current\Bin\Microsoft.Common.CurrentVersion.targets(2437,5): warning MSB3277:         C:\Users\WilliamForney\source\repos\wforney\OpenLiveWriter\src\managed\bin\Debug\i386\Writer\OpenLiveWriter.BlogClient.dll [C:\Users\WilliamForney\source\repos\wforney\OpenLiveWriter\src\managed\OpenLiveWriter.PostEditor\OpenLiveWriter.PostEditor.csproj]
C:\Program Files\Microsoft Visual Studio\18\Enterprise\MSBuild\Current\Bin\Microsoft.Common.CurrentVersion.targets(2437,5): warning MSB3277:           Project file item includes which caused reference "C:\Users\WilliamForney\source\repos\wforney\OpenLiveWriter\src\managed\bin\Debug\i386\Writer\OpenLiveWriter.BlogClient.dll". [C:\Users\WilliamForney\source\repos\wforney\OpenLiveWriter\src\managed\OpenLiveWriter.PostEditor\OpenLiveWriter.PostEditor.csproj]
C:\Program Files\Microsoft Visual Studio\18\Enterprise\MSBuild\Current\Bin\Microsoft.Common.CurrentVersion.targets(2437,5): warning MSB3277:             C:\Users\WilliamForney\source\repos\wforney\OpenLiveWriter\src\managed\bin\Debug\i386\Writer\OpenLiveWriter.BlogClient.dll [C:\Users\WilliamForney\source\repos\wforney\OpenLiveWriter\src\managed\OpenLiveWriter.PostEditor\OpenLiveWriter.PostEditor.csproj]
C:\Program Files\Microsoft Visual Studio\18\Enterprise\MSBuild\Current\Bin\Microsoft.Common.CurrentVersion.targets(2437,5): warning MSB3277:     References which depend on or have been unified to "System.Core, Version=4.0.0.0, Culture=neutral, PublicKeyToken=b77a5c561934e089" [C:\Windows\Microsoft.Net\assembly\GAC_MSIL\System.Core\v4.0_4.0.0.0__b77a5c561934e089\System.Core.dll]. [C:\Users\WilliamForney\source\repos\wforney\OpenLiveWriter\src\managed\OpenLiveWriter.PostEditor\OpenLiveWriter.PostEditor.csproj]
C:\Program Files\Microsoft Visual Studio\18\Enterprise\MSBuild\Current\Bin\Microsoft.Common.CurrentVersion.targets(2437,5): warning MSB3277:         C:\Users\WilliamForney\source\repos\wforney\OpenLiveWriter\src\managed\packages\Google.Apis.1.39.0\lib\net45\Google.Apis.dll [C:\Users\WilliamForney\source\repos\wforney\OpenLiveWriter\src\managed\OpenLiveWriter.PostEditor\OpenLiveWriter.PostEditor.csproj]
C:\Program Files\Microsoft Visual Studio\18\Enterprise\MSBuild\Current\Bin\Microsoft.Common.CurrentVersion.targets(2437,5): warning MSB3277:           Project file item includes which caused reference "C:\Users\WilliamForney\source\repos\wforney\OpenLiveWriter\src\managed\packages\Google.Apis.1.39.0\lib\net45\Google.Apis.dll". [C:\Users\WilliamForney\source\repos\wforney\OpenLiveWriter\src\managed\OpenLiveWriter.PostEditor\OpenLiveWriter.PostEditor.csproj]
C:\Program Files\Microsoft Visual Studio\18\Enterprise\MSBuild\Current\Bin\Microsoft.Common.CurrentVersion.targets(2437,5): warning MSB3277:             Google.Apis, Version=1.39.0.0, Culture=neutral, PublicKeyToken=4b01fa6e34db77ab, processorArchitecture=MSIL [C:\Users\WilliamForney\source\repos\wforney\OpenLiveWriter\src\managed\OpenLiveWriter.PostEditor\OpenLiveWriter.PostEditor.csproj]
C:\Program Files\Microsoft Visual Studio\18\Enterprise\MSBuild\Current\Bin\Microsoft.Common.CurrentVersion.targets(2437,5): warning MSB3277:             C:\Users\WilliamForney\source\repos\wforney\OpenLiveWriter\src\managed\bin\Debug\i386\Writer\OpenLiveWriter.BlogClient.dll [C:\Users\WilliamForney\source\repos\wforney\OpenLiveWriter\src\managed\OpenLiveWriter.PostEditor\OpenLiveWriter.PostEditor.csproj]
C:\Program Files\Microsoft Visual Studio\18\Enterprise\MSBuild\Current\Bin\Microsoft.Common.CurrentVersion.targets(2437,5): warning MSB3277:             Google.Apis.Auth, Version=1.39.0.0, Culture=neutral, PublicKeyToken=4b01fa6e34db77ab, processorArchitecture=MSIL [C:\Users\WilliamForney\source\repos\wforney\OpenLiveWriter\src\managed\OpenLiveWriter.PostEditor\OpenLiveWriter.PostEditor.csproj]
C:\Program Files\Microsoft Visual Studio\18\Enterprise\MSBuild\Current\Bin\Microsoft.Common.CurrentVersion.targets(2437,5): warning MSB3277:             Google.Apis.Auth.PlatformServices, Version=1.39.0.0, Culture=neutral, PublicKeyToken=4b01fa6e34db77ab, processorArchitecture=MSIL [C:\Users\WilliamForney\source\repos\wforney\OpenLiveWriter\src\managed\OpenLiveWriter.PostEditor\OpenLiveWriter.PostEditor.csproj]
C:\Program Files\Microsoft Visual Studio\18\Enterprise\MSBuild\Current\Bin\Microsoft.Common.CurrentVersion.targets(2437,5): warning MSB3277:             Google.Apis.Blogger.v3, Version=1.21.0.111, Culture=neutral, PublicKeyToken=4b01fa6e34db77ab, processorArchitecture=MSIL [C:\Users\WilliamForney\source\repos\wforney\OpenLiveWriter\src\managed\OpenLiveWriter.PostEditor\OpenLiveWriter.PostEditor.csproj]
C:\Program Files\Microsoft Visual Studio\18\Enterprise\MSBuild\Current\Bin\Microsoft.Common.CurrentVersion.targets(2437,5): warning MSB3277:             Google.Apis.PlatformServices, Version=1.39.0.0, Culture=neutral, PublicKeyToken=4b01fa6e34db77ab, processorArchitecture=MSIL [C:\Users\WilliamForney\source\repos\wforney\OpenLiveWriter\src\managed\OpenLiveWriter.PostEditor\OpenLiveWriter.PostEditor.csproj]
C:\Program Files\Microsoft Visual Studio\18\Enterprise\MSBuild\Current\Bin\Microsoft.Common.CurrentVersion.targets(2437,5): warning MSB3277:         C:\Users\WilliamForney\source\repos\wforney\OpenLiveWriter\src\managed\packages\Google.Apis.Auth.1.39.0\lib\net45\Google.Apis.Auth.dll [C:\Users\WilliamForney\source\repos\wforney\OpenLiveWriter\src\managed\OpenLiveWriter.PostEditor\OpenLiveWriter.PostEditor.csproj]
C:\Program Files\Microsoft Visual Studio\18\Enterprise\MSBuild\Current\Bin\Microsoft.Common.CurrentVersion.targets(2437,5): warning MSB3277:           Project file item includes which caused reference "C:\Users\WilliamForney\source\repos\wforney\OpenLiveWriter\src\managed\packages\Google.Apis.Auth.1.39.0\lib\net45\Google.Apis.Auth.dll". [C:\Users\WilliamForney\source\repos\wforney\OpenLiveWriter\src\managed\OpenLiveWriter.PostEditor\OpenLiveWriter.PostEditor.csproj]
C:\Program Files\Microsoft Visual Studio\18\Enterprise\MSBuild\Current\Bin\Microsoft.Common.CurrentVersion.targets(2437,5): warning MSB3277:             Google.Apis.Auth, Version=1.39.0.0, Culture=neutral, PublicKeyToken=4b01fa6e34db77ab, processorArchitecture=MSIL [C:\Users\WilliamForney\source\repos\wforney\OpenLiveWriter\src\managed\OpenLiveWriter.PostEditor\OpenLiveWriter.PostEditor.csproj]
C:\Program Files\Microsoft Visual Studio\18\Enterprise\MSBuild\Current\Bin\Microsoft.Common.CurrentVersion.targets(2437,5): warning MSB3277:             C:\Users\WilliamForney\source\repos\wforney\OpenLiveWriter\src\managed\bin\Debug\i386\Writer\OpenLiveWriter.BlogClient.dll [C:\Users\WilliamForney\source\repos\wforney\OpenLiveWriter\src\managed\OpenLiveWriter.PostEditor\OpenLiveWriter.PostEditor.csproj]
C:\Program Files\Microsoft Visual Studio\18\Enterprise\MSBuild\Current\Bin\Microsoft.Common.CurrentVersion.targets(2437,5): warning MSB3277:             Google.Apis.Auth.PlatformServices, Version=1.39.0.0, Culture=neutral, PublicKeyToken=4b01fa6e34db77ab, processorArchitecture=MSIL [C:\Users\WilliamForney\source\repos\wforney\OpenLiveWriter\src\managed\OpenLiveWriter.PostEditor\OpenLiveWriter.PostEditor.csproj]
C:\Program Files\Microsoft Visual Studio\18\Enterprise\MSBuild\Current\Bin\Microsoft.Common.CurrentVersion.targets(2437,5): warning MSB3277:         C:\Users\WilliamForney\source\repos\wforney\OpenLiveWriter\src\managed\packages\Google.Apis.Core.1.39.0\lib\net45\Google.Apis.Core.dll [C:\Users\WilliamForney\source\repos\wforney\OpenLiveWriter\src\managed\OpenLiveWriter.PostEditor\OpenLiveWriter.PostEditor.csproj]
C:\Program Files\Microsoft Visual Studio\18\Enterprise\MSBuild\Current\Bin\Microsoft.Common.CurrentVersion.targets(2437,5): warning MSB3277:           Project file item includes which caused reference "C:\Users\WilliamForney\source\repos\wforney\OpenLiveWriter\src\managed\packages\Google.Apis.Core.1.39.0\lib\net45\Google.Apis.Core.dll". [C:\Users\WilliamForney\source\repos\wforney\OpenLiveWriter\src\managed\OpenLiveWriter.PostEditor\OpenLiveWriter.PostEditor.csproj]
C:\Program Files\Microsoft Visual Studio\18\Enterprise\MSBuild\Current\Bin\Microsoft.Common.CurrentVersion.targets(2437,5): warning MSB3277:             Google.Apis.Core, Version=1.39.0.0, Culture=neutral, PublicKeyToken=4b01fa6e34db77ab, processorArchitecture=MSIL [C:\Users\WilliamForney\source\repos\wforney\OpenLiveWriter\src\managed\OpenLiveWriter.PostEditor\OpenLiveWriter.PostEditor.csproj]
C:\Program Files\Microsoft Visual Studio\18\Enterprise\MSBuild\Current\Bin\Microsoft.Common.CurrentVersion.targets(2437,5): warning MSB3277:             C:\Users\WilliamForney\source\repos\wforney\OpenLiveWriter\src\managed\bin\Debug\i386\Writer\OpenLiveWriter.BlogClient.dll [C:\Users\WilliamForney\source\repos\wforney\OpenLiveWriter\src\managed\OpenLiveWriter.PostEditor\OpenLiveWriter.PostEditor.csproj]
C:\Program Files\Microsoft Visual Studio\18\Enterprise\MSBuild\Current\Bin\Microsoft.Common.CurrentVersion.targets(2437,5): warning MSB3277:             Google.Apis, Version=1.39.0.0, Culture=neutral, PublicKeyToken=4b01fa6e34db77ab, processorArchitecture=MSIL [C:\Users\WilliamForney\source\repos\wforney\OpenLiveWriter\src\managed\OpenLiveWriter.PostEditor\OpenLiveWriter.PostEditor.csproj]
C:\Program Files\Microsoft Visual Studio\18\Enterprise\MSBuild\Current\Bin\Microsoft.Common.CurrentVersion.targets(2437,5): warning MSB3277:             Google.Apis.Auth, Version=1.39.0.0, Culture=neutral, PublicKeyToken=4b01fa6e34db77ab, processorArchitecture=MSIL [C:\Users\WilliamForney\source\repos\wforney\OpenLiveWriter\src\managed\OpenLiveWriter.PostEditor\OpenLiveWriter.PostEditor.csproj]
C:\Program Files\Microsoft Visual Studio\18\Enterprise\MSBuild\Current\Bin\Microsoft.Common.CurrentVersion.targets(2437,5): warning MSB3277:             Google.Apis.Auth.PlatformServices, Version=1.39.0.0, Culture=neutral, PublicKeyToken=4b01fa6e34db77ab, processorArchitecture=MSIL [C:\Users\WilliamForney\source\repos\wforney\OpenLiveWriter\src\managed\OpenLiveWriter.PostEditor\OpenLiveWriter.PostEditor.csproj]
C:\Program Files\Microsoft Visual Studio\18\Enterprise\MSBuild\Current\Bin\Microsoft.Common.CurrentVersion.targets(2437,5): warning MSB3277:             Google.Apis.Blogger.v3, Version=1.21.0.111, Culture=neutral, PublicKeyToken=4b01fa6e34db77ab, processorArchitecture=MSIL [C:\Users\WilliamForney\source\repos\wforney\OpenLiveWriter\src\managed\OpenLiveWriter.PostEditor\OpenLiveWriter.PostEditor.csproj]
C:\Program Files\Microsoft Visual Studio\18\Enterprise\MSBuild\Current\Bin\Microsoft.Common.CurrentVersion.targets(2437,5): warning MSB3277:             Google.Apis.PlatformServices, Version=1.39.0.0, Culture=neutral, PublicKeyToken=4b01fa6e34db77ab, processorArchitecture=MSIL [C:\Users\WilliamForney\source\repos\wforney\OpenLiveWriter\src\managed\OpenLiveWriter.PostEditor\OpenLiveWriter.PostEditor.csproj]
C:\Program Files\Microsoft Visual Studio\18\Enterprise\MSBuild\Current\Bin\Microsoft.Common.CurrentVersion.targets(2437,5): warning MSB3277:         C:\Users\WilliamForney\source\repos\wforney\OpenLiveWriter\src\managed\packages\Microsoft.Bcl.Async.1.0.168\lib\net40\Microsoft.Threading.Tasks.Extensions.Desktop.dll [C:\Users\WilliamForney\source\repos\wforney\OpenLiveWriter\src\managed\OpenLiveWriter.PostEditor\OpenLiveWriter.PostEditor.csproj]
C:\Program Files\Microsoft Visual Studio\18\Enterprise\MSBuild\Current\Bin\Microsoft.Common.CurrentVersion.targets(2437,5): warning MSB3277:           Project file item includes which caused reference "C:\Users\WilliamForney\source\repos\wforney\OpenLiveWriter\src\managed\packages\Microsoft.Bcl.Async.1.0.168\lib\net40\Microsoft.Threading.Tasks.Extensions.Desktop.dll". [C:\Users\WilliamForney\source\repos\wforney\OpenLiveWriter\src\managed\OpenLiveWriter.PostEditor\OpenLiveWriter.PostEditor.csproj]
C:\Program Files\Microsoft Visual Studio\18\Enterprise\MSBuild\Current\Bin\Microsoft.Common.CurrentVersion.targets(2437,5): warning MSB3277:             Microsoft.Threading.Tasks.Extensions.Desktop, Version=1.0.168.0, Culture=neutral, PublicKeyToken=b03f5f7f11d50a3a, processorArchitecture=MSIL [C:\Users\WilliamForney\source\repos\wforney\OpenLiveWriter\src\managed\OpenLiveWriter.PostEditor\OpenLiveWriter.PostEditor.csproj]
C:\Program Files\Microsoft Visual Studio\18\Enterprise\MSBuild\Current\Bin\Microsoft.Common.CurrentVersion.targets(2437,5): warning MSB3277:         C:\Users\WilliamForney\source\repos\wforney\OpenLiveWriter\src\managed\packages\Mono.Cecil.0.9.6.4\lib\net45\Mono.Cecil.Rocks.dll [C:\Users\WilliamForney\source\repos\wforney\OpenLiveWriter\src\managed\OpenLiveWriter.PostEditor\OpenLiveWriter.PostEditor.csproj]
C:\Program Files\Microsoft Visual Studio\18\Enterprise\MSBuild\Current\Bin\Microsoft.Common.CurrentVersion.targets(2437,5): warning MSB3277:           Project file item includes which caused reference "C:\Users\WilliamForney\source\repos\wforney\OpenLiveWriter\src\managed\packages\Mono.Cecil.0.9.6.4\lib\net45\Mono.Cecil.Rocks.dll". [C:\Users\WilliamForney\source\repos\wforney\OpenLiveWriter\src\managed\OpenLiveWriter.PostEditor\OpenLiveWriter.PostEditor.csproj]
C:\Program Files\Microsoft Visual Studio\18\Enterprise\MSBuild\Current\Bin\Microsoft.Common.CurrentVersion.targets(2437,5): warning MSB3277:             Mono.Cecil.Rocks, Version=0.9.6.0, Culture=neutral, PublicKeyToken=0738eb9f132ed756, processorArchitecture=MSIL [C:\Users\WilliamForney\source\repos\wforney\OpenLiveWriter\src\managed\OpenLiveWriter.PostEditor\OpenLiveWriter.PostEditor.csproj]
C:\Program Files\Microsoft Visual Studio\18\Enterprise\MSBuild\Current\Bin\Microsoft.Common.CurrentVersion.targets(2437,5): warning MSB3277:         C:\Users\WilliamForney\source\repos\wforney\OpenLiveWriter\src\managed\packages\squirrel.windows.1.4.4\lib\Net45\NuGet.Squirrel.dll [C:\Users\WilliamForney\source\repos\wforney\OpenLiveWriter\src\managed\OpenLiveWriter.PostEditor\OpenLiveWriter.PostEditor.csproj]
C:\Program Files\Microsoft Visual Studio\18\Enterprise\MSBuild\Current\Bin\Microsoft.Common.CurrentVersion.targets(2437,5): warning MSB3277:           Project file item includes which caused reference "C:\Users\WilliamForney\source\repos\wforney\OpenLiveWriter\src\managed\packages\squirrel.windows.1.4.4\lib\Net45\NuGet.Squirrel.dll". [C:\Users\WilliamForney\source\repos\wforney\OpenLiveWriter\src\managed\OpenLiveWriter.PostEditor\OpenLiveWriter.PostEditor.csproj]
C:\Program Files\Microsoft Visual Studio\18\Enterprise\MSBuild\Current\Bin\Microsoft.Common.CurrentVersion.targets(2437,5): warning MSB3277:             NuGet.Squirrel, Version=3.0.0.0, Culture=neutral, processorArchitecture=MSIL [C:\Users\WilliamForney\source\repos\wforney\OpenLiveWriter\src\managed\OpenLiveWriter.PostEditor\OpenLiveWriter.PostEditor.csproj]
C:\Program Files\Microsoft Visual Studio\18\Enterprise\MSBuild\Current\Bin\Microsoft.Common.CurrentVersion.targets(2437,5): warning MSB3277:             Squirrel, Version=1.4.3.0, Culture=neutral, processorArchitecture=MSIL [C:\Users\WilliamForney\source\repos\wforney\OpenLiveWriter\src\managed\OpenLiveWriter.PostEditor\OpenLiveWriter.PostEditor.csproj]
C:\Program Files\Microsoft Visual Studio\18\Enterprise\MSBuild\Current\Bin\Microsoft.Common.CurrentVersion.targets(2437,5): warning MSB3277:         C:\Users\WilliamForney\source\repos\wforney\OpenLiveWriter\src\managed\packages\Splat.2.0.0\lib\Net45\Splat.dll [C:\Users\WilliamForney\source\repos\wforney\OpenLiveWriter\src\managed\OpenLiveWriter.PostEditor\OpenLiveWriter.PostEditor.csproj]
C:\Program Files\Microsoft Visual Studio\18\Enterprise\MSBuild\Current\Bin\Microsoft.Common.CurrentVersion.targets(2437,5): warning MSB3277:           Project file item includes which caused reference "C:\Users\WilliamForney\source\repos\wforney\OpenLiveWriter\src\managed\packages\Splat.2.0.0\lib\Net45\Splat.dll". [C:\Users\WilliamForney\source\repos\wforney\OpenLiveWriter\src\managed\OpenLiveWriter.PostEditor\OpenLiveWriter.PostEditor.csproj]
C:\Program Files\Microsoft Visual Studio\18\Enterprise\MSBuild\Current\Bin\Microsoft.Common.CurrentVersion.targets(2437,5): warning MSB3277:             Splat, Version=2.0.0.0, Culture=neutral, processorArchitecture=MSIL [C:\Users\WilliamForney\source\repos\wforney\OpenLiveWriter\src\managed\OpenLiveWriter.PostEditor\OpenLiveWriter.PostEditor.csproj]
C:\Program Files\Microsoft Visual Studio\18\Enterprise\MSBuild\Current\Bin\Microsoft.Common.CurrentVersion.targets(2437,5): warning MSB3277:         C:\Users\WilliamForney\source\repos\wforney\OpenLiveWriter\src\managed\packages\squirrel.windows.1.4.4\lib\Net45\Squirrel.dll [C:\Users\WilliamForney\source\repos\wforney\OpenLiveWriter\src\managed\OpenLiveWriter.PostEditor\OpenLiveWriter.PostEditor.csproj]
C:\Program Files\Microsoft Visual Studio\18\Enterprise\MSBuild\Current\Bin\Microsoft.Common.CurrentVersion.targets(2437,5): warning MSB3277:           Project file item includes which caused reference "C:\Users\WilliamForney\source\repos\wforney\OpenLiveWriter\src\managed\packages\squirrel.windows.1.4.4\lib\Net45\Squirrel.dll". [C:\Users\WilliamForney\source\repos\wforney\OpenLiveWriter\src\managed\OpenLiveWriter.PostEditor\OpenLiveWriter.PostEditor.csproj]
C:\Program Files\Microsoft Visual Studio\18\Enterprise\MSBuild\Current\Bin\Microsoft.Common.CurrentVersion.targets(2437,5): warning MSB3277:             Squirrel, Version=1.4.3.0, Culture=neutral, processorArchitecture=MSIL [C:\Users\WilliamForney\source\repos\wforney\OpenLiveWriter\src\managed\OpenLiveWriter.PostEditor\OpenLiveWriter.PostEditor.csproj]
C:\Program Files\Microsoft Visual Studio\18\Enterprise\MSBuild\Current\Bin\Microsoft.Common.CurrentVersion.targets(2437,5): warning MSB3277:         C:\Windows\Microsoft.Net\assembly\GAC_32\System.Data\v4.0_4.0.0.0__b77a5c561934e089\System.Data.dll [C:\Users\WilliamForney\source\repos\wforney\OpenLiveWriter\src\managed\OpenLiveWriter.PostEditor\OpenLiveWriter.PostEditor.csproj]
C:\Program Files\Microsoft Visual Studio\18\Enterprise\MSBuild\Current\Bin\Microsoft.Common.CurrentVersion.targets(2437,5): warning MSB3277:           Project file item includes which caused reference "C:\Windows\Microsoft.Net\assembly\GAC_32\System.Data\v4.0_4.0.0.0__b77a5c561934e089\System.Data.dll". [C:\Users\WilliamForney\source\repos\wforney\OpenLiveWriter\src\managed\OpenLiveWriter.PostEditor\OpenLiveWriter.PostEditor.csproj]
C:\Program Files\Microsoft Visual Studio\18\Enterprise\MSBuild\Current\Bin\Microsoft.Common.CurrentVersion.targets(2437,5): warning MSB3277:             System.Data [C:\Users\WilliamForney\source\repos\wforney\OpenLiveWriter\src\managed\OpenLiveWriter.PostEditor\OpenLiveWriter.PostEditor.csproj]
C:\Program Files\Microsoft Visual Studio\18\Enterprise\MSBuild\Current\Bin\Microsoft.Common.CurrentVersion.targets(2437,5): warning MSB3277:             Microsoft.Threading.Tasks.Extensions.Desktop, Version=1.0.168.0, Culture=neutral, PublicKeyToken=b03f5f7f11d50a3a, processorArchitecture=MSIL [C:\Users\WilliamForney\source\repos\wforney\OpenLiveWriter\src\managed\OpenLiveWriter.PostEditor\OpenLiveWriter.PostEditor.csproj]
C:\Program Files\Microsoft Visual Studio\18\Enterprise\MSBuild\Current\Bin\Microsoft.Common.CurrentVersion.targets(2437,5): warning MSB3277:             System.Design [C:\Users\WilliamForney\source\repos\wforney\OpenLiveWriter\src\managed\OpenLiveWriter.PostEditor\OpenLiveWriter.PostEditor.csproj]
C:\Program Files\Microsoft Visual Studio\18\Enterprise\MSBuild\Current\Bin\Microsoft.Common.CurrentVersion.targets(2437,5): warning MSB3277:             C:\Users\WilliamForney\source\repos\wforney\OpenLiveWriter\src\managed\bin\Debug\i386\Writer\OpenLiveWriter.ApplicationFramework.dll [C:\Users\WilliamForney\source\repos\wforney\OpenLiveWriter\src\managed\OpenLiveWriter.PostEditor\OpenLiveWriter.PostEditor.csproj]
C:\Program Files\Microsoft Visual Studio\18\Enterprise\MSBuild\Current\Bin\Microsoft.Common.CurrentVersion.targets(2437,5): warning MSB3277:             C:\Users\WilliamForney\source\repos\wforney\OpenLiveWriter\src\managed\bin\Debug\i386\Writer\OpenLiveWriter.SpellChecker.dll [C:\Users\WilliamForney\source\repos\wforney\OpenLiveWriter\src\managed\OpenLiveWriter.PostEditor\OpenLiveWriter.PostEditor.csproj]
C:\Program Files\Microsoft Visual Studio\18\Enterprise\MSBuild\Current\Bin\Microsoft.Common.CurrentVersion.targets(2437,5): warning MSB3277:             C:\Users\WilliamForney\source\repos\wforney\OpenLiveWriter\src\managed\bin\Debug\i386\Writer\OpenLiveWriter.Extensibility.dll [C:\Users\WilliamForney\source\repos\wforney\OpenLiveWriter\src\managed\OpenLiveWriter.PostEditor\OpenLiveWriter.PostEditor.csproj]
C:\Program Files\Microsoft Visual Studio\18\Enterprise\MSBuild\Current\Bin\Microsoft.Common.CurrentVersion.targets(2437,5): warning MSB3277:             C:\Users\WilliamForney\source\repos\wforney\OpenLiveWriter\src\managed\bin\Debug\i386\Writer\OpenLiveWriter.BlogClient.dll [C:\Users\WilliamForney\source\repos\wforney\OpenLiveWriter\src\managed\OpenLiveWriter.PostEditor\OpenLiveWriter.PostEditor.csproj]
C:\Program Files\Microsoft Visual Studio\18\Enterprise\MSBuild\Current\Bin\Microsoft.Common.CurrentVersion.targets(2437,5): warning MSB3277:             C:\Users\WilliamForney\source\repos\wforney\OpenLiveWriter\src\managed\bin\Debug\i386\Writer\OpenLiveWriter.HtmlEditor.dll [C:\Users\WilliamForney\source\repos\wforney\OpenLiveWriter\src\managed\OpenLiveWriter.PostEditor\OpenLiveWriter.PostEditor.csproj]
C:\Program Files\Microsoft Visual Studio\18\Enterprise\MSBuild\Current\Bin\Microsoft.Common.CurrentVersion.targets(2437,5): warning MSB3277:             C:\Users\WilliamForney\source\repos\wforney\OpenLiveWriter\src\managed\bin\Debug\i386\Writer\OpenLiveWriter.InternalWriterPlugin.dll [C:\Users\WilliamForney\source\repos\wforney\OpenLiveWriter\src\managed\OpenLiveWriter.PostEditor\OpenLiveWriter.PostEditor.csproj]
C:\Program Files\Microsoft Visual Studio\18\Enterprise\MSBuild\Current\Bin\Microsoft.Common.CurrentVersion.targets(2437,5): warning MSB3277:             System.Web [C:\Users\WilliamForney\source\repos\wforney\OpenLiveWriter\src\managed\OpenLiveWriter.PostEditor\OpenLiveWriter.PostEditor.csproj]
C:\Program Files\Microsoft Visual Studio\18\Enterprise\MSBuild\Current\Bin\Microsoft.Common.CurrentVersion.targets(2437,5): warning MSB3277:             C:\Users\WilliamForney\source\repos\wforney\OpenLiveWriter\src\managed\bin\Debug\i386\Writer\OpenLiveWriter.CoreServices.dll [C:\Users\WilliamForney\source\repos\wforney\OpenLiveWriter\src\managed\OpenLiveWriter.PostEditor\OpenLiveWriter.PostEditor.csproj]
C:\Program Files\Microsoft Visual Studio\18\Enterprise\MSBuild\Current\Bin\Microsoft.Common.CurrentVersion.targets(2437,5): warning MSB3277:             C:\Users\WilliamForney\source\repos\wforney\OpenLiveWriter\src\managed\bin\Debug\i386\Writer\OpenLiveWriter.Api.dll [C:\Users\WilliamForney\source\repos\wforney\OpenLiveWriter\src\managed\OpenLiveWriter.PostEditor\OpenLiveWriter.PostEditor.csproj]
C:\Program Files\Microsoft Visual Studio\18\Enterprise\MSBuild\Current\Bin\Microsoft.Common.CurrentVersion.targets(2437,5): warning MSB3277:             C:\Users\WilliamForney\source\repos\wforney\OpenLiveWriter\src\managed\bin\Debug\i386\Writer\OpenLiveWriter.Controls.dll [C:\Users\WilliamForney\source\repos\wforney\OpenLiveWriter\src\managed\OpenLiveWriter.PostEditor\OpenLiveWriter.PostEditor.csproj]
C:\Program Files\Microsoft Visual Studio\18\Enterprise\MSBuild\Current\Bin\Microsoft.Common.CurrentVersion.targets(2437,5): warning MSB3277:             C:\Users\WilliamForney\source\repos\wforney\OpenLiveWriter\src\managed\bin\Debug\i386\Writer\OpenLiveWriter.FileDestinations.dll [C:\Users\WilliamForney\source\repos\wforney\OpenLiveWriter\src\managed\OpenLiveWriter.PostEditor\OpenLiveWriter.PostEditor.csproj]
C:\Program Files\Microsoft Visual Studio\18\Enterprise\MSBuild\Current\Bin\Microsoft.Common.CurrentVersion.targets(2437,5): warning MSB3277:             C:\Users\WilliamForney\source\repos\wforney\OpenLiveWriter\src\managed\bin\Debug\i386\Writer\OpenLiveWriter.HtmlParser.dll [C:\Users\WilliamForney\source\repos\wforney\OpenLiveWriter\src\managed\OpenLiveWriter.PostEditor\OpenLiveWriter.PostEditor.csproj]
C:\Program Files\Microsoft Visual Studio\18\Enterprise\MSBuild\Current\Bin\Microsoft.Common.CurrentVersion.targets(2437,5): warning MSB3277:             C:\Users\WilliamForney\source\repos\wforney\OpenLiveWriter\src\managed\bin\Debug\i386\Writer\OpenLiveWriter.Mshtml.dll [C:\Users\WilliamForney\source\repos\wforney\OpenLiveWriter\src\managed\OpenLiveWriter.PostEditor\OpenLiveWriter.PostEditor.csproj]
C:\Program Files\Microsoft Visual Studio\18\Enterprise\MSBuild\Current\Bin\Microsoft.Common.CurrentVersion.targets(2437,5): warning MSB3277:             Squirrel, Version=1.4.3.0, Culture=neutral, processorArchitecture=MSIL [C:\Users\WilliamForney\source\repos\wforney\OpenLiveWriter\src\managed\OpenLiveWriter.PostEditor\OpenLiveWriter.PostEditor.csproj]
C:\Program Files\Microsoft Visual Studio\18\Enterprise\MSBuild\Current\Bin\Microsoft.Common.CurrentVersion.targets(2437,5): warning MSB3277:             System.Web.Services [C:\Users\WilliamForney\source\repos\wforney\OpenLiveWriter\src\managed\OpenLiveWriter.PostEditor\OpenLiveWriter.PostEditor.csproj]
C:\Program Files\Microsoft Visual Studio\18\Enterprise\MSBuild\Current\Bin\Microsoft.Common.CurrentVersion.targets(2437,5): warning MSB3277:             Google.Apis, Version=1.39.0.0, Culture=neutral, PublicKeyToken=4b01fa6e34db77ab, processorArchitecture=MSIL [C:\Users\WilliamForney\source\repos\wforney\OpenLiveWriter\src\managed\OpenLiveWriter.PostEditor\OpenLiveWriter.PostEditor.csproj]
C:\Program Files\Microsoft Visual Studio\18\Enterprise\MSBuild\Current\Bin\Microsoft.Common.CurrentVersion.targets(2437,5): warning MSB3277:             Google.Apis.Auth, Version=1.39.0.0, Culture=neutral, PublicKeyToken=4b01fa6e34db77ab, processorArchitecture=MSIL [C:\Users\WilliamForney\source\repos\wforney\OpenLiveWriter\src\managed\OpenLiveWriter.PostEditor\OpenLiveWriter.PostEditor.csproj]
C:\Program Files\Microsoft Visual Studio\18\Enterprise\MSBuild\Current\Bin\Microsoft.Common.CurrentVersion.targets(2437,5): warning MSB3277:             Google.Apis.Auth.PlatformServices, Version=1.39.0.0, Culture=neutral, PublicKeyToken=4b01fa6e34db77ab, processorArchitecture=MSIL [C:\Users\WilliamForney\source\repos\wforney\OpenLiveWriter\src\managed\OpenLiveWriter.PostEditor\OpenLiveWriter.PostEditor.csproj]
C:\Program Files\Microsoft Visual Studio\18\Enterprise\MSBuild\Current\Bin\Microsoft.Common.CurrentVersion.targets(2437,5): warning MSB3277:             Google.Apis.Blogger.v3, Version=1.21.0.111, Culture=neutral, PublicKeyToken=4b01fa6e34db77ab, processorArchitecture=MSIL [C:\Users\WilliamForney\source\repos\wforney\OpenLiveWriter\src\managed\OpenLiveWriter.PostEditor\OpenLiveWriter.PostEditor.csproj]
C:\Program Files\Microsoft Visual Studio\18\Enterprise\MSBuild\Current\Bin\Microsoft.Common.CurrentVersion.targets(2437,5): warning MSB3277:             Google.Apis.Core, Version=1.39.0.0, Culture=neutral, PublicKeyToken=4b01fa6e34db77ab, processorArchitecture=MSIL [C:\Users\WilliamForney\source\repos\wforney\OpenLiveWriter\src\managed\OpenLiveWriter.PostEditor\OpenLiveWriter.PostEditor.csproj]
C:\Program Files\Microsoft Visual Studio\18\Enterprise\MSBuild\Current\Bin\Microsoft.Common.CurrentVersion.targets(2437,5): warning MSB3277:             Google.Apis.PlatformServices, Version=1.39.0.0, Culture=neutral, PublicKeyToken=4b01fa6e34db77ab, processorArchitecture=MSIL [C:\Users\WilliamForney\source\repos\wforney\OpenLiveWriter\src\managed\OpenLiveWriter.PostEditor\OpenLiveWriter.PostEditor.csproj]
C:\Program Files\Microsoft Visual Studio\18\Enterprise\MSBuild\Current\Bin\Microsoft.Common.CurrentVersion.targets(2437,5): warning MSB3277:             NuGet.Squirrel, Version=3.0.0.0, Culture=neutral, processorArchitecture=MSIL [C:\Users\WilliamForney\source\repos\wforney\OpenLiveWriter\src\managed\OpenLiveWriter.PostEditor\OpenLiveWriter.PostEditor.csproj]
C:\Program Files\Microsoft Visual Studio\18\Enterprise\MSBuild\Current\Bin\Microsoft.Common.CurrentVersion.targets(2437,5): warning MSB3277:         C:\Windows\Microsoft.Net\assembly\GAC_MSIL\System.Design\v4.0_4.0.0.0__b03f5f7f11d50a3a\System.Design.dll [C:\Users\WilliamForney\source\repos\wforney\OpenLiveWriter\src\managed\OpenLiveWriter.PostEditor\OpenLiveWriter.PostEditor.csproj]
C:\Program Files\Microsoft Visual Studio\18\Enterprise\MSBuild\Current\Bin\Microsoft.Common.CurrentVersion.targets(2437,5): warning MSB3277:           Project file item includes which caused reference "C:\Windows\Microsoft.Net\assembly\GAC_MSIL\System.Design\v4.0_4.0.0.0__b03f5f7f11d50a3a\System.Design.dll". [C:\Users\WilliamForney\source\repos\wforney\OpenLiveWriter\src\managed\OpenLiveWriter.PostEditor\OpenLiveWriter.PostEditor.csproj]
C:\Program Files\Microsoft Visual Studio\18\Enterprise\MSBuild\Current\Bin\Microsoft.Common.CurrentVersion.targets(2437,5): warning MSB3277:             System.Design [C:\Users\WilliamForney\source\repos\wforney\OpenLiveWriter\src\managed\OpenLiveWriter.PostEditor\OpenLiveWriter.PostEditor.csproj]
C:\Program Files\Microsoft Visual Studio\18\Enterprise\MSBuild\Current\Bin\Microsoft.Common.CurrentVersion.targets(2437,5): warning MSB3277:             C:\Users\WilliamForney\source\repos\wforney\OpenLiveWriter\src\managed\bin\Debug\i386\Writer\OpenLiveWriter.ApplicationFramework.dll [C:\Users\WilliamForney\source\repos\wforney\OpenLiveWriter\src\managed\OpenLiveWriter.PostEditor\OpenLiveWriter.PostEditor.csproj]
C:\Program Files\Microsoft Visual Studio\18\Enterprise\MSBuild\Current\Bin\Microsoft.Common.CurrentVersion.targets(2437,5): warning MSB3277:             C:\Users\WilliamForney\source\repos\wforney\OpenLiveWriter\src\managed\bin\Debug\i386\Writer\OpenLiveWriter.SpellChecker.dll [C:\Users\WilliamForney\source\repos\wforney\OpenLiveWriter\src\managed\OpenLiveWriter.PostEditor\OpenLiveWriter.PostEditor.csproj]
C:\Program Files\Microsoft Visual Studio\18\Enterprise\MSBuild\Current\Bin\Microsoft.Common.CurrentVersion.targets(2437,5): warning MSB3277:             C:\Users\WilliamForney\source\repos\wforney\OpenLiveWriter\src\managed\bin\Debug\i386\Writer\OpenLiveWriter.Extensibility.dll [C:\Users\WilliamForney\source\repos\wforney\OpenLiveWriter\src\managed\OpenLiveWriter.PostEditor\OpenLiveWriter.PostEditor.csproj]
C:\Program Files\Microsoft Visual Studio\18\Enterprise\MSBuild\Current\Bin\Microsoft.Common.CurrentVersion.targets(2437,5): warning MSB3277:             C:\Users\WilliamForney\source\repos\wforney\OpenLiveWriter\src\managed\bin\Debug\i386\Writer\OpenLiveWriter.BlogClient.dll [C:\Users\WilliamForney\source\repos\wforney\OpenLiveWriter\src\managed\OpenLiveWriter.PostEditor\OpenLiveWriter.PostEditor.csproj]
C:\Program Files\Microsoft Visual Studio\18\Enterprise\MSBuild\Current\Bin\Microsoft.Common.CurrentVersion.targets(2437,5): warning MSB3277:             C:\Users\WilliamForney\source\repos\wforney\OpenLiveWriter\src\managed\bin\Debug\i386\Writer\OpenLiveWriter.HtmlEditor.dll [C:\Users\WilliamForney\source\repos\wforney\OpenLiveWriter\src\managed\OpenLiveWriter.PostEditor\OpenLiveWriter.PostEditor.csproj]
C:\Program Files\Microsoft Visual Studio\18\Enterprise\MSBuild\Current\Bin\Microsoft.Common.CurrentVersion.targets(2437,5): warning MSB3277:             C:\Users\WilliamForney\source\repos\wforney\OpenLiveWriter\src\managed\bin\Debug\i386\Writer\OpenLiveWriter.InternalWriterPlugin.dll [C:\Users\WilliamForney\source\repos\wforney\OpenLiveWriter\src\managed\OpenLiveWriter.PostEditor\OpenLiveWriter.PostEditor.csproj]
C:\Program Files\Microsoft Visual Studio\18\Enterprise\MSBuild\Current\Bin\Microsoft.Common.CurrentVersion.targets(2437,5): warning MSB3277:             System.Web [C:\Users\WilliamForney\source\repos\wforney\OpenLiveWriter\src\managed\OpenLiveWriter.PostEditor\OpenLiveWriter.PostEditor.csproj]
C:\Program Files\Microsoft Visual Studio\18\Enterprise\MSBuild\Current\Bin\Microsoft.Common.CurrentVersion.targets(2437,5): warning MSB3277:             C:\Users\WilliamForney\source\repos\wforney\OpenLiveWriter\src\managed\bin\Debug\i386\Writer\OpenLiveWriter.CoreServices.dll [C:\Users\WilliamForney\source\repos\wforney\OpenLiveWriter\src\managed\OpenLiveWriter.PostEditor\OpenLiveWriter.PostEditor.csproj]
C:\Program Files\Microsoft Visual Studio\18\Enterprise\MSBuild\Current\Bin\Microsoft.Common.CurrentVersion.targets(2437,5): warning MSB3277:             C:\Users\WilliamForney\source\repos\wforney\OpenLiveWriter\src\managed\bin\Debug\i386\Writer\OpenLiveWriter.Api.dll [C:\Users\WilliamForney\source\repos\wforney\OpenLiveWriter\src\managed\OpenLiveWriter.PostEditor\OpenLiveWriter.PostEditor.csproj]
C:\Program Files\Microsoft Visual Studio\18\Enterprise\MSBuild\Current\Bin\Microsoft.Common.CurrentVersion.targets(2437,5): warning MSB3277:             C:\Users\WilliamForney\source\repos\wforney\OpenLiveWriter\src\managed\bin\Debug\i386\Writer\OpenLiveWriter.Controls.dll [C:\Users\WilliamForney\source\repos\wforney\OpenLiveWriter\src\managed\OpenLiveWriter.PostEditor\OpenLiveWriter.PostEditor.csproj]
C:\Program Files\Microsoft Visual Studio\18\Enterprise\MSBuild\Current\Bin\Microsoft.Common.CurrentVersion.targets(2437,5): warning MSB3277:             C:\Users\WilliamForney\source\repos\wforney\OpenLiveWriter\src\managed\bin\Debug\i386\Writer\OpenLiveWriter.FileDestinations.dll [C:\Users\WilliamForney\source\repos\wforney\OpenLiveWriter\src\managed\OpenLiveWriter.PostEditor\OpenLiveWriter.PostEditor.csproj]
C:\Program Files\Microsoft Visual Studio\18\Enterprise\MSBuild\Current\Bin\Microsoft.Common.CurrentVersion.targets(2437,5): warning MSB3277:             C:\Users\WilliamForney\source\repos\wforney\OpenLiveWriter\src\managed\bin\Debug\i386\Writer\OpenLiveWriter.HtmlParser.dll [C:\Users\WilliamForney\source\repos\wforney\OpenLiveWriter\src\managed\OpenLiveWriter.PostEditor\OpenLiveWriter.PostEditor.csproj]
C:\Program Files\Microsoft Visual Studio\18\Enterprise\MSBuild\Current\Bin\Microsoft.Common.CurrentVersion.targets(2437,5): warning MSB3277:             C:\Users\WilliamForney\source\repos\wforney\OpenLiveWriter\src\managed\bin\Debug\i386\Writer\OpenLiveWriter.Mshtml.dll [C:\Users\WilliamForney\source\repos\wforney\OpenLiveWriter\src\managed\OpenLiveWriter.PostEditor\OpenLiveWriter.PostEditor.csproj]
C:\Program Files\Microsoft Visual Studio\18\Enterprise\MSBuild\Current\Bin\Microsoft.Common.CurrentVersion.targets(2437,5): warning MSB3277:             Squirrel, Version=1.4.3.0, Culture=neutral, processorArchitecture=MSIL [C:\Users\WilliamForney\source\repos\wforney\OpenLiveWriter\src\managed\OpenLiveWriter.PostEditor\OpenLiveWriter.PostEditor.csproj]
C:\Program Files\Microsoft Visual Studio\18\Enterprise\MSBuild\Current\Bin\Microsoft.Common.CurrentVersion.targets(2437,5): warning MSB3277:             System.Web.Services [C:\Users\WilliamForney\source\repos\wforney\OpenLiveWriter\src\managed\OpenLiveWriter.PostEditor\OpenLiveWriter.PostEditor.csproj]
C:\Program Files\Microsoft Visual Studio\18\Enterprise\MSBuild\Current\Bin\Microsoft.Common.CurrentVersion.targets(2437,5): warning MSB3277:             Microsoft.Threading.Tasks.Extensions.Desktop, Version=1.0.168.0, Culture=neutral, PublicKeyToken=b03f5f7f11d50a3a, processorArchitecture=MSIL [C:\Users\WilliamForney\source\repos\wforney\OpenLiveWriter\src\managed\OpenLiveWriter.PostEditor\OpenLiveWriter.PostEditor.csproj]
C:\Program Files\Microsoft Visual Studio\18\Enterprise\MSBuild\Current\Bin\Microsoft.Common.CurrentVersion.targets(2437,5): warning MSB3277:             NuGet.Squirrel, Version=3.0.0.0, Culture=neutral, processorArchitecture=MSIL [C:\Users\WilliamForney\source\repos\wforney\OpenLiveWriter\src\managed\OpenLiveWriter.PostEditor\OpenLiveWriter.PostEditor.csproj]
C:\Program Files\Microsoft Visual Studio\18\Enterprise\MSBuild\Current\Bin\Microsoft.Common.CurrentVersion.targets(2437,5): warning MSB3277:             System.Data [C:\Users\WilliamForney\source\repos\wforney\OpenLiveWriter\src\managed\OpenLiveWriter.PostEditor\OpenLiveWriter.PostEditor.csproj]
C:\Program Files\Microsoft Visual Studio\18\Enterprise\MSBuild\Current\Bin\Microsoft.Common.CurrentVersion.targets(2437,5): warning MSB3277:             Google.Apis, Version=1.39.0.0, Culture=neutral, PublicKeyToken=4b01fa6e34db77ab, processorArchitecture=MSIL [C:\Users\WilliamForney\source\repos\wforney\OpenLiveWriter\src\managed\OpenLiveWriter.PostEditor\OpenLiveWriter.PostEditor.csproj]
C:\Program Files\Microsoft Visual Studio\18\Enterprise\MSBuild\Current\Bin\Microsoft.Common.CurrentVersion.targets(2437,5): warning MSB3277:             Google.Apis.Auth, Version=1.39.0.0, Culture=neutral, PublicKeyToken=4b01fa6e34db77ab, processorArchitecture=MSIL [C:\Users\WilliamForney\source\repos\wforney\OpenLiveWriter\src\managed\OpenLiveWriter.PostEditor\OpenLiveWriter.PostEditor.csproj]
C:\Program Files\Microsoft Visual Studio\18\Enterprise\MSBuild\Current\Bin\Microsoft.Common.CurrentVersion.targets(2437,5): warning MSB3277:             Google.Apis.Auth.PlatformServices, Version=1.39.0.0, Culture=neutral, PublicKeyToken=4b01fa6e34db77ab, processorArchitecture=MSIL [C:\Users\WilliamForney\source\repos\wforney\OpenLiveWriter\src\managed\OpenLiveWriter.PostEditor\OpenLiveWriter.PostEditor.csproj]
C:\Program Files\Microsoft Visual Studio\18\Enterprise\MSBuild\Current\Bin\Microsoft.Common.CurrentVersion.targets(2437,5): warning MSB3277:             Google.Apis.Blogger.v3, Version=1.21.0.111, Culture=neutral, PublicKeyToken=4b01fa6e34db77ab, processorArchitecture=MSIL [C:\Users\WilliamForney\source\repos\wforney\OpenLiveWriter\src\managed\OpenLiveWriter.PostEditor\OpenLiveWriter.PostEditor.csproj]
C:\Program Files\Microsoft Visual Studio\18\Enterprise\MSBuild\Current\Bin\Microsoft.Common.CurrentVersion.targets(2437,5): warning MSB3277:             Google.Apis.Core, Version=1.39.0.0, Culture=neutral, PublicKeyToken=4b01fa6e34db77ab, processorArchitecture=MSIL [C:\Users\WilliamForney\source\repos\wforney\OpenLiveWriter\src\managed\OpenLiveWriter.PostEditor\OpenLiveWriter.PostEditor.csproj]
C:\Program Files\Microsoft Visual Studio\18\Enterprise\MSBuild\Current\Bin\Microsoft.Common.CurrentVersion.targets(2437,5): warning MSB3277:             Google.Apis.PlatformServices, Version=1.39.0.0, Culture=neutral, PublicKeyToken=4b01fa6e34db77ab, processorArchitecture=MSIL [C:\Users\WilliamForney\source\repos\wforney\OpenLiveWriter\src\managed\OpenLiveWriter.PostEditor\OpenLiveWriter.PostEditor.csproj]
C:\Program Files\Microsoft Visual Studio\18\Enterprise\MSBuild\Current\Bin\Microsoft.Common.CurrentVersion.targets(2437,5): warning MSB3277:         C:\Windows\Microsoft.Net\assembly\GAC_MSIL\System.Net.Http\v4.0_4.0.0.0__b03f5f7f11d50a3a\System.Net.Http.dll [C:\Users\WilliamForney\source\repos\wforney\OpenLiveWriter\src\managed\OpenLiveWriter.PostEditor\OpenLiveWriter.PostEditor.csproj]
C:\Program Files\Microsoft Visual Studio\18\Enterprise\MSBuild\Current\Bin\Microsoft.Common.CurrentVersion.targets(2437,5): warning MSB3277:           Project file item includes which caused reference "C:\Windows\Microsoft.Net\assembly\GAC_MSIL\System.Net.Http\v4.0_4.0.0.0__b03f5f7f11d50a3a\System.Net.Http.dll". [C:\Users\WilliamForney\source\repos\wforney\OpenLiveWriter\src\managed\OpenLiveWriter.PostEditor\OpenLiveWriter.PostEditor.csproj]
C:\Program Files\Microsoft Visual Studio\18\Enterprise\MSBuild\Current\Bin\Microsoft.Common.CurrentVersion.targets(2437,5): warning MSB3277:             System.Net.Http [C:\Users\WilliamForney\source\repos\wforney\OpenLiveWriter\src\managed\OpenLiveWriter.PostEditor\OpenLiveWriter.PostEditor.csproj]
C:\Program Files\Microsoft Visual Studio\18\Enterprise\MSBuild\Current\Bin\Microsoft.Common.CurrentVersion.targets(2437,5): warning MSB3277:             Google.Apis, Version=1.39.0.0, Culture=neutral, PublicKeyToken=4b01fa6e34db77ab, processorArchitecture=MSIL [C:\Users\WilliamForney\source\repos\wforney\OpenLiveWriter\src\managed\OpenLiveWriter.PostEditor\OpenLiveWriter.PostEditor.csproj]
C:\Program Files\Microsoft Visual Studio\18\Enterprise\MSBuild\Current\Bin\Microsoft.Common.CurrentVersion.targets(2437,5): warning MSB3277:             C:\Users\WilliamForney\source\repos\wforney\OpenLiveWriter\src\managed\bin\Debug\i386\Writer\OpenLiveWriter.BlogClient.dll [C:\Users\WilliamForney\source\repos\wforney\OpenLiveWriter\src\managed\OpenLiveWriter.PostEditor\OpenLiveWriter.PostEditor.csproj]
C:\Program Files\Microsoft Visual Studio\18\Enterprise\MSBuild\Current\Bin\Microsoft.Common.CurrentVersion.targets(2437,5): warning MSB3277:             Google.Apis.Auth, Version=1.39.0.0, Culture=neutral, PublicKeyToken=4b01fa6e34db77ab, processorArchitecture=MSIL [C:\Users\WilliamForney\source\repos\wforney\OpenLiveWriter\src\managed\OpenLiveWriter.PostEditor\OpenLiveWriter.PostEditor.csproj]
C:\Program Files\Microsoft Visual Studio\18\Enterprise\MSBuild\Current\Bin\Microsoft.Common.CurrentVersion.targets(2437,5): warning MSB3277:             Google.Apis.Auth.PlatformServices, Version=1.39.0.0, Culture=neutral, PublicKeyToken=4b01fa6e34db77ab, processorArchitecture=MSIL [C:\Users\WilliamForney\source\repos\wforney\OpenLiveWriter\src\managed\OpenLiveWriter.PostEditor\OpenLiveWriter.PostEditor.csproj]
C:\Program Files\Microsoft Visual Studio\18\Enterprise\MSBuild\Current\Bin\Microsoft.Common.CurrentVersion.targets(2437,5): warning MSB3277:             Google.Apis.Blogger.v3, Version=1.21.0.111, Culture=neutral, PublicKeyToken=4b01fa6e34db77ab, processorArchitecture=MSIL [C:\Users\WilliamForney\source\repos\wforney\OpenLiveWriter\src\managed\OpenLiveWriter.PostEditor\OpenLiveWriter.PostEditor.csproj]
C:\Program Files\Microsoft Visual Studio\18\Enterprise\MSBuild\Current\Bin\Microsoft.Common.CurrentVersion.targets(2437,5): warning MSB3277:             Google.Apis.Core, Version=1.39.0.0, Culture=neutral, PublicKeyToken=4b01fa6e34db77ab, processorArchitecture=MSIL [C:\Users\WilliamForney\source\repos\wforney\OpenLiveWriter\src\managed\OpenLiveWriter.PostEditor\OpenLiveWriter.PostEditor.csproj]
C:\Program Files\Microsoft Visual Studio\18\Enterprise\MSBuild\Current\Bin\Microsoft.Common.CurrentVersion.targets(2437,5): warning MSB3277:             Google.Apis.PlatformServices, Version=1.39.0.0, Culture=neutral, PublicKeyToken=4b01fa6e34db77ab, processorArchitecture=MSIL [C:\Users\WilliamForney\source\repos\wforney\OpenLiveWriter\src\managed\OpenLiveWriter.PostEditor\OpenLiveWriter.PostEditor.csproj]
C:\Program Files\Microsoft Visual Studio\18\Enterprise\MSBuild\Current\Bin\Microsoft.Common.CurrentVersion.targets(2437,5): warning MSB3277:             Squirrel, Version=1.4.3.0, Culture=neutral, processorArchitecture=MSIL [C:\Users\WilliamForney\source\repos\wforney\OpenLiveWriter\src\managed\OpenLiveWriter.PostEditor\OpenLiveWriter.PostEditor.csproj]
C:\Program Files\Microsoft Visual Studio\18\Enterprise\MSBuild\Current\Bin\Microsoft.Common.CurrentVersion.targets(2437,5): warning MSB3277:             System.Net.Http.WebRequest [C:\Users\WilliamForney\source\repos\wforney\OpenLiveWriter\src\managed\OpenLiveWriter.PostEditor\OpenLiveWriter.PostEditor.csproj]
C:\Program Files\Microsoft Visual Studio\18\Enterprise\MSBuild\Current\Bin\Microsoft.Common.CurrentVersion.targets(2437,5): warning MSB3277:             Microsoft.Threading.Tasks.Extensions.Desktop, Version=1.0.168.0, Culture=neutral, PublicKeyToken=b03f5f7f11d50a3a, processorArchitecture=MSIL [C:\Users\WilliamForney\source\repos\wforney\OpenLiveWriter\src\managed\OpenLiveWriter.PostEditor\OpenLiveWriter.PostEditor.csproj]
C:\Program Files\Microsoft Visual Studio\18\Enterprise\MSBuild\Current\Bin\Microsoft.Common.CurrentVersion.targets(2437,5): warning MSB3277:             NuGet.Squirrel, Version=3.0.0.0, Culture=neutral, processorArchitecture=MSIL [C:\Users\WilliamForney\source\repos\wforney\OpenLiveWriter\src\managed\OpenLiveWriter.PostEditor\OpenLiveWriter.PostEditor.csproj]
C:\Program Files\Microsoft Visual Studio\18\Enterprise\MSBuild\Current\Bin\Microsoft.Common.CurrentVersion.targets(2437,5): warning MSB3277:         C:\Windows\Microsoft.Net\assembly\GAC_32\System.Web\v4.0_4.0.0.0__b03f5f7f11d50a3a\System.Web.dll [C:\Users\WilliamForney\source\repos\wforney\OpenLiveWriter\src\managed\OpenLiveWriter.PostEditor\OpenLiveWriter.PostEditor.csproj]
C:\Program Files\Microsoft Visual Studio\18\Enterprise\MSBuild\Current\Bin\Microsoft.Common.CurrentVersion.targets(2437,5): warning MSB3277:           Project file item includes which caused reference "C:\Windows\Microsoft.Net\assembly\GAC_32\System.Web\v4.0_4.0.0.0__b03f5f7f11d50a3a\System.Web.dll". [C:\Users\WilliamForney\source\repos\wforney\OpenLiveWriter\src\managed\OpenLiveWriter.PostEditor\OpenLiveWriter.PostEditor.csproj]
C:\Program Files\Microsoft Visual Studio\18\Enterprise\MSBuild\Current\Bin\Microsoft.Common.CurrentVersion.targets(2437,5): warning MSB3277:             System.Web [C:\Users\WilliamForney\source\repos\wforney\OpenLiveWriter\src\managed\OpenLiveWriter.PostEditor\OpenLiveWriter.PostEditor.csproj]
C:\Program Files\Microsoft Visual Studio\18\Enterprise\MSBuild\Current\Bin\Microsoft.Common.CurrentVersion.targets(2437,5): warning MSB3277:             C:\Users\WilliamForney\source\repos\wforney\OpenLiveWriter\src\managed\bin\Debug\i386\Writer\OpenLiveWriter.BlogClient.dll [C:\Users\WilliamForney\source\repos\wforney\OpenLiveWriter\src\managed\OpenLiveWriter.PostEditor\OpenLiveWriter.PostEditor.csproj]
C:\Program Files\Microsoft Visual Studio\18\Enterprise\MSBuild\Current\Bin\Microsoft.Common.CurrentVersion.targets(2437,5): warning MSB3277:             C:\Users\WilliamForney\source\repos\wforney\OpenLiveWriter\src\managed\bin\Debug\i386\Writer\OpenLiveWriter.CoreServices.dll [C:\Users\WilliamForney\source\repos\wforney\OpenLiveWriter\src\managed\OpenLiveWriter.PostEditor\OpenLiveWriter.PostEditor.csproj]
C:\Program Files\Microsoft Visual Studio\18\Enterprise\MSBuild\Current\Bin\Microsoft.Common.CurrentVersion.targets(2437,5): warning MSB3277:             C:\Users\WilliamForney\source\repos\wforney\OpenLiveWriter\src\managed\bin\Debug\i386\Writer\OpenLiveWriter.SpellChecker.dll [C:\Users\WilliamForney\source\repos\wforney\OpenLiveWriter\src\managed\OpenLiveWriter.PostEditor\OpenLiveWriter.PostEditor.csproj]
C:\Program Files\Microsoft Visual Studio\18\Enterprise\MSBuild\Current\Bin\Microsoft.Common.CurrentVersion.targets(2437,5): warning MSB3277:             C:\Users\WilliamForney\source\repos\wforney\OpenLiveWriter\src\managed\bin\Debug\i386\Writer\OpenLiveWriter.Api.dll [C:\Users\WilliamForney\source\repos\wforney\OpenLiveWriter\src\managed\OpenLiveWriter.PostEditor\OpenLiveWriter.PostEditor.csproj]
C:\Program Files\Microsoft Visual Studio\18\Enterprise\MSBuild\Current\Bin\Microsoft.Common.CurrentVersion.targets(2437,5): warning MSB3277:             C:\Users\WilliamForney\source\repos\wforney\OpenLiveWriter\src\managed\bin\Debug\i386\Writer\OpenLiveWriter.ApplicationFramework.dll [C:\Users\WilliamForney\source\repos\wforney\OpenLiveWriter\src\managed\OpenLiveWriter.PostEditor\OpenLiveWriter.PostEditor.csproj]
C:\Program Files\Microsoft Visual Studio\18\Enterprise\MSBuild\Current\Bin\Microsoft.Common.CurrentVersion.targets(2437,5): warning MSB3277:             C:\Users\WilliamForney\source\repos\wforney\OpenLiveWriter\src\managed\bin\Debug\i386\Writer\OpenLiveWriter.Controls.dll [C:\Users\WilliamForney\source\repos\wforney\OpenLiveWriter\src\managed\OpenLiveWriter.PostEditor\OpenLiveWriter.PostEditor.csproj]
C:\Program Files\Microsoft Visual Studio\18\Enterprise\MSBuild\Current\Bin\Microsoft.Common.CurrentVersion.targets(2437,5): warning MSB3277:             C:\Users\WilliamForney\source\repos\wforney\OpenLiveWriter\src\managed\bin\Debug\i386\Writer\OpenLiveWriter.Extensibility.dll [C:\Users\WilliamForney\source\repos\wforney\OpenLiveWriter\src\managed\OpenLiveWriter.PostEditor\OpenLiveWriter.PostEditor.csproj]
C:\Program Files\Microsoft Visual Studio\18\Enterprise\MSBuild\Current\Bin\Microsoft.Common.CurrentVersion.targets(2437,5): warning MSB3277:             C:\Users\WilliamForney\source\repos\wforney\OpenLiveWriter\src\managed\bin\Debug\i386\Writer\OpenLiveWriter.FileDestinations.dll [C:\Users\WilliamForney\source\repos\wforney\OpenLiveWriter\src\managed\OpenLiveWriter.PostEditor\OpenLiveWriter.PostEditor.csproj]
C:\Program Files\Microsoft Visual Studio\18\Enterprise\MSBuild\Current\Bin\Microsoft.Common.CurrentVersion.targets(2437,5): warning MSB3277:             C:\Users\WilliamForney\source\repos\wforney\OpenLiveWriter\src\managed\bin\Debug\i386\Writer\OpenLiveWriter.HtmlEditor.dll [C:\Users\WilliamForney\source\repos\wforney\OpenLiveWriter\src\managed\OpenLiveWriter.PostEditor\OpenLiveWriter.PostEditor.csproj]
C:\Program Files\Microsoft Visual Studio\18\Enterprise\MSBuild\Current\Bin\Microsoft.Common.CurrentVersion.targets(2437,5): warning MSB3277:             C:\Users\WilliamForney\source\repos\wforney\OpenLiveWriter\src\managed\bin\Debug\i386\Writer\OpenLiveWriter.HtmlParser.dll [C:\Users\WilliamForney\source\repos\wforney\OpenLiveWriter\src\managed\OpenLiveWriter.PostEditor\OpenLiveWriter.PostEditor.csproj]
C:\Program Files\Microsoft Visual Studio\18\Enterprise\MSBuild\Current\Bin\Microsoft.Common.CurrentVersion.targets(2437,5): warning MSB3277:             C:\Users\WilliamForney\source\repos\wforney\OpenLiveWriter\src\managed\bin\Debug\i386\Writer\OpenLiveWriter.Mshtml.dll [C:\Users\WilliamForney\source\repos\wforney\OpenLiveWriter\src\managed\OpenLiveWriter.PostEditor\OpenLiveWriter.PostEditor.csproj]
C:\Program Files\Microsoft Visual Studio\18\Enterprise\MSBuild\Current\Bin\Microsoft.Common.CurrentVersion.targets(2437,5): warning MSB3277:             C:\Users\WilliamForney\source\repos\wforney\OpenLiveWriter\src\managed\bin\Debug\i386\Writer\OpenLiveWriter.InternalWriterPlugin.dll [C:\Users\WilliamForney\source\repos\wforney\OpenLiveWriter\src\managed\OpenLiveWriter.PostEditor\OpenLiveWriter.PostEditor.csproj]
C:\Program Files\Microsoft Visual Studio\18\Enterprise\MSBuild\Current\Bin\Microsoft.Common.CurrentVersion.targets(2437,5): warning MSB3277:             Squirrel, Version=1.4.3.0, Culture=neutral, processorArchitecture=MSIL [C:\Users\WilliamForney\source\repos\wforney\OpenLiveWriter\src\managed\OpenLiveWriter.PostEditor\OpenLiveWriter.PostEditor.csproj]
C:\Program Files\Microsoft Visual Studio\18\Enterprise\MSBuild\Current\Bin\Microsoft.Common.CurrentVersion.targets(2437,5): warning MSB3277:             System.Design [C:\Users\WilliamForney\source\repos\wforney\OpenLiveWriter\src\managed\OpenLiveWriter.PostEditor\OpenLiveWriter.PostEditor.csproj]
C:\Program Files\Microsoft Visual Studio\18\Enterprise\MSBuild\Current\Bin\Microsoft.Common.CurrentVersion.targets(2437,5): warning MSB3277:             System.Web.Services [C:\Users\WilliamForney\source\repos\wforney\OpenLiveWriter\src\managed\OpenLiveWriter.PostEditor\OpenLiveWriter.PostEditor.csproj]
C:\Program Files\Microsoft Visual Studio\18\Enterprise\MSBuild\Current\Bin\Microsoft.Common.CurrentVersion.targets(2437,5): warning MSB3277:             Microsoft.Threading.Tasks.Extensions.Desktop, Version=1.0.168.0, Culture=neutral, PublicKeyToken=b03f5f7f11d50a3a, processorArchitecture=MSIL [C:\Users\WilliamForney\source\repos\wforney\OpenLiveWriter\src\managed\OpenLiveWriter.PostEditor\OpenLiveWriter.PostEditor.csproj]
C:\Program Files\Microsoft Visual Studio\18\Enterprise\MSBuild\Current\Bin\Microsoft.Common.CurrentVersion.targets(2437,5): warning MSB3277:             NuGet.Squirrel, Version=3.0.0.0, Culture=neutral, processorArchitecture=MSIL [C:\Users\WilliamForney\source\repos\wforney\OpenLiveWriter\src\managed\OpenLiveWriter.PostEditor\OpenLiveWriter.PostEditor.csproj]
C:\Program Files\Microsoft Visual Studio\18\Enterprise\MSBuild\Current\Bin\Microsoft.Common.CurrentVersion.targets(2437,5): warning MSB3277:             System.Data [C:\Users\WilliamForney\source\repos\wforney\OpenLiveWriter\src\managed\OpenLiveWriter.PostEditor\OpenLiveWriter.PostEditor.csproj]
C:\Program Files\Microsoft Visual Studio\18\Enterprise\MSBuild\Current\Bin\Microsoft.Common.CurrentVersion.targets(2437,5): warning MSB3277:             Google.Apis, Version=1.39.0.0, Culture=neutral, PublicKeyToken=4b01fa6e34db77ab, processorArchitecture=MSIL [C:\Users\WilliamForney\source\repos\wforney\OpenLiveWriter\src\managed\OpenLiveWriter.PostEditor\OpenLiveWriter.PostEditor.csproj]
C:\Program Files\Microsoft Visual Studio\18\Enterprise\MSBuild\Current\Bin\Microsoft.Common.CurrentVersion.targets(2437,5): warning MSB3277:             Google.Apis.Auth, Version=1.39.0.0, Culture=neutral, PublicKeyToken=4b01fa6e34db77ab, processorArchitecture=MSIL [C:\Users\WilliamForney\source\repos\wforney\OpenLiveWriter\src\managed\OpenLiveWriter.PostEditor\OpenLiveWriter.PostEditor.csproj]
C:\Program Files\Microsoft Visual Studio\18\Enterprise\MSBuild\Current\Bin\Microsoft.Common.CurrentVersion.targets(2437,5): warning MSB3277:             Google.Apis.Auth.PlatformServices, Version=1.39.0.0, Culture=neutral, PublicKeyToken=4b01fa6e34db77ab, processorArchitecture=MSIL [C:\Users\WilliamForney\source\repos\wforney\OpenLiveWriter\src\managed\OpenLiveWriter.PostEditor\OpenLiveWriter.PostEditor.csproj]
C:\Program Files\Microsoft Visual Studio\18\Enterprise\MSBuild\Current\Bin\Microsoft.Common.CurrentVersion.targets(2437,5): warning MSB3277:             Google.Apis.Blogger.v3, Version=1.21.0.111, Culture=neutral, PublicKeyToken=4b01fa6e34db77ab, processorArchitecture=MSIL [C:\Users\WilliamForney\source\repos\wforney\OpenLiveWriter\src\managed\OpenLiveWriter.PostEditor\OpenLiveWriter.PostEditor.csproj]
C:\Program Files\Microsoft Visual Studio\18\Enterprise\MSBuild\Current\Bin\Microsoft.Common.CurrentVersion.targets(2437,5): warning MSB3277:             Google.Apis.Core, Version=1.39.0.0, Culture=neutral, PublicKeyToken=4b01fa6e34db77ab, processorArchitecture=MSIL [C:\Users\WilliamForney\source\repos\wforney\OpenLiveWriter\src\managed\OpenLiveWriter.PostEditor\OpenLiveWriter.PostEditor.csproj]
C:\Program Files\Microsoft Visual Studio\18\Enterprise\MSBuild\Current\Bin\Microsoft.Common.CurrentVersion.targets(2437,5): warning MSB3277:             Google.Apis.PlatformServices, Version=1.39.0.0, Culture=neutral, PublicKeyToken=4b01fa6e34db77ab, processorArchitecture=MSIL [C:\Users\WilliamForney\source\repos\wforney\OpenLiveWriter\src\managed\OpenLiveWriter.PostEditor\OpenLiveWriter.PostEditor.csproj]
C:\Program Files\Microsoft Visual Studio\18\Enterprise\MSBuild\Current\Bin\Microsoft.Common.CurrentVersion.targets(2437,5): warning MSB3277:         C:\Windows\Microsoft.Net\assembly\GAC_MSIL\System.Windows.Forms\v4.0_4.0.0.0__b77a5c561934e089\System.Windows.Forms.dll [C:\Users\WilliamForney\source\repos\wforney\OpenLiveWriter\src\managed\OpenLiveWriter.PostEditor\OpenLiveWriter.PostEditor.csproj]
C:\Program Files\Microsoft Visual Studio\18\Enterprise\MSBuild\Current\Bin\Microsoft.Common.CurrentVersion.targets(2437,5): warning MSB3277:           Project file item includes which caused reference "C:\Windows\Microsoft.Net\assembly\GAC_MSIL\System.Windows.Forms\v4.0_4.0.0.0__b77a5c561934e089\System.Windows.Forms.dll". [C:\Users\WilliamForney\source\repos\wforney\OpenLiveWriter\src\managed\OpenLiveWriter.PostEditor\OpenLiveWriter.PostEditor.csproj]
C:\Program Files\Microsoft Visual Studio\18\Enterprise\MSBuild\Current\Bin\Microsoft.Common.CurrentVersion.targets(2437,5): warning MSB3277:             System.Windows.Forms [C:\Users\WilliamForney\source\repos\wforney\OpenLiveWriter\src\managed\OpenLiveWriter.PostEditor\OpenLiveWriter.PostEditor.csproj]
C:\Program Files\Microsoft Visual Studio\18\Enterprise\MSBuild\Current\Bin\Microsoft.Common.CurrentVersion.targets(2437,5): warning MSB3277:             C:\Users\WilliamForney\source\repos\wforney\OpenLiveWriter\src\managed\bin\Debug\i386\Writer\OpenLiveWriter.SpellChecker.dll [C:\Users\WilliamForney\source\repos\wforney\OpenLiveWriter\src\managed\OpenLiveWriter.PostEditor\OpenLiveWriter.PostEditor.csproj]
C:\Program Files\Microsoft Visual Studio\18\Enterprise\MSBuild\Current\Bin\Microsoft.Common.CurrentVersion.targets(2437,5): warning MSB3277:             C:\Users\WilliamForney\source\repos\wforney\OpenLiveWriter\src\managed\bin\Debug\i386\Writer\OpenLiveWriter.Api.dll [C:\Users\WilliamForney\source\repos\wforney\OpenLiveWriter\src\managed\OpenLiveWriter.PostEditor\OpenLiveWriter.PostEditor.csproj]
C:\Program Files\Microsoft Visual Studio\18\Enterprise\MSBuild\Current\Bin\Microsoft.Common.CurrentVersion.targets(2437,5): warning MSB3277:             C:\Users\WilliamForney\source\repos\wforney\OpenLiveWriter\src\managed\bin\Debug\i386\Writer\OpenLiveWriter.ApplicationFramework.dll [C:\Users\WilliamForney\source\repos\wforney\OpenLiveWriter\src\managed\OpenLiveWriter.PostEditor\OpenLiveWriter.PostEditor.csproj]
C:\Program Files\Microsoft Visual Studio\18\Enterprise\MSBuild\Current\Bin\Microsoft.Common.CurrentVersion.targets(2437,5): warning MSB3277:             C:\Users\WilliamForney\source\repos\wforney\OpenLiveWriter\src\managed\bin\Debug\i386\Writer\OpenLiveWriter.BlogClient.dll [C:\Users\WilliamForney\source\repos\wforney\OpenLiveWriter\src\managed\OpenLiveWriter.PostEditor\OpenLiveWriter.PostEditor.csproj]
C:\Program Files\Microsoft Visual Studio\18\Enterprise\MSBuild\Current\Bin\Microsoft.Common.CurrentVersion.targets(2437,5): warning MSB3277:             C:\Users\WilliamForney\source\repos\wforney\OpenLiveWriter\src\managed\bin\Debug\i386\Writer\OpenLiveWriter.BrowserControl.dll [C:\Users\WilliamForney\source\repos\wforney\OpenLiveWriter\src\managed\OpenLiveWriter.PostEditor\OpenLiveWriter.PostEditor.csproj]
C:\Program Files\Microsoft Visual Studio\18\Enterprise\MSBuild\Current\Bin\Microsoft.Common.CurrentVersion.targets(2437,5): warning MSB3277:             C:\Users\WilliamForney\source\repos\wforney\OpenLiveWriter\src\managed\bin\Debug\i386\Writer\OpenLiveWriter.Controls.dll [C:\Users\WilliamForney\source\repos\wforney\OpenLiveWriter\src\managed\OpenLiveWriter.PostEditor\OpenLiveWriter.PostEditor.csproj]
C:\Program Files\Microsoft Visual Studio\18\Enterprise\MSBuild\Current\Bin\Microsoft.Common.CurrentVersion.targets(2437,5): warning MSB3277:             C:\Users\WilliamForney\source\repos\wforney\OpenLiveWriter\src\managed\bin\Debug\i386\Writer\OpenLiveWriter.CoreServices.dll [C:\Users\WilliamForney\source\repos\wforney\OpenLiveWriter\src\managed\OpenLiveWriter.PostEditor\OpenLiveWriter.PostEditor.csproj]
C:\Program Files\Microsoft Visual Studio\18\Enterprise\MSBuild\Current\Bin\Microsoft.Common.CurrentVersion.targets(2437,5): warning MSB3277:             C:\Users\WilliamForney\source\repos\wforney\OpenLiveWriter\src\managed\bin\Debug\i386\Writer\OpenLiveWriter.Extensibility.dll [C:\Users\WilliamForney\source\repos\wforney\OpenLiveWriter\src\managed\OpenLiveWriter.PostEditor\OpenLiveWriter.PostEditor.csproj]
C:\Program Files\Microsoft Visual Studio\18\Enterprise\MSBuild\Current\Bin\Microsoft.Common.CurrentVersion.targets(2437,5): warning MSB3277:             C:\Users\WilliamForney\source\repos\wforney\OpenLiveWriter\src\managed\bin\Debug\i386\Writer\OpenLiveWriter.FileDestinations.dll [C:\Users\WilliamForney\source\repos\wforney\OpenLiveWriter\src\managed\OpenLiveWriter.PostEditor\OpenLiveWriter.PostEditor.csproj]
C:\Program Files\Microsoft Visual Studio\18\Enterprise\MSBuild\Current\Bin\Microsoft.Common.CurrentVersion.targets(2437,5): warning MSB3277:             C:\Users\WilliamForney\source\repos\wforney\OpenLiveWriter\src\managed\bin\Debug\i386\Writer\OpenLiveWriter.HtmlEditor.dll [C:\Users\WilliamForney\source\repos\wforney\OpenLiveWriter\src\managed\OpenLiveWriter.PostEditor\OpenLiveWriter.PostEditor.csproj]
C:\Program Files\Microsoft Visual Studio\18\Enterprise\MSBuild\Current\Bin\Microsoft.Common.CurrentVersion.targets(2437,5): warning MSB3277:             C:\Users\WilliamForney\source\repos\wforney\OpenLiveWriter\src\managed\bin\Debug\i386\Writer\OpenLiveWriter.Interop.dll [C:\Users\WilliamForney\source\repos\wforney\OpenLiveWriter\src\managed\OpenLiveWriter.PostEditor\OpenLiveWriter.PostEditor.csproj]
C:\Program Files\Microsoft Visual Studio\18\Enterprise\MSBuild\Current\Bin\Microsoft.Common.CurrentVersion.targets(2437,5): warning MSB3277:             C:\Users\WilliamForney\source\repos\wforney\OpenLiveWriter\src\managed\bin\Debug\i386\Writer\OpenLiveWriter.Localization.dll [C:\Users\WilliamForney\source\repos\wforney\OpenLiveWriter\src\managed\OpenLiveWriter.PostEditor\OpenLiveWriter.PostEditor.csproj]
C:\Program Files\Microsoft Visual Studio\18\Enterprise\MSBuild\Current\Bin\Microsoft.Common.CurrentVersion.targets(2437,5): warning MSB3277:             C:\Users\WilliamForney\source\repos\wforney\OpenLiveWriter\src\managed\bin\Debug\i386\Writer\OpenLiveWriter.Mshtml.dll [C:\Users\WilliamForney\source\repos\wforney\OpenLiveWriter\src\managed\OpenLiveWriter.PostEditor\OpenLiveWriter.PostEditor.csproj]
C:\Program Files\Microsoft Visual Studio\18\Enterprise\MSBuild\Current\Bin\Microsoft.Common.CurrentVersion.targets(2437,5): warning MSB3277:             C:\Users\WilliamForney\source\repos\wforney\OpenLiveWriter\src\managed\bin\Debug\i386\Writer\OpenLiveWriter.InternalWriterPlugin.dll [C:\Users\WilliamForney\source\repos\wforney\OpenLiveWriter\src\managed\OpenLiveWriter.PostEditor\OpenLiveWriter.PostEditor.csproj]
C:\Program Files\Microsoft Visual Studio\18\Enterprise\MSBuild\Current\Bin\Microsoft.Common.CurrentVersion.targets(2437,5): warning MSB3277:             System.Design [C:\Users\WilliamForney\source\repos\wforney\OpenLiveWriter\src\managed\OpenLiveWriter.PostEditor\OpenLiveWriter.PostEditor.csproj]
C:\Program Files\Microsoft Visual Studio\18\Enterprise\MSBuild\Current\Bin\Microsoft.Common.CurrentVersion.targets(2437,5): warning MSB3277:             System.Web [C:\Users\WilliamForney\source\repos\wforney\OpenLiveWriter\src\managed\OpenLiveWriter.PostEditor\OpenLiveWriter.PostEditor.csproj]
C:\Program Files\Microsoft Visual Studio\18\Enterprise\MSBuild\Current\Bin\Microsoft.Common.CurrentVersion.targets(2437,5): warning MSB3277:             C:\Users\WilliamForney\source\repos\wforney\OpenLiveWriter\src\managed\bin\Debug\i386\Writer\OpenLiveWriter.HtmlParser.dll [C:\Users\WilliamForney\source\repos\wforney\OpenLiveWriter\src\managed\OpenLiveWriter.PostEditor\OpenLiveWriter.PostEditor.csproj]
C:\Program Files\Microsoft Visual Studio\18\Enterprise\MSBuild\Current\Bin\Microsoft.Common.CurrentVersion.targets(2437,5): warning MSB3277:             Squirrel, Version=1.4.3.0, Culture=neutral, processorArchitecture=MSIL [C:\Users\WilliamForney\source\repos\wforney\OpenLiveWriter\src\managed\OpenLiveWriter.PostEditor\OpenLiveWriter.PostEditor.csproj]
C:\Program Files\Microsoft Visual Studio\18\Enterprise\MSBuild\Current\Bin\Microsoft.Common.CurrentVersion.targets(2437,5): warning MSB3277:             System.Web.Services [C:\Users\WilliamForney\source\repos\wforney\OpenLiveWriter\src\managed\OpenLiveWriter.PostEditor\OpenLiveWriter.PostEditor.csproj]
C:\Program Files\Microsoft Visual Studio\18\Enterprise\MSBuild\Current\Bin\Microsoft.Common.CurrentVersion.targets(2437,5): warning MSB3277:             Microsoft.Threading.Tasks.Extensions.Desktop, Version=1.0.168.0, Culture=neutral, PublicKeyToken=b03f5f7f11d50a3a, processorArchitecture=MSIL [C:\Users\WilliamForney\source\repos\wforney\OpenLiveWriter\src\managed\OpenLiveWriter.PostEditor\OpenLiveWriter.PostEditor.csproj]
C:\Program Files\Microsoft Visual Studio\18\Enterprise\MSBuild\Current\Bin\Microsoft.Common.CurrentVersion.targets(2437,5): warning MSB3277:             NuGet.Squirrel, Version=3.0.0.0, Culture=neutral, processorArchitecture=MSIL [C:\Users\WilliamForney\source\repos\wforney\OpenLiveWriter\src\managed\OpenLiveWriter.PostEditor\OpenLiveWriter.PostEditor.csproj]
C:\Program Files\Microsoft Visual Studio\18\Enterprise\MSBuild\Current\Bin\Microsoft.Common.CurrentVersion.targets(2437,5): warning MSB3277:             Splat, Version=2.0.0.0, Culture=neutral, processorArchitecture=MSIL [C:\Users\WilliamForney\source\repos\wforney\OpenLiveWriter\src\managed\OpenLiveWriter.PostEditor\OpenLiveWriter.PostEditor.csproj]
C:\Program Files\Microsoft Visual Studio\18\Enterprise\MSBuild\Current\Bin\Microsoft.Common.CurrentVersion.targets(2437,5): warning MSB3277:             System.Data [C:\Users\WilliamForney\source\repos\wforney\OpenLiveWriter\src\managed\OpenLiveWriter.PostEditor\OpenLiveWriter.PostEditor.csproj]
C:\Program Files\Microsoft Visual Studio\18\Enterprise\MSBuild\Current\Bin\Microsoft.Common.CurrentVersion.targets(2437,5): warning MSB3277:             Google.Apis, Version=1.39.0.0, Culture=neutral, PublicKeyToken=4b01fa6e34db77ab, processorArchitecture=MSIL [C:\Users\WilliamForney\source\repos\wforney\OpenLiveWriter\src\managed\OpenLiveWriter.PostEditor\OpenLiveWriter.PostEditor.csproj]
C:\Program Files\Microsoft Visual Studio\18\Enterprise\MSBuild\Current\Bin\Microsoft.Common.CurrentVersion.targets(2437,5): warning MSB3277:             Google.Apis.Auth, Version=1.39.0.0, Culture=neutral, PublicKeyToken=4b01fa6e34db77ab, processorArchitecture=MSIL [C:\Users\WilliamForney\source\repos\wforney\OpenLiveWriter\src\managed\OpenLiveWriter.PostEditor\OpenLiveWriter.PostEditor.csproj]
C:\Program Files\Microsoft Visual Studio\18\Enterprise\MSBuild\Current\Bin\Microsoft.Common.CurrentVersion.targets(2437,5): warning MSB3277:             Google.Apis.Auth.PlatformServices, Version=1.39.0.0, Culture=neutral, PublicKeyToken=4b01fa6e34db77ab, processorArchitecture=MSIL [C:\Users\WilliamForney\source\repos\wforney\OpenLiveWriter\src\managed\OpenLiveWriter.PostEditor\OpenLiveWriter.PostEditor.csproj]
C:\Program Files\Microsoft Visual Studio\18\Enterprise\MSBuild\Current\Bin\Microsoft.Common.CurrentVersion.targets(2437,5): warning MSB3277:             Google.Apis.Blogger.v3, Version=1.21.0.111, Culture=neutral, PublicKeyToken=4b01fa6e34db77ab, processorArchitecture=MSIL [C:\Users\WilliamForney\source\repos\wforney\OpenLiveWriter\src\managed\OpenLiveWriter.PostEditor\OpenLiveWriter.PostEditor.csproj]
C:\Program Files\Microsoft Visual Studio\18\Enterprise\MSBuild\Current\Bin\Microsoft.Common.CurrentVersion.targets(2437,5): warning MSB3277:             Google.Apis.Core, Version=1.39.0.0, Culture=neutral, PublicKeyToken=4b01fa6e34db77ab, processorArchitecture=MSIL [C:\Users\WilliamForney\source\repos\wforney\OpenLiveWriter\src\managed\OpenLiveWriter.PostEditor\OpenLiveWriter.PostEditor.csproj]
C:\Program Files\Microsoft Visual Studio\18\Enterprise\MSBuild\Current\Bin\Microsoft.Common.CurrentVersion.targets(2437,5): warning MSB3277:             Google.Apis.PlatformServices, Version=1.39.0.0, Culture=neutral, PublicKeyToken=4b01fa6e34db77ab, processorArchitecture=MSIL [C:\Users\WilliamForney\source\repos\wforney\OpenLiveWriter\src\managed\OpenLiveWriter.PostEditor\OpenLiveWriter.PostEditor.csproj]
C:\Program Files\Microsoft Visual Studio\18\Enterprise\MSBuild\Current\Bin\Microsoft.Common.CurrentVersion.targets(2437,5): warning MSB3277:         C:\Users\WilliamForney\source\repos\wforney\OpenLiveWriter\src\managed\bin\Debug\i386\Writer\Newtonsoft.Json.dll [C:\Users\WilliamForney\source\repos\wforney\OpenLiveWriter\src\managed\OpenLiveWriter.PostEditor\OpenLiveWriter.PostEditor.csproj]
C:\Program Files\Microsoft Visual Studio\18\Enterprise\MSBuild\Current\Bin\Microsoft.Common.CurrentVersion.targets(2437,5): warning MSB3277:           Project file item includes which caused reference "C:\Users\WilliamForney\source\repos\wforney\OpenLiveWriter\src\managed\bin\Debug\i386\Writer\Newtonsoft.Json.dll". [C:\Users\WilliamForney\source\repos\wforney\OpenLiveWriter\src\managed\OpenLiveWriter.PostEditor\OpenLiveWriter.PostEditor.csproj]
C:\Program Files\Microsoft Visual Studio\18\Enterprise\MSBuild\Current\Bin\Microsoft.Common.CurrentVersion.targets(2437,5): warning MSB3277:             C:\Users\WilliamForney\source\repos\wforney\OpenLiveWriter\src\managed\bin\Debug\i386\Writer\OpenLiveWriter.BlogClient.dll [C:\Users\WilliamForney\source\repos\wforney\OpenLiveWriter\src\managed\OpenLiveWriter.PostEditor\OpenLiveWriter.PostEditor.csproj]
C:\Program Files\Microsoft Visual Studio\18\Enterprise\MSBuild\Current\Bin\Microsoft.Common.CurrentVersion.targets(2437,5): warning MSB3277:             Google.Apis, Version=1.39.0.0, Culture=neutral, PublicKeyToken=4b01fa6e34db77ab, processorArchitecture=MSIL [C:\Users\WilliamForney\source\repos\wforney\OpenLiveWriter\src\managed\OpenLiveWriter.PostEditor\OpenLiveWriter.PostEditor.csproj]
C:\Program Files\Microsoft Visual Studio\18\Enterprise\MSBuild\Current\Bin\Microsoft.Common.CurrentVersion.targets(2437,5): warning MSB3277:             Google.Apis.Auth, Version=1.39.0.0, Culture=neutral, PublicKeyToken=4b01fa6e34db77ab, processorArchitecture=MSIL [C:\Users\WilliamForney\source\repos\wforney\OpenLiveWriter\src\managed\OpenLiveWriter.PostEditor\OpenLiveWriter.PostEditor.csproj]
C:\Program Files\Microsoft Visual Studio\18\Enterprise\MSBuild\Current\Bin\Microsoft.Common.CurrentVersion.targets(2437,5): warning MSB3277:             Google.Apis.Auth.PlatformServices, Version=1.39.0.0, Culture=neutral, PublicKeyToken=4b01fa6e34db77ab, processorArchitecture=MSIL [C:\Users\WilliamForney\source\repos\wforney\OpenLiveWriter\src\managed\OpenLiveWriter.PostEditor\OpenLiveWriter.PostEditor.csproj]
C:\Program Files\Microsoft Visual Studio\18\Enterprise\MSBuild\Current\Bin\Microsoft.Common.CurrentVersion.targets(2437,5): warning MSB3277:             Google.Apis.Blogger.v3, Version=1.21.0.111, Culture=neutral, PublicKeyToken=4b01fa6e34db77ab, processorArchitecture=MSIL [C:\Users\WilliamForney\source\repos\wforney\OpenLiveWriter\src\managed\OpenLiveWriter.PostEditor\OpenLiveWriter.PostEditor.csproj]
C:\Program Files\Microsoft Visual Studio\18\Enterprise\MSBuild\Current\Bin\Microsoft.Common.CurrentVersion.targets(2437,5): warning MSB3277:             Google.Apis.Core, Version=1.39.0.0, Culture=neutral, PublicKeyToken=4b01fa6e34db77ab, processorArchitecture=MSIL [C:\Users\WilliamForney\source\repos\wforney\OpenLiveWriter\src\managed\OpenLiveWriter.PostEditor\OpenLiveWriter.PostEditor.csproj]
C:\Program Files\Microsoft Visual Studio\18\Enterprise\MSBuild\Current\Bin\Microsoft.Common.CurrentVersion.targets(2437,5): warning MSB3277:             Google.Apis.PlatformServices, Version=1.39.0.0, Culture=neutral, PublicKeyToken=4b01fa6e34db77ab, processorArchitecture=MSIL [C:\Users\WilliamForney\source\repos\wforney\OpenLiveWriter\src\managed\OpenLiveWriter.PostEditor\OpenLiveWriter.PostEditor.csproj]
C:\Program Files\Microsoft Visual Studio\18\Enterprise\MSBuild\Current\Bin\Microsoft.Common.CurrentVersion.targets(2437,5): warning MSB3277:         C:\Users\WilliamForney\source\repos\wforney\OpenLiveWriter\src\managed\bin\Debug\i386\Writer\YamlDotNet.dll [C:\Users\WilliamForney\source\repos\wforney\OpenLiveWriter\src\managed\OpenLiveWriter.PostEditor\OpenLiveWriter.PostEditor.csproj]
C:\Program Files\Microsoft Visual Studio\18\Enterprise\MSBuild\Current\Bin\Microsoft.Common.CurrentVersion.targets(2437,5): warning MSB3277:           Project file item includes which caused reference "C:\Users\WilliamForney\source\repos\wforney\OpenLiveWriter\src\managed\bin\Debug\i386\Writer\YamlDotNet.dll". [C:\Users\WilliamForney\source\repos\wforney\OpenLiveWriter\src\managed\OpenLiveWriter.PostEditor\OpenLiveWriter.PostEditor.csproj]
C:\Program Files\Microsoft Visual Studio\18\Enterprise\MSBuild\Current\Bin\Microsoft.Common.CurrentVersion.targets(2437,5): warning MSB3277:             C:\Users\WilliamForney\source\repos\wforney\OpenLiveWriter\src\managed\bin\Debug\i386\Writer\OpenLiveWriter.BlogClient.dll [C:\Users\WilliamForney\source\repos\wforney\OpenLiveWriter\src\managed\OpenLiveWriter.PostEditor\OpenLiveWriter.PostEditor.csproj]
C:\Program Files\Microsoft Visual Studio\18\Enterprise\MSBuild\Current\Bin\Microsoft.Common.CurrentVersion.targets(2437,5): warning MSB3277:         C:\Windows\Microsoft.Net\assembly\GAC_MSIL\System.ServiceModel\v4.0_4.0.0.0__b77a5c561934e089\System.ServiceModel.dll [C:\Users\WilliamForney\source\repos\wforney\OpenLiveWriter\src\managed\OpenLiveWriter.PostEditor\OpenLiveWriter.PostEditor.csproj]
C:\Program Files\Microsoft Visual Studio\18\Enterprise\MSBuild\Current\Bin\Microsoft.Common.CurrentVersion.targets(2437,5): warning MSB3277:           Project file item includes which caused reference "C:\Windows\Microsoft.Net\assembly\GAC_MSIL\System.ServiceModel\v4.0_4.0.0.0__b77a5c561934e089\System.ServiceModel.dll". [C:\Users\WilliamForney\source\repos\wforney\OpenLiveWriter\src\managed\OpenLiveWriter.PostEditor\OpenLiveWriter.PostEditor.csproj]
C:\Program Files\Microsoft Visual Studio\18\Enterprise\MSBuild\Current\Bin\Microsoft.Common.CurrentVersion.targets(2437,5): warning MSB3277:             Microsoft.Threading.Tasks.Extensions.Desktop, Version=1.0.168.0, Culture=neutral, PublicKeyToken=b03f5f7f11d50a3a, processorArchitecture=MSIL [C:\Users\WilliamForney\source\repos\wforney\OpenLiveWriter\src\managed\OpenLiveWriter.PostEditor\OpenLiveWriter.PostEditor.csproj]
C:\Program Files\Microsoft Visual Studio\18\Enterprise\MSBuild\Current\Bin\Microsoft.Common.CurrentVersion.targets(2437,5): warning MSB3277:             NuGet.Squirrel, Version=3.0.0.0, Culture=neutral, processorArchitecture=MSIL [C:\Users\WilliamForney\source\repos\wforney\OpenLiveWriter\src\managed\OpenLiveWriter.PostEditor\OpenLiveWriter.PostEditor.csproj]
C:\Program Files\Microsoft Visual Studio\18\Enterprise\MSBuild\Current\Bin\Microsoft.Common.CurrentVersion.targets(2437,5): warning MSB3277:             Squirrel, Version=1.4.3.0, Culture=neutral, processorArchitecture=MSIL [C:\Users\WilliamForney\source\repos\wforney\OpenLiveWriter\src\managed\OpenLiveWriter.PostEditor\OpenLiveWriter.PostEditor.csproj]
C:\Program Files\Microsoft Visual Studio\18\Enterprise\MSBuild\Current\Bin\Microsoft.Common.CurrentVersion.targets(2437,5): warning MSB3277:         C:\Windows\Microsoft.Net\assembly\GAC_MSIL\System.ComponentModel.DataAnnotations\v4.0_4.0.0.0__31bf3856ad364e35\System.ComponentModel.DataAnnotations.dll [C:\Users\WilliamForney\source\repos\wforney\OpenLiveWriter\src\managed\OpenLiveWriter.PostEditor\OpenLiveWriter.PostEditor.csproj]
C:\Program Files\Microsoft Visual Studio\18\Enterprise\MSBuild\Current\Bin\Microsoft.Common.CurrentVersion.targets(2437,5): warning MSB3277:           Project file item includes which caused reference "C:\Windows\Microsoft.Net\assembly\GAC_MSIL\System.ComponentModel.DataAnnotations\v4.0_4.0.0.0__31bf3856ad364e35\System.ComponentModel.DataAnnotations.dll". [C:\Users\WilliamForney\source\repos\wforney\OpenLiveWriter\src\managed\OpenLiveWriter.PostEditor\OpenLiveWriter.PostEditor.csproj]
C:\Program Files\Microsoft Visual Studio\18\Enterprise\MSBuild\Current\Bin\Microsoft.Common.CurrentVersion.targets(2437,5): warning MSB3277:             NuGet.Squirrel, Version=3.0.0.0, Culture=neutral, processorArchitecture=MSIL [C:\Users\WilliamForney\source\repos\wforney\OpenLiveWriter\src\managed\OpenLiveWriter.PostEditor\OpenLiveWriter.PostEditor.csproj]
C:\Program Files\Microsoft Visual Studio\18\Enterprise\MSBuild\Current\Bin\Microsoft.Common.CurrentVersion.targets(2437,5): warning MSB3277:             Squirrel, Version=1.4.3.0, Culture=neutral, processorArchitecture=MSIL [C:\Users\WilliamForney\source\repos\wforney\OpenLiveWriter\src\managed\OpenLiveWriter.PostEditor\OpenLiveWriter.PostEditor.csproj]
C:\Program Files\Microsoft Visual Studio\18\Enterprise\MSBuild\Current\Bin\Microsoft.Common.CurrentVersion.targets(2437,5): warning MSB3277:             System.Web [C:\Users\WilliamForney\source\repos\wforney\OpenLiveWriter\src\managed\OpenLiveWriter.PostEditor\OpenLiveWriter.PostEditor.csproj]
C:\Program Files\Microsoft Visual Studio\18\Enterprise\MSBuild\Current\Bin\Microsoft.Common.CurrentVersion.targets(2437,5): warning MSB3277:             C:\Users\WilliamForney\source\repos\wforney\OpenLiveWriter\src\managed\bin\Debug\i386\Writer\OpenLiveWriter.BlogClient.dll [C:\Users\WilliamForney\source\repos\wforney\OpenLiveWriter\src\managed\OpenLiveWriter.PostEditor\OpenLiveWriter.PostEditor.csproj]
C:\Program Files\Microsoft Visual Studio\18\Enterprise\MSBuild\Current\Bin\Microsoft.Common.CurrentVersion.targets(2437,5): warning MSB3277:             C:\Users\WilliamForney\source\repos\wforney\OpenLiveWriter\src\managed\bin\Debug\i386\Writer\OpenLiveWriter.CoreServices.dll [C:\Users\WilliamForney\source\repos\wforney\OpenLiveWriter\src\managed\OpenLiveWriter.PostEditor\OpenLiveWriter.PostEditor.csproj]
C:\Program Files\Microsoft Visual Studio\18\Enterprise\MSBuild\Current\Bin\Microsoft.Common.CurrentVersion.targets(2437,5): warning MSB3277:             C:\Users\WilliamForney\source\repos\wforney\OpenLiveWriter\src\managed\bin\Debug\i386\Writer\OpenLiveWriter.SpellChecker.dll [C:\Users\WilliamForney\source\repos\wforney\OpenLiveWriter\src\managed\OpenLiveWriter.PostEditor\OpenLiveWriter.PostEditor.csproj]
C:\Program Files\Microsoft Visual Studio\18\Enterprise\MSBuild\Current\Bin\Microsoft.Common.CurrentVersion.targets(2437,5): warning MSB3277:             C:\Users\WilliamForney\source\repos\wforney\OpenLiveWriter\src\managed\bin\Debug\i386\Writer\OpenLiveWriter.Api.dll [C:\Users\WilliamForney\source\repos\wforney\OpenLiveWriter\src\managed\OpenLiveWriter.PostEditor\OpenLiveWriter.PostEditor.csproj]
C:\Program Files\Microsoft Visual Studio\18\Enterprise\MSBuild\Current\Bin\Microsoft.Common.CurrentVersion.targets(2437,5): warning MSB3277:             C:\Users\WilliamForney\source\repos\wforney\OpenLiveWriter\src\managed\bin\Debug\i386\Writer\OpenLiveWriter.ApplicationFramework.dll [C:\Users\WilliamForney\source\repos\wforney\OpenLiveWriter\src\managed\OpenLiveWriter.PostEditor\OpenLiveWriter.PostEditor.csproj]
C:\Program Files\Microsoft Visual Studio\18\Enterprise\MSBuild\Current\Bin\Microsoft.Common.CurrentVersion.targets(2437,5): warning MSB3277:             C:\Users\WilliamForney\source\repos\wforney\OpenLiveWriter\src\managed\bin\Debug\i386\Writer\OpenLiveWriter.Controls.dll [C:\Users\WilliamForney\source\repos\wforney\OpenLiveWriter\src\managed\OpenLiveWriter.PostEditor\OpenLiveWriter.PostEditor.csproj]
C:\Program Files\Microsoft Visual Studio\18\Enterprise\MSBuild\Current\Bin\Microsoft.Common.CurrentVersion.targets(2437,5): warning MSB3277:             C:\Users\WilliamForney\source\repos\wforney\OpenLiveWriter\src\managed\bin\Debug\i386\Writer\OpenLiveWriter.Extensibility.dll [C:\Users\WilliamForney\source\repos\wforney\OpenLiveWriter\src\managed\OpenLiveWriter.PostEditor\OpenLiveWriter.PostEditor.csproj]
C:\Program Files\Microsoft Visual Studio\18\Enterprise\MSBuild\Current\Bin\Microsoft.Common.CurrentVersion.targets(2437,5): warning MSB3277:             C:\Users\WilliamForney\source\repos\wforney\OpenLiveWriter\src\managed\bin\Debug\i386\Writer\OpenLiveWriter.FileDestinations.dll [C:\Users\WilliamForney\source\repos\wforney\OpenLiveWriter\src\managed\OpenLiveWriter.PostEditor\OpenLiveWriter.PostEditor.csproj]
C:\Program Files\Microsoft Visual Studio\18\Enterprise\MSBuild\Current\Bin\Microsoft.Common.CurrentVersion.targets(2437,5): warning MSB3277:             C:\Users\WilliamForney\source\repos\wforney\OpenLiveWriter\src\managed\bin\Debug\i386\Writer\OpenLiveWriter.HtmlEditor.dll [C:\Users\WilliamForney\source\repos\wforney\OpenLiveWriter\src\managed\OpenLiveWriter.PostEditor\OpenLiveWriter.PostEditor.csproj]
C:\Program Files\Microsoft Visual Studio\18\Enterprise\MSBuild\Current\Bin\Microsoft.Common.CurrentVersion.targets(2437,5): warning MSB3277:             C:\Users\WilliamForney\source\repos\wforney\OpenLiveWriter\src\managed\bin\Debug\i386\Writer\OpenLiveWriter.HtmlParser.dll [C:\Users\WilliamForney\source\repos\wforney\OpenLiveWriter\src\managed\OpenLiveWriter.PostEditor\OpenLiveWriter.PostEditor.csproj]
C:\Program Files\Microsoft Visual Studio\18\Enterprise\MSBuild\Current\Bin\Microsoft.Common.CurrentVersion.targets(2437,5): warning MSB3277:             C:\Users\WilliamForney\source\repos\wforney\OpenLiveWriter\src\managed\bin\Debug\i386\Writer\OpenLiveWriter.Mshtml.dll [C:\Users\WilliamForney\source\repos\wforney\OpenLiveWriter\src\managed\OpenLiveWriter.PostEditor\OpenLiveWriter.PostEditor.csproj]
C:\Program Files\Microsoft Visual Studio\18\Enterprise\MSBuild\Current\Bin\Microsoft.Common.CurrentVersion.targets(2437,5): warning MSB3277:             C:\Users\WilliamForney\source\repos\wforney\OpenLiveWriter\src\managed\bin\Debug\i386\Writer\OpenLiveWriter.InternalWriterPlugin.dll [C:\Users\WilliamForney\source\repos\wforney\OpenLiveWriter\src\managed\OpenLiveWriter.PostEditor\OpenLiveWriter.PostEditor.csproj]
C:\Program Files\Microsoft Visual Studio\18\Enterprise\MSBuild\Current\Bin\Microsoft.Common.CurrentVersion.targets(2437,5): warning MSB3277:             System.Design [C:\Users\WilliamForney\source\repos\wforney\OpenLiveWriter\src\managed\OpenLiveWriter.PostEditor\OpenLiveWriter.PostEditor.csproj]
C:\Program Files\Microsoft Visual Studio\18\Enterprise\MSBuild\Current\Bin\Microsoft.Common.CurrentVersion.targets(2437,5): warning MSB3277:             System.Web.Services [C:\Users\WilliamForney\source\repos\wforney\OpenLiveWriter\src\managed\OpenLiveWriter.PostEditor\OpenLiveWriter.PostEditor.csproj]
C:\Program Files\Microsoft Visual Studio\18\Enterprise\MSBuild\Current\Bin\Microsoft.Common.CurrentVersion.targets(2437,5): warning MSB3277:             Microsoft.Threading.Tasks.Extensions.Desktop, Version=1.0.168.0, Culture=neutral, PublicKeyToken=b03f5f7f11d50a3a, processorArchitecture=MSIL [C:\Users\WilliamForney\source\repos\wforney\OpenLiveWriter\src\managed\OpenLiveWriter.PostEditor\OpenLiveWriter.PostEditor.csproj]
C:\Program Files\Microsoft Visual Studio\18\Enterprise\MSBuild\Current\Bin\Microsoft.Common.CurrentVersion.targets(2437,5): warning MSB3277:             System.Data [C:\Users\WilliamForney\source\repos\wforney\OpenLiveWriter\src\managed\OpenLiveWriter.PostEditor\OpenLiveWriter.PostEditor.csproj]
C:\Program Files\Microsoft Visual Studio\18\Enterprise\MSBuild\Current\Bin\Microsoft.Common.CurrentVersion.targets(2437,5): warning MSB3277:             Google.Apis, Version=1.39.0.0, Culture=neutral, PublicKeyToken=4b01fa6e34db77ab, processorArchitecture=MSIL [C:\Users\WilliamForney\source\repos\wforney\OpenLiveWriter\src\managed\OpenLiveWriter.PostEditor\OpenLiveWriter.PostEditor.csproj]
C:\Program Files\Microsoft Visual Studio\18\Enterprise\MSBuild\Current\Bin\Microsoft.Common.CurrentVersion.targets(2437,5): warning MSB3277:             Google.Apis.Auth, Version=1.39.0.0, Culture=neutral, PublicKeyToken=4b01fa6e34db77ab, processorArchitecture=MSIL [C:\Users\WilliamForney\source\repos\wforney\OpenLiveWriter\src\managed\OpenLiveWriter.PostEditor\OpenLiveWriter.PostEditor.csproj]
C:\Program Files\Microsoft Visual Studio\18\Enterprise\MSBuild\Current\Bin\Microsoft.Common.CurrentVersion.targets(2437,5): warning MSB3277:             Google.Apis.Auth.PlatformServices, Version=1.39.0.0, Culture=neutral, PublicKeyToken=4b01fa6e34db77ab, processorArchitecture=MSIL [C:\Users\WilliamForney\source\repos\wforney\OpenLiveWriter\src\managed\OpenLiveWriter.PostEditor\OpenLiveWriter.PostEditor.csproj]
C:\Program Files\Microsoft Visual Studio\18\Enterprise\MSBuild\Current\Bin\Microsoft.Common.CurrentVersion.targets(2437,5): warning MSB3277:             Google.Apis.Blogger.v3, Version=1.21.0.111, Culture=neutral, PublicKeyToken=4b01fa6e34db77ab, processorArchitecture=MSIL [C:\Users\WilliamForney\source\repos\wforney\OpenLiveWriter\src\managed\OpenLiveWriter.PostEditor\OpenLiveWriter.PostEditor.csproj]
C:\Program Files\Microsoft Visual Studio\18\Enterprise\MSBuild\Current\Bin\Microsoft.Common.CurrentVersion.targets(2437,5): warning MSB3277:             Google.Apis.Core, Version=1.39.0.0, Culture=neutral, PublicKeyToken=4b01fa6e34db77ab, processorArchitecture=MSIL [C:\Users\WilliamForney\source\repos\wforney\OpenLiveWriter\src\managed\OpenLiveWriter.PostEditor\OpenLiveWriter.PostEditor.csproj]
C:\Program Files\Microsoft Visual Studio\18\Enterprise\MSBuild\Current\Bin\Microsoft.Common.CurrentVersion.targets(2437,5): warning MSB3277:             Google.Apis.PlatformServices, Version=1.39.0.0, Culture=neutral, PublicKeyToken=4b01fa6e34db77ab, processorArchitecture=MSIL [C:\Users\WilliamForney\source\repos\wforney\OpenLiveWriter\src\managed\OpenLiveWriter.PostEditor\OpenLiveWriter.PostEditor.csproj]
C:\Program Files\Microsoft Visual Studio\18\Enterprise\MSBuild\Current\Bin\Microsoft.Common.CurrentVersion.targets(2437,5): warning MSB3277:         C:\Windows\Microsoft.Net\assembly\GAC_MSIL\System.Xml.Linq\v4.0_4.0.0.0__b77a5c561934e089\System.Xml.Linq.dll [C:\Users\WilliamForney\source\repos\wforney\OpenLiveWriter\src\managed\OpenLiveWriter.PostEditor\OpenLiveWriter.PostEditor.csproj]
C:\Program Files\Microsoft Visual Studio\18\Enterprise\MSBuild\Current\Bin\Microsoft.Common.CurrentVersion.targets(2437,5): warning MSB3277:           Project file item includes which caused reference "C:\Windows\Microsoft.Net\assembly\GAC_MSIL\System.Xml.Linq\v4.0_4.0.0.0__b77a5c561934e089\System.Xml.Linq.dll". [C:\Users\WilliamForney\source\repos\wforney\OpenLiveWriter\src\managed\OpenLiveWriter.PostEditor\OpenLiveWriter.PostEditor.csproj]
C:\Program Files\Microsoft Visual Studio\18\Enterprise\MSBuild\Current\Bin\Microsoft.Common.CurrentVersion.targets(2437,5): warning MSB3277:             NuGet.Squirrel, Version=3.0.0.0, Culture=neutral, processorArchitecture=MSIL [C:\Users\WilliamForney\source\repos\wforney\OpenLiveWriter\src\managed\OpenLiveWriter.PostEditor\OpenLiveWriter.PostEditor.csproj]
C:\Program Files\Microsoft Visual Studio\18\Enterprise\MSBuild\Current\Bin\Microsoft.Common.CurrentVersion.targets(2437,5): warning MSB3277:             Squirrel, Version=1.4.3.0, Culture=neutral, processorArchitecture=MSIL [C:\Users\WilliamForney\source\repos\wforney\OpenLiveWriter\src\managed\OpenLiveWriter.PostEditor\OpenLiveWriter.PostEditor.csproj]
C:\Program Files\Microsoft Visual Studio\18\Enterprise\MSBuild\Current\Bin\Microsoft.Common.CurrentVersion.targets(2437,5): warning MSB3277:             C:\Users\WilliamForney\source\repos\wforney\OpenLiveWriter\src\managed\bin\Debug\i386\Writer\OpenLiveWriter.BlogClient.dll [C:\Users\WilliamForney\source\repos\wforney\OpenLiveWriter\src\managed\OpenLiveWriter.PostEditor\OpenLiveWriter.PostEditor.csproj]
C:\Program Files\Microsoft Visual Studio\18\Enterprise\MSBuild\Current\Bin\Microsoft.Common.CurrentVersion.targets(2437,5): warning MSB3277:             Google.Apis, Version=1.39.0.0, Culture=neutral, PublicKeyToken=4b01fa6e34db77ab, processorArchitecture=MSIL [C:\Users\WilliamForney\source\repos\wforney\OpenLiveWriter\src\managed\OpenLiveWriter.PostEditor\OpenLiveWriter.PostEditor.csproj]
C:\Program Files\Microsoft Visual Studio\18\Enterprise\MSBuild\Current\Bin\Microsoft.Common.CurrentVersion.targets(2437,5): warning MSB3277:             Google.Apis.Auth, Version=1.39.0.0, Culture=neutral, PublicKeyToken=4b01fa6e34db77ab, processorArchitecture=MSIL [C:\Users\WilliamForney\source\repos\wforney\OpenLiveWriter\src\managed\OpenLiveWriter.PostEditor\OpenLiveWriter.PostEditor.csproj]
C:\Program Files\Microsoft Visual Studio\18\Enterprise\MSBuild\Current\Bin\Microsoft.Common.CurrentVersion.targets(2437,5): warning MSB3277:             Google.Apis.Auth.PlatformServices, Version=1.39.0.0, Culture=neutral, PublicKeyToken=4b01fa6e34db77ab, processorArchitecture=MSIL [C:\Users\WilliamForney\source\repos\wforney\OpenLiveWriter\src\managed\OpenLiveWriter.PostEditor\OpenLiveWriter.PostEditor.csproj]
C:\Program Files\Microsoft Visual Studio\18\Enterprise\MSBuild\Current\Bin\Microsoft.Common.CurrentVersion.targets(2437,5): warning MSB3277:             Google.Apis.Blogger.v3, Version=1.21.0.111, Culture=neutral, PublicKeyToken=4b01fa6e34db77ab, processorArchitecture=MSIL [C:\Users\WilliamForney\source\repos\wforney\OpenLiveWriter\src\managed\OpenLiveWriter.PostEditor\OpenLiveWriter.PostEditor.csproj]
C:\Program Files\Microsoft Visual Studio\18\Enterprise\MSBuild\Current\Bin\Microsoft.Common.CurrentVersion.targets(2437,5): warning MSB3277:             Google.Apis.Core, Version=1.39.0.0, Culture=neutral, PublicKeyToken=4b01fa6e34db77ab, processorArchitecture=MSIL [C:\Users\WilliamForney\source\repos\wforney\OpenLiveWriter\src\managed\OpenLiveWriter.PostEditor\OpenLiveWriter.PostEditor.csproj]
C:\Program Files\Microsoft Visual Studio\18\Enterprise\MSBuild\Current\Bin\Microsoft.Common.CurrentVersion.targets(2437,5): warning MSB3277:             Google.Apis.PlatformServices, Version=1.39.0.0, Culture=neutral, PublicKeyToken=4b01fa6e34db77ab, processorArchitecture=MSIL [C:\Users\WilliamForney\source\repos\wforney\OpenLiveWriter\src\managed\OpenLiveWriter.PostEditor\OpenLiveWriter.PostEditor.csproj]
C:\Program Files\Microsoft Visual Studio\18\Enterprise\MSBuild\Current\Bin\Microsoft.Common.CurrentVersion.targets(2437,5): warning MSB3277:             Microsoft.Threading.Tasks.Extensions.Desktop, Version=1.0.168.0, Culture=neutral, PublicKeyToken=b03f5f7f11d50a3a, processorArchitecture=MSIL [C:\Users\WilliamForney\source\repos\wforney\OpenLiveWriter\src\managed\OpenLiveWriter.PostEditor\OpenLiveWriter.PostEditor.csproj]
C:\Program Files\Microsoft Visual Studio\18\Enterprise\MSBuild\Current\Bin\Microsoft.Common.CurrentVersion.targets(2437,5): warning MSB3277:         C:\Windows\Microsoft.Net\assembly\GAC_MSIL\WindowsBase\v4.0_4.0.0.0__31bf3856ad364e35\WindowsBase.dll [C:\Users\WilliamForney\source\repos\wforney\OpenLiveWriter\src\managed\OpenLiveWriter.PostEditor\OpenLiveWriter.PostEditor.csproj]
C:\Program Files\Microsoft Visual Studio\18\Enterprise\MSBuild\Current\Bin\Microsoft.Common.CurrentVersion.targets(2437,5): warning MSB3277:           Project file item includes which caused reference "C:\Windows\Microsoft.Net\assembly\GAC_MSIL\WindowsBase\v4.0_4.0.0.0__31bf3856ad364e35\WindowsBase.dll". [C:\Users\WilliamForney\source\repos\wforney\OpenLiveWriter\src\managed\OpenLiveWriter.PostEditor\OpenLiveWriter.PostEditor.csproj]
C:\Program Files\Microsoft Visual Studio\18\Enterprise\MSBuild\Current\Bin\Microsoft.Common.CurrentVersion.targets(2437,5): warning MSB3277:             NuGet.Squirrel, Version=3.0.0.0, Culture=neutral, processorArchitecture=MSIL [C:\Users\WilliamForney\source\repos\wforney\OpenLiveWriter\src\managed\OpenLiveWriter.PostEditor\OpenLiveWriter.PostEditor.csproj]
C:\Program Files\Microsoft Visual Studio\18\Enterprise\MSBuild\Current\Bin\Microsoft.Common.CurrentVersion.targets(2437,5): warning MSB3277:             Splat, Version=2.0.0.0, Culture=neutral, processorArchitecture=MSIL [C:\Users\WilliamForney\source\repos\wforney\OpenLiveWriter\src\managed\OpenLiveWriter.PostEditor\OpenLiveWriter.PostEditor.csproj]
C:\Program Files\Microsoft Visual Studio\18\Enterprise\MSBuild\Current\Bin\Microsoft.Common.CurrentVersion.targets(2437,5): warning MSB3277:             Squirrel, Version=1.4.3.0, Culture=neutral, processorArchitecture=MSIL [C:\Users\WilliamForney\source\repos\wforney\OpenLiveWriter\src\managed\OpenLiveWriter.PostEditor\OpenLiveWriter.PostEditor.csproj]
C:\Program Files\Microsoft Visual Studio\18\Enterprise\MSBuild\Current\Bin\Microsoft.Common.CurrentVersion.targets(2437,5): warning MSB3277:         C:\Windows\Microsoft.Net\assembly\GAC_MSIL\Microsoft.CSharp\v4.0_4.0.0.0__b03f5f7f11d50a3a\Microsoft.CSharp.dll [C:\Users\WilliamForney\source\repos\wforney\OpenLiveWriter\src\managed\OpenLiveWriter.PostEditor\OpenLiveWriter.PostEditor.csproj]
C:\Program Files\Microsoft Visual Studio\18\Enterprise\MSBuild\Current\Bin\Microsoft.Common.CurrentVersion.targets(2437,5): warning MSB3277:           Project file item includes which caused reference "C:\Windows\Microsoft.Net\assembly\GAC_MSIL\Microsoft.CSharp\v4.0_4.0.0.0__b03f5f7f11d50a3a\Microsoft.CSharp.dll". [C:\Users\WilliamForney\source\repos\wforney\OpenLiveWriter\src\managed\OpenLiveWriter.PostEditor\OpenLiveWriter.PostEditor.csproj]
C:\Program Files\Microsoft Visual Studio\18\Enterprise\MSBuild\Current\Bin\Microsoft.Common.CurrentVersion.targets(2437,5): warning MSB3277:             NuGet.Squirrel, Version=3.0.0.0, Culture=neutral, processorArchitecture=MSIL [C:\Users\WilliamForney\source\repos\wforney\OpenLiveWriter\src\managed\OpenLiveWriter.PostEditor\OpenLiveWriter.PostEditor.csproj]
C:\Program Files\Microsoft Visual Studio\18\Enterprise\MSBuild\Current\Bin\Microsoft.Common.CurrentVersion.targets(2437,5): warning MSB3277:             Squirrel, Version=1.4.3.0, Culture=neutral, processorArchitecture=MSIL [C:\Users\WilliamForney\source\repos\wforney\OpenLiveWriter\src\managed\OpenLiveWriter.PostEditor\OpenLiveWriter.PostEditor.csproj]
C:\Program Files\Microsoft Visual Studio\18\Enterprise\MSBuild\Current\Bin\Microsoft.Common.CurrentVersion.targets(2437,5): warning MSB3277:         C:\Windows\Microsoft.Net\assembly\GAC_MSIL\System.Configuration\v4.0_4.0.0.0__b03f5f7f11d50a3a\System.Configuration.dll [C:\Users\WilliamForney\source\repos\wforney\OpenLiveWriter\src\managed\OpenLiveWriter.PostEditor\OpenLiveWriter.PostEditor.csproj]
C:\Program Files\Microsoft Visual Studio\18\Enterprise\MSBuild\Current\Bin\Microsoft.Common.CurrentVersion.targets(2437,5): warning MSB3277:           Project file item includes which caused reference "C:\Windows\Microsoft.Net\assembly\GAC_MSIL\System.Configuration\v4.0_4.0.0.0__b03f5f7f11d50a3a\System.Configuration.dll". [C:\Users\WilliamForney\source\repos\wforney\OpenLiveWriter\src\managed\OpenLiveWriter.PostEditor\OpenLiveWriter.PostEditor.csproj]
C:\Program Files\Microsoft Visual Studio\18\Enterprise\MSBuild\Current\Bin\Microsoft.Common.CurrentVersion.targets(2437,5): warning MSB3277:             System [C:\Users\WilliamForney\source\repos\wforney\OpenLiveWriter\src\managed\OpenLiveWriter.PostEditor\OpenLiveWriter.PostEditor.csproj]
C:\Program Files\Microsoft Visual Studio\18\Enterprise\MSBuild\Current\Bin\Microsoft.Common.CurrentVersion.targets(2437,5): warning MSB3277:             C:\Users\WilliamForney\source\repos\wforney\OpenLiveWriter\src\managed\bin\Debug\i386\Writer\OpenLiveWriter.SpellChecker.dll [C:\Users\WilliamForney\source\repos\wforney\OpenLiveWriter\src\managed\OpenLiveWriter.PostEditor\OpenLiveWriter.PostEditor.csproj]
C:\Program Files\Microsoft Visual Studio\18\Enterprise\MSBuild\Current\Bin\Microsoft.Common.CurrentVersion.targets(2437,5): warning MSB3277:             C:\Users\WilliamForney\source\repos\wforney\OpenLiveWriter\src\managed\bin\Debug\i386\Writer\OpenLiveWriter.Api.dll [C:\Users\WilliamForney\source\repos\wforney\OpenLiveWriter\src\managed\OpenLiveWriter.PostEditor\OpenLiveWriter.PostEditor.csproj]
C:\Program Files\Microsoft Visual Studio\18\Enterprise\MSBuild\Current\Bin\Microsoft.Common.CurrentVersion.targets(2437,5): warning MSB3277:             C:\Users\WilliamForney\source\repos\wforney\OpenLiveWriter\src\managed\bin\Debug\i386\Writer\OpenLiveWriter.ApplicationFramework.dll [C:\Users\WilliamForney\source\repos\wforney\OpenLiveWriter\src\managed\OpenLiveWriter.PostEditor\OpenLiveWriter.PostEditor.csproj]
C:\Program Files\Microsoft Visual Studio\18\Enterprise\MSBuild\Current\Bin\Microsoft.Common.CurrentVersion.targets(2437,5): warning MSB3277:             C:\Users\WilliamForney\source\repos\wforney\OpenLiveWriter\src\managed\bin\Debug\i386\Writer\OpenLiveWriter.BlogClient.dll [C:\Users\WilliamForney\source\repos\wforney\OpenLiveWriter\src\managed\OpenLiveWriter.PostEditor\OpenLiveWriter.PostEditor.csproj]
C:\Program Files\Microsoft Visual Studio\18\Enterprise\MSBuild\Current\Bin\Microsoft.Common.CurrentVersion.targets(2437,5): warning MSB3277:             C:\Users\WilliamForney\source\repos\wforney\OpenLiveWriter\src\managed\bin\Debug\i386\Writer\OpenLiveWriter.BrowserControl.dll [C:\Users\WilliamForney\source\repos\wforney\OpenLiveWriter\src\managed\OpenLiveWriter.PostEditor\OpenLiveWriter.PostEditor.csproj]
C:\Program Files\Microsoft Visual Studio\18\Enterprise\MSBuild\Current\Bin\Microsoft.Common.CurrentVersion.targets(2437,5): warning MSB3277:             C:\Users\WilliamForney\source\repos\wforney\OpenLiveWriter\src\managed\bin\Debug\i386\Writer\OpenLiveWriter.Controls.dll [C:\Users\WilliamForney\source\repos\wforney\OpenLiveWriter\src\managed\OpenLiveWriter.PostEditor\OpenLiveWriter.PostEditor.csproj]
C:\Program Files\Microsoft Visual Studio\18\Enterprise\MSBuild\Current\Bin\Microsoft.Common.CurrentVersion.targets(2437,5): warning MSB3277:             C:\Users\WilliamForney\source\repos\wforney\OpenLiveWriter\src\managed\bin\Debug\i386\Writer\OpenLiveWriter.CoreServices.dll [C:\Users\WilliamForney\source\repos\wforney\OpenLiveWriter\src\managed\OpenLiveWriter.PostEditor\OpenLiveWriter.PostEditor.csproj]
C:\Program Files\Microsoft Visual Studio\18\Enterprise\MSBuild\Current\Bin\Microsoft.Common.CurrentVersion.targets(2437,5): warning MSB3277:             C:\Users\WilliamForney\source\repos\wforney\OpenLiveWriter\src\managed\bin\Debug\i386\Writer\OpenLiveWriter.Extensibility.dll [C:\Users\WilliamForney\source\repos\wforney\OpenLiveWriter\src\managed\OpenLiveWriter.PostEditor\OpenLiveWriter.PostEditor.csproj]
C:\Program Files\Microsoft Visual Studio\18\Enterprise\MSBuild\Current\Bin\Microsoft.Common.CurrentVersion.targets(2437,5): warning MSB3277:             C:\Users\WilliamForney\source\repos\wforney\OpenLiveWriter\src\managed\bin\Debug\i386\Writer\OpenLiveWriter.FileDestinations.dll [C:\Users\WilliamForney\source\repos\wforney\OpenLiveWriter\src\managed\OpenLiveWriter.PostEditor\OpenLiveWriter.PostEditor.csproj]
C:\Program Files\Microsoft Visual Studio\18\Enterprise\MSBuild\Current\Bin\Microsoft.Common.CurrentVersion.targets(2437,5): warning MSB3277:             C:\Users\WilliamForney\source\repos\wforney\OpenLiveWriter\src\managed\bin\Debug\i386\Writer\OpenLiveWriter.HtmlEditor.dll [C:\Users\WilliamForney\source\repos\wforney\OpenLiveWriter\src\managed\OpenLiveWriter.PostEditor\OpenLiveWriter.PostEditor.csproj]
C:\Program Files\Microsoft Visual Studio\18\Enterprise\MSBuild\Current\Bin\Microsoft.Common.CurrentVersion.targets(2437,5): warning MSB3277:             C:\Users\WilliamForney\source\repos\wforney\OpenLiveWriter\src\managed\bin\Debug\i386\Writer\OpenLiveWriter.HtmlParser.dll [C:\Users\WilliamForney\source\repos\wforney\OpenLiveWriter\src\managed\OpenLiveWriter.PostEditor\OpenLiveWriter.PostEditor.csproj]
C:\Program Files\Microsoft Visual Studio\18\Enterprise\MSBuild\Current\Bin\Microsoft.Common.CurrentVersion.targets(2437,5): warning MSB3277:             C:\Users\WilliamForney\source\repos\wforney\OpenLiveWriter\src\managed\bin\Debug\i386\Writer\OpenLiveWriter.Interop.dll [C:\Users\WilliamForney\source\repos\wforney\OpenLiveWriter\src\managed\OpenLiveWriter.PostEditor\OpenLiveWriter.PostEditor.csproj]
C:\Program Files\Microsoft Visual Studio\18\Enterprise\MSBuild\Current\Bin\Microsoft.Common.CurrentVersion.targets(2437,5): warning MSB3277:             C:\Users\WilliamForney\source\repos\wforney\OpenLiveWriter\src\managed\bin\Debug\i386\Writer\OpenLiveWriter.Localization.dll [C:\Users\WilliamForney\source\repos\wforney\OpenLiveWriter\src\managed\OpenLiveWriter.PostEditor\OpenLiveWriter.PostEditor.csproj]
C:\Program Files\Microsoft Visual Studio\18\Enterprise\MSBuild\Current\Bin\Microsoft.Common.CurrentVersion.targets(2437,5): warning MSB3277:             C:\Users\WilliamForney\source\repos\wforney\OpenLiveWriter\src\managed\bin\Debug\i386\Writer\OpenLiveWriter.Mshtml.dll [C:\Users\WilliamForney\source\repos\wforney\OpenLiveWriter\src\managed\OpenLiveWriter.PostEditor\OpenLiveWriter.PostEditor.csproj]
C:\Program Files\Microsoft Visual Studio\18\Enterprise\MSBuild\Current\Bin\Microsoft.Common.CurrentVersion.targets(2437,5): warning MSB3277:             C:\Users\WilliamForney\source\repos\wforney\OpenLiveWriter\src\managed\bin\Debug\i386\Writer\OpenLiveWriter.InternalWriterPlugin.dll [C:\Users\WilliamForney\source\repos\wforney\OpenLiveWriter\src\managed\OpenLiveWriter.PostEditor\OpenLiveWriter.PostEditor.csproj]
C:\Program Files\Microsoft Visual Studio\18\Enterprise\MSBuild\Current\Bin\Microsoft.Common.CurrentVersion.targets(2437,5): warning MSB3277:             Google.Apis, Version=1.39.0.0, Culture=neutral, PublicKeyToken=4b01fa6e34db77ab, processorArchitecture=MSIL [C:\Users\WilliamForney\source\repos\wforney\OpenLiveWriter\src\managed\OpenLiveWriter.PostEditor\OpenLiveWriter.PostEditor.csproj]
C:\Program Files\Microsoft Visual Studio\18\Enterprise\MSBuild\Current\Bin\Microsoft.Common.CurrentVersion.targets(2437,5): warning MSB3277:             Google.Apis.Auth, Version=1.39.0.0, Culture=neutral, PublicKeyToken=4b01fa6e34db77ab, processorArchitecture=MSIL [C:\Users\WilliamForney\source\repos\wforney\OpenLiveWriter\src\managed\OpenLiveWriter.PostEditor\OpenLiveWriter.PostEditor.csproj]
C:\Program Files\Microsoft Visual Studio\18\Enterprise\MSBuild\Current\Bin\Microsoft.Common.CurrentVersion.targets(2437,5): warning MSB3277:             Google.Apis.Auth.PlatformServices, Version=1.39.0.0, Culture=neutral, PublicKeyToken=4b01fa6e34db77ab, processorArchitecture=MSIL [C:\Users\WilliamForney\source\repos\wforney\OpenLiveWriter\src\managed\OpenLiveWriter.PostEditor\OpenLiveWriter.PostEditor.csproj]
C:\Program Files\Microsoft Visual Studio\18\Enterprise\MSBuild\Current\Bin\Microsoft.Common.CurrentVersion.targets(2437,5): warning MSB3277:             Google.Apis.Blogger.v3, Version=1.21.0.111, Culture=neutral, PublicKeyToken=4b01fa6e34db77ab, processorArchitecture=MSIL [C:\Users\WilliamForney\source\repos\wforney\OpenLiveWriter\src\managed\OpenLiveWriter.PostEditor\OpenLiveWriter.PostEditor.csproj]
C:\Program Files\Microsoft Visual Studio\18\Enterprise\MSBuild\Current\Bin\Microsoft.Common.CurrentVersion.targets(2437,5): warning MSB3277:             Google.Apis.Core, Version=1.39.0.0, Culture=neutral, PublicKeyToken=4b01fa6e34db77ab, processorArchitecture=MSIL [C:\Users\WilliamForney\source\repos\wforney\OpenLiveWriter\src\managed\OpenLiveWriter.PostEditor\OpenLiveWriter.PostEditor.csproj]
C:\Program Files\Microsoft Visual Studio\18\Enterprise\MSBuild\Current\Bin\Microsoft.Common.CurrentVersion.targets(2437,5): warning MSB3277:             Google.Apis.PlatformServices, Version=1.39.0.0, Culture=neutral, PublicKeyToken=4b01fa6e34db77ab, processorArchitecture=MSIL [C:\Users\WilliamForney\source\repos\wforney\OpenLiveWriter\src\managed\OpenLiveWriter.PostEditor\OpenLiveWriter.PostEditor.csproj]
C:\Program Files\Microsoft Visual Studio\18\Enterprise\MSBuild\Current\Bin\Microsoft.Common.CurrentVersion.targets(2437,5): warning MSB3277:             ICSharpCode.SharpZipLib, Version=0.86.0.518, Culture=neutral, processorArchitecture=MSIL [C:\Users\WilliamForney\source\repos\wforney\OpenLiveWriter\src\managed\OpenLiveWriter.PostEditor\OpenLiveWriter.PostEditor.csproj]
C:\Program Files\Microsoft Visual Studio\18\Enterprise\MSBuild\Current\Bin\Microsoft.Common.CurrentVersion.targets(2437,5): warning MSB3277:             Microsoft.Threading.Tasks.Extensions.Desktop, Version=1.0.168.0, Culture=neutral, PublicKeyToken=b03f5f7f11d50a3a, processorArchitecture=MSIL [C:\Users\WilliamForney\source\repos\wforney\OpenLiveWriter\src\managed\OpenLiveWriter.PostEditor\OpenLiveWriter.PostEditor.csproj]
C:\Program Files\Microsoft Visual Studio\18\Enterprise\MSBuild\Current\Bin\Microsoft.Common.CurrentVersion.targets(2437,5): warning MSB3277:             Mono.Cecil.Mdb, Version=0.9.6.0, Culture=neutral, PublicKeyToken=0738eb9f132ed756, processorArchitecture=MSIL [C:\Users\WilliamForney\source\repos\wforney\OpenLiveWriter\src\managed\OpenLiveWriter.PostEditor\OpenLiveWriter.PostEditor.csproj]
C:\Program Files\Microsoft Visual Studio\18\Enterprise\MSBuild\Current\Bin\Microsoft.Common.CurrentVersion.targets(2437,5): warning MSB3277:             NuGet.Squirrel, Version=3.0.0.0, Culture=neutral, processorArchitecture=MSIL [C:\Users\WilliamForney\source\repos\wforney\OpenLiveWriter\src\managed\OpenLiveWriter.PostEditor\OpenLiveWriter.PostEditor.csproj]
C:\Program Files\Microsoft Visual Studio\18\Enterprise\MSBuild\Current\Bin\Microsoft.Common.CurrentVersion.targets(2437,5): warning MSB3277:             Splat, Version=2.0.0.0, Culture=neutral, processorArchitecture=MSIL [C:\Users\WilliamForney\source\repos\wforney\OpenLiveWriter\src\managed\OpenLiveWriter.PostEditor\OpenLiveWriter.PostEditor.csproj]
C:\Program Files\Microsoft Visual Studio\18\Enterprise\MSBuild\Current\Bin\Microsoft.Common.CurrentVersion.targets(2437,5): warning MSB3277:             Squirrel, Version=1.4.3.0, Culture=neutral, processorArchitecture=MSIL [C:\Users\WilliamForney\source\repos\wforney\OpenLiveWriter\src\managed\OpenLiveWriter.PostEditor\OpenLiveWriter.PostEditor.csproj]
C:\Program Files\Microsoft Visual Studio\18\Enterprise\MSBuild\Current\Bin\Microsoft.Common.CurrentVersion.targets(2437,5): warning MSB3277:             System.Data [C:\Users\WilliamForney\source\repos\wforney\OpenLiveWriter\src\managed\OpenLiveWriter.PostEditor\OpenLiveWriter.PostEditor.csproj]
C:\Program Files\Microsoft Visual Studio\18\Enterprise\MSBuild\Current\Bin\Microsoft.Common.CurrentVersion.targets(2437,5): warning MSB3277:             System.Design [C:\Users\WilliamForney\source\repos\wforney\OpenLiveWriter\src\managed\OpenLiveWriter.PostEditor\OpenLiveWriter.PostEditor.csproj]
C:\Program Files\Microsoft Visual Studio\18\Enterprise\MSBuild\Current\Bin\Microsoft.Common.CurrentVersion.targets(2437,5): warning MSB3277:             System.Drawing [C:\Users\WilliamForney\source\repos\wforney\OpenLiveWriter\src\managed\OpenLiveWriter.PostEditor\OpenLiveWriter.PostEditor.csproj]
C:\Program Files\Microsoft Visual Studio\18\Enterprise\MSBuild\Current\Bin\Microsoft.Common.CurrentVersion.targets(2437,5): warning MSB3277:             System.Net.Http [C:\Users\WilliamForney\source\repos\wforney\OpenLiveWriter\src\managed\OpenLiveWriter.PostEditor\OpenLiveWriter.PostEditor.csproj]
C:\Program Files\Microsoft Visual Studio\18\Enterprise\MSBuild\Current\Bin\Microsoft.Common.CurrentVersion.targets(2437,5): warning MSB3277:             System.Net.Http.WebRequest [C:\Users\WilliamForney\source\repos\wforney\OpenLiveWriter\src\managed\OpenLiveWriter.PostEditor\OpenLiveWriter.PostEditor.csproj]
C:\Program Files\Microsoft Visual Studio\18\Enterprise\MSBuild\Current\Bin\Microsoft.Common.CurrentVersion.targets(2437,5): warning MSB3277:             System.Web [C:\Users\WilliamForney\source\repos\wforney\OpenLiveWriter\src\managed\OpenLiveWriter.PostEditor\OpenLiveWriter.PostEditor.csproj]
C:\Program Files\Microsoft Visual Studio\18\Enterprise\MSBuild\Current\Bin\Microsoft.Common.CurrentVersion.targets(2437,5): warning MSB3277:             System.Web.Services [C:\Users\WilliamForney\source\repos\wforney\OpenLiveWriter\src\managed\OpenLiveWriter.PostEditor\OpenLiveWriter.PostEditor.csproj]
C:\Program Files\Microsoft Visual Studio\18\Enterprise\MSBuild\Current\Bin\Microsoft.Common.CurrentVersion.targets(2437,5): warning MSB3277:             System.Windows.Forms [C:\Users\WilliamForney\source\repos\wforney\OpenLiveWriter\src\managed\OpenLiveWriter.PostEditor\OpenLiveWriter.PostEditor.csproj]
C:\Program Files\Microsoft Visual Studio\18\Enterprise\MSBuild\Current\Bin\Microsoft.Common.CurrentVersion.targets(2437,5): warning MSB3277:             System.Xml [C:\Users\WilliamForney\source\repos\wforney\OpenLiveWriter\src\managed\OpenLiveWriter.PostEditor\OpenLiveWriter.PostEditor.csproj]
C:\Program Files\Microsoft Visual Studio\18\Enterprise\MSBuild\Current\Bin\Microsoft.Common.CurrentVersion.targets(2437,5): warning MSB3277:             Mono.Cecil.Rocks, Version=0.9.6.0, Culture=neutral, PublicKeyToken=0738eb9f132ed756, processorArchitecture=MSIL [C:\Users\WilliamForney\source\repos\wforney\OpenLiveWriter\src\managed\OpenLiveWriter.PostEditor\OpenLiveWriter.PostEditor.csproj]
C:\Program Files\Microsoft Visual Studio\18\Enterprise\MSBuild\Current\Bin\Microsoft.Common.CurrentVersion.targets(2437,5): warning MSB3277:             System.Net.Http.Primitives, Version=4.2.29.0, Culture=neutral, PublicKeyToken=b03f5f7f11d50a3a, processorArchitecture=MSIL [C:\Users\WilliamForney\source\repos\wforney\OpenLiveWriter\src\managed\OpenLiveWriter.PostEditor\OpenLiveWriter.PostEditor.csproj]
C:\Program Files\Microsoft Visual Studio\18\Enterprise\MSBuild\Current\Bin\Microsoft.Common.CurrentVersion.targets(2437,5): warning MSB3277:         C:\Windows\Microsoft.Net\assembly\GAC_MSIL\System.Runtime\v4.0_4.0.0.0__b03f5f7f11d50a3a\System.Runtime.dll [C:\Users\WilliamForney\source\repos\wforney\OpenLiveWriter\src\managed\OpenLiveWriter.PostEditor\OpenLiveWriter.PostEditor.csproj]
C:\Program Files\Microsoft Visual Studio\18\Enterprise\MSBuild\Current\Bin\Microsoft.Common.CurrentVersion.targets(2437,5): warning MSB3277:           Project file item includes which caused reference "C:\Windows\Microsoft.Net\assembly\GAC_MSIL\System.Runtime\v4.0_4.0.0.0__b03f5f7f11d50a3a\System.Runtime.dll". [C:\Users\WilliamForney\source\repos\wforney\OpenLiveWriter\src\managed\OpenLiveWriter.PostEditor\OpenLiveWriter.PostEditor.csproj]
C:\Program Files\Microsoft Visual Studio\18\Enterprise\MSBuild\Current\Bin\Microsoft.Common.CurrentVersion.targets(2437,5): warning MSB3277:             System.Net.Http.Primitives, Version=4.2.29.0, Culture=neutral, PublicKeyToken=b03f5f7f11d50a3a, processorArchitecture=MSIL [C:\Users\WilliamForney\source\repos\wforney\OpenLiveWriter\src\managed\OpenLiveWriter.PostEditor\OpenLiveWriter.PostEditor.csproj]
C:\Program Files\Microsoft Visual Studio\18\Enterprise\MSBuild\Current\Bin\Microsoft.Common.CurrentVersion.targets(2437,5): warning MSB3277:         C:\Windows\Microsoft.Net\assembly\GAC_MSIL\System.Runtime.InteropServices\v4.0_4.0.0.0__b03f5f7f11d50a3a\System.Runtime.InteropServices.dll [C:\Users\WilliamForney\source\repos\wforney\OpenLiveWriter\src\managed\OpenLiveWriter.PostEditor\OpenLiveWriter.PostEditor.csproj]
C:\Program Files\Microsoft Visual Studio\18\Enterprise\MSBuild\Current\Bin\Microsoft.Common.CurrentVersion.targets(2437,5): warning MSB3277:           Project file item includes which caused reference "C:\Windows\Microsoft.Net\assembly\GAC_MSIL\System.Runtime.InteropServices\v4.0_4.0.0.0__b03f5f7f11d50a3a\System.Runtime.InteropServices.dll". [C:\Users\WilliamForney\source\repos\wforney\OpenLiveWriter\src\managed\OpenLiveWriter.PostEditor\OpenLiveWriter.PostEditor.csproj]
C:\Program Files\Microsoft Visual Studio\18\Enterprise\MSBuild\Current\Bin\Microsoft.Common.CurrentVersion.targets(2437,5): warning MSB3277:             System.Net.Http.Primitives, Version=4.2.29.0, Culture=neutral, PublicKeyToken=b03f5f7f11d50a3a, processorArchitecture=MSIL [C:\Users\WilliamForney\source\repos\wforney\OpenLiveWriter\src\managed\OpenLiveWriter.PostEditor\OpenLiveWriter.PostEditor.csproj]
C:\Program Files\Microsoft Visual Studio\18\Enterprise\MSBuild\Current\Bin\Microsoft.Common.CurrentVersion.targets(2437,5): warning MSB3277:         C:\Windows\Microsoft.Net\assembly\GAC_MSIL\Microsoft.Build.Utilities.v4.0\v4.0_4.0.0.0__b03f5f7f11d50a3a\Microsoft.Build.Utilities.v4.0.dll [C:\Users\WilliamForney\source\repos\wforney\OpenLiveWriter\src\managed\OpenLiveWriter.PostEditor\OpenLiveWriter.PostEditor.csproj]
C:\Program Files\Microsoft Visual Studio\18\Enterprise\MSBuild\Current\Bin\Microsoft.Common.CurrentVersion.targets(2437,5): warning MSB3277:           Project file item includes which caused reference "C:\Windows\Microsoft.Net\assembly\GAC_MSIL\Microsoft.Build.Utilities.v4.0\v4.0_4.0.0.0__b03f5f7f11d50a3a\Microsoft.Build.Utilities.v4.0.dll". [C:\Users\WilliamForney\source\repos\wforney\OpenLiveWriter\src\managed\OpenLiveWriter.PostEditor\OpenLiveWriter.PostEditor.csproj]
C:\Program Files\Microsoft Visual Studio\18\Enterprise\MSBuild\Current\Bin\Microsoft.Common.CurrentVersion.targets(2437,5): warning MSB3277:             System.Web [C:\Users\WilliamForney\source\repos\wforney\OpenLiveWriter\src\managed\OpenLiveWriter.PostEditor\OpenLiveWriter.PostEditor.csproj]
C:\Program Files\Microsoft Visual Studio\18\Enterprise\MSBuild\Current\Bin\Microsoft.Common.CurrentVersion.targets(2437,5): warning MSB3277:             C:\Users\WilliamForney\source\repos\wforney\OpenLiveWriter\src\managed\bin\Debug\i386\Writer\OpenLiveWriter.BlogClient.dll [C:\Users\WilliamForney\source\repos\wforney\OpenLiveWriter\src\managed\OpenLiveWriter.PostEditor\OpenLiveWriter.PostEditor.csproj]
C:\Program Files\Microsoft Visual Studio\18\Enterprise\MSBuild\Current\Bin\Microsoft.Common.CurrentVersion.targets(2437,5): warning MSB3277:             C:\Users\WilliamForney\source\repos\wforney\OpenLiveWriter\src\managed\bin\Debug\i386\Writer\OpenLiveWriter.CoreServices.dll [C:\Users\WilliamForney\source\repos\wforney\OpenLiveWriter\src\managed\OpenLiveWriter.PostEditor\OpenLiveWriter.PostEditor.csproj]
C:\Program Files\Microsoft Visual Studio\18\Enterprise\MSBuild\Current\Bin\Microsoft.Common.CurrentVersion.targets(2437,5): warning MSB3277:             C:\Users\WilliamForney\source\repos\wforney\OpenLiveWriter\src\managed\bin\Debug\i386\Writer\OpenLiveWriter.SpellChecker.dll [C:\Users\WilliamForney\source\repos\wforney\OpenLiveWriter\src\managed\OpenLiveWriter.PostEditor\OpenLiveWriter.PostEditor.csproj]
C:\Program Files\Microsoft Visual Studio\18\Enterprise\MSBuild\Current\Bin\Microsoft.Common.CurrentVersion.targets(2437,5): warning MSB3277:             C:\Users\WilliamForney\source\repos\wforney\OpenLiveWriter\src\managed\bin\Debug\i386\Writer\OpenLiveWriter.Api.dll [C:\Users\WilliamForney\source\repos\wforney\OpenLiveWriter\src\managed\OpenLiveWriter.PostEditor\OpenLiveWriter.PostEditor.csproj]
C:\Program Files\Microsoft Visual Studio\18\Enterprise\MSBuild\Current\Bin\Microsoft.Common.CurrentVersion.targets(2437,5): warning MSB3277:             C:\Users\WilliamForney\source\repos\wforney\OpenLiveWriter\src\managed\bin\Debug\i386\Writer\OpenLiveWriter.ApplicationFramework.dll [C:\Users\WilliamForney\source\repos\wforney\OpenLiveWriter\src\managed\OpenLiveWriter.PostEditor\OpenLiveWriter.PostEditor.csproj]
C:\Program Files\Microsoft Visual Studio\18\Enterprise\MSBuild\Current\Bin\Microsoft.Common.CurrentVersion.targets(2437,5): warning MSB3277:             C:\Users\WilliamForney\source\repos\wforney\OpenLiveWriter\src\managed\bin\Debug\i386\Writer\OpenLiveWriter.Controls.dll [C:\Users\WilliamForney\source\repos\wforney\OpenLiveWriter\src\managed\OpenLiveWriter.PostEditor\OpenLiveWriter.PostEditor.csproj]
C:\Program Files\Microsoft Visual Studio\18\Enterprise\MSBuild\Current\Bin\Microsoft.Common.CurrentVersion.targets(2437,5): warning MSB3277:             C:\Users\WilliamForney\source\repos\wforney\OpenLiveWriter\src\managed\bin\Debug\i386\Writer\OpenLiveWriter.Extensibility.dll [C:\Users\WilliamForney\source\repos\wforney\OpenLiveWriter\src\managed\OpenLiveWriter.PostEditor\OpenLiveWriter.PostEditor.csproj]
C:\Program Files\Microsoft Visual Studio\18\Enterprise\MSBuild\Current\Bin\Microsoft.Common.CurrentVersion.targets(2437,5): warning MSB3277:             C:\Users\WilliamForney\source\repos\wforney\OpenLiveWriter\src\managed\bin\Debug\i386\Writer\OpenLiveWriter.FileDestinations.dll [C:\Users\WilliamForney\source\repos\wforney\OpenLiveWriter\src\managed\OpenLiveWriter.PostEditor\OpenLiveWriter.PostEditor.csproj]
C:\Program Files\Microsoft Visual Studio\18\Enterprise\MSBuild\Current\Bin\Microsoft.Common.CurrentVersion.targets(2437,5): warning MSB3277:             C:\Users\WilliamForney\source\repos\wforney\OpenLiveWriter\src\managed\bin\Debug\i386\Writer\OpenLiveWriter.HtmlEditor.dll [C:\Users\WilliamForney\source\repos\wforney\OpenLiveWriter\src\managed\OpenLiveWriter.PostEditor\OpenLiveWriter.PostEditor.csproj]
C:\Program Files\Microsoft Visual Studio\18\Enterprise\MSBuild\Current\Bin\Microsoft.Common.CurrentVersion.targets(2437,5): warning MSB3277:             C:\Users\WilliamForney\source\repos\wforney\OpenLiveWriter\src\managed\bin\Debug\i386\Writer\OpenLiveWriter.HtmlParser.dll [C:\Users\WilliamForney\source\repos\wforney\OpenLiveWriter\src\managed\OpenLiveWriter.PostEditor\OpenLiveWriter.PostEditor.csproj]
C:\Program Files\Microsoft Visual Studio\18\Enterprise\MSBuild\Current\Bin\Microsoft.Common.CurrentVersion.targets(2437,5): warning MSB3277:             C:\Users\WilliamForney\source\repos\wforney\OpenLiveWriter\src\managed\bin\Debug\i386\Writer\OpenLiveWriter.Mshtml.dll [C:\Users\WilliamForney\source\repos\wforney\OpenLiveWriter\src\managed\OpenLiveWriter.PostEditor\OpenLiveWriter.PostEditor.csproj]
C:\Program Files\Microsoft Visual Studio\18\Enterprise\MSBuild\Current\Bin\Microsoft.Common.CurrentVersion.targets(2437,5): warning MSB3277:             C:\Users\WilliamForney\source\repos\wforney\OpenLiveWriter\src\managed\bin\Debug\i386\Writer\OpenLiveWriter.InternalWriterPlugin.dll [C:\Users\WilliamForney\source\repos\wforney\OpenLiveWriter\src\managed\OpenLiveWriter.PostEditor\OpenLiveWriter.PostEditor.csproj]
C:\Program Files\Microsoft Visual Studio\18\Enterprise\MSBuild\Current\Bin\Microsoft.Common.CurrentVersion.targets(2437,5): warning MSB3277:             Squirrel, Version=1.4.3.0, Culture=neutral, processorArchitecture=MSIL [C:\Users\WilliamForney\source\repos\wforney\OpenLiveWriter\src\managed\OpenLiveWriter.PostEditor\OpenLiveWriter.PostEditor.csproj]
C:\Program Files\Microsoft Visual Studio\18\Enterprise\MSBuild\Current\Bin\Microsoft.Common.CurrentVersion.targets(2437,5): warning MSB3277:             System.Design [C:\Users\WilliamForney\source\repos\wforney\OpenLiveWriter\src\managed\OpenLiveWriter.PostEditor\OpenLiveWriter.PostEditor.csproj]
C:\Program Files\Microsoft Visual Studio\18\Enterprise\MSBuild\Current\Bin\Microsoft.Common.CurrentVersion.targets(2437,5): warning MSB3277:             System.Web.Services [C:\Users\WilliamForney\source\repos\wforney\OpenLiveWriter\src\managed\OpenLiveWriter.PostEditor\OpenLiveWriter.PostEditor.csproj]
C:\Program Files\Microsoft Visual Studio\18\Enterprise\MSBuild\Current\Bin\Microsoft.Common.CurrentVersion.targets(2437,5): warning MSB3277:             Microsoft.Threading.Tasks.Extensions.Desktop, Version=1.0.168.0, Culture=neutral, PublicKeyToken=b03f5f7f11d50a3a, processorArchitecture=MSIL [C:\Users\WilliamForney\source\repos\wforney\OpenLiveWriter\src\managed\OpenLiveWriter.PostEditor\OpenLiveWriter.PostEditor.csproj]
C:\Program Files\Microsoft Visual Studio\18\Enterprise\MSBuild\Current\Bin\Microsoft.Common.CurrentVersion.targets(2437,5): warning MSB3277:             NuGet.Squirrel, Version=3.0.0.0, Culture=neutral, processorArchitecture=MSIL [C:\Users\WilliamForney\source\repos\wforney\OpenLiveWriter\src\managed\OpenLiveWriter.PostEditor\OpenLiveWriter.PostEditor.csproj]
C:\Program Files\Microsoft Visual Studio\18\Enterprise\MSBuild\Current\Bin\Microsoft.Common.CurrentVersion.targets(2437,5): warning MSB3277:             System.Data [C:\Users\WilliamForney\source\repos\wforney\OpenLiveWriter\src\managed\OpenLiveWriter.PostEditor\OpenLiveWriter.PostEditor.csproj]
C:\Program Files\Microsoft Visual Studio\18\Enterprise\MSBuild\Current\Bin\Microsoft.Common.CurrentVersion.targets(2437,5): warning MSB3277:             Google.Apis, Version=1.39.0.0, Culture=neutral, PublicKeyToken=4b01fa6e34db77ab, processorArchitecture=MSIL [C:\Users\WilliamForney\source\repos\wforney\OpenLiveWriter\src\managed\OpenLiveWriter.PostEditor\OpenLiveWriter.PostEditor.csproj]
C:\Program Files\Microsoft Visual Studio\18\Enterprise\MSBuild\Current\Bin\Microsoft.Common.CurrentVersion.targets(2437,5): warning MSB3277:             Google.Apis.Auth, Version=1.39.0.0, Culture=neutral, PublicKeyToken=4b01fa6e34db77ab, processorArchitecture=MSIL [C:\Users\WilliamForney\source\repos\wforney\OpenLiveWriter\src\managed\OpenLiveWriter.PostEditor\OpenLiveWriter.PostEditor.csproj]
C:\Program Files\Microsoft Visual Studio\18\Enterprise\MSBuild\Current\Bin\Microsoft.Common.CurrentVersion.targets(2437,5): warning MSB3277:             Google.Apis.Auth.PlatformServices, Version=1.39.0.0, Culture=neutral, PublicKeyToken=4b01fa6e34db77ab, processorArchitecture=MSIL [C:\Users\WilliamForney\source\repos\wforney\OpenLiveWriter\src\managed\OpenLiveWriter.PostEditor\OpenLiveWriter.PostEditor.csproj]
C:\Program Files\Microsoft Visual Studio\18\Enterprise\MSBuild\Current\Bin\Microsoft.Common.CurrentVersion.targets(2437,5): warning MSB3277:             Google.Apis.Blogger.v3, Version=1.21.0.111, Culture=neutral, PublicKeyToken=4b01fa6e34db77ab, processorArchitecture=MSIL [C:\Users\WilliamForney\source\repos\wforney\OpenLiveWriter\src\managed\OpenLiveWriter.PostEditor\OpenLiveWriter.PostEditor.csproj]
C:\Program Files\Microsoft Visual Studio\18\Enterprise\MSBuild\Current\Bin\Microsoft.Common.CurrentVersion.targets(2437,5): warning MSB3277:             Google.Apis.Core, Version=1.39.0.0, Culture=neutral, PublicKeyToken=4b01fa6e34db77ab, processorArchitecture=MSIL [C:\Users\WilliamForney\source\repos\wforney\OpenLiveWriter\src\managed\OpenLiveWriter.PostEditor\OpenLiveWriter.PostEditor.csproj]
C:\Program Files\Microsoft Visual Studio\18\Enterprise\MSBuild\Current\Bin\Microsoft.Common.CurrentVersion.targets(2437,5): warning MSB3277:             Google.Apis.PlatformServices, Version=1.39.0.0, Culture=neutral, PublicKeyToken=4b01fa6e34db77ab, processorArchitecture=MSIL [C:\Users\WilliamForney\source\repos\wforney\OpenLiveWriter\src\managed\OpenLiveWriter.PostEditor\OpenLiveWriter.PostEditor.csproj]
C:\Program Files\Microsoft Visual Studio\18\Enterprise\MSBuild\Current\Bin\Microsoft.Common.CurrentVersion.targets(2437,5): warning MSB3277:         C:\Windows\Microsoft.Net\assembly\GAC_MSIL\Microsoft.Build.Tasks.v4.0\v4.0_4.0.0.0__b03f5f7f11d50a3a\Microsoft.Build.Tasks.v4.0.dll [C:\Users\WilliamForney\source\repos\wforney\OpenLiveWriter\src\managed\OpenLiveWriter.PostEditor\OpenLiveWriter.PostEditor.csproj]
C:\Program Files\Microsoft Visual Studio\18\Enterprise\MSBuild\Current\Bin\Microsoft.Common.CurrentVersion.targets(2437,5): warning MSB3277:           Project file item includes which caused reference "C:\Windows\Microsoft.Net\assembly\GAC_MSIL\Microsoft.Build.Tasks.v4.0\v4.0_4.0.0.0__b03f5f7f11d50a3a\Microsoft.Build.Tasks.v4.0.dll". [C:\Users\WilliamForney\source\repos\wforney\OpenLiveWriter\src\managed\OpenLiveWriter.PostEditor\OpenLiveWriter.PostEditor.csproj]
C:\Program Files\Microsoft Visual Studio\18\Enterprise\MSBuild\Current\Bin\Microsoft.Common.CurrentVersion.targets(2437,5): warning MSB3277:             System.Web [C:\Users\WilliamForney\source\repos\wforney\OpenLiveWriter\src\managed\OpenLiveWriter.PostEditor\OpenLiveWriter.PostEditor.csproj]
C:\Program Files\Microsoft Visual Studio\18\Enterprise\MSBuild\Current\Bin\Microsoft.Common.CurrentVersion.targets(2437,5): warning MSB3277:             C:\Users\WilliamForney\source\repos\wforney\OpenLiveWriter\src\managed\bin\Debug\i386\Writer\OpenLiveWriter.BlogClient.dll [C:\Users\WilliamForney\source\repos\wforney\OpenLiveWriter\src\managed\OpenLiveWriter.PostEditor\OpenLiveWriter.PostEditor.csproj]
C:\Program Files\Microsoft Visual Studio\18\Enterprise\MSBuild\Current\Bin\Microsoft.Common.CurrentVersion.targets(2437,5): warning MSB3277:             C:\Users\WilliamForney\source\repos\wforney\OpenLiveWriter\src\managed\bin\Debug\i386\Writer\OpenLiveWriter.CoreServices.dll [C:\Users\WilliamForney\source\repos\wforney\OpenLiveWriter\src\managed\OpenLiveWriter.PostEditor\OpenLiveWriter.PostEditor.csproj]
C:\Program Files\Microsoft Visual Studio\18\Enterprise\MSBuild\Current\Bin\Microsoft.Common.CurrentVersion.targets(2437,5): warning MSB3277:             C:\Users\WilliamForney\source\repos\wforney\OpenLiveWriter\src\managed\bin\Debug\i386\Writer\OpenLiveWriter.SpellChecker.dll [C:\Users\WilliamForney\source\repos\wforney\OpenLiveWriter\src\managed\OpenLiveWriter.PostEditor\OpenLiveWriter.PostEditor.csproj]
C:\Program Files\Microsoft Visual Studio\18\Enterprise\MSBuild\Current\Bin\Microsoft.Common.CurrentVersion.targets(2437,5): warning MSB3277:             C:\Users\WilliamForney\source\repos\wforney\OpenLiveWriter\src\managed\bin\Debug\i386\Writer\OpenLiveWriter.Api.dll [C:\Users\WilliamForney\source\repos\wforney\OpenLiveWriter\src\managed\OpenLiveWriter.PostEditor\OpenLiveWriter.PostEditor.csproj]
C:\Program Files\Microsoft Visual Studio\18\Enterprise\MSBuild\Current\Bin\Microsoft.Common.CurrentVersion.targets(2437,5): warning MSB3277:             C:\Users\WilliamForney\source\repos\wforney\OpenLiveWriter\src\managed\bin\Debug\i386\Writer\OpenLiveWriter.ApplicationFramework.dll [C:\Users\WilliamForney\source\repos\wforney\OpenLiveWriter\src\managed\OpenLiveWriter.PostEditor\OpenLiveWriter.PostEditor.csproj]
C:\Program Files\Microsoft Visual Studio\18\Enterprise\MSBuild\Current\Bin\Microsoft.Common.CurrentVersion.targets(2437,5): warning MSB3277:             C:\Users\WilliamForney\source\repos\wforney\OpenLiveWriter\src\managed\bin\Debug\i386\Writer\OpenLiveWriter.Controls.dll [C:\Users\WilliamForney\source\repos\wforney\OpenLiveWriter\src\managed\OpenLiveWriter.PostEditor\OpenLiveWriter.PostEditor.csproj]
C:\Program Files\Microsoft Visual Studio\18\Enterprise\MSBuild\Current\Bin\Microsoft.Common.CurrentVersion.targets(2437,5): warning MSB3277:             C:\Users\WilliamForney\source\repos\wforney\OpenLiveWriter\src\managed\bin\Debug\i386\Writer\OpenLiveWriter.Extensibility.dll [C:\Users\WilliamForney\source\repos\wforney\OpenLiveWriter\src\managed\OpenLiveWriter.PostEditor\OpenLiveWriter.PostEditor.csproj]
C:\Program Files\Microsoft Visual Studio\18\Enterprise\MSBuild\Current\Bin\Microsoft.Common.CurrentVersion.targets(2437,5): warning MSB3277:             C:\Users\WilliamForney\source\repos\wforney\OpenLiveWriter\src\managed\bin\Debug\i386\Writer\OpenLiveWriter.FileDestinations.dll [C:\Users\WilliamForney\source\repos\wforney\OpenLiveWriter\src\managed\OpenLiveWriter.PostEditor\OpenLiveWriter.PostEditor.csproj]
C:\Program Files\Microsoft Visual Studio\18\Enterprise\MSBuild\Current\Bin\Microsoft.Common.CurrentVersion.targets(2437,5): warning MSB3277:             C:\Users\WilliamForney\source\repos\wforney\OpenLiveWriter\src\managed\bin\Debug\i386\Writer\OpenLiveWriter.HtmlEditor.dll [C:\Users\WilliamForney\source\repos\wforney\OpenLiveWriter\src\managed\OpenLiveWriter.PostEditor\OpenLiveWriter.PostEditor.csproj]
C:\Program Files\Microsoft Visual Studio\18\Enterprise\MSBuild\Current\Bin\Microsoft.Common.CurrentVersion.targets(2437,5): warning MSB3277:             C:\Users\WilliamForney\source\repos\wforney\OpenLiveWriter\src\managed\bin\Debug\i386\Writer\OpenLiveWriter.HtmlParser.dll [C:\Users\WilliamForney\source\repos\wforney\OpenLiveWriter\src\managed\OpenLiveWriter.PostEditor\OpenLiveWriter.PostEditor.csproj]
C:\Program Files\Microsoft Visual Studio\18\Enterprise\MSBuild\Current\Bin\Microsoft.Common.CurrentVersion.targets(2437,5): warning MSB3277:             C:\Users\WilliamForney\source\repos\wforney\OpenLiveWriter\src\managed\bin\Debug\i386\Writer\OpenLiveWriter.Mshtml.dll [C:\Users\WilliamForney\source\repos\wforney\OpenLiveWriter\src\managed\OpenLiveWriter.PostEditor\OpenLiveWriter.PostEditor.csproj]
C:\Program Files\Microsoft Visual Studio\18\Enterprise\MSBuild\Current\Bin\Microsoft.Common.CurrentVersion.targets(2437,5): warning MSB3277:             C:\Users\WilliamForney\source\repos\wforney\OpenLiveWriter\src\managed\bin\Debug\i386\Writer\OpenLiveWriter.InternalWriterPlugin.dll [C:\Users\WilliamForney\source\repos\wforney\OpenLiveWriter\src\managed\OpenLiveWriter.PostEditor\OpenLiveWriter.PostEditor.csproj]
C:\Program Files\Microsoft Visual Studio\18\Enterprise\MSBuild\Current\Bin\Microsoft.Common.CurrentVersion.targets(2437,5): warning MSB3277:             Squirrel, Version=1.4.3.0, Culture=neutral, processorArchitecture=MSIL [C:\Users\WilliamForney\source\repos\wforney\OpenLiveWriter\src\managed\OpenLiveWriter.PostEditor\OpenLiveWriter.PostEditor.csproj]
C:\Program Files\Microsoft Visual Studio\18\Enterprise\MSBuild\Current\Bin\Microsoft.Common.CurrentVersion.targets(2437,5): warning MSB3277:             System.Design [C:\Users\WilliamForney\source\repos\wforney\OpenLiveWriter\src\managed\OpenLiveWriter.PostEditor\OpenLiveWriter.PostEditor.csproj]
C:\Program Files\Microsoft Visual Studio\18\Enterprise\MSBuild\Current\Bin\Microsoft.Common.CurrentVersion.targets(2437,5): warning MSB3277:             System.Web.Services [C:\Users\WilliamForney\source\repos\wforney\OpenLiveWriter\src\managed\OpenLiveWriter.PostEditor\OpenLiveWriter.PostEditor.csproj]
C:\Program Files\Microsoft Visual Studio\18\Enterprise\MSBuild\Current\Bin\Microsoft.Common.CurrentVersion.targets(2437,5): warning MSB3277:             Microsoft.Threading.Tasks.Extensions.Desktop, Version=1.0.168.0, Culture=neutral, PublicKeyToken=b03f5f7f11d50a3a, processorArchitecture=MSIL [C:\Users\WilliamForney\source\repos\wforney\OpenLiveWriter\src\managed\OpenLiveWriter.PostEditor\OpenLiveWriter.PostEditor.csproj]
C:\Program Files\Microsoft Visual Studio\18\Enterprise\MSBuild\Current\Bin\Microsoft.Common.CurrentVersion.targets(2437,5): warning MSB3277:             NuGet.Squirrel, Version=3.0.0.0, Culture=neutral, processorArchitecture=MSIL [C:\Users\WilliamForney\source\repos\wforney\OpenLiveWriter\src\managed\OpenLiveWriter.PostEditor\OpenLiveWriter.PostEditor.csproj]
C:\Program Files\Microsoft Visual Studio\18\Enterprise\MSBuild\Current\Bin\Microsoft.Common.CurrentVersion.targets(2437,5): warning MSB3277:             System.Data [C:\Users\WilliamForney\source\repos\wforney\OpenLiveWriter\src\managed\OpenLiveWriter.PostEditor\OpenLiveWriter.PostEditor.csproj]
C:\Program Files\Microsoft Visual Studio\18\Enterprise\MSBuild\Current\Bin\Microsoft.Common.CurrentVersion.targets(2437,5): warning MSB3277:             Google.Apis, Version=1.39.0.0, Culture=neutral, PublicKeyToken=4b01fa6e34db77ab, processorArchitecture=MSIL [C:\Users\WilliamForney\source\repos\wforney\OpenLiveWriter\src\managed\OpenLiveWriter.PostEditor\OpenLiveWriter.PostEditor.csproj]
C:\Program Files\Microsoft Visual Studio\18\Enterprise\MSBuild\Current\Bin\Microsoft.Common.CurrentVersion.targets(2437,5): warning MSB3277:             Google.Apis.Auth, Version=1.39.0.0, Culture=neutral, PublicKeyToken=4b01fa6e34db77ab, processorArchitecture=MSIL [C:\Users\WilliamForney\source\repos\wforney\OpenLiveWriter\src\managed\OpenLiveWriter.PostEditor\OpenLiveWriter.PostEditor.csproj]
C:\Program Files\Microsoft Visual Studio\18\Enterprise\MSBuild\Current\Bin\Microsoft.Common.CurrentVersion.targets(2437,5): warning MSB3277:             Google.Apis.Auth.PlatformServices, Version=1.39.0.0, Culture=neutral, PublicKeyToken=4b01fa6e34db77ab, processorArchitecture=MSIL [C:\Users\WilliamForney\source\repos\wforney\OpenLiveWriter\src\managed\OpenLiveWriter.PostEditor\OpenLiveWriter.PostEditor.csproj]
C:\Program Files\Microsoft Visual Studio\18\Enterprise\MSBuild\Current\Bin\Microsoft.Common.CurrentVersion.targets(2437,5): warning MSB3277:             Google.Apis.Blogger.v3, Version=1.21.0.111, Culture=neutral, PublicKeyToken=4b01fa6e34db77ab, processorArchitecture=MSIL [C:\Users\WilliamForney\source\repos\wforney\OpenLiveWriter\src\managed\OpenLiveWriter.PostEditor\OpenLiveWriter.PostEditor.csproj]
C:\Program Files\Microsoft Visual Studio\18\Enterprise\MSBuild\Current\Bin\Microsoft.Common.CurrentVersion.targets(2437,5): warning MSB3277:             Google.Apis.Core, Version=1.39.0.0, Culture=neutral, PublicKeyToken=4b01fa6e34db77ab, processorArchitecture=MSIL [C:\Users\WilliamForney\source\repos\wforney\OpenLiveWriter\src\managed\OpenLiveWriter.PostEditor\OpenLiveWriter.PostEditor.csproj]
C:\Program Files\Microsoft Visual Studio\18\Enterprise\MSBuild\Current\Bin\Microsoft.Common.CurrentVersion.targets(2437,5): warning MSB3277:             Google.Apis.PlatformServices, Version=1.39.0.0, Culture=neutral, PublicKeyToken=4b01fa6e34db77ab, processorArchitecture=MSIL [C:\Users\WilliamForney\source\repos\wforney\OpenLiveWriter\src\managed\OpenLiveWriter.PostEditor\OpenLiveWriter.PostEditor.csproj]
C:\Program Files\Microsoft Visual Studio\18\Enterprise\MSBuild\Current\Bin\Microsoft.Common.CurrentVersion.targets(2437,5): warning MSB3277:         C:\Windows\Microsoft.Net\assembly\GAC_MSIL\System.Deployment\v4.0_4.0.0.0__b03f5f7f11d50a3a\System.Deployment.dll [C:\Users\WilliamForney\source\repos\wforney\OpenLiveWriter\src\managed\OpenLiveWriter.PostEditor\OpenLiveWriter.PostEditor.csproj]
C:\Program Files\Microsoft Visual Studio\18\Enterprise\MSBuild\Current\Bin\Microsoft.Common.CurrentVersion.targets(2437,5): warning MSB3277:           Project file item includes which caused reference "C:\Windows\Microsoft.Net\assembly\GAC_MSIL\System.Deployment\v4.0_4.0.0.0__b03f5f7f11d50a3a\System.Deployment.dll". [C:\Users\WilliamForney\source\repos\wforney\OpenLiveWriter\src\managed\OpenLiveWriter.PostEditor\OpenLiveWriter.PostEditor.csproj]
C:\Program Files\Microsoft Visual Studio\18\Enterprise\MSBuild\Current\Bin\Microsoft.Common.CurrentVersion.targets(2437,5): warning MSB3277:             System.Windows.Forms [C:\Users\WilliamForney\source\repos\wforney\OpenLiveWriter\src\managed\OpenLiveWriter.PostEditor\OpenLiveWriter.PostEditor.csproj]
C:\Program Files\Microsoft Visual Studio\18\Enterprise\MSBuild\Current\Bin\Microsoft.Common.CurrentVersion.targets(2437,5): warning MSB3277:             C:\Users\WilliamForney\source\repos\wforney\OpenLiveWriter\src\managed\bin\Debug\i386\Writer\OpenLiveWriter.SpellChecker.dll [C:\Users\WilliamForney\source\repos\wforney\OpenLiveWriter\src\managed\OpenLiveWriter.PostEditor\OpenLiveWriter.PostEditor.csproj]
C:\Program Files\Microsoft Visual Studio\18\Enterprise\MSBuild\Current\Bin\Microsoft.Common.CurrentVersion.targets(2437,5): warning MSB3277:             C:\Users\WilliamForney\source\repos\wforney\OpenLiveWriter\src\managed\bin\Debug\i386\Writer\OpenLiveWriter.Api.dll [C:\Users\WilliamForney\source\repos\wforney\OpenLiveWriter\src\managed\OpenLiveWriter.PostEditor\OpenLiveWriter.PostEditor.csproj]
C:\Program Files\Microsoft Visual Studio\18\Enterprise\MSBuild\Current\Bin\Microsoft.Common.CurrentVersion.targets(2437,5): warning MSB3277:             C:\Users\WilliamForney\source\repos\wforney\OpenLiveWriter\src\managed\bin\Debug\i386\Writer\OpenLiveWriter.ApplicationFramework.dll [C:\Users\WilliamForney\source\repos\wforney\OpenLiveWriter\src\managed\OpenLiveWriter.PostEditor\OpenLiveWriter.PostEditor.csproj]
C:\Program Files\Microsoft Visual Studio\18\Enterprise\MSBuild\Current\Bin\Microsoft.Common.CurrentVersion.targets(2437,5): warning MSB3277:             C:\Users\WilliamForney\source\repos\wforney\OpenLiveWriter\src\managed\bin\Debug\i386\Writer\OpenLiveWriter.BlogClient.dll [C:\Users\WilliamForney\source\repos\wforney\OpenLiveWriter\src\managed\OpenLiveWriter.PostEditor\OpenLiveWriter.PostEditor.csproj]
C:\Program Files\Microsoft Visual Studio\18\Enterprise\MSBuild\Current\Bin\Microsoft.Common.CurrentVersion.targets(2437,5): warning MSB3277:             C:\Users\WilliamForney\source\repos\wforney\OpenLiveWriter\src\managed\bin\Debug\i386\Writer\OpenLiveWriter.BrowserControl.dll [C:\Users\WilliamForney\source\repos\wforney\OpenLiveWriter\src\managed\OpenLiveWriter.PostEditor\OpenLiveWriter.PostEditor.csproj]
C:\Program Files\Microsoft Visual Studio\18\Enterprise\MSBuild\Current\Bin\Microsoft.Common.CurrentVersion.targets(2437,5): warning MSB3277:             C:\Users\WilliamForney\source\repos\wforney\OpenLiveWriter\src\managed\bin\Debug\i386\Writer\OpenLiveWriter.Controls.dll [C:\Users\WilliamForney\source\repos\wforney\OpenLiveWriter\src\managed\OpenLiveWriter.PostEditor\OpenLiveWriter.PostEditor.csproj]
C:\Program Files\Microsoft Visual Studio\18\Enterprise\MSBuild\Current\Bin\Microsoft.Common.CurrentVersion.targets(2437,5): warning MSB3277:             C:\Users\WilliamForney\source\repos\wforney\OpenLiveWriter\src\managed\bin\Debug\i386\Writer\OpenLiveWriter.CoreServices.dll [C:\Users\WilliamForney\source\repos\wforney\OpenLiveWriter\src\managed\OpenLiveWriter.PostEditor\OpenLiveWriter.PostEditor.csproj]
C:\Program Files\Microsoft Visual Studio\18\Enterprise\MSBuild\Current\Bin\Microsoft.Common.CurrentVersion.targets(2437,5): warning MSB3277:             C:\Users\WilliamForney\source\repos\wforney\OpenLiveWriter\src\managed\bin\Debug\i386\Writer\OpenLiveWriter.Extensibility.dll [C:\Users\WilliamForney\source\repos\wforney\OpenLiveWriter\src\managed\OpenLiveWriter.PostEditor\OpenLiveWriter.PostEditor.csproj]
C:\Program Files\Microsoft Visual Studio\18\Enterprise\MSBuild\Current\Bin\Microsoft.Common.CurrentVersion.targets(2437,5): warning MSB3277:             C:\Users\WilliamForney\source\repos\wforney\OpenLiveWriter\src\managed\bin\Debug\i386\Writer\OpenLiveWriter.FileDestinations.dll [C:\Users\WilliamForney\source\repos\wforney\OpenLiveWriter\src\managed\OpenLiveWriter.PostEditor\OpenLiveWriter.PostEditor.csproj]
C:\Program Files\Microsoft Visual Studio\18\Enterprise\MSBuild\Current\Bin\Microsoft.Common.CurrentVersion.targets(2437,5): warning MSB3277:             C:\Users\WilliamForney\source\repos\wforney\OpenLiveWriter\src\managed\bin\Debug\i386\Writer\OpenLiveWriter.HtmlEditor.dll [C:\Users\WilliamForney\source\repos\wforney\OpenLiveWriter\src\managed\OpenLiveWriter.PostEditor\OpenLiveWriter.PostEditor.csproj]
C:\Program Files\Microsoft Visual Studio\18\Enterprise\MSBuild\Current\Bin\Microsoft.Common.CurrentVersion.targets(2437,5): warning MSB3277:             C:\Users\WilliamForney\source\repos\wforney\OpenLiveWriter\src\managed\bin\Debug\i386\Writer\OpenLiveWriter.Interop.dll [C:\Users\WilliamForney\source\repos\wforney\OpenLiveWriter\src\managed\OpenLiveWriter.PostEditor\OpenLiveWriter.PostEditor.csproj]
C:\Program Files\Microsoft Visual Studio\18\Enterprise\MSBuild\Current\Bin\Microsoft.Common.CurrentVersion.targets(2437,5): warning MSB3277:             C:\Users\WilliamForney\source\repos\wforney\OpenLiveWriter\src\managed\bin\Debug\i386\Writer\OpenLiveWriter.Localization.dll [C:\Users\WilliamForney\source\repos\wforney\OpenLiveWriter\src\managed\OpenLiveWriter.PostEditor\OpenLiveWriter.PostEditor.csproj]
C:\Program Files\Microsoft Visual Studio\18\Enterprise\MSBuild\Current\Bin\Microsoft.Common.CurrentVersion.targets(2437,5): warning MSB3277:             C:\Users\WilliamForney\source\repos\wforney\OpenLiveWriter\src\managed\bin\Debug\i386\Writer\OpenLiveWriter.Mshtml.dll [C:\Users\WilliamForney\source\repos\wforney\OpenLiveWriter\src\managed\OpenLiveWriter.PostEditor\OpenLiveWriter.PostEditor.csproj]
C:\Program Files\Microsoft Visual Studio\18\Enterprise\MSBuild\Current\Bin\Microsoft.Common.CurrentVersion.targets(2437,5): warning MSB3277:             C:\Users\WilliamForney\source\repos\wforney\OpenLiveWriter\src\managed\bin\Debug\i386\Writer\OpenLiveWriter.InternalWriterPlugin.dll [C:\Users\WilliamForney\source\repos\wforney\OpenLiveWriter\src\managed\OpenLiveWriter.PostEditor\OpenLiveWriter.PostEditor.csproj]
C:\Program Files\Microsoft Visual Studio\18\Enterprise\MSBuild\Current\Bin\Microsoft.Common.CurrentVersion.targets(2437,5): warning MSB3277:             System.Design [C:\Users\WilliamForney\source\repos\wforney\OpenLiveWriter\src\managed\OpenLiveWriter.PostEditor\OpenLiveWriter.PostEditor.csproj]
C:\Program Files\Microsoft Visual Studio\18\Enterprise\MSBuild\Current\Bin\Microsoft.Common.CurrentVersion.targets(2437,5): warning MSB3277:             System.Web [C:\Users\WilliamForney\source\repos\wforney\OpenLiveWriter\src\managed\OpenLiveWriter.PostEditor\OpenLiveWriter.PostEditor.csproj]
C:\Program Files\Microsoft Visual Studio\18\Enterprise\MSBuild\Current\Bin\Microsoft.Common.CurrentVersion.targets(2437,5): warning MSB3277:             C:\Users\WilliamForney\source\repos\wforney\OpenLiveWriter\src\managed\bin\Debug\i386\Writer\OpenLiveWriter.HtmlParser.dll [C:\Users\WilliamForney\source\repos\wforney\OpenLiveWriter\src\managed\OpenLiveWriter.PostEditor\OpenLiveWriter.PostEditor.csproj]
C:\Program Files\Microsoft Visual Studio\18\Enterprise\MSBuild\Current\Bin\Microsoft.Common.CurrentVersion.targets(2437,5): warning MSB3277:             Squirrel, Version=1.4.3.0, Culture=neutral, processorArchitecture=MSIL [C:\Users\WilliamForney\source\repos\wforney\OpenLiveWriter\src\managed\OpenLiveWriter.PostEditor\OpenLiveWriter.PostEditor.csproj]
C:\Program Files\Microsoft Visual Studio\18\Enterprise\MSBuild\Current\Bin\Microsoft.Common.CurrentVersion.targets(2437,5): warning MSB3277:             System.Web.Services [C:\Users\WilliamForney\source\repos\wforney\OpenLiveWriter\src\managed\OpenLiveWriter.PostEditor\OpenLiveWriter.PostEditor.csproj]
C:\Program Files\Microsoft Visual Studio\18\Enterprise\MSBuild\Current\Bin\Microsoft.Common.CurrentVersion.targets(2437,5): warning MSB3277:             Microsoft.Threading.Tasks.Extensions.Desktop, Version=1.0.168.0, Culture=neutral, PublicKeyToken=b03f5f7f11d50a3a, processorArchitecture=MSIL [C:\Users\WilliamForney\source\repos\wforney\OpenLiveWriter\src\managed\OpenLiveWriter.PostEditor\OpenLiveWriter.PostEditor.csproj]
C:\Program Files\Microsoft Visual Studio\18\Enterprise\MSBuild\Current\Bin\Microsoft.Common.CurrentVersion.targets(2437,5): warning MSB3277:             NuGet.Squirrel, Version=3.0.0.0, Culture=neutral, processorArchitecture=MSIL [C:\Users\WilliamForney\source\repos\wforney\OpenLiveWriter\src\managed\OpenLiveWriter.PostEditor\OpenLiveWriter.PostEditor.csproj]
C:\Program Files\Microsoft Visual Studio\18\Enterprise\MSBuild\Current\Bin\Microsoft.Common.CurrentVersion.targets(2437,5): warning MSB3277:             Splat, Version=2.0.0.0, Culture=neutral, processorArchitecture=MSIL [C:\Users\WilliamForney\source\repos\wforney\OpenLiveWriter\src\managed\OpenLiveWriter.PostEditor\OpenLiveWriter.PostEditor.csproj]
C:\Program Files\Microsoft Visual Studio\18\Enterprise\MSBuild\Current\Bin\Microsoft.Common.CurrentVersion.targets(2437,5): warning MSB3277:             System.Data [C:\Users\WilliamForney\source\repos\wforney\OpenLiveWriter\src\managed\OpenLiveWriter.PostEditor\OpenLiveWriter.PostEditor.csproj]
C:\Program Files\Microsoft Visual Studio\18\Enterprise\MSBuild\Current\Bin\Microsoft.Common.CurrentVersion.targets(2437,5): warning MSB3277:             Google.Apis, Version=1.39.0.0, Culture=neutral, PublicKeyToken=4b01fa6e34db77ab, processorArchitecture=MSIL [C:\Users\WilliamForney\source\repos\wforney\OpenLiveWriter\src\managed\OpenLiveWriter.PostEditor\OpenLiveWriter.PostEditor.csproj]
C:\Program Files\Microsoft Visual Studio\18\Enterprise\MSBuild\Current\Bin\Microsoft.Common.CurrentVersion.targets(2437,5): warning MSB3277:             Google.Apis.Auth, Version=1.39.0.0, Culture=neutral, PublicKeyToken=4b01fa6e34db77ab, processorArchitecture=MSIL [C:\Users\WilliamForney\source\repos\wforney\OpenLiveWriter\src\managed\OpenLiveWriter.PostEditor\OpenLiveWriter.PostEditor.csproj]
C:\Program Files\Microsoft Visual Studio\18\Enterprise\MSBuild\Current\Bin\Microsoft.Common.CurrentVersion.targets(2437,5): warning MSB3277:             Google.Apis.Auth.PlatformServices, Version=1.39.0.0, Culture=neutral, PublicKeyToken=4b01fa6e34db77ab, processorArchitecture=MSIL [C:\Users\WilliamForney\source\repos\wforney\OpenLiveWriter\src\managed\OpenLiveWriter.PostEditor\OpenLiveWriter.PostEditor.csproj]
C:\Program Files\Microsoft Visual Studio\18\Enterprise\MSBuild\Current\Bin\Microsoft.Common.CurrentVersion.targets(2437,5): warning MSB3277:             Google.Apis.Blogger.v3, Version=1.21.0.111, Culture=neutral, PublicKeyToken=4b01fa6e34db77ab, processorArchitecture=MSIL [C:\Users\WilliamForney\source\repos\wforney\OpenLiveWriter\src\managed\OpenLiveWriter.PostEditor\OpenLiveWriter.PostEditor.csproj]
C:\Program Files\Microsoft Visual Studio\18\Enterprise\MSBuild\Current\Bin\Microsoft.Common.CurrentVersion.targets(2437,5): warning MSB3277:             Google.Apis.Core, Version=1.39.0.0, Culture=neutral, PublicKeyToken=4b01fa6e34db77ab, processorArchitecture=MSIL [C:\Users\WilliamForney\source\repos\wforney\OpenLiveWriter\src\managed\OpenLiveWriter.PostEditor\OpenLiveWriter.PostEditor.csproj]
C:\Program Files\Microsoft Visual Studio\18\Enterprise\MSBuild\Current\Bin\Microsoft.Common.CurrentVersion.targets(2437,5): warning MSB3277:             Google.Apis.PlatformServices, Version=1.39.0.0, Culture=neutral, PublicKeyToken=4b01fa6e34db77ab, processorArchitecture=MSIL [C:\Users\WilliamForney\source\repos\wforney\OpenLiveWriter\src\managed\OpenLiveWriter.PostEditor\OpenLiveWriter.PostEditor.csproj]
C:\Program Files\Microsoft Visual Studio\18\Enterprise\MSBuild\Current\Bin\Microsoft.Common.CurrentVersion.targets(2437,5): warning MSB3277:         C:\Windows\Microsoft.Net\assembly\GAC_MSIL\System.IdentityModel\v4.0_4.0.0.0__b77a5c561934e089\System.IdentityModel.dll [C:\Users\WilliamForney\source\repos\wforney\OpenLiveWriter\src\managed\OpenLiveWriter.PostEditor\OpenLiveWriter.PostEditor.csproj]
C:\Program Files\Microsoft Visual Studio\18\Enterprise\MSBuild\Current\Bin\Microsoft.Common.CurrentVersion.targets(2437,5): warning MSB3277:           Project file item includes which caused reference "C:\Windows\Microsoft.Net\assembly\GAC_MSIL\System.IdentityModel\v4.0_4.0.0.0__b77a5c561934e089\System.IdentityModel.dll". [C:\Users\WilliamForney\source\repos\wforney\OpenLiveWriter\src\managed\OpenLiveWriter.PostEditor\OpenLiveWriter.PostEditor.csproj]
C:\Program Files\Microsoft Visual Studio\18\Enterprise\MSBuild\Current\Bin\Microsoft.Common.CurrentVersion.targets(2437,5): warning MSB3277:             Microsoft.Threading.Tasks.Extensions.Desktop, Version=1.0.168.0, Culture=neutral, PublicKeyToken=b03f5f7f11d50a3a, processorArchitecture=MSIL [C:\Users\WilliamForney\source\repos\wforney\OpenLiveWriter\src\managed\OpenLiveWriter.PostEditor\OpenLiveWriter.PostEditor.csproj]
C:\Program Files\Microsoft Visual Studio\18\Enterprise\MSBuild\Current\Bin\Microsoft.Common.CurrentVersion.targets(2437,5): warning MSB3277:             NuGet.Squirrel, Version=3.0.0.0, Culture=neutral, processorArchitecture=MSIL [C:\Users\WilliamForney\source\repos\wforney\OpenLiveWriter\src\managed\OpenLiveWriter.PostEditor\OpenLiveWriter.PostEditor.csproj]
C:\Program Files\Microsoft Visual Studio\18\Enterprise\MSBuild\Current\Bin\Microsoft.Common.CurrentVersion.targets(2437,5): warning MSB3277:             Squirrel, Version=1.4.3.0, Culture=neutral, processorArchitecture=MSIL [C:\Users\WilliamForney\source\repos\wforney\OpenLiveWriter\src\managed\OpenLiveWriter.PostEditor\OpenLiveWriter.PostEditor.csproj]
C:\Program Files\Microsoft Visual Studio\18\Enterprise\MSBuild\Current\Bin\Microsoft.Common.CurrentVersion.targets(2437,5): warning MSB3277:         C:\Windows\Microsoft.Net\assembly\GAC_MSIL\System.Runtime.DurableInstancing\v4.0_4.0.0.0__31bf3856ad364e35\System.Runtime.DurableInstancing.dll [C:\Users\WilliamForney\source\repos\wforney\OpenLiveWriter\src\managed\OpenLiveWriter.PostEditor\OpenLiveWriter.PostEditor.csproj]
C:\Program Files\Microsoft Visual Studio\18\Enterprise\MSBuild\Current\Bin\Microsoft.Common.CurrentVersion.targets(2437,5): warning MSB3277:           Project file item includes which caused reference "C:\Windows\Microsoft.Net\assembly\GAC_MSIL\System.Runtime.DurableInstancing\v4.0_4.0.0.0__31bf3856ad364e35\System.Runtime.DurableInstancing.dll". [C:\Users\WilliamForney\source\repos\wforney\OpenLiveWriter\src\managed\OpenLiveWriter.PostEditor\OpenLiveWriter.PostEditor.csproj]
C:\Program Files\Microsoft Visual Studio\18\Enterprise\MSBuild\Current\Bin\Microsoft.Common.CurrentVersion.targets(2437,5): warning MSB3277:             Microsoft.Threading.Tasks.Extensions.Desktop, Version=1.0.168.0, Culture=neutral, PublicKeyToken=b03f5f7f11d50a3a, processorArchitecture=MSIL [C:\Users\WilliamForney\source\repos\wforney\OpenLiveWriter\src\managed\OpenLiveWriter.PostEditor\OpenLiveWriter.PostEditor.csproj]
C:\Program Files\Microsoft Visual Studio\18\Enterprise\MSBuild\Current\Bin\Microsoft.Common.CurrentVersion.targets(2437,5): warning MSB3277:             NuGet.Squirrel, Version=3.0.0.0, Culture=neutral, processorArchitecture=MSIL [C:\Users\WilliamForney\source\repos\wforney\OpenLiveWriter\src\managed\OpenLiveWriter.PostEditor\OpenLiveWriter.PostEditor.csproj]
C:\Program Files\Microsoft Visual Studio\18\Enterprise\MSBuild\Current\Bin\Microsoft.Common.CurrentVersion.targets(2437,5): warning MSB3277:             Squirrel, Version=1.4.3.0, Culture=neutral, processorArchitecture=MSIL [C:\Users\WilliamForney\source\repos\wforney\OpenLiveWriter\src\managed\OpenLiveWriter.PostEditor\OpenLiveWriter.PostEditor.csproj]
C:\Program Files\Microsoft Visual Studio\18\Enterprise\MSBuild\Current\Bin\Microsoft.Common.CurrentVersion.targets(2437,5): warning MSB3277:         C:\Windows\Microsoft.Net\assembly\GAC_MSIL\System.ServiceModel.Activation\v4.0_4.0.0.0__31bf3856ad364e35\System.ServiceModel.Activation.dll [C:\Users\WilliamForney\source\repos\wforney\OpenLiveWriter\src\managed\OpenLiveWriter.PostEditor\OpenLiveWriter.PostEditor.csproj]
C:\Program Files\Microsoft Visual Studio\18\Enterprise\MSBuild\Current\Bin\Microsoft.Common.CurrentVersion.targets(2437,5): warning MSB3277:           Project file item includes which caused reference "C:\Windows\Microsoft.Net\assembly\GAC_MSIL\System.ServiceModel.Activation\v4.0_4.0.0.0__31bf3856ad364e35\System.ServiceModel.Activation.dll". [C:\Users\WilliamForney\source\repos\wforney\OpenLiveWriter\src\managed\OpenLiveWriter.PostEditor\OpenLiveWriter.PostEditor.csproj]
C:\Program Files\Microsoft Visual Studio\18\Enterprise\MSBuild\Current\Bin\Microsoft.Common.CurrentVersion.targets(2437,5): warning MSB3277:             Microsoft.Threading.Tasks.Extensions.Desktop, Version=1.0.168.0, Culture=neutral, PublicKeyToken=b03f5f7f11d50a3a, processorArchitecture=MSIL [C:\Users\WilliamForney\source\repos\wforney\OpenLiveWriter\src\managed\OpenLiveWriter.PostEditor\OpenLiveWriter.PostEditor.csproj]
C:\Program Files\Microsoft Visual Studio\18\Enterprise\MSBuild\Current\Bin\Microsoft.Common.CurrentVersion.targets(2437,5): warning MSB3277:             NuGet.Squirrel, Version=3.0.0.0, Culture=neutral, processorArchitecture=MSIL [C:\Users\WilliamForney\source\repos\wforney\OpenLiveWriter\src\managed\OpenLiveWriter.PostEditor\OpenLiveWriter.PostEditor.csproj]
C:\Program Files\Microsoft Visual Studio\18\Enterprise\MSBuild\Current\Bin\Microsoft.Common.CurrentVersion.targets(2437,5): warning MSB3277:             Squirrel, Version=1.4.3.0, Culture=neutral, processorArchitecture=MSIL [C:\Users\WilliamForney\source\repos\wforney\OpenLiveWriter\src\managed\OpenLiveWriter.PostEditor\OpenLiveWriter.PostEditor.csproj]
C:\Program Files\Microsoft Visual Studio\18\Enterprise\MSBuild\Current\Bin\Microsoft.Common.CurrentVersion.targets(2437,5): warning MSB3277:         C:\Windows\Microsoft.Net\assembly\GAC_MSIL\System.Dynamic\v4.0_4.0.0.0__b03f5f7f11d50a3a\System.Dynamic.dll [C:\Users\WilliamForney\source\repos\wforney\OpenLiveWriter\src\managed\OpenLiveWriter.PostEditor\OpenLiveWriter.PostEditor.csproj]
C:\Program Files\Microsoft Visual Studio\18\Enterprise\MSBuild\Current\Bin\Microsoft.Common.CurrentVersion.targets(2437,5): warning MSB3277:           Project file item includes which caused reference "C:\Windows\Microsoft.Net\assembly\GAC_MSIL\System.Dynamic\v4.0_4.0.0.0__b03f5f7f11d50a3a\System.Dynamic.dll". [C:\Users\WilliamForney\source\repos\wforney\OpenLiveWriter\src\managed\OpenLiveWriter.PostEditor\OpenLiveWriter.PostEditor.csproj]
C:\Program Files\Microsoft Visual Studio\18\Enterprise\MSBuild\Current\Bin\Microsoft.Common.CurrentVersion.targets(2437,5): warning MSB3277:             NuGet.Squirrel, Version=3.0.0.0, Culture=neutral, processorArchitecture=MSIL [C:\Users\WilliamForney\source\repos\wforney\OpenLiveWriter\src\managed\OpenLiveWriter.PostEditor\OpenLiveWriter.PostEditor.csproj]
C:\Program Files\Microsoft Visual Studio\18\Enterprise\MSBuild\Current\Bin\Microsoft.Common.CurrentVersion.targets(2437,5): warning MSB3277:             Squirrel, Version=1.4.3.0, Culture=neutral, processorArchitecture=MSIL [C:\Users\WilliamForney\source\repos\wforney\OpenLiveWriter\src\managed\OpenLiveWriter.PostEditor\OpenLiveWriter.PostEditor.csproj]
C:\Program Files\Microsoft Visual Studio\18\Enterprise\MSBuild\Current\Bin\Microsoft.Common.CurrentVersion.targets(2437,5): warning MSB3277:         C:\Windows\Microsoft.Net\assembly\GAC_MSIL\System.Windows.Input.Manipulations\v4.0_4.0.0.0__b77a5c561934e089\System.Windows.Input.Manipulations.dll [C:\Users\WilliamForney\source\repos\wforney\OpenLiveWriter\src\managed\OpenLiveWriter.PostEditor\OpenLiveWriter.PostEditor.csproj]
C:\Program Files\Microsoft Visual Studio\18\Enterprise\MSBuild\Current\Bin\Microsoft.Common.CurrentVersion.targets(2437,5): warning MSB3277:           Project file item includes which caused reference "C:\Windows\Microsoft.Net\assembly\GAC_MSIL\System.Windows.Input.Manipulations\v4.0_4.0.0.0__b77a5c561934e089\System.Windows.Input.Manipulations.dll". [C:\Users\WilliamForney\source\repos\wforney\OpenLiveWriter\src\managed\OpenLiveWriter.PostEditor\OpenLiveWriter.PostEditor.csproj]
C:\Program Files\Microsoft Visual Studio\18\Enterprise\MSBuild\Current\Bin\Microsoft.Common.CurrentVersion.targets(2437,5): warning MSB3277:             Splat, Version=2.0.0.0, Culture=neutral, processorArchitecture=MSIL [C:\Users\WilliamForney\source\repos\wforney\OpenLiveWriter\src\managed\OpenLiveWriter.PostEditor\OpenLiveWriter.PostEditor.csproj]
C:\Program Files\Microsoft Visual Studio\18\Enterprise\MSBuild\Current\Bin\Microsoft.Common.CurrentVersion.targets(2437,5): warning MSB3277:         C:\Windows\Microsoft.Net\assembly\GAC_MSIL\System.ComponentModel.Composition\v4.0_4.0.0.0__b77a5c561934e089\System.ComponentModel.Composition.dll [C:\Users\WilliamForney\source\repos\wforney\OpenLiveWriter\src\managed\OpenLiveWriter.PostEditor\OpenLiveWriter.PostEditor.csproj]
C:\Program Files\Microsoft Visual Studio\18\Enterprise\MSBuild\Current\Bin\Microsoft.Common.CurrentVersion.targets(2437,5): warning MSB3277:           Project file item includes which caused reference "C:\Windows\Microsoft.Net\assembly\GAC_MSIL\System.ComponentModel.Composition\v4.0_4.0.0.0__b77a5c561934e089\System.ComponentModel.Composition.dll". [C:\Users\WilliamForney\source\repos\wforney\OpenLiveWriter\src\managed\OpenLiveWriter.PostEditor\OpenLiveWriter.PostEditor.csproj]
C:\Program Files\Microsoft Visual Studio\18\Enterprise\MSBuild\Current\Bin\Microsoft.Common.CurrentVersion.targets(2437,5): warning MSB3277:             System.Net.Http.Primitives, Version=4.2.29.0, Culture=neutral, PublicKeyToken=b03f5f7f11d50a3a, processorArchitecture=MSIL [C:\Users\WilliamForney\source\repos\wforney\OpenLiveWriter\src\managed\OpenLiveWriter.PostEditor\OpenLiveWriter.PostEditor.csproj]
C:\Program Files\Microsoft Visual Studio\18\Enterprise\MSBuild\Current\Bin\Microsoft.Common.CurrentVersion.targets(2437,5): warning MSB3277:         C:\Windows\Microsoft.Net\assembly\GAC_MSIL\System.ServiceModel.Activities\v4.0_4.0.0.0__31bf3856ad364e35\System.ServiceModel.Activities.dll [C:\Users\WilliamForney\source\repos\wforney\OpenLiveWriter\src\managed\OpenLiveWriter.PostEditor\OpenLiveWriter.PostEditor.csproj]
C:\Program Files\Microsoft Visual Studio\18\Enterprise\MSBuild\Current\Bin\Microsoft.Common.CurrentVersion.targets(2437,5): warning MSB3277:           Project file item includes which caused reference "C:\Windows\Microsoft.Net\assembly\GAC_MSIL\System.ServiceModel.Activities\v4.0_4.0.0.0__31bf3856ad364e35\System.ServiceModel.Activities.dll". [C:\Users\WilliamForney\source\repos\wforney\OpenLiveWriter\src\managed\OpenLiveWriter.PostEditor\OpenLiveWriter.PostEditor.csproj]
C:\Program Files\Microsoft Visual Studio\18\Enterprise\MSBuild\Current\Bin\Microsoft.Common.CurrentVersion.targets(2437,5): warning MSB3277:             Microsoft.Threading.Tasks.Extensions.Desktop, Version=1.0.168.0, Culture=neutral, PublicKeyToken=b03f5f7f11d50a3a, processorArchitecture=MSIL [C:\Users\WilliamForney\source\repos\wforney\OpenLiveWriter\src\managed\OpenLiveWriter.PostEditor\OpenLiveWriter.PostEditor.csproj]
C:\Program Files\Microsoft Visual Studio\18\Enterprise\MSBuild\Current\Bin\Microsoft.Common.CurrentVersion.targets(2437,5): warning MSB3277:             NuGet.Squirrel, Version=3.0.0.0, Culture=neutral, processorArchitecture=MSIL [C:\Users\WilliamForney\source\repos\wforney\OpenLiveWriter\src\managed\OpenLiveWriter.PostEditor\OpenLiveWriter.PostEditor.csproj]
C:\Program Files\Microsoft Visual Studio\18\Enterprise\MSBuild\Current\Bin\Microsoft.Common.CurrentVersion.targets(2437,5): warning MSB3277:             Squirrel, Version=1.4.3.0, Culture=neutral, processorArchitecture=MSIL [C:\Users\WilliamForney\source\repos\wforney\OpenLiveWriter\src\managed\OpenLiveWriter.PostEditor\OpenLiveWriter.PostEditor.csproj]
C:\Program Files\Microsoft Visual Studio\18\Enterprise\MSBuild\Current\Bin\Microsoft.Common.CurrentVersion.targets(2437,5): warning MSB3277:         C:\Windows\Microsoft.Net\assembly\GAC_MSIL\System.Activities\v4.0_4.0.0.0__31bf3856ad364e35\System.Activities.dll [C:\Users\WilliamForney\source\repos\wforney\OpenLiveWriter\src\managed\OpenLiveWriter.PostEditor\OpenLiveWriter.PostEditor.csproj]
C:\Program Files\Microsoft Visual Studio\18\Enterprise\MSBuild\Current\Bin\Microsoft.Common.CurrentVersion.targets(2437,5): warning MSB3277:           Project file item includes which caused reference "C:\Windows\Microsoft.Net\assembly\GAC_MSIL\System.Activities\v4.0_4.0.0.0__31bf3856ad364e35\System.Activities.dll". [C:\Users\WilliamForney\source\repos\wforney\OpenLiveWriter\src\managed\OpenLiveWriter.PostEditor\OpenLiveWriter.PostEditor.csproj]
C:\Program Files\Microsoft Visual Studio\18\Enterprise\MSBuild\Current\Bin\Microsoft.Common.CurrentVersion.targets(2437,5): warning MSB3277:             Microsoft.Threading.Tasks.Extensions.Desktop, Version=1.0.168.0, Culture=neutral, PublicKeyToken=b03f5f7f11d50a3a, processorArchitecture=MSIL [C:\Users\WilliamForney\source\repos\wforney\OpenLiveWriter\src\managed\OpenLiveWriter.PostEditor\OpenLiveWriter.PostEditor.csproj]
C:\Program Files\Microsoft Visual Studio\18\Enterprise\MSBuild\Current\Bin\Microsoft.Common.CurrentVersion.targets(2437,5): warning MSB3277:             NuGet.Squirrel, Version=3.0.0.0, Culture=neutral, processorArchitecture=MSIL [C:\Users\WilliamForney\source\repos\wforney\OpenLiveWriter\src\managed\OpenLiveWriter.PostEditor\OpenLiveWriter.PostEditor.csproj]
C:\Program Files\Microsoft Visual Studio\18\Enterprise\MSBuild\Current\Bin\Microsoft.Common.CurrentVersion.targets(2437,5): warning MSB3277:             Squirrel, Version=1.4.3.0, Culture=neutral, processorArchitecture=MSIL [C:\Users\WilliamForney\source\repos\wforney\OpenLiveWriter\src\managed\OpenLiveWriter.PostEditor\OpenLiveWriter.PostEditor.csproj]
C:\Program Files\Microsoft Visual Studio\18\Enterprise\MSBuild\Current\Bin\Microsoft.Common.CurrentVersion.targets(2437,5): warning MSB3277:         C:\Windows\Microsoft.Net\assembly\GAC_MSIL\System.Activities.DurableInstancing\v4.0_4.0.0.0__31bf3856ad364e35\System.Activities.DurableInstancing.dll [C:\Users\WilliamForney\source\repos\wforney\OpenLiveWriter\src\managed\OpenLiveWriter.PostEditor\OpenLiveWriter.PostEditor.csproj]
C:\Program Files\Microsoft Visual Studio\18\Enterprise\MSBuild\Current\Bin\Microsoft.Common.CurrentVersion.targets(2437,5): warning MSB3277:           Project file item includes which caused reference "C:\Windows\Microsoft.Net\assembly\GAC_MSIL\System.Activities.DurableInstancing\v4.0_4.0.0.0__31bf3856ad364e35\System.Activities.DurableInstancing.dll". [C:\Users\WilliamForney\source\repos\wforney\OpenLiveWriter\src\managed\OpenLiveWriter.PostEditor\OpenLiveWriter.PostEditor.csproj]
C:\Program Files\Microsoft Visual Studio\18\Enterprise\MSBuild\Current\Bin\Microsoft.Common.CurrentVersion.targets(2437,5): warning MSB3277:             Microsoft.Threading.Tasks.Extensions.Desktop, Version=1.0.168.0, Culture=neutral, PublicKeyToken=b03f5f7f11d50a3a, processorArchitecture=MSIL [C:\Users\WilliamForney\source\repos\wforney\OpenLiveWriter\src\managed\OpenLiveWriter.PostEditor\OpenLiveWriter.PostEditor.csproj]
C:\Program Files\Microsoft Visual Studio\18\Enterprise\MSBuild\Current\Bin\Microsoft.Common.CurrentVersion.targets(2437,5): warning MSB3277:             NuGet.Squirrel, Version=3.0.0.0, Culture=neutral, processorArchitecture=MSIL [C:\Users\WilliamForney\source\repos\wforney\OpenLiveWriter\src\managed\OpenLiveWriter.PostEditor\OpenLiveWriter.PostEditor.csproj]
C:\Program Files\Microsoft Visual Studio\18\Enterprise\MSBuild\Current\Bin\Microsoft.Common.CurrentVersion.targets(2437,5): warning MSB3277:             Squirrel, Version=1.4.3.0, Culture=neutral, processorArchitecture=MSIL [C:\Users\WilliamForney\source\repos\wforney\OpenLiveWriter\src\managed\OpenLiveWriter.PostEditor\OpenLiveWriter.PostEditor.csproj]
C:\Program Files\Microsoft Visual Studio\18\Enterprise\MSBuild\Current\Bin\Microsoft.Common.CurrentVersion.targets(2437,5): warning MSB3277:         C:\Windows\Microsoft.Net\assembly\GAC_32\Microsoft.VisualBasic.Activities.Compiler\v4.0_10.0.0.0__b03f5f7f11d50a3a\Microsoft.VisualBasic.Activities.Compiler.dll [C:\Users\WilliamForney\source\repos\wforney\OpenLiveWriter\src\managed\OpenLiveWriter.PostEditor\OpenLiveWriter.PostEditor.csproj]
C:\Program Files\Microsoft Visual Studio\18\Enterprise\MSBuild\Current\Bin\Microsoft.Common.CurrentVersion.targets(2437,5): warning MSB3277:           Project file item includes which caused reference "C:\Windows\Microsoft.Net\assembly\GAC_32\Microsoft.VisualBasic.Activities.Compiler\v4.0_10.0.0.0__b03f5f7f11d50a3a\Microsoft.VisualBasic.Activities.Compiler.dll". [C:\Users\WilliamForney\source\repos\wforney\OpenLiveWriter\src\managed\OpenLiveWriter.PostEditor\OpenLiveWriter.PostEditor.csproj]
C:\Program Files\Microsoft Visual Studio\18\Enterprise\MSBuild\Current\Bin\Microsoft.Common.CurrentVersion.targets(2437,5): warning MSB3277:             Microsoft.Threading.Tasks.Extensions.Desktop, Version=1.0.168.0, Culture=neutral, PublicKeyToken=b03f5f7f11d50a3a, processorArchitecture=MSIL [C:\Users\WilliamForney\source\repos\wforney\OpenLiveWriter\src\managed\OpenLiveWriter.PostEditor\OpenLiveWriter.PostEditor.csproj]
C:\Program Files\Microsoft Visual Studio\18\Enterprise\MSBuild\Current\Bin\Microsoft.Common.CurrentVersion.targets(2437,5): warning MSB3277:             NuGet.Squirrel, Version=3.0.0.0, Culture=neutral, processorArchitecture=MSIL [C:\Users\WilliamForney\source\repos\wforney\OpenLiveWriter\src\managed\OpenLiveWriter.PostEditor\OpenLiveWriter.PostEditor.csproj]
C:\Program Files\Microsoft Visual Studio\18\Enterprise\MSBuild\Current\Bin\Microsoft.Common.CurrentVersion.targets(2437,5): warning MSB3277:             Squirrel, Version=1.4.3.0, Culture=neutral, processorArchitecture=MSIL [C:\Users\WilliamForney\source\repos\wforney\OpenLiveWriter\src\managed\OpenLiveWriter.PostEditor\OpenLiveWriter.PostEditor.csproj]
C:\Program Files\Microsoft Visual Studio\18\Enterprise\MSBuild\Current\Bin\Microsoft.Common.CurrentVersion.targets(2437,5): warning MSB3277:         C:\Windows\Microsoft.Net\assembly\GAC_MSIL\Microsoft.VisualBasic\v4.0_10.0.0.0__b03f5f7f11d50a3a\Microsoft.VisualBasic.dll [C:\Users\WilliamForney\source\repos\wforney\OpenLiveWriter\src\managed\OpenLiveWriter.PostEditor\OpenLiveWriter.PostEditor.csproj]
C:\Program Files\Microsoft Visual Studio\18\Enterprise\MSBuild\Current\Bin\Microsoft.Common.CurrentVersion.targets(2437,5): warning MSB3277:           Project file item includes which caused reference "C:\Windows\Microsoft.Net\assembly\GAC_MSIL\Microsoft.VisualBasic\v4.0_10.0.0.0__b03f5f7f11d50a3a\Microsoft.VisualBasic.dll". [C:\Users\WilliamForney\source\repos\wforney\OpenLiveWriter\src\managed\OpenLiveWriter.PostEditor\OpenLiveWriter.PostEditor.csproj]
C:\Program Files\Microsoft Visual Studio\18\Enterprise\MSBuild\Current\Bin\Microsoft.Common.CurrentVersion.targets(2437,5): warning MSB3277:             Microsoft.Threading.Tasks.Extensions.Desktop, Version=1.0.168.0, Culture=neutral, PublicKeyToken=b03f5f7f11d50a3a, processorArchitecture=MSIL [C:\Users\WilliamForney\source\repos\wforney\OpenLiveWriter\src\managed\OpenLiveWriter.PostEditor\OpenLiveWriter.PostEditor.csproj]
C:\Program Files\Microsoft Visual Studio\18\Enterprise\MSBuild\Current\Bin\Microsoft.Common.CurrentVersion.targets(2437,5): warning MSB3277:             NuGet.Squirrel, Version=3.0.0.0, Culture=neutral, processorArchitecture=MSIL [C:\Users\WilliamForney\source\repos\wforney\OpenLiveWriter\src\managed\OpenLiveWriter.PostEditor\OpenLiveWriter.PostEditor.csproj]
C:\Program Files\Microsoft Visual Studio\18\Enterprise\MSBuild\Current\Bin\Microsoft.Common.CurrentVersion.targets(2437,5): warning MSB3277:             Squirrel, Version=1.4.3.0, Culture=neutral, processorArchitecture=MSIL [C:\Users\WilliamForney\source\repos\wforney\OpenLiveWriter\src\managed\OpenLiveWriter.PostEditor\OpenLiveWriter.PostEditor.csproj]
  Consider app.config remapping of assembly "mscorlib, Culture=neutral, PublicKeyToken=b77a5c561934e089" from Version "2.0.5.0" [] to Version "4.0.0.0" [C:\Windows\Microsoft.NET\Framework\v4.0.30319\mscorlib.dll] to solve conflict and get rid of warning.
  Consider app.config remapping of assembly "System, Culture=neutral, PublicKeyToken=b77a5c561934e089" from Version "2.0.5.0" [] to Version "4.0.0.0" [C:\Windows\Microsoft.Net\assembly\GAC_MSIL\System\v4.0_4.0.0.0__b77a5c561934e089\System.dll] to solve conflict and get rid of warning.
  Consider app.config remapping of assembly "System.Net.Http, Culture=neutral, PublicKeyToken=b03f5f7f11d50a3a" from Version "1.5.0.0" [] to Version "4.0.0.0" [C:\Windows\Microsoft.Net\assembly\GAC_MSIL\System.Net.Http\v4.0_4.0.0.0__b03f5f7f11d50a3a\System.Net.Http.dll] to solve conflict and get rid of warning.
  Consider app.config remapping of assembly "System.Xml, Culture=neutral, PublicKeyToken=b77a5c561934e089" from Version "2.0.0.0" [C:\Windows\assembly\GAC_MSIL\System.Xml\2.0.0.0__b77a5c561934e089\System.Xml.dll] to Version "4.0.0.0" [C:\Windows\Microsoft.Net\assembly\GAC_MSIL\System.Xml\v4.0_4.0.0.0__b77a5c561934e089\System.Xml.dll] to solve conflict and get rid of warning.
  Consider app.config remapping of assembly "System.Security, Culture=neutral, PublicKeyToken=b03f5f7f11d50a3a" from Version "2.0.0.0" [C:\Windows\assembly\GAC_MSIL\System.Security\2.0.0.0__b03f5f7f11d50a3a\System.Security.dll] to Version "4.0.0.0" [C:\Windows\Microsoft.Net\assembly\GAC_MSIL\System.Security\v4.0_4.0.0.0__b03f5f7f11d50a3a\System.Security.dll] to solve conflict and get rid of warning.
  Consider app.config remapping of assembly "System.Runtime, Culture=neutral, PublicKeyToken=b03f5f7f11d50a3a" from Version "1.5.11.0" [] to Version "4.0.0.0" [C:\Windows\Microsoft.Net\assembly\GAC_MSIL\System.Runtime\v4.0_4.0.0.0__b03f5f7f11d50a3a\System.Runtime.dll] to solve conflict and get rid of warning.
  Consider app.config remapping of assembly "System.Configuration, Culture=neutral, PublicKeyToken=b03f5f7f11d50a3a" from Version "2.0.0.0" [C:\Windows\assembly\GAC_MSIL\System.Configuration\2.0.0.0__b03f5f7f11d50a3a\System.Configuration.dll] to Version "4.0.0.0" [C:\Windows\Microsoft.Net\assembly\GAC_MSIL\System.Configuration\v4.0_4.0.0.0__b03f5f7f11d50a3a\System.Configuration.dll] to solve conflict and get rid of warning.
  Consider app.config remapping of assembly "System.Data.SqlXml, Culture=neutral, PublicKeyToken=b77a5c561934e089" from Version "2.0.0.0" [C:\Windows\assembly\GAC_MSIL\System.Data.SqlXml\2.0.0.0__b77a5c561934e089\System.Data.SqlXml.dll] to Version "4.0.0.0" [C:\Windows\Microsoft.Net\assembly\GAC_MSIL\System.Data.SqlXml\v4.0_4.0.0.0__b77a5c561934e089\System.Data.SqlXml.dll] to solve conflict and get rid of warning.
C:\Program Files\Microsoft Visual Studio\18\Enterprise\MSBuild\Current\Bin\Microsoft.Common.CurrentVersion.targets(2437,5): warning MSB3247: Found conflicts between different versions of the same dependent assembly. In Visual Studio, double-click this warning (or select it and press Enter) to fix the conflicts; otherwise, add the following binding redirects to the "runtime" node in the application configuration file: <assemblyBinding xmlns="urn:schemas-microsoft-com:asm.v1"><dependentAssembly><assemblyIdentity name="mscorlib" culture="neutral" publicKeyToken="b77a5c561934e089" /><bindingRedirect oldVersion="0.0.0.0-4.0.0.0" newVersion="4.0.0.0" /></dependentAssembly></assemblyBinding><assemblyBinding xmlns="urn:schemas-microsoft-com:asm.v1"><dependentAssembly><assemblyIdentity name="System" culture="neutral" publicKeyToken="b77a5c561934e089" /><bindingRedirect oldVersion="0.0.0.0-4.0.0.0" newVersion="4.0.0.0" /></dependentAssembly></assemblyBinding><assemblyBinding xmlns="urn:schemas-microsoft-com:asm.v1"><dependentAssembly><assemblyIdentity name="System.Net.Http" culture="neutral" publicKeyToken="b03f5f7f11d50a3a" /><bindingRedirect oldVersion="0.0.0.0-4.0.0.0" newVersion="4.0.0.0" /></dependentAssembly></assemblyBinding><assemblyBinding xmlns="urn:schemas-microsoft-com:asm.v1"><dependentAssembly><assemblyIdentity name="System.Xml" culture="neutral" publicKeyToken="b77a5c561934e089" /><bindingRedirect oldVersion="0.0.0.0-4.0.0.0" newVersion="4.0.0.0" /></dependentAssembly></assemblyBinding><assemblyBinding xmlns="urn:schemas-microsoft-com:asm.v1"><dependentAssembly><assemblyIdentity name="System.Security" culture="neutral" publicKeyToken="b03f5f7f11d50a3a" /><bindingRedirect oldVersion="0.0.0.0-4.0.0.0" newVersion="4.0.0.0" /></dependentAssembly></assemblyBinding><assemblyBinding xmlns="urn:schemas-microsoft-com:asm.v1"><dependentAssembly><assemblyIdentity name="System.Runtime" culture="neutral" publicKeyToken="b03f5f7f11d50a3a" /><bindingRedirect oldVersion="0.0.0.0-4.0.0.0" newVersion="4.0.0.0" /></dependentAssembly></assemblyBinding><assemblyBinding xmlns="urn:schemas-microsoft-com:asm.v1"><dependentAssembly><assemblyIdentity name="System.Configuration" culture="neutral" publicKeyToken="b03f5f7f11d50a3a" /><bindingRedirect oldVersion="0.0.0.0-4.0.0.0" newVersion="4.0.0.0" /></dependentAssembly></assemblyBinding><assemblyBinding xmlns="urn:schemas-microsoft-com:asm.v1"><dependentAssembly><assemblyIdentity name="System.Data.SqlXml" culture="neutral" publicKeyToken="b77a5c561934e089" /><bindingRedirect oldVersion="0.0.0.0-4.0.0.0" newVersion="4.0.0.0" /></dependentAssembly></assemblyBinding> [C:\Users\WilliamForney\source\repos\wforney\OpenLiveWriter\src\managed\OpenLiveWriter.PostEditor\OpenLiveWriter.PostEditor.csproj]
  OpenLiveWriter.PostEditor -> C:\Users\WilliamForney\source\repos\wforney\OpenLiveWriter\src\managed\bin\Debug\i386\Writer\OpenLiveWriter.PostEditor.dll
C:\Program Files\Microsoft Visual Studio\18\Enterprise\MSBuild\Current\Bin\Microsoft.Common.CurrentVersion.targets(2437,5): warning MSB3277: Found conflicts between different versions of "System.Core" that could not be resolved. [C:\Users\WilliamForney\source\repos\wforney\OpenLiveWriter\src\managed\OpenLiveWriter.UnitTest\OpenLiveWriter.UnitTest.csproj]
C:\Program Files\Microsoft Visual Studio\18\Enterprise\MSBuild\Current\Bin\Microsoft.Common.CurrentVersion.targets(2437,5): warning MSB3277: There was a conflict between "System.Core, Version=3.5.0.0, Culture=neutral, PublicKeyToken=b77a5c561934e089" and "System.Core, Version=4.0.0.0, Culture=neutral, PublicKeyToken=b77a5c561934e089". [C:\Users\WilliamForney\source\repos\wforney\OpenLiveWriter\src\managed\OpenLiveWriter.UnitTest\OpenLiveWriter.UnitTest.csproj]
C:\Program Files\Microsoft Visual Studio\18\Enterprise\MSBuild\Current\Bin\Microsoft.Common.CurrentVersion.targets(2437,5): warning MSB3277:     "System.Core, Version=3.5.0.0, Culture=neutral, PublicKeyToken=b77a5c561934e089" was chosen because it was primary and "System.Core, Version=4.0.0.0, Culture=neutral, PublicKeyToken=b77a5c561934e089" was not. [C:\Users\WilliamForney\source\repos\wforney\OpenLiveWriter\src\managed\OpenLiveWriter.UnitTest\OpenLiveWriter.UnitTest.csproj]
C:\Program Files\Microsoft Visual Studio\18\Enterprise\MSBuild\Current\Bin\Microsoft.Common.CurrentVersion.targets(2437,5): warning MSB3277:     References which depend on "System.Core, Version=3.5.0.0, Culture=neutral, PublicKeyToken=b77a5c561934e089" [C:\Program Files (x86)\Reference Assemblies\Microsoft\Framework\v3.5\System.Core.dll]. [C:\Users\WilliamForney\source\repos\wforney\OpenLiveWriter\src\managed\OpenLiveWriter.UnitTest\OpenLiveWriter.UnitTest.csproj]
C:\Program Files\Microsoft Visual Studio\18\Enterprise\MSBuild\Current\Bin\Microsoft.Common.CurrentVersion.targets(2437,5): warning MSB3277:         C:\Program Files (x86)\Reference Assemblies\Microsoft\Framework\v3.5\System.Core.dll [C:\Users\WilliamForney\source\repos\wforney\OpenLiveWriter\src\managed\OpenLiveWriter.UnitTest\OpenLiveWriter.UnitTest.csproj]
C:\Program Files\Microsoft Visual Studio\18\Enterprise\MSBuild\Current\Bin\Microsoft.Common.CurrentVersion.targets(2437,5): warning MSB3277:           Project file item includes which caused reference "C:\Program Files (x86)\Reference Assemblies\Microsoft\Framework\v3.5\System.Core.dll". [C:\Users\WilliamForney\source\repos\wforney\OpenLiveWriter\src\managed\OpenLiveWriter.UnitTest\OpenLiveWriter.UnitTest.csproj]
C:\Program Files\Microsoft Visual Studio\18\Enterprise\MSBuild\Current\Bin\Microsoft.Common.CurrentVersion.targets(2437,5): warning MSB3277:             System.Core [C:\Users\WilliamForney\source\repos\wforney\OpenLiveWriter\src\managed\OpenLiveWriter.UnitTest\OpenLiveWriter.UnitTest.csproj]
C:\Program Files\Microsoft Visual Studio\18\Enterprise\MSBuild\Current\Bin\Microsoft.Common.CurrentVersion.targets(2437,5): warning MSB3277:             C:\Users\WilliamForney\source\repos\wforney\OpenLiveWriter\src\managed\bin\Debug\i386\Writer\OpenLiveWriter.HtmlEditor.dll [C:\Users\WilliamForney\source\repos\wforney\OpenLiveWriter\src\managed\OpenLiveWriter.UnitTest\OpenLiveWriter.UnitTest.csproj]
C:\Program Files\Microsoft Visual Studio\18\Enterprise\MSBuild\Current\Bin\Microsoft.Common.CurrentVersion.targets(2437,5): warning MSB3277:             C:\Users\WilliamForney\source\repos\wforney\OpenLiveWriter\src\managed\bin\Debug\i386\Writer\OpenLiveWriter.PostEditor.dll [C:\Users\WilliamForney\source\repos\wforney\OpenLiveWriter\src\managed\OpenLiveWriter.UnitTest\OpenLiveWriter.UnitTest.csproj]
C:\Program Files\Microsoft Visual Studio\18\Enterprise\MSBuild\Current\Bin\Microsoft.Common.CurrentVersion.targets(2437,5): warning MSB3277:         C:\Users\WilliamForney\source\repos\wforney\OpenLiveWriter\src\managed\bin\Debug\i386\Writer\OpenLiveWriter.SpellChecker.dll [C:\Users\WilliamForney\source\repos\wforney\OpenLiveWriter\src\managed\OpenLiveWriter.UnitTest\OpenLiveWriter.UnitTest.csproj]
C:\Program Files\Microsoft Visual Studio\18\Enterprise\MSBuild\Current\Bin\Microsoft.Common.CurrentVersion.targets(2437,5): warning MSB3277:           Project file item includes which caused reference "C:\Users\WilliamForney\source\repos\wforney\OpenLiveWriter\src\managed\bin\Debug\i386\Writer\OpenLiveWriter.SpellChecker.dll". [C:\Users\WilliamForney\source\repos\wforney\OpenLiveWriter\src\managed\OpenLiveWriter.UnitTest\OpenLiveWriter.UnitTest.csproj]
C:\Program Files\Microsoft Visual Studio\18\Enterprise\MSBuild\Current\Bin\Microsoft.Common.CurrentVersion.targets(2437,5): warning MSB3277:             C:\Users\WilliamForney\source\repos\wforney\OpenLiveWriter\src\managed\bin\Debug\i386\Writer\OpenLiveWriter.HtmlEditor.dll [C:\Users\WilliamForney\source\repos\wforney\OpenLiveWriter\src\managed\OpenLiveWriter.UnitTest\OpenLiveWriter.UnitTest.csproj]
C:\Program Files\Microsoft Visual Studio\18\Enterprise\MSBuild\Current\Bin\Microsoft.Common.CurrentVersion.targets(2437,5): warning MSB3277:             C:\Users\WilliamForney\source\repos\wforney\OpenLiveWriter\src\managed\bin\Debug\i386\Writer\OpenLiveWriter.PostEditor.dll [C:\Users\WilliamForney\source\repos\wforney\OpenLiveWriter\src\managed\OpenLiveWriter.UnitTest\OpenLiveWriter.UnitTest.csproj]
C:\Program Files\Microsoft Visual Studio\18\Enterprise\MSBuild\Current\Bin\Microsoft.Common.CurrentVersion.targets(2437,5): warning MSB3277:         C:\Users\WilliamForney\source\repos\wforney\OpenLiveWriter\src\managed\bin\Debug\i386\Writer\OpenLiveWriter.BlogClient.dll [C:\Users\WilliamForney\source\repos\wforney\OpenLiveWriter\src\managed\OpenLiveWriter.UnitTest\OpenLiveWriter.UnitTest.csproj]
C:\Program Files\Microsoft Visual Studio\18\Enterprise\MSBuild\Current\Bin\Microsoft.Common.CurrentVersion.targets(2437,5): warning MSB3277:           Project file item includes which caused reference "C:\Users\WilliamForney\source\repos\wforney\OpenLiveWriter\src\managed\bin\Debug\i386\Writer\OpenLiveWriter.BlogClient.dll". [C:\Users\WilliamForney\source\repos\wforney\OpenLiveWriter\src\managed\OpenLiveWriter.UnitTest\OpenLiveWriter.UnitTest.csproj]
C:\Program Files\Microsoft Visual Studio\18\Enterprise\MSBuild\Current\Bin\Microsoft.Common.CurrentVersion.targets(2437,5): warning MSB3277:             C:\Users\WilliamForney\source\repos\wforney\OpenLiveWriter\src\managed\bin\Debug\i386\Writer\OpenLiveWriter.PostEditor.dll [C:\Users\WilliamForney\source\repos\wforney\OpenLiveWriter\src\managed\OpenLiveWriter.UnitTest\OpenLiveWriter.UnitTest.csproj]
C:\Program Files\Microsoft Visual Studio\18\Enterprise\MSBuild\Current\Bin\Microsoft.Common.CurrentVersion.targets(2437,5): warning MSB3277:     References which depend on or have been unified to "System.Core, Version=4.0.0.0, Culture=neutral, PublicKeyToken=b77a5c561934e089" [C:\Windows\Microsoft.Net\assembly\GAC_MSIL\System.Core\v4.0_4.0.0.0__b77a5c561934e089\System.Core.dll]. [C:\Users\WilliamForney\source\repos\wforney\OpenLiveWriter\src\managed\OpenLiveWriter.UnitTest\OpenLiveWriter.UnitTest.csproj]
C:\Program Files\Microsoft Visual Studio\18\Enterprise\MSBuild\Current\Bin\Microsoft.Common.CurrentVersion.targets(2437,5): warning MSB3277:         C:\Users\WilliamForney\source\repos\wforney\OpenLiveWriter\src\managed\packages\Microsoft.Bcl.Async.1.0.168\lib\net40\Microsoft.Threading.Tasks.Extensions.Desktop.dll [C:\Users\WilliamForney\source\repos\wforney\OpenLiveWriter\src\managed\OpenLiveWriter.UnitTest\OpenLiveWriter.UnitTest.csproj]
C:\Program Files\Microsoft Visual Studio\18\Enterprise\MSBuild\Current\Bin\Microsoft.Common.CurrentVersion.targets(2437,5): warning MSB3277:           Project file item includes which caused reference "C:\Users\WilliamForney\source\repos\wforney\OpenLiveWriter\src\managed\packages\Microsoft.Bcl.Async.1.0.168\lib\net40\Microsoft.Threading.Tasks.Extensions.Desktop.dll". [C:\Users\WilliamForney\source\repos\wforney\OpenLiveWriter\src\managed\OpenLiveWriter.UnitTest\OpenLiveWriter.UnitTest.csproj]
C:\Program Files\Microsoft Visual Studio\18\Enterprise\MSBuild\Current\Bin\Microsoft.Common.CurrentVersion.targets(2437,5): warning MSB3277:             Microsoft.Threading.Tasks.Extensions.Desktop, Version=1.0.168.0, Culture=neutral, PublicKeyToken=b03f5f7f11d50a3a, processorArchitecture=MSIL [C:\Users\WilliamForney\source\repos\wforney\OpenLiveWriter\src\managed\OpenLiveWriter.UnitTest\OpenLiveWriter.UnitTest.csproj]
C:\Program Files\Microsoft Visual Studio\18\Enterprise\MSBuild\Current\Bin\Microsoft.Common.CurrentVersion.targets(2437,5): warning MSB3277:         C:\Windows\Microsoft.Net\assembly\GAC_32\System.Data\v4.0_4.0.0.0__b77a5c561934e089\System.Data.dll [C:\Users\WilliamForney\source\repos\wforney\OpenLiveWriter\src\managed\OpenLiveWriter.UnitTest\OpenLiveWriter.UnitTest.csproj]
C:\Program Files\Microsoft Visual Studio\18\Enterprise\MSBuild\Current\Bin\Microsoft.Common.CurrentVersion.targets(2437,5): warning MSB3277:           Project file item includes which caused reference "C:\Windows\Microsoft.Net\assembly\GAC_32\System.Data\v4.0_4.0.0.0__b77a5c561934e089\System.Data.dll". [C:\Users\WilliamForney\source\repos\wforney\OpenLiveWriter\src\managed\OpenLiveWriter.UnitTest\OpenLiveWriter.UnitTest.csproj]
C:\Program Files\Microsoft Visual Studio\18\Enterprise\MSBuild\Current\Bin\Microsoft.Common.CurrentVersion.targets(2437,5): warning MSB3277:             System.Data [C:\Users\WilliamForney\source\repos\wforney\OpenLiveWriter\src\managed\OpenLiveWriter.UnitTest\OpenLiveWriter.UnitTest.csproj]
C:\Program Files\Microsoft Visual Studio\18\Enterprise\MSBuild\Current\Bin\Microsoft.Common.CurrentVersion.targets(2437,5): warning MSB3277:             C:\Users\WilliamForney\source\repos\wforney\OpenLiveWriter\src\managed\bin\Debug\i386\Writer\OpenLiveWriter.PostEditor.dll [C:\Users\WilliamForney\source\repos\wforney\OpenLiveWriter\src\managed\OpenLiveWriter.UnitTest\OpenLiveWriter.UnitTest.csproj]
C:\Program Files\Microsoft Visual Studio\18\Enterprise\MSBuild\Current\Bin\Microsoft.Common.CurrentVersion.targets(2437,5): warning MSB3277:             Microsoft.Threading.Tasks.Extensions.Desktop, Version=1.0.168.0, Culture=neutral, PublicKeyToken=b03f5f7f11d50a3a, processorArchitecture=MSIL [C:\Users\WilliamForney\source\repos\wforney\OpenLiveWriter\src\managed\OpenLiveWriter.UnitTest\OpenLiveWriter.UnitTest.csproj]
C:\Program Files\Microsoft Visual Studio\18\Enterprise\MSBuild\Current\Bin\Microsoft.Common.CurrentVersion.targets(2437,5): warning MSB3277:             C:\Users\WilliamForney\source\repos\wforney\OpenLiveWriter\src\managed\bin\Debug\i386\Writer\OpenLiveWriter.CoreServices.dll [C:\Users\WilliamForney\source\repos\wforney\OpenLiveWriter\src\managed\OpenLiveWriter.UnitTest\OpenLiveWriter.UnitTest.csproj]
C:\Program Files\Microsoft Visual Studio\18\Enterprise\MSBuild\Current\Bin\Microsoft.Common.CurrentVersion.targets(2437,5): warning MSB3277:             C:\Users\WilliamForney\source\repos\wforney\OpenLiveWriter\src\managed\bin\Debug\i386\Writer\OpenLiveWriter.Api.dll [C:\Users\WilliamForney\source\repos\wforney\OpenLiveWriter\src\managed\OpenLiveWriter.UnitTest\OpenLiveWriter.UnitTest.csproj]
C:\Program Files\Microsoft Visual Studio\18\Enterprise\MSBuild\Current\Bin\Microsoft.Common.CurrentVersion.targets(2437,5): warning MSB3277:             C:\Users\WilliamForney\source\repos\wforney\OpenLiveWriter\src\managed\bin\Debug\i386\Writer\OpenLiveWriter.Extensibility.dll [C:\Users\WilliamForney\source\repos\wforney\OpenLiveWriter\src\managed\OpenLiveWriter.UnitTest\OpenLiveWriter.UnitTest.csproj]
C:\Program Files\Microsoft Visual Studio\18\Enterprise\MSBuild\Current\Bin\Microsoft.Common.CurrentVersion.targets(2437,5): warning MSB3277:             C:\Users\WilliamForney\source\repos\wforney\OpenLiveWriter\src\managed\bin\Debug\i386\Writer\OpenLiveWriter.HtmlEditor.dll [C:\Users\WilliamForney\source\repos\wforney\OpenLiveWriter\src\managed\OpenLiveWriter.UnitTest\OpenLiveWriter.UnitTest.csproj]
C:\Program Files\Microsoft Visual Studio\18\Enterprise\MSBuild\Current\Bin\Microsoft.Common.CurrentVersion.targets(2437,5): warning MSB3277:         C:\Windows\Microsoft.Net\assembly\GAC_MSIL\System.Net.Http\v4.0_4.0.0.0__b03f5f7f11d50a3a\System.Net.Http.dll [C:\Users\WilliamForney\source\repos\wforney\OpenLiveWriter\src\managed\OpenLiveWriter.UnitTest\OpenLiveWriter.UnitTest.csproj]
C:\Program Files\Microsoft Visual Studio\18\Enterprise\MSBuild\Current\Bin\Microsoft.Common.CurrentVersion.targets(2437,5): warning MSB3277:           Project file item includes which caused reference "C:\Windows\Microsoft.Net\assembly\GAC_MSIL\System.Net.Http\v4.0_4.0.0.0__b03f5f7f11d50a3a\System.Net.Http.dll". [C:\Users\WilliamForney\source\repos\wforney\OpenLiveWriter\src\managed\OpenLiveWriter.UnitTest\OpenLiveWriter.UnitTest.csproj]
C:\Program Files\Microsoft Visual Studio\18\Enterprise\MSBuild\Current\Bin\Microsoft.Common.CurrentVersion.targets(2437,5): warning MSB3277:             System.Net.Http [C:\Users\WilliamForney\source\repos\wforney\OpenLiveWriter\src\managed\OpenLiveWriter.UnitTest\OpenLiveWriter.UnitTest.csproj]
C:\Program Files\Microsoft Visual Studio\18\Enterprise\MSBuild\Current\Bin\Microsoft.Common.CurrentVersion.targets(2437,5): warning MSB3277:             System.Net.Http.WebRequest [C:\Users\WilliamForney\source\repos\wforney\OpenLiveWriter\src\managed\OpenLiveWriter.UnitTest\OpenLiveWriter.UnitTest.csproj]
C:\Program Files\Microsoft Visual Studio\18\Enterprise\MSBuild\Current\Bin\Microsoft.Common.CurrentVersion.targets(2437,5): warning MSB3277:             C:\Users\WilliamForney\source\repos\wforney\OpenLiveWriter\src\managed\bin\Debug\i386\Writer\OpenLiveWriter.PostEditor.dll [C:\Users\WilliamForney\source\repos\wforney\OpenLiveWriter\src\managed\OpenLiveWriter.UnitTest\OpenLiveWriter.UnitTest.csproj]
C:\Program Files\Microsoft Visual Studio\18\Enterprise\MSBuild\Current\Bin\Microsoft.Common.CurrentVersion.targets(2437,5): warning MSB3277:             Microsoft.Threading.Tasks.Extensions.Desktop, Version=1.0.168.0, Culture=neutral, PublicKeyToken=b03f5f7f11d50a3a, processorArchitecture=MSIL [C:\Users\WilliamForney\source\repos\wforney\OpenLiveWriter\src\managed\OpenLiveWriter.UnitTest\OpenLiveWriter.UnitTest.csproj]
C:\Program Files\Microsoft Visual Studio\18\Enterprise\MSBuild\Current\Bin\Microsoft.Common.CurrentVersion.targets(2437,5): warning MSB3277:         C:\Windows\Microsoft.Net\assembly\GAC_MSIL\System.Windows.Forms\v4.0_4.0.0.0__b77a5c561934e089\System.Windows.Forms.dll [C:\Users\WilliamForney\source\repos\wforney\OpenLiveWriter\src\managed\OpenLiveWriter.UnitTest\OpenLiveWriter.UnitTest.csproj]
C:\Program Files\Microsoft Visual Studio\18\Enterprise\MSBuild\Current\Bin\Microsoft.Common.CurrentVersion.targets(2437,5): warning MSB3277:           Project file item includes which caused reference "C:\Windows\Microsoft.Net\assembly\GAC_MSIL\System.Windows.Forms\v4.0_4.0.0.0__b77a5c561934e089\System.Windows.Forms.dll". [C:\Users\WilliamForney\source\repos\wforney\OpenLiveWriter\src\managed\OpenLiveWriter.UnitTest\OpenLiveWriter.UnitTest.csproj]
C:\Program Files\Microsoft Visual Studio\18\Enterprise\MSBuild\Current\Bin\Microsoft.Common.CurrentVersion.targets(2437,5): warning MSB3277:             C:\Users\WilliamForney\source\repos\wforney\OpenLiveWriter\src\managed\bin\Debug\i386\Writer\OpenLiveWriter.Api.dll [C:\Users\WilliamForney\source\repos\wforney\OpenLiveWriter\src\managed\OpenLiveWriter.UnitTest\OpenLiveWriter.UnitTest.csproj]
C:\Program Files\Microsoft Visual Studio\18\Enterprise\MSBuild\Current\Bin\Microsoft.Common.CurrentVersion.targets(2437,5): warning MSB3277:             C:\Users\WilliamForney\source\repos\wforney\OpenLiveWriter\src\managed\bin\Debug\i386\Writer\OpenLiveWriter.CoreServices.dll [C:\Users\WilliamForney\source\repos\wforney\OpenLiveWriter\src\managed\OpenLiveWriter.UnitTest\OpenLiveWriter.UnitTest.csproj]
C:\Program Files\Microsoft Visual Studio\18\Enterprise\MSBuild\Current\Bin\Microsoft.Common.CurrentVersion.targets(2437,5): warning MSB3277:             C:\Users\WilliamForney\source\repos\wforney\OpenLiveWriter\src\managed\bin\Debug\i386\Writer\OpenLiveWriter.Extensibility.dll [C:\Users\WilliamForney\source\repos\wforney\OpenLiveWriter\src\managed\OpenLiveWriter.UnitTest\OpenLiveWriter.UnitTest.csproj]
C:\Program Files\Microsoft Visual Studio\18\Enterprise\MSBuild\Current\Bin\Microsoft.Common.CurrentVersion.targets(2437,5): warning MSB3277:             C:\Users\WilliamForney\source\repos\wforney\OpenLiveWriter\src\managed\bin\Debug\i386\Writer\OpenLiveWriter.HtmlEditor.dll [C:\Users\WilliamForney\source\repos\wforney\OpenLiveWriter\src\managed\OpenLiveWriter.UnitTest\OpenLiveWriter.UnitTest.csproj]
C:\Program Files\Microsoft Visual Studio\18\Enterprise\MSBuild\Current\Bin\Microsoft.Common.CurrentVersion.targets(2437,5): warning MSB3277:             C:\Users\WilliamForney\source\repos\wforney\OpenLiveWriter\src\managed\bin\Debug\i386\Writer\OpenLiveWriter.Interop.dll [C:\Users\WilliamForney\source\repos\wforney\OpenLiveWriter\src\managed\OpenLiveWriter.UnitTest\OpenLiveWriter.UnitTest.csproj]
C:\Program Files\Microsoft Visual Studio\18\Enterprise\MSBuild\Current\Bin\Microsoft.Common.CurrentVersion.targets(2437,5): warning MSB3277:             C:\Users\WilliamForney\source\repos\wforney\OpenLiveWriter\src\managed\bin\Debug\i386\Writer\OpenLiveWriter.PostEditor.dll [C:\Users\WilliamForney\source\repos\wforney\OpenLiveWriter\src\managed\OpenLiveWriter.UnitTest\OpenLiveWriter.UnitTest.csproj]
C:\Program Files\Microsoft Visual Studio\18\Enterprise\MSBuild\Current\Bin\Microsoft.Common.CurrentVersion.targets(2437,5): warning MSB3277:             Microsoft.Threading.Tasks.Extensions.Desktop, Version=1.0.168.0, Culture=neutral, PublicKeyToken=b03f5f7f11d50a3a, processorArchitecture=MSIL [C:\Users\WilliamForney\source\repos\wforney\OpenLiveWriter\src\managed\OpenLiveWriter.UnitTest\OpenLiveWriter.UnitTest.csproj]
C:\Program Files\Microsoft Visual Studio\18\Enterprise\MSBuild\Current\Bin\Microsoft.Common.CurrentVersion.targets(2437,5): warning MSB3277:             System.Data [C:\Users\WilliamForney\source\repos\wforney\OpenLiveWriter\src\managed\OpenLiveWriter.UnitTest\OpenLiveWriter.UnitTest.csproj]
C:\Program Files\Microsoft Visual Studio\18\Enterprise\MSBuild\Current\Bin\Microsoft.Common.CurrentVersion.targets(2437,5): warning MSB3277:         C:\Windows\Microsoft.Net\assembly\GAC_32\System.Web\v4.0_4.0.0.0__b03f5f7f11d50a3a\System.Web.dll [C:\Users\WilliamForney\source\repos\wforney\OpenLiveWriter\src\managed\OpenLiveWriter.UnitTest\OpenLiveWriter.UnitTest.csproj]
C:\Program Files\Microsoft Visual Studio\18\Enterprise\MSBuild\Current\Bin\Microsoft.Common.CurrentVersion.targets(2437,5): warning MSB3277:           Project file item includes which caused reference "C:\Windows\Microsoft.Net\assembly\GAC_32\System.Web\v4.0_4.0.0.0__b03f5f7f11d50a3a\System.Web.dll". [C:\Users\WilliamForney\source\repos\wforney\OpenLiveWriter\src\managed\OpenLiveWriter.UnitTest\OpenLiveWriter.UnitTest.csproj]
C:\Program Files\Microsoft Visual Studio\18\Enterprise\MSBuild\Current\Bin\Microsoft.Common.CurrentVersion.targets(2437,5): warning MSB3277:             C:\Users\WilliamForney\source\repos\wforney\OpenLiveWriter\src\managed\bin\Debug\i386\Writer\OpenLiveWriter.CoreServices.dll [C:\Users\WilliamForney\source\repos\wforney\OpenLiveWriter\src\managed\OpenLiveWriter.UnitTest\OpenLiveWriter.UnitTest.csproj]
C:\Program Files\Microsoft Visual Studio\18\Enterprise\MSBuild\Current\Bin\Microsoft.Common.CurrentVersion.targets(2437,5): warning MSB3277:             C:\Users\WilliamForney\source\repos\wforney\OpenLiveWriter\src\managed\bin\Debug\i386\Writer\OpenLiveWriter.Api.dll [C:\Users\WilliamForney\source\repos\wforney\OpenLiveWriter\src\managed\OpenLiveWriter.UnitTest\OpenLiveWriter.UnitTest.csproj]
C:\Program Files\Microsoft Visual Studio\18\Enterprise\MSBuild\Current\Bin\Microsoft.Common.CurrentVersion.targets(2437,5): warning MSB3277:             C:\Users\WilliamForney\source\repos\wforney\OpenLiveWriter\src\managed\bin\Debug\i386\Writer\OpenLiveWriter.Extensibility.dll [C:\Users\WilliamForney\source\repos\wforney\OpenLiveWriter\src\managed\OpenLiveWriter.UnitTest\OpenLiveWriter.UnitTest.csproj]
C:\Program Files\Microsoft Visual Studio\18\Enterprise\MSBuild\Current\Bin\Microsoft.Common.CurrentVersion.targets(2437,5): warning MSB3277:             C:\Users\WilliamForney\source\repos\wforney\OpenLiveWriter\src\managed\bin\Debug\i386\Writer\OpenLiveWriter.HtmlEditor.dll [C:\Users\WilliamForney\source\repos\wforney\OpenLiveWriter\src\managed\OpenLiveWriter.UnitTest\OpenLiveWriter.UnitTest.csproj]
C:\Program Files\Microsoft Visual Studio\18\Enterprise\MSBuild\Current\Bin\Microsoft.Common.CurrentVersion.targets(2437,5): warning MSB3277:             C:\Users\WilliamForney\source\repos\wforney\OpenLiveWriter\src\managed\bin\Debug\i386\Writer\OpenLiveWriter.PostEditor.dll [C:\Users\WilliamForney\source\repos\wforney\OpenLiveWriter\src\managed\OpenLiveWriter.UnitTest\OpenLiveWriter.UnitTest.csproj]
C:\Program Files\Microsoft Visual Studio\18\Enterprise\MSBuild\Current\Bin\Microsoft.Common.CurrentVersion.targets(2437,5): warning MSB3277:             Microsoft.Threading.Tasks.Extensions.Desktop, Version=1.0.168.0, Culture=neutral, PublicKeyToken=b03f5f7f11d50a3a, processorArchitecture=MSIL [C:\Users\WilliamForney\source\repos\wforney\OpenLiveWriter\src\managed\OpenLiveWriter.UnitTest\OpenLiveWriter.UnitTest.csproj]
C:\Program Files\Microsoft Visual Studio\18\Enterprise\MSBuild\Current\Bin\Microsoft.Common.CurrentVersion.targets(2437,5): warning MSB3277:             System.Data [C:\Users\WilliamForney\source\repos\wforney\OpenLiveWriter\src\managed\OpenLiveWriter.UnitTest\OpenLiveWriter.UnitTest.csproj]
C:\Program Files\Microsoft Visual Studio\18\Enterprise\MSBuild\Current\Bin\Microsoft.Common.CurrentVersion.targets(2437,5): warning MSB3277:         C:\Users\WilliamForney\source\repos\wforney\OpenLiveWriter\src\managed\bin\Debug\i386\Writer\Squirrel.dll [C:\Users\WilliamForney\source\repos\wforney\OpenLiveWriter\src\managed\OpenLiveWriter.UnitTest\OpenLiveWriter.UnitTest.csproj]
C:\Program Files\Microsoft Visual Studio\18\Enterprise\MSBuild\Current\Bin\Microsoft.Common.CurrentVersion.targets(2437,5): warning MSB3277:           Project file item includes which caused reference "C:\Users\WilliamForney\source\repos\wforney\OpenLiveWriter\src\managed\bin\Debug\i386\Writer\Squirrel.dll". [C:\Users\WilliamForney\source\repos\wforney\OpenLiveWriter\src\managed\OpenLiveWriter.UnitTest\OpenLiveWriter.UnitTest.csproj]
C:\Program Files\Microsoft Visual Studio\18\Enterprise\MSBuild\Current\Bin\Microsoft.Common.CurrentVersion.targets(2437,5): warning MSB3277:             C:\Users\WilliamForney\source\repos\wforney\OpenLiveWriter\src\managed\bin\Debug\i386\Writer\OpenLiveWriter.PostEditor.dll [C:\Users\WilliamForney\source\repos\wforney\OpenLiveWriter\src\managed\OpenLiveWriter.UnitTest\OpenLiveWriter.UnitTest.csproj]
C:\Program Files\Microsoft Visual Studio\18\Enterprise\MSBuild\Current\Bin\Microsoft.Common.CurrentVersion.targets(2437,5): warning MSB3277:         C:\Users\WilliamForney\source\repos\wforney\OpenLiveWriter\src\managed\bin\Debug\i386\Writer\Google.Apis.Auth.dll [C:\Users\WilliamForney\source\repos\wforney\OpenLiveWriter\src\managed\OpenLiveWriter.UnitTest\OpenLiveWriter.UnitTest.csproj]
C:\Program Files\Microsoft Visual Studio\18\Enterprise\MSBuild\Current\Bin\Microsoft.Common.CurrentVersion.targets(2437,5): warning MSB3277:           Project file item includes which caused reference "C:\Users\WilliamForney\source\repos\wforney\OpenLiveWriter\src\managed\bin\Debug\i386\Writer\Google.Apis.Auth.dll". [C:\Users\WilliamForney\source\repos\wforney\OpenLiveWriter\src\managed\OpenLiveWriter.UnitTest\OpenLiveWriter.UnitTest.csproj]
C:\Program Files\Microsoft Visual Studio\18\Enterprise\MSBuild\Current\Bin\Microsoft.Common.CurrentVersion.targets(2437,5): warning MSB3277:             C:\Users\WilliamForney\source\repos\wforney\OpenLiveWriter\src\managed\bin\Debug\i386\Writer\OpenLiveWriter.PostEditor.dll [C:\Users\WilliamForney\source\repos\wforney\OpenLiveWriter\src\managed\OpenLiveWriter.UnitTest\OpenLiveWriter.UnitTest.csproj]
C:\Program Files\Microsoft Visual Studio\18\Enterprise\MSBuild\Current\Bin\Microsoft.Common.CurrentVersion.targets(2437,5): warning MSB3277:         C:\Users\WilliamForney\source\repos\wforney\OpenLiveWriter\src\managed\bin\Debug\i386\Writer\NuGet.Squirrel.dll [C:\Users\WilliamForney\source\repos\wforney\OpenLiveWriter\src\managed\OpenLiveWriter.UnitTest\OpenLiveWriter.UnitTest.csproj]
C:\Program Files\Microsoft Visual Studio\18\Enterprise\MSBuild\Current\Bin\Microsoft.Common.CurrentVersion.targets(2437,5): warning MSB3277:           Project file item includes which caused reference "C:\Users\WilliamForney\source\repos\wforney\OpenLiveWriter\src\managed\bin\Debug\i386\Writer\NuGet.Squirrel.dll". [C:\Users\WilliamForney\source\repos\wforney\OpenLiveWriter\src\managed\OpenLiveWriter.UnitTest\OpenLiveWriter.UnitTest.csproj]
C:\Program Files\Microsoft Visual Studio\18\Enterprise\MSBuild\Current\Bin\Microsoft.Common.CurrentVersion.targets(2437,5): warning MSB3277:             C:\Users\WilliamForney\source\repos\wforney\OpenLiveWriter\src\managed\bin\Debug\i386\Writer\OpenLiveWriter.PostEditor.dll [C:\Users\WilliamForney\source\repos\wforney\OpenLiveWriter\src\managed\OpenLiveWriter.UnitTest\OpenLiveWriter.UnitTest.csproj]
C:\Program Files\Microsoft Visual Studio\18\Enterprise\MSBuild\Current\Bin\Microsoft.Common.CurrentVersion.targets(2437,5): warning MSB3277:         C:\Windows\Microsoft.Net\assembly\GAC_MSIL\System.ServiceModel\v4.0_4.0.0.0__b77a5c561934e089\System.ServiceModel.dll [C:\Users\WilliamForney\source\repos\wforney\OpenLiveWriter\src\managed\OpenLiveWriter.UnitTest\OpenLiveWriter.UnitTest.csproj]
C:\Program Files\Microsoft Visual Studio\18\Enterprise\MSBuild\Current\Bin\Microsoft.Common.CurrentVersion.targets(2437,5): warning MSB3277:           Project file item includes which caused reference "C:\Windows\Microsoft.Net\assembly\GAC_MSIL\System.ServiceModel\v4.0_4.0.0.0__b77a5c561934e089\System.ServiceModel.dll". [C:\Users\WilliamForney\source\repos\wforney\OpenLiveWriter\src\managed\OpenLiveWriter.UnitTest\OpenLiveWriter.UnitTest.csproj]
C:\Program Files\Microsoft Visual Studio\18\Enterprise\MSBuild\Current\Bin\Microsoft.Common.CurrentVersion.targets(2437,5): warning MSB3277:             Microsoft.Threading.Tasks.Extensions.Desktop, Version=1.0.168.0, Culture=neutral, PublicKeyToken=b03f5f7f11d50a3a, processorArchitecture=MSIL [C:\Users\WilliamForney\source\repos\wforney\OpenLiveWriter\src\managed\OpenLiveWriter.UnitTest\OpenLiveWriter.UnitTest.csproj]
C:\Program Files\Microsoft Visual Studio\18\Enterprise\MSBuild\Current\Bin\Microsoft.Common.CurrentVersion.targets(2437,5): warning MSB3277:             C:\Users\WilliamForney\source\repos\wforney\OpenLiveWriter\src\managed\bin\Debug\i386\Writer\OpenLiveWriter.PostEditor.dll [C:\Users\WilliamForney\source\repos\wforney\OpenLiveWriter\src\managed\OpenLiveWriter.UnitTest\OpenLiveWriter.UnitTest.csproj]
C:\Program Files\Microsoft Visual Studio\18\Enterprise\MSBuild\Current\Bin\Microsoft.Common.CurrentVersion.targets(2437,5): warning MSB3277:         C:\Windows\Microsoft.Net\assembly\GAC_MSIL\System.Configuration\v4.0_4.0.0.0__b03f5f7f11d50a3a\System.Configuration.dll [C:\Users\WilliamForney\source\repos\wforney\OpenLiveWriter\src\managed\OpenLiveWriter.UnitTest\OpenLiveWriter.UnitTest.csproj]
C:\Program Files\Microsoft Visual Studio\18\Enterprise\MSBuild\Current\Bin\Microsoft.Common.CurrentVersion.targets(2437,5): warning MSB3277:           Project file item includes which caused reference "C:\Windows\Microsoft.Net\assembly\GAC_MSIL\System.Configuration\v4.0_4.0.0.0__b03f5f7f11d50a3a\System.Configuration.dll". [C:\Users\WilliamForney\source\repos\wforney\OpenLiveWriter\src\managed\OpenLiveWriter.UnitTest\OpenLiveWriter.UnitTest.csproj]
C:\Program Files\Microsoft Visual Studio\18\Enterprise\MSBuild\Current\Bin\Microsoft.Common.CurrentVersion.targets(2437,5): warning MSB3277:             System [C:\Users\WilliamForney\source\repos\wforney\OpenLiveWriter\src\managed\OpenLiveWriter.UnitTest\OpenLiveWriter.UnitTest.csproj]
C:\Program Files\Microsoft Visual Studio\18\Enterprise\MSBuild\Current\Bin\Microsoft.Common.CurrentVersion.targets(2437,5): warning MSB3277:             C:\Users\WilliamForney\source\repos\wforney\OpenLiveWriter\src\managed\bin\Debug\i386\Writer\OpenLiveWriter.Api.dll [C:\Users\WilliamForney\source\repos\wforney\OpenLiveWriter\src\managed\OpenLiveWriter.UnitTest\OpenLiveWriter.UnitTest.csproj]
C:\Program Files\Microsoft Visual Studio\18\Enterprise\MSBuild\Current\Bin\Microsoft.Common.CurrentVersion.targets(2437,5): warning MSB3277:             C:\Users\WilliamForney\source\repos\wforney\OpenLiveWriter\src\managed\bin\Debug\i386\Writer\OpenLiveWriter.CoreServices.dll [C:\Users\WilliamForney\source\repos\wforney\OpenLiveWriter\src\managed\OpenLiveWriter.UnitTest\OpenLiveWriter.UnitTest.csproj]
C:\Program Files\Microsoft Visual Studio\18\Enterprise\MSBuild\Current\Bin\Microsoft.Common.CurrentVersion.targets(2437,5): warning MSB3277:             C:\Users\WilliamForney\source\repos\wforney\OpenLiveWriter\src\managed\bin\Debug\i386\Writer\OpenLiveWriter.Extensibility.dll [C:\Users\WilliamForney\source\repos\wforney\OpenLiveWriter\src\managed\OpenLiveWriter.UnitTest\OpenLiveWriter.UnitTest.csproj]
C:\Program Files\Microsoft Visual Studio\18\Enterprise\MSBuild\Current\Bin\Microsoft.Common.CurrentVersion.targets(2437,5): warning MSB3277:             C:\Users\WilliamForney\source\repos\wforney\OpenLiveWriter\src\managed\bin\Debug\i386\Writer\OpenLiveWriter.HtmlEditor.dll [C:\Users\WilliamForney\source\repos\wforney\OpenLiveWriter\src\managed\OpenLiveWriter.UnitTest\OpenLiveWriter.UnitTest.csproj]
C:\Program Files\Microsoft Visual Studio\18\Enterprise\MSBuild\Current\Bin\Microsoft.Common.CurrentVersion.targets(2437,5): warning MSB3277:             C:\Users\WilliamForney\source\repos\wforney\OpenLiveWriter\src\managed\bin\Debug\i386\Writer\OpenLiveWriter.Interop.dll [C:\Users\WilliamForney\source\repos\wforney\OpenLiveWriter\src\managed\OpenLiveWriter.UnitTest\OpenLiveWriter.UnitTest.csproj]
C:\Program Files\Microsoft Visual Studio\18\Enterprise\MSBuild\Current\Bin\Microsoft.Common.CurrentVersion.targets(2437,5): warning MSB3277:             C:\Users\WilliamForney\source\repos\wforney\OpenLiveWriter\src\managed\bin\Debug\i386\Writer\OpenLiveWriter.PostEditor.dll [C:\Users\WilliamForney\source\repos\wforney\OpenLiveWriter\src\managed\OpenLiveWriter.UnitTest\OpenLiveWriter.UnitTest.csproj]
C:\Program Files\Microsoft Visual Studio\18\Enterprise\MSBuild\Current\Bin\Microsoft.Common.CurrentVersion.targets(2437,5): warning MSB3277:             Microsoft.Threading.Tasks.Extensions.Desktop, Version=1.0.168.0, Culture=neutral, PublicKeyToken=b03f5f7f11d50a3a, processorArchitecture=MSIL [C:\Users\WilliamForney\source\repos\wforney\OpenLiveWriter\src\managed\OpenLiveWriter.UnitTest\OpenLiveWriter.UnitTest.csproj]
C:\Program Files\Microsoft Visual Studio\18\Enterprise\MSBuild\Current\Bin\Microsoft.Common.CurrentVersion.targets(2437,5): warning MSB3277:             System.Data [C:\Users\WilliamForney\source\repos\wforney\OpenLiveWriter\src\managed\OpenLiveWriter.UnitTest\OpenLiveWriter.UnitTest.csproj]
C:\Program Files\Microsoft Visual Studio\18\Enterprise\MSBuild\Current\Bin\Microsoft.Common.CurrentVersion.targets(2437,5): warning MSB3277:             System.Net.Http [C:\Users\WilliamForney\source\repos\wforney\OpenLiveWriter\src\managed\OpenLiveWriter.UnitTest\OpenLiveWriter.UnitTest.csproj]
C:\Program Files\Microsoft Visual Studio\18\Enterprise\MSBuild\Current\Bin\Microsoft.Common.CurrentVersion.targets(2437,5): warning MSB3277:             System.Net.Http.WebRequest [C:\Users\WilliamForney\source\repos\wforney\OpenLiveWriter\src\managed\OpenLiveWriter.UnitTest\OpenLiveWriter.UnitTest.csproj]
C:\Program Files\Microsoft Visual Studio\18\Enterprise\MSBuild\Current\Bin\Microsoft.Common.CurrentVersion.targets(2437,5): warning MSB3277:             System.Xml [C:\Users\WilliamForney\source\repos\wforney\OpenLiveWriter\src\managed\OpenLiveWriter.UnitTest\OpenLiveWriter.UnitTest.csproj]
C:\Program Files\Microsoft Visual Studio\18\Enterprise\MSBuild\Current\Bin\Microsoft.Common.CurrentVersion.targets(2437,5): warning MSB3277:             System.Net.Http.Primitives, Version=4.2.29.0, Culture=neutral, PublicKeyToken=b03f5f7f11d50a3a, processorArchitecture=MSIL [C:\Users\WilliamForney\source\repos\wforney\OpenLiveWriter\src\managed\OpenLiveWriter.UnitTest\OpenLiveWriter.UnitTest.csproj]
C:\Program Files\Microsoft Visual Studio\18\Enterprise\MSBuild\Current\Bin\Microsoft.Common.CurrentVersion.targets(2437,5): warning MSB3277:         C:\Windows\Microsoft.Net\assembly\GAC_MSIL\System.Runtime\v4.0_4.0.0.0__b03f5f7f11d50a3a\System.Runtime.dll [C:\Users\WilliamForney\source\repos\wforney\OpenLiveWriter\src\managed\OpenLiveWriter.UnitTest\OpenLiveWriter.UnitTest.csproj]
C:\Program Files\Microsoft Visual Studio\18\Enterprise\MSBuild\Current\Bin\Microsoft.Common.CurrentVersion.targets(2437,5): warning MSB3277:           Project file item includes which caused reference "C:\Windows\Microsoft.Net\assembly\GAC_MSIL\System.Runtime\v4.0_4.0.0.0__b03f5f7f11d50a3a\System.Runtime.dll". [C:\Users\WilliamForney\source\repos\wforney\OpenLiveWriter\src\managed\OpenLiveWriter.UnitTest\OpenLiveWriter.UnitTest.csproj]
C:\Program Files\Microsoft Visual Studio\18\Enterprise\MSBuild\Current\Bin\Microsoft.Common.CurrentVersion.targets(2437,5): warning MSB3277:             System.Net.Http.Primitives, Version=4.2.29.0, Culture=neutral, PublicKeyToken=b03f5f7f11d50a3a, processorArchitecture=MSIL [C:\Users\WilliamForney\source\repos\wforney\OpenLiveWriter\src\managed\OpenLiveWriter.UnitTest\OpenLiveWriter.UnitTest.csproj]
C:\Program Files\Microsoft Visual Studio\18\Enterprise\MSBuild\Current\Bin\Microsoft.Common.CurrentVersion.targets(2437,5): warning MSB3277:         C:\Windows\Microsoft.Net\assembly\GAC_MSIL\System.Runtime.InteropServices\v4.0_4.0.0.0__b03f5f7f11d50a3a\System.Runtime.InteropServices.dll [C:\Users\WilliamForney\source\repos\wforney\OpenLiveWriter\src\managed\OpenLiveWriter.UnitTest\OpenLiveWriter.UnitTest.csproj]
C:\Program Files\Microsoft Visual Studio\18\Enterprise\MSBuild\Current\Bin\Microsoft.Common.CurrentVersion.targets(2437,5): warning MSB3277:           Project file item includes which caused reference "C:\Windows\Microsoft.Net\assembly\GAC_MSIL\System.Runtime.InteropServices\v4.0_4.0.0.0__b03f5f7f11d50a3a\System.Runtime.InteropServices.dll". [C:\Users\WilliamForney\source\repos\wforney\OpenLiveWriter\src\managed\OpenLiveWriter.UnitTest\OpenLiveWriter.UnitTest.csproj]
C:\Program Files\Microsoft Visual Studio\18\Enterprise\MSBuild\Current\Bin\Microsoft.Common.CurrentVersion.targets(2437,5): warning MSB3277:             System.Net.Http.Primitives, Version=4.2.29.0, Culture=neutral, PublicKeyToken=b03f5f7f11d50a3a, processorArchitecture=MSIL [C:\Users\WilliamForney\source\repos\wforney\OpenLiveWriter\src\managed\OpenLiveWriter.UnitTest\OpenLiveWriter.UnitTest.csproj]
C:\Program Files\Microsoft Visual Studio\18\Enterprise\MSBuild\Current\Bin\Microsoft.Common.CurrentVersion.targets(2437,5): warning MSB3277:         C:\Windows\Microsoft.Net\assembly\GAC_MSIL\System.Deployment\v4.0_4.0.0.0__b03f5f7f11d50a3a\System.Deployment.dll [C:\Users\WilliamForney\source\repos\wforney\OpenLiveWriter\src\managed\OpenLiveWriter.UnitTest\OpenLiveWriter.UnitTest.csproj]
C:\Program Files\Microsoft Visual Studio\18\Enterprise\MSBuild\Current\Bin\Microsoft.Common.CurrentVersion.targets(2437,5): warning MSB3277:           Project file item includes which caused reference "C:\Windows\Microsoft.Net\assembly\GAC_MSIL\System.Deployment\v4.0_4.0.0.0__b03f5f7f11d50a3a\System.Deployment.dll". [C:\Users\WilliamForney\source\repos\wforney\OpenLiveWriter\src\managed\OpenLiveWriter.UnitTest\OpenLiveWriter.UnitTest.csproj]
C:\Program Files\Microsoft Visual Studio\18\Enterprise\MSBuild\Current\Bin\Microsoft.Common.CurrentVersion.targets(2437,5): warning MSB3277:             C:\Users\WilliamForney\source\repos\wforney\OpenLiveWriter\src\managed\bin\Debug\i386\Writer\OpenLiveWriter.Api.dll [C:\Users\WilliamForney\source\repos\wforney\OpenLiveWriter\src\managed\OpenLiveWriter.UnitTest\OpenLiveWriter.UnitTest.csproj]
C:\Program Files\Microsoft Visual Studio\18\Enterprise\MSBuild\Current\Bin\Microsoft.Common.CurrentVersion.targets(2437,5): warning MSB3277:             C:\Users\WilliamForney\source\repos\wforney\OpenLiveWriter\src\managed\bin\Debug\i386\Writer\OpenLiveWriter.CoreServices.dll [C:\Users\WilliamForney\source\repos\wforney\OpenLiveWriter\src\managed\OpenLiveWriter.UnitTest\OpenLiveWriter.UnitTest.csproj]
C:\Program Files\Microsoft Visual Studio\18\Enterprise\MSBuild\Current\Bin\Microsoft.Common.CurrentVersion.targets(2437,5): warning MSB3277:             C:\Users\WilliamForney\source\repos\wforney\OpenLiveWriter\src\managed\bin\Debug\i386\Writer\OpenLiveWriter.Extensibility.dll [C:\Users\WilliamForney\source\repos\wforney\OpenLiveWriter\src\managed\OpenLiveWriter.UnitTest\OpenLiveWriter.UnitTest.csproj]
C:\Program Files\Microsoft Visual Studio\18\Enterprise\MSBuild\Current\Bin\Microsoft.Common.CurrentVersion.targets(2437,5): warning MSB3277:             C:\Users\WilliamForney\source\repos\wforney\OpenLiveWriter\src\managed\bin\Debug\i386\Writer\OpenLiveWriter.HtmlEditor.dll [C:\Users\WilliamForney\source\repos\wforney\OpenLiveWriter\src\managed\OpenLiveWriter.UnitTest\OpenLiveWriter.UnitTest.csproj]
C:\Program Files\Microsoft Visual Studio\18\Enterprise\MSBuild\Current\Bin\Microsoft.Common.CurrentVersion.targets(2437,5): warning MSB3277:             C:\Users\WilliamForney\source\repos\wforney\OpenLiveWriter\src\managed\bin\Debug\i386\Writer\OpenLiveWriter.Interop.dll [C:\Users\WilliamForney\source\repos\wforney\OpenLiveWriter\src\managed\OpenLiveWriter.UnitTest\OpenLiveWriter.UnitTest.csproj]
C:\Program Files\Microsoft Visual Studio\18\Enterprise\MSBuild\Current\Bin\Microsoft.Common.CurrentVersion.targets(2437,5): warning MSB3277:             C:\Users\WilliamForney\source\repos\wforney\OpenLiveWriter\src\managed\bin\Debug\i386\Writer\OpenLiveWriter.PostEditor.dll [C:\Users\WilliamForney\source\repos\wforney\OpenLiveWriter\src\managed\OpenLiveWriter.UnitTest\OpenLiveWriter.UnitTest.csproj]
C:\Program Files\Microsoft Visual Studio\18\Enterprise\MSBuild\Current\Bin\Microsoft.Common.CurrentVersion.targets(2437,5): warning MSB3277:             Microsoft.Threading.Tasks.Extensions.Desktop, Version=1.0.168.0, Culture=neutral, PublicKeyToken=b03f5f7f11d50a3a, processorArchitecture=MSIL [C:\Users\WilliamForney\source\repos\wforney\OpenLiveWriter\src\managed\OpenLiveWriter.UnitTest\OpenLiveWriter.UnitTest.csproj]
C:\Program Files\Microsoft Visual Studio\18\Enterprise\MSBuild\Current\Bin\Microsoft.Common.CurrentVersion.targets(2437,5): warning MSB3277:             System.Data [C:\Users\WilliamForney\source\repos\wforney\OpenLiveWriter\src\managed\OpenLiveWriter.UnitTest\OpenLiveWriter.UnitTest.csproj]
C:\Program Files\Microsoft Visual Studio\18\Enterprise\MSBuild\Current\Bin\Microsoft.Common.CurrentVersion.targets(2437,5): warning MSB3277:         C:\Windows\Microsoft.Net\assembly\GAC_MSIL\System.Design\v4.0_4.0.0.0__b03f5f7f11d50a3a\System.Design.dll [C:\Users\WilliamForney\source\repos\wforney\OpenLiveWriter\src\managed\OpenLiveWriter.UnitTest\OpenLiveWriter.UnitTest.csproj]
C:\Program Files\Microsoft Visual Studio\18\Enterprise\MSBuild\Current\Bin\Microsoft.Common.CurrentVersion.targets(2437,5): warning MSB3277:           Project file item includes which caused reference "C:\Windows\Microsoft.Net\assembly\GAC_MSIL\System.Design\v4.0_4.0.0.0__b03f5f7f11d50a3a\System.Design.dll". [C:\Users\WilliamForney\source\repos\wforney\OpenLiveWriter\src\managed\OpenLiveWriter.UnitTest\OpenLiveWriter.UnitTest.csproj]
C:\Program Files\Microsoft Visual Studio\18\Enterprise\MSBuild\Current\Bin\Microsoft.Common.CurrentVersion.targets(2437,5): warning MSB3277:             C:\Users\WilliamForney\source\repos\wforney\OpenLiveWriter\src\managed\bin\Debug\i386\Writer\OpenLiveWriter.CoreServices.dll [C:\Users\WilliamForney\source\repos\wforney\OpenLiveWriter\src\managed\OpenLiveWriter.UnitTest\OpenLiveWriter.UnitTest.csproj]
C:\Program Files\Microsoft Visual Studio\18\Enterprise\MSBuild\Current\Bin\Microsoft.Common.CurrentVersion.targets(2437,5): warning MSB3277:             C:\Users\WilliamForney\source\repos\wforney\OpenLiveWriter\src\managed\bin\Debug\i386\Writer\OpenLiveWriter.Api.dll [C:\Users\WilliamForney\source\repos\wforney\OpenLiveWriter\src\managed\OpenLiveWriter.UnitTest\OpenLiveWriter.UnitTest.csproj]
C:\Program Files\Microsoft Visual Studio\18\Enterprise\MSBuild\Current\Bin\Microsoft.Common.CurrentVersion.targets(2437,5): warning MSB3277:             C:\Users\WilliamForney\source\repos\wforney\OpenLiveWriter\src\managed\bin\Debug\i386\Writer\OpenLiveWriter.Extensibility.dll [C:\Users\WilliamForney\source\repos\wforney\OpenLiveWriter\src\managed\OpenLiveWriter.UnitTest\OpenLiveWriter.UnitTest.csproj]
C:\Program Files\Microsoft Visual Studio\18\Enterprise\MSBuild\Current\Bin\Microsoft.Common.CurrentVersion.targets(2437,5): warning MSB3277:             C:\Users\WilliamForney\source\repos\wforney\OpenLiveWriter\src\managed\bin\Debug\i386\Writer\OpenLiveWriter.HtmlEditor.dll [C:\Users\WilliamForney\source\repos\wforney\OpenLiveWriter\src\managed\OpenLiveWriter.UnitTest\OpenLiveWriter.UnitTest.csproj]
C:\Program Files\Microsoft Visual Studio\18\Enterprise\MSBuild\Current\Bin\Microsoft.Common.CurrentVersion.targets(2437,5): warning MSB3277:             C:\Users\WilliamForney\source\repos\wforney\OpenLiveWriter\src\managed\bin\Debug\i386\Writer\OpenLiveWriter.PostEditor.dll [C:\Users\WilliamForney\source\repos\wforney\OpenLiveWriter\src\managed\OpenLiveWriter.UnitTest\OpenLiveWriter.UnitTest.csproj]
C:\Program Files\Microsoft Visual Studio\18\Enterprise\MSBuild\Current\Bin\Microsoft.Common.CurrentVersion.targets(2437,5): warning MSB3277:             Microsoft.Threading.Tasks.Extensions.Desktop, Version=1.0.168.0, Culture=neutral, PublicKeyToken=b03f5f7f11d50a3a, processorArchitecture=MSIL [C:\Users\WilliamForney\source\repos\wforney\OpenLiveWriter\src\managed\OpenLiveWriter.UnitTest\OpenLiveWriter.UnitTest.csproj]
C:\Program Files\Microsoft Visual Studio\18\Enterprise\MSBuild\Current\Bin\Microsoft.Common.CurrentVersion.targets(2437,5): warning MSB3277:             System.Data [C:\Users\WilliamForney\source\repos\wforney\OpenLiveWriter\src\managed\OpenLiveWriter.UnitTest\OpenLiveWriter.UnitTest.csproj]
C:\Program Files\Microsoft Visual Studio\18\Enterprise\MSBuild\Current\Bin\Microsoft.Common.CurrentVersion.targets(2437,5): warning MSB3277:         C:\Windows\Microsoft.Net\assembly\GAC_MSIL\System.ComponentModel.DataAnnotations\v4.0_4.0.0.0__31bf3856ad364e35\System.ComponentModel.DataAnnotations.dll [C:\Users\WilliamForney\source\repos\wforney\OpenLiveWriter\src\managed\OpenLiveWriter.UnitTest\OpenLiveWriter.UnitTest.csproj]
C:\Program Files\Microsoft Visual Studio\18\Enterprise\MSBuild\Current\Bin\Microsoft.Common.CurrentVersion.targets(2437,5): warning MSB3277:           Project file item includes which caused reference "C:\Windows\Microsoft.Net\assembly\GAC_MSIL\System.ComponentModel.DataAnnotations\v4.0_4.0.0.0__31bf3856ad364e35\System.ComponentModel.DataAnnotations.dll". [C:\Users\WilliamForney\source\repos\wforney\OpenLiveWriter\src\managed\OpenLiveWriter.UnitTest\OpenLiveWriter.UnitTest.csproj]
C:\Program Files\Microsoft Visual Studio\18\Enterprise\MSBuild\Current\Bin\Microsoft.Common.CurrentVersion.targets(2437,5): warning MSB3277:             C:\Users\WilliamForney\source\repos\wforney\OpenLiveWriter\src\managed\bin\Debug\i386\Writer\OpenLiveWriter.CoreServices.dll [C:\Users\WilliamForney\source\repos\wforney\OpenLiveWriter\src\managed\OpenLiveWriter.UnitTest\OpenLiveWriter.UnitTest.csproj]
C:\Program Files\Microsoft Visual Studio\18\Enterprise\MSBuild\Current\Bin\Microsoft.Common.CurrentVersion.targets(2437,5): warning MSB3277:             C:\Users\WilliamForney\source\repos\wforney\OpenLiveWriter\src\managed\bin\Debug\i386\Writer\OpenLiveWriter.Api.dll [C:\Users\WilliamForney\source\repos\wforney\OpenLiveWriter\src\managed\OpenLiveWriter.UnitTest\OpenLiveWriter.UnitTest.csproj]
C:\Program Files\Microsoft Visual Studio\18\Enterprise\MSBuild\Current\Bin\Microsoft.Common.CurrentVersion.targets(2437,5): warning MSB3277:             C:\Users\WilliamForney\source\repos\wforney\OpenLiveWriter\src\managed\bin\Debug\i386\Writer\OpenLiveWriter.Extensibility.dll [C:\Users\WilliamForney\source\repos\wforney\OpenLiveWriter\src\managed\OpenLiveWriter.UnitTest\OpenLiveWriter.UnitTest.csproj]
C:\Program Files\Microsoft Visual Studio\18\Enterprise\MSBuild\Current\Bin\Microsoft.Common.CurrentVersion.targets(2437,5): warning MSB3277:             C:\Users\WilliamForney\source\repos\wforney\OpenLiveWriter\src\managed\bin\Debug\i386\Writer\OpenLiveWriter.HtmlEditor.dll [C:\Users\WilliamForney\source\repos\wforney\OpenLiveWriter\src\managed\OpenLiveWriter.UnitTest\OpenLiveWriter.UnitTest.csproj]
C:\Program Files\Microsoft Visual Studio\18\Enterprise\MSBuild\Current\Bin\Microsoft.Common.CurrentVersion.targets(2437,5): warning MSB3277:             C:\Users\WilliamForney\source\repos\wforney\OpenLiveWriter\src\managed\bin\Debug\i386\Writer\OpenLiveWriter.PostEditor.dll [C:\Users\WilliamForney\source\repos\wforney\OpenLiveWriter\src\managed\OpenLiveWriter.UnitTest\OpenLiveWriter.UnitTest.csproj]
C:\Program Files\Microsoft Visual Studio\18\Enterprise\MSBuild\Current\Bin\Microsoft.Common.CurrentVersion.targets(2437,5): warning MSB3277:             Microsoft.Threading.Tasks.Extensions.Desktop, Version=1.0.168.0, Culture=neutral, PublicKeyToken=b03f5f7f11d50a3a, processorArchitecture=MSIL [C:\Users\WilliamForney\source\repos\wforney\OpenLiveWriter\src\managed\OpenLiveWriter.UnitTest\OpenLiveWriter.UnitTest.csproj]
C:\Program Files\Microsoft Visual Studio\18\Enterprise\MSBuild\Current\Bin\Microsoft.Common.CurrentVersion.targets(2437,5): warning MSB3277:             System.Data [C:\Users\WilliamForney\source\repos\wforney\OpenLiveWriter\src\managed\OpenLiveWriter.UnitTest\OpenLiveWriter.UnitTest.csproj]
C:\Program Files\Microsoft Visual Studio\18\Enterprise\MSBuild\Current\Bin\Microsoft.Common.CurrentVersion.targets(2437,5): warning MSB3277:         C:\Windows\Microsoft.Net\assembly\GAC_MSIL\Microsoft.Build.Utilities.v4.0\v4.0_4.0.0.0__b03f5f7f11d50a3a\Microsoft.Build.Utilities.v4.0.dll [C:\Users\WilliamForney\source\repos\wforney\OpenLiveWriter\src\managed\OpenLiveWriter.UnitTest\OpenLiveWriter.UnitTest.csproj]
C:\Program Files\Microsoft Visual Studio\18\Enterprise\MSBuild\Current\Bin\Microsoft.Common.CurrentVersion.targets(2437,5): warning MSB3277:           Project file item includes which caused reference "C:\Windows\Microsoft.Net\assembly\GAC_MSIL\Microsoft.Build.Utilities.v4.0\v4.0_4.0.0.0__b03f5f7f11d50a3a\Microsoft.Build.Utilities.v4.0.dll". [C:\Users\WilliamForney\source\repos\wforney\OpenLiveWriter\src\managed\OpenLiveWriter.UnitTest\OpenLiveWriter.UnitTest.csproj]
C:\Program Files\Microsoft Visual Studio\18\Enterprise\MSBuild\Current\Bin\Microsoft.Common.CurrentVersion.targets(2437,5): warning MSB3277:             C:\Users\WilliamForney\source\repos\wforney\OpenLiveWriter\src\managed\bin\Debug\i386\Writer\OpenLiveWriter.CoreServices.dll [C:\Users\WilliamForney\source\repos\wforney\OpenLiveWriter\src\managed\OpenLiveWriter.UnitTest\OpenLiveWriter.UnitTest.csproj]
C:\Program Files\Microsoft Visual Studio\18\Enterprise\MSBuild\Current\Bin\Microsoft.Common.CurrentVersion.targets(2437,5): warning MSB3277:             C:\Users\WilliamForney\source\repos\wforney\OpenLiveWriter\src\managed\bin\Debug\i386\Writer\OpenLiveWriter.Api.dll [C:\Users\WilliamForney\source\repos\wforney\OpenLiveWriter\src\managed\OpenLiveWriter.UnitTest\OpenLiveWriter.UnitTest.csproj]
C:\Program Files\Microsoft Visual Studio\18\Enterprise\MSBuild\Current\Bin\Microsoft.Common.CurrentVersion.targets(2437,5): warning MSB3277:             C:\Users\WilliamForney\source\repos\wforney\OpenLiveWriter\src\managed\bin\Debug\i386\Writer\OpenLiveWriter.Extensibility.dll [C:\Users\WilliamForney\source\repos\wforney\OpenLiveWriter\src\managed\OpenLiveWriter.UnitTest\OpenLiveWriter.UnitTest.csproj]
C:\Program Files\Microsoft Visual Studio\18\Enterprise\MSBuild\Current\Bin\Microsoft.Common.CurrentVersion.targets(2437,5): warning MSB3277:             C:\Users\WilliamForney\source\repos\wforney\OpenLiveWriter\src\managed\bin\Debug\i386\Writer\OpenLiveWriter.HtmlEditor.dll [C:\Users\WilliamForney\source\repos\wforney\OpenLiveWriter\src\managed\OpenLiveWriter.UnitTest\OpenLiveWriter.UnitTest.csproj]
C:\Program Files\Microsoft Visual Studio\18\Enterprise\MSBuild\Current\Bin\Microsoft.Common.CurrentVersion.targets(2437,5): warning MSB3277:             C:\Users\WilliamForney\source\repos\wforney\OpenLiveWriter\src\managed\bin\Debug\i386\Writer\OpenLiveWriter.PostEditor.dll [C:\Users\WilliamForney\source\repos\wforney\OpenLiveWriter\src\managed\OpenLiveWriter.UnitTest\OpenLiveWriter.UnitTest.csproj]
C:\Program Files\Microsoft Visual Studio\18\Enterprise\MSBuild\Current\Bin\Microsoft.Common.CurrentVersion.targets(2437,5): warning MSB3277:             Microsoft.Threading.Tasks.Extensions.Desktop, Version=1.0.168.0, Culture=neutral, PublicKeyToken=b03f5f7f11d50a3a, processorArchitecture=MSIL [C:\Users\WilliamForney\source\repos\wforney\OpenLiveWriter\src\managed\OpenLiveWriter.UnitTest\OpenLiveWriter.UnitTest.csproj]
C:\Program Files\Microsoft Visual Studio\18\Enterprise\MSBuild\Current\Bin\Microsoft.Common.CurrentVersion.targets(2437,5): warning MSB3277:             System.Data [C:\Users\WilliamForney\source\repos\wforney\OpenLiveWriter\src\managed\OpenLiveWriter.UnitTest\OpenLiveWriter.UnitTest.csproj]
C:\Program Files\Microsoft Visual Studio\18\Enterprise\MSBuild\Current\Bin\Microsoft.Common.CurrentVersion.targets(2437,5): warning MSB3277:         C:\Windows\Microsoft.Net\assembly\GAC_MSIL\Microsoft.Build.Tasks.v4.0\v4.0_4.0.0.0__b03f5f7f11d50a3a\Microsoft.Build.Tasks.v4.0.dll [C:\Users\WilliamForney\source\repos\wforney\OpenLiveWriter\src\managed\OpenLiveWriter.UnitTest\OpenLiveWriter.UnitTest.csproj]
C:\Program Files\Microsoft Visual Studio\18\Enterprise\MSBuild\Current\Bin\Microsoft.Common.CurrentVersion.targets(2437,5): warning MSB3277:           Project file item includes which caused reference "C:\Windows\Microsoft.Net\assembly\GAC_MSIL\Microsoft.Build.Tasks.v4.0\v4.0_4.0.0.0__b03f5f7f11d50a3a\Microsoft.Build.Tasks.v4.0.dll". [C:\Users\WilliamForney\source\repos\wforney\OpenLiveWriter\src\managed\OpenLiveWriter.UnitTest\OpenLiveWriter.UnitTest.csproj]
C:\Program Files\Microsoft Visual Studio\18\Enterprise\MSBuild\Current\Bin\Microsoft.Common.CurrentVersion.targets(2437,5): warning MSB3277:             C:\Users\WilliamForney\source\repos\wforney\OpenLiveWriter\src\managed\bin\Debug\i386\Writer\OpenLiveWriter.CoreServices.dll [C:\Users\WilliamForney\source\repos\wforney\OpenLiveWriter\src\managed\OpenLiveWriter.UnitTest\OpenLiveWriter.UnitTest.csproj]
C:\Program Files\Microsoft Visual Studio\18\Enterprise\MSBuild\Current\Bin\Microsoft.Common.CurrentVersion.targets(2437,5): warning MSB3277:             C:\Users\WilliamForney\source\repos\wforney\OpenLiveWriter\src\managed\bin\Debug\i386\Writer\OpenLiveWriter.Api.dll [C:\Users\WilliamForney\source\repos\wforney\OpenLiveWriter\src\managed\OpenLiveWriter.UnitTest\OpenLiveWriter.UnitTest.csproj]
C:\Program Files\Microsoft Visual Studio\18\Enterprise\MSBuild\Current\Bin\Microsoft.Common.CurrentVersion.targets(2437,5): warning MSB3277:             C:\Users\WilliamForney\source\repos\wforney\OpenLiveWriter\src\managed\bin\Debug\i386\Writer\OpenLiveWriter.Extensibility.dll [C:\Users\WilliamForney\source\repos\wforney\OpenLiveWriter\src\managed\OpenLiveWriter.UnitTest\OpenLiveWriter.UnitTest.csproj]
C:\Program Files\Microsoft Visual Studio\18\Enterprise\MSBuild\Current\Bin\Microsoft.Common.CurrentVersion.targets(2437,5): warning MSB3277:             C:\Users\WilliamForney\source\repos\wforney\OpenLiveWriter\src\managed\bin\Debug\i386\Writer\OpenLiveWriter.HtmlEditor.dll [C:\Users\WilliamForney\source\repos\wforney\OpenLiveWriter\src\managed\OpenLiveWriter.UnitTest\OpenLiveWriter.UnitTest.csproj]
C:\Program Files\Microsoft Visual Studio\18\Enterprise\MSBuild\Current\Bin\Microsoft.Common.CurrentVersion.targets(2437,5): warning MSB3277:             C:\Users\WilliamForney\source\repos\wforney\OpenLiveWriter\src\managed\bin\Debug\i386\Writer\OpenLiveWriter.PostEditor.dll [C:\Users\WilliamForney\source\repos\wforney\OpenLiveWriter\src\managed\OpenLiveWriter.UnitTest\OpenLiveWriter.UnitTest.csproj]
C:\Program Files\Microsoft Visual Studio\18\Enterprise\MSBuild\Current\Bin\Microsoft.Common.CurrentVersion.targets(2437,5): warning MSB3277:             Microsoft.Threading.Tasks.Extensions.Desktop, Version=1.0.168.0, Culture=neutral, PublicKeyToken=b03f5f7f11d50a3a, processorArchitecture=MSIL [C:\Users\WilliamForney\source\repos\wforney\OpenLiveWriter\src\managed\OpenLiveWriter.UnitTest\OpenLiveWriter.UnitTest.csproj]
C:\Program Files\Microsoft Visual Studio\18\Enterprise\MSBuild\Current\Bin\Microsoft.Common.CurrentVersion.targets(2437,5): warning MSB3277:             System.Data [C:\Users\WilliamForney\source\repos\wforney\OpenLiveWriter\src\managed\OpenLiveWriter.UnitTest\OpenLiveWriter.UnitTest.csproj]
C:\Program Files\Microsoft Visual Studio\18\Enterprise\MSBuild\Current\Bin\Microsoft.Common.CurrentVersion.targets(2437,5): warning MSB3277:         C:\Users\WilliamForney\source\repos\wforney\OpenLiveWriter\src\managed\bin\Debug\i386\Writer\Google.Apis.Core.dll [C:\Users\WilliamForney\source\repos\wforney\OpenLiveWriter\src\managed\OpenLiveWriter.UnitTest\OpenLiveWriter.UnitTest.csproj]
C:\Program Files\Microsoft Visual Studio\18\Enterprise\MSBuild\Current\Bin\Microsoft.Common.CurrentVersion.targets(2437,5): warning MSB3277:           Project file item includes which caused reference "C:\Users\WilliamForney\source\repos\wforney\OpenLiveWriter\src\managed\bin\Debug\i386\Writer\Google.Apis.Core.dll". [C:\Users\WilliamForney\source\repos\wforney\OpenLiveWriter\src\managed\OpenLiveWriter.UnitTest\OpenLiveWriter.UnitTest.csproj]
C:\Program Files\Microsoft Visual Studio\18\Enterprise\MSBuild\Current\Bin\Microsoft.Common.CurrentVersion.targets(2437,5): warning MSB3277:             C:\Users\WilliamForney\source\repos\wforney\OpenLiveWriter\src\managed\bin\Debug\i386\Writer\OpenLiveWriter.PostEditor.dll [C:\Users\WilliamForney\source\repos\wforney\OpenLiveWriter\src\managed\OpenLiveWriter.UnitTest\OpenLiveWriter.UnitTest.csproj]
C:\Program Files\Microsoft Visual Studio\18\Enterprise\MSBuild\Current\Bin\Microsoft.Common.CurrentVersion.targets(2437,5): warning MSB3277:         C:\Users\WilliamForney\source\repos\wforney\OpenLiveWriter\src\managed\bin\Debug\i386\Writer\Google.Apis.dll [C:\Users\WilliamForney\source\repos\wforney\OpenLiveWriter\src\managed\OpenLiveWriter.UnitTest\OpenLiveWriter.UnitTest.csproj]
C:\Program Files\Microsoft Visual Studio\18\Enterprise\MSBuild\Current\Bin\Microsoft.Common.CurrentVersion.targets(2437,5): warning MSB3277:           Project file item includes which caused reference "C:\Users\WilliamForney\source\repos\wforney\OpenLiveWriter\src\managed\bin\Debug\i386\Writer\Google.Apis.dll". [C:\Users\WilliamForney\source\repos\wforney\OpenLiveWriter\src\managed\OpenLiveWriter.UnitTest\OpenLiveWriter.UnitTest.csproj]
C:\Program Files\Microsoft Visual Studio\18\Enterprise\MSBuild\Current\Bin\Microsoft.Common.CurrentVersion.targets(2437,5): warning MSB3277:             C:\Users\WilliamForney\source\repos\wforney\OpenLiveWriter\src\managed\bin\Debug\i386\Writer\OpenLiveWriter.PostEditor.dll [C:\Users\WilliamForney\source\repos\wforney\OpenLiveWriter\src\managed\OpenLiveWriter.UnitTest\OpenLiveWriter.UnitTest.csproj]
C:\Program Files\Microsoft Visual Studio\18\Enterprise\MSBuild\Current\Bin\Microsoft.Common.CurrentVersion.targets(2437,5): warning MSB3277:         C:\Users\WilliamForney\source\repos\wforney\OpenLiveWriter\src\managed\bin\Debug\i386\Writer\Newtonsoft.Json.dll [C:\Users\WilliamForney\source\repos\wforney\OpenLiveWriter\src\managed\OpenLiveWriter.UnitTest\OpenLiveWriter.UnitTest.csproj]
C:\Program Files\Microsoft Visual Studio\18\Enterprise\MSBuild\Current\Bin\Microsoft.Common.CurrentVersion.targets(2437,5): warning MSB3277:           Project file item includes which caused reference "C:\Users\WilliamForney\source\repos\wforney\OpenLiveWriter\src\managed\bin\Debug\i386\Writer\Newtonsoft.Json.dll". [C:\Users\WilliamForney\source\repos\wforney\OpenLiveWriter\src\managed\OpenLiveWriter.UnitTest\OpenLiveWriter.UnitTest.csproj]
C:\Program Files\Microsoft Visual Studio\18\Enterprise\MSBuild\Current\Bin\Microsoft.Common.CurrentVersion.targets(2437,5): warning MSB3277:             C:\Users\WilliamForney\source\repos\wforney\OpenLiveWriter\src\managed\bin\Debug\i386\Writer\OpenLiveWriter.PostEditor.dll [C:\Users\WilliamForney\source\repos\wforney\OpenLiveWriter\src\managed\OpenLiveWriter.UnitTest\OpenLiveWriter.UnitTest.csproj]
C:\Program Files\Microsoft Visual Studio\18\Enterprise\MSBuild\Current\Bin\Microsoft.Common.CurrentVersion.targets(2437,5): warning MSB3277:         C:\Users\WilliamForney\source\repos\wforney\OpenLiveWriter\src\managed\bin\Debug\i386\Writer\YamlDotNet.dll [C:\Users\WilliamForney\source\repos\wforney\OpenLiveWriter\src\managed\OpenLiveWriter.UnitTest\OpenLiveWriter.UnitTest.csproj]
C:\Program Files\Microsoft Visual Studio\18\Enterprise\MSBuild\Current\Bin\Microsoft.Common.CurrentVersion.targets(2437,5): warning MSB3277:           Project file item includes which caused reference "C:\Users\WilliamForney\source\repos\wforney\OpenLiveWriter\src\managed\bin\Debug\i386\Writer\YamlDotNet.dll". [C:\Users\WilliamForney\source\repos\wforney\OpenLiveWriter\src\managed\OpenLiveWriter.UnitTest\OpenLiveWriter.UnitTest.csproj]
C:\Program Files\Microsoft Visual Studio\18\Enterprise\MSBuild\Current\Bin\Microsoft.Common.CurrentVersion.targets(2437,5): warning MSB3277:             C:\Users\WilliamForney\source\repos\wforney\OpenLiveWriter\src\managed\bin\Debug\i386\Writer\OpenLiveWriter.PostEditor.dll [C:\Users\WilliamForney\source\repos\wforney\OpenLiveWriter\src\managed\OpenLiveWriter.UnitTest\OpenLiveWriter.UnitTest.csproj]
C:\Program Files\Microsoft Visual Studio\18\Enterprise\MSBuild\Current\Bin\Microsoft.Common.CurrentVersion.targets(2437,5): warning MSB3277:         C:\Windows\Microsoft.Net\assembly\GAC_MSIL\Microsoft.CSharp\v4.0_4.0.0.0__b03f5f7f11d50a3a\Microsoft.CSharp.dll [C:\Users\WilliamForney\source\repos\wforney\OpenLiveWriter\src\managed\OpenLiveWriter.UnitTest\OpenLiveWriter.UnitTest.csproj]
C:\Program Files\Microsoft Visual Studio\18\Enterprise\MSBuild\Current\Bin\Microsoft.Common.CurrentVersion.targets(2437,5): warning MSB3277:           Project file item includes which caused reference "C:\Windows\Microsoft.Net\assembly\GAC_MSIL\Microsoft.CSharp\v4.0_4.0.0.0__b03f5f7f11d50a3a\Microsoft.CSharp.dll". [C:\Users\WilliamForney\source\repos\wforney\OpenLiveWriter\src\managed\OpenLiveWriter.UnitTest\OpenLiveWriter.UnitTest.csproj]
C:\Program Files\Microsoft Visual Studio\18\Enterprise\MSBuild\Current\Bin\Microsoft.Common.CurrentVersion.targets(2437,5): warning MSB3277:             C:\Users\WilliamForney\source\repos\wforney\OpenLiveWriter\src\managed\bin\Debug\i386\Writer\OpenLiveWriter.PostEditor.dll [C:\Users\WilliamForney\source\repos\wforney\OpenLiveWriter\src\managed\OpenLiveWriter.UnitTest\OpenLiveWriter.UnitTest.csproj]
C:\Program Files\Microsoft Visual Studio\18\Enterprise\MSBuild\Current\Bin\Microsoft.Common.CurrentVersion.targets(2437,5): warning MSB3277:         C:\Windows\Microsoft.Net\assembly\GAC_MSIL\System.Xml.Linq\v4.0_4.0.0.0__b77a5c561934e089\System.Xml.Linq.dll [C:\Users\WilliamForney\source\repos\wforney\OpenLiveWriter\src\managed\OpenLiveWriter.UnitTest\OpenLiveWriter.UnitTest.csproj]
C:\Program Files\Microsoft Visual Studio\18\Enterprise\MSBuild\Current\Bin\Microsoft.Common.CurrentVersion.targets(2437,5): warning MSB3277:           Project file item includes which caused reference "C:\Windows\Microsoft.Net\assembly\GAC_MSIL\System.Xml.Linq\v4.0_4.0.0.0__b77a5c561934e089\System.Xml.Linq.dll". [C:\Users\WilliamForney\source\repos\wforney\OpenLiveWriter\src\managed\OpenLiveWriter.UnitTest\OpenLiveWriter.UnitTest.csproj]
C:\Program Files\Microsoft Visual Studio\18\Enterprise\MSBuild\Current\Bin\Microsoft.Common.CurrentVersion.targets(2437,5): warning MSB3277:             C:\Users\WilliamForney\source\repos\wforney\OpenLiveWriter\src\managed\bin\Debug\i386\Writer\OpenLiveWriter.PostEditor.dll [C:\Users\WilliamForney\source\repos\wforney\OpenLiveWriter\src\managed\OpenLiveWriter.UnitTest\OpenLiveWriter.UnitTest.csproj]
C:\Program Files\Microsoft Visual Studio\18\Enterprise\MSBuild\Current\Bin\Microsoft.Common.CurrentVersion.targets(2437,5): warning MSB3277:             Microsoft.Threading.Tasks.Extensions.Desktop, Version=1.0.168.0, Culture=neutral, PublicKeyToken=b03f5f7f11d50a3a, processorArchitecture=MSIL [C:\Users\WilliamForney\source\repos\wforney\OpenLiveWriter\src\managed\OpenLiveWriter.UnitTest\OpenLiveWriter.UnitTest.csproj]
C:\Program Files\Microsoft Visual Studio\18\Enterprise\MSBuild\Current\Bin\Microsoft.Common.CurrentVersion.targets(2437,5): warning MSB3277:         C:\Windows\Microsoft.Net\assembly\GAC_MSIL\WindowsBase\v4.0_4.0.0.0__31bf3856ad364e35\WindowsBase.dll [C:\Users\WilliamForney\source\repos\wforney\OpenLiveWriter\src\managed\OpenLiveWriter.UnitTest\OpenLiveWriter.UnitTest.csproj]
C:\Program Files\Microsoft Visual Studio\18\Enterprise\MSBuild\Current\Bin\Microsoft.Common.CurrentVersion.targets(2437,5): warning MSB3277:           Project file item includes which caused reference "C:\Windows\Microsoft.Net\assembly\GAC_MSIL\WindowsBase\v4.0_4.0.0.0__31bf3856ad364e35\WindowsBase.dll". [C:\Users\WilliamForney\source\repos\wforney\OpenLiveWriter\src\managed\OpenLiveWriter.UnitTest\OpenLiveWriter.UnitTest.csproj]
C:\Program Files\Microsoft Visual Studio\18\Enterprise\MSBuild\Current\Bin\Microsoft.Common.CurrentVersion.targets(2437,5): warning MSB3277:             C:\Users\WilliamForney\source\repos\wforney\OpenLiveWriter\src\managed\bin\Debug\i386\Writer\OpenLiveWriter.PostEditor.dll [C:\Users\WilliamForney\source\repos\wforney\OpenLiveWriter\src\managed\OpenLiveWriter.UnitTest\OpenLiveWriter.UnitTest.csproj]
C:\Program Files\Microsoft Visual Studio\18\Enterprise\MSBuild\Current\Bin\Microsoft.Common.CurrentVersion.targets(2437,5): warning MSB3277:         C:\Windows\Microsoft.Net\assembly\GAC_MSIL\System.IdentityModel\v4.0_4.0.0.0__b77a5c561934e089\System.IdentityModel.dll [C:\Users\WilliamForney\source\repos\wforney\OpenLiveWriter\src\managed\OpenLiveWriter.UnitTest\OpenLiveWriter.UnitTest.csproj]
C:\Program Files\Microsoft Visual Studio\18\Enterprise\MSBuild\Current\Bin\Microsoft.Common.CurrentVersion.targets(2437,5): warning MSB3277:           Project file item includes which caused reference "C:\Windows\Microsoft.Net\assembly\GAC_MSIL\System.IdentityModel\v4.0_4.0.0.0__b77a5c561934e089\System.IdentityModel.dll". [C:\Users\WilliamForney\source\repos\wforney\OpenLiveWriter\src\managed\OpenLiveWriter.UnitTest\OpenLiveWriter.UnitTest.csproj]
C:\Program Files\Microsoft Visual Studio\18\Enterprise\MSBuild\Current\Bin\Microsoft.Common.CurrentVersion.targets(2437,5): warning MSB3277:             Microsoft.Threading.Tasks.Extensions.Desktop, Version=1.0.168.0, Culture=neutral, PublicKeyToken=b03f5f7f11d50a3a, processorArchitecture=MSIL [C:\Users\WilliamForney\source\repos\wforney\OpenLiveWriter\src\managed\OpenLiveWriter.UnitTest\OpenLiveWriter.UnitTest.csproj]
C:\Program Files\Microsoft Visual Studio\18\Enterprise\MSBuild\Current\Bin\Microsoft.Common.CurrentVersion.targets(2437,5): warning MSB3277:             C:\Users\WilliamForney\source\repos\wforney\OpenLiveWriter\src\managed\bin\Debug\i386\Writer\OpenLiveWriter.PostEditor.dll [C:\Users\WilliamForney\source\repos\wforney\OpenLiveWriter\src\managed\OpenLiveWriter.UnitTest\OpenLiveWriter.UnitTest.csproj]
C:\Program Files\Microsoft Visual Studio\18\Enterprise\MSBuild\Current\Bin\Microsoft.Common.CurrentVersion.targets(2437,5): warning MSB3277:         C:\Windows\Microsoft.Net\assembly\GAC_MSIL\System.Runtime.DurableInstancing\v4.0_4.0.0.0__31bf3856ad364e35\System.Runtime.DurableInstancing.dll [C:\Users\WilliamForney\source\repos\wforney\OpenLiveWriter\src\managed\OpenLiveWriter.UnitTest\OpenLiveWriter.UnitTest.csproj]
C:\Program Files\Microsoft Visual Studio\18\Enterprise\MSBuild\Current\Bin\Microsoft.Common.CurrentVersion.targets(2437,5): warning MSB3277:           Project file item includes which caused reference "C:\Windows\Microsoft.Net\assembly\GAC_MSIL\System.Runtime.DurableInstancing\v4.0_4.0.0.0__31bf3856ad364e35\System.Runtime.DurableInstancing.dll". [C:\Users\WilliamForney\source\repos\wforney\OpenLiveWriter\src\managed\OpenLiveWriter.UnitTest\OpenLiveWriter.UnitTest.csproj]
C:\Program Files\Microsoft Visual Studio\18\Enterprise\MSBuild\Current\Bin\Microsoft.Common.CurrentVersion.targets(2437,5): warning MSB3277:             Microsoft.Threading.Tasks.Extensions.Desktop, Version=1.0.168.0, Culture=neutral, PublicKeyToken=b03f5f7f11d50a3a, processorArchitecture=MSIL [C:\Users\WilliamForney\source\repos\wforney\OpenLiveWriter\src\managed\OpenLiveWriter.UnitTest\OpenLiveWriter.UnitTest.csproj]
C:\Program Files\Microsoft Visual Studio\18\Enterprise\MSBuild\Current\Bin\Microsoft.Common.CurrentVersion.targets(2437,5): warning MSB3277:             C:\Users\WilliamForney\source\repos\wforney\OpenLiveWriter\src\managed\bin\Debug\i386\Writer\OpenLiveWriter.PostEditor.dll [C:\Users\WilliamForney\source\repos\wforney\OpenLiveWriter\src\managed\OpenLiveWriter.UnitTest\OpenLiveWriter.UnitTest.csproj]
C:\Program Files\Microsoft Visual Studio\18\Enterprise\MSBuild\Current\Bin\Microsoft.Common.CurrentVersion.targets(2437,5): warning MSB3277:         C:\Windows\Microsoft.Net\assembly\GAC_MSIL\System.ServiceModel.Activation\v4.0_4.0.0.0__31bf3856ad364e35\System.ServiceModel.Activation.dll [C:\Users\WilliamForney\source\repos\wforney\OpenLiveWriter\src\managed\OpenLiveWriter.UnitTest\OpenLiveWriter.UnitTest.csproj]
C:\Program Files\Microsoft Visual Studio\18\Enterprise\MSBuild\Current\Bin\Microsoft.Common.CurrentVersion.targets(2437,5): warning MSB3277:           Project file item includes which caused reference "C:\Windows\Microsoft.Net\assembly\GAC_MSIL\System.ServiceModel.Activation\v4.0_4.0.0.0__31bf3856ad364e35\System.ServiceModel.Activation.dll". [C:\Users\WilliamForney\source\repos\wforney\OpenLiveWriter\src\managed\OpenLiveWriter.UnitTest\OpenLiveWriter.UnitTest.csproj]
C:\Program Files\Microsoft Visual Studio\18\Enterprise\MSBuild\Current\Bin\Microsoft.Common.CurrentVersion.targets(2437,5): warning MSB3277:             Microsoft.Threading.Tasks.Extensions.Desktop, Version=1.0.168.0, Culture=neutral, PublicKeyToken=b03f5f7f11d50a3a, processorArchitecture=MSIL [C:\Users\WilliamForney\source\repos\wforney\OpenLiveWriter\src\managed\OpenLiveWriter.UnitTest\OpenLiveWriter.UnitTest.csproj]
C:\Program Files\Microsoft Visual Studio\18\Enterprise\MSBuild\Current\Bin\Microsoft.Common.CurrentVersion.targets(2437,5): warning MSB3277:             C:\Users\WilliamForney\source\repos\wforney\OpenLiveWriter\src\managed\bin\Debug\i386\Writer\OpenLiveWriter.PostEditor.dll [C:\Users\WilliamForney\source\repos\wforney\OpenLiveWriter\src\managed\OpenLiveWriter.UnitTest\OpenLiveWriter.UnitTest.csproj]
C:\Program Files\Microsoft Visual Studio\18\Enterprise\MSBuild\Current\Bin\Microsoft.Common.CurrentVersion.targets(2437,5): warning MSB3277:         C:\Windows\Microsoft.Net\assembly\GAC_MSIL\System.ComponentModel.Composition\v4.0_4.0.0.0__b77a5c561934e089\System.ComponentModel.Composition.dll [C:\Users\WilliamForney\source\repos\wforney\OpenLiveWriter\src\managed\OpenLiveWriter.UnitTest\OpenLiveWriter.UnitTest.csproj]
C:\Program Files\Microsoft Visual Studio\18\Enterprise\MSBuild\Current\Bin\Microsoft.Common.CurrentVersion.targets(2437,5): warning MSB3277:           Project file item includes which caused reference "C:\Windows\Microsoft.Net\assembly\GAC_MSIL\System.ComponentModel.Composition\v4.0_4.0.0.0__b77a5c561934e089\System.ComponentModel.Composition.dll". [C:\Users\WilliamForney\source\repos\wforney\OpenLiveWriter\src\managed\OpenLiveWriter.UnitTest\OpenLiveWriter.UnitTest.csproj]
C:\Program Files\Microsoft Visual Studio\18\Enterprise\MSBuild\Current\Bin\Microsoft.Common.CurrentVersion.targets(2437,5): warning MSB3277:             System.Net.Http.Primitives, Version=4.2.29.0, Culture=neutral, PublicKeyToken=b03f5f7f11d50a3a, processorArchitecture=MSIL [C:\Users\WilliamForney\source\repos\wforney\OpenLiveWriter\src\managed\OpenLiveWriter.UnitTest\OpenLiveWriter.UnitTest.csproj]
C:\Program Files\Microsoft Visual Studio\18\Enterprise\MSBuild\Current\Bin\Microsoft.Common.CurrentVersion.targets(2437,5): warning MSB3277:         C:\Windows\Microsoft.Net\assembly\GAC_MSIL\System.Dynamic\v4.0_4.0.0.0__b03f5f7f11d50a3a\System.Dynamic.dll [C:\Users\WilliamForney\source\repos\wforney\OpenLiveWriter\src\managed\OpenLiveWriter.UnitTest\OpenLiveWriter.UnitTest.csproj]
C:\Program Files\Microsoft Visual Studio\18\Enterprise\MSBuild\Current\Bin\Microsoft.Common.CurrentVersion.targets(2437,5): warning MSB3277:           Project file item includes which caused reference "C:\Windows\Microsoft.Net\assembly\GAC_MSIL\System.Dynamic\v4.0_4.0.0.0__b03f5f7f11d50a3a\System.Dynamic.dll". [C:\Users\WilliamForney\source\repos\wforney\OpenLiveWriter\src\managed\OpenLiveWriter.UnitTest\OpenLiveWriter.UnitTest.csproj]
C:\Program Files\Microsoft Visual Studio\18\Enterprise\MSBuild\Current\Bin\Microsoft.Common.CurrentVersion.targets(2437,5): warning MSB3277:             C:\Users\WilliamForney\source\repos\wforney\OpenLiveWriter\src\managed\bin\Debug\i386\Writer\OpenLiveWriter.PostEditor.dll [C:\Users\WilliamForney\source\repos\wforney\OpenLiveWriter\src\managed\OpenLiveWriter.UnitTest\OpenLiveWriter.UnitTest.csproj]
C:\Program Files\Microsoft Visual Studio\18\Enterprise\MSBuild\Current\Bin\Microsoft.Common.CurrentVersion.targets(2437,5): warning MSB3277:         C:\Windows\Microsoft.Net\assembly\GAC_MSIL\System.ServiceModel.Activities\v4.0_4.0.0.0__31bf3856ad364e35\System.ServiceModel.Activities.dll [C:\Users\WilliamForney\source\repos\wforney\OpenLiveWriter\src\managed\OpenLiveWriter.UnitTest\OpenLiveWriter.UnitTest.csproj]
C:\Program Files\Microsoft Visual Studio\18\Enterprise\MSBuild\Current\Bin\Microsoft.Common.CurrentVersion.targets(2437,5): warning MSB3277:           Project file item includes which caused reference "C:\Windows\Microsoft.Net\assembly\GAC_MSIL\System.ServiceModel.Activities\v4.0_4.0.0.0__31bf3856ad364e35\System.ServiceModel.Activities.dll". [C:\Users\WilliamForney\source\repos\wforney\OpenLiveWriter\src\managed\OpenLiveWriter.UnitTest\OpenLiveWriter.UnitTest.csproj]
C:\Program Files\Microsoft Visual Studio\18\Enterprise\MSBuild\Current\Bin\Microsoft.Common.CurrentVersion.targets(2437,5): warning MSB3277:             Microsoft.Threading.Tasks.Extensions.Desktop, Version=1.0.168.0, Culture=neutral, PublicKeyToken=b03f5f7f11d50a3a, processorArchitecture=MSIL [C:\Users\WilliamForney\source\repos\wforney\OpenLiveWriter\src\managed\OpenLiveWriter.UnitTest\OpenLiveWriter.UnitTest.csproj]
C:\Program Files\Microsoft Visual Studio\18\Enterprise\MSBuild\Current\Bin\Microsoft.Common.CurrentVersion.targets(2437,5): warning MSB3277:             C:\Users\WilliamForney\source\repos\wforney\OpenLiveWriter\src\managed\bin\Debug\i386\Writer\OpenLiveWriter.PostEditor.dll [C:\Users\WilliamForney\source\repos\wforney\OpenLiveWriter\src\managed\OpenLiveWriter.UnitTest\OpenLiveWriter.UnitTest.csproj]
C:\Program Files\Microsoft Visual Studio\18\Enterprise\MSBuild\Current\Bin\Microsoft.Common.CurrentVersion.targets(2437,5): warning MSB3277:         C:\Windows\Microsoft.Net\assembly\GAC_MSIL\System.Activities\v4.0_4.0.0.0__31bf3856ad364e35\System.Activities.dll [C:\Users\WilliamForney\source\repos\wforney\OpenLiveWriter\src\managed\OpenLiveWriter.UnitTest\OpenLiveWriter.UnitTest.csproj]
C:\Program Files\Microsoft Visual Studio\18\Enterprise\MSBuild\Current\Bin\Microsoft.Common.CurrentVersion.targets(2437,5): warning MSB3277:           Project file item includes which caused reference "C:\Windows\Microsoft.Net\assembly\GAC_MSIL\System.Activities\v4.0_4.0.0.0__31bf3856ad364e35\System.Activities.dll". [C:\Users\WilliamForney\source\repos\wforney\OpenLiveWriter\src\managed\OpenLiveWriter.UnitTest\OpenLiveWriter.UnitTest.csproj]
C:\Program Files\Microsoft Visual Studio\18\Enterprise\MSBuild\Current\Bin\Microsoft.Common.CurrentVersion.targets(2437,5): warning MSB3277:             Microsoft.Threading.Tasks.Extensions.Desktop, Version=1.0.168.0, Culture=neutral, PublicKeyToken=b03f5f7f11d50a3a, processorArchitecture=MSIL [C:\Users\WilliamForney\source\repos\wforney\OpenLiveWriter\src\managed\OpenLiveWriter.UnitTest\OpenLiveWriter.UnitTest.csproj]
C:\Program Files\Microsoft Visual Studio\18\Enterprise\MSBuild\Current\Bin\Microsoft.Common.CurrentVersion.targets(2437,5): warning MSB3277:             C:\Users\WilliamForney\source\repos\wforney\OpenLiveWriter\src\managed\bin\Debug\i386\Writer\OpenLiveWriter.PostEditor.dll [C:\Users\WilliamForney\source\repos\wforney\OpenLiveWriter\src\managed\OpenLiveWriter.UnitTest\OpenLiveWriter.UnitTest.csproj]
C:\Program Files\Microsoft Visual Studio\18\Enterprise\MSBuild\Current\Bin\Microsoft.Common.CurrentVersion.targets(2437,5): warning MSB3277:         C:\Windows\Microsoft.Net\assembly\GAC_MSIL\System.Activities.DurableInstancing\v4.0_4.0.0.0__31bf3856ad364e35\System.Activities.DurableInstancing.dll [C:\Users\WilliamForney\source\repos\wforney\OpenLiveWriter\src\managed\OpenLiveWriter.UnitTest\OpenLiveWriter.UnitTest.csproj]
C:\Program Files\Microsoft Visual Studio\18\Enterprise\MSBuild\Current\Bin\Microsoft.Common.CurrentVersion.targets(2437,5): warning MSB3277:           Project file item includes which caused reference "C:\Windows\Microsoft.Net\assembly\GAC_MSIL\System.Activities.DurableInstancing\v4.0_4.0.0.0__31bf3856ad364e35\System.Activities.DurableInstancing.dll". [C:\Users\WilliamForney\source\repos\wforney\OpenLiveWriter\src\managed\OpenLiveWriter.UnitTest\OpenLiveWriter.UnitTest.csproj]
C:\Program Files\Microsoft Visual Studio\18\Enterprise\MSBuild\Current\Bin\Microsoft.Common.CurrentVersion.targets(2437,5): warning MSB3277:             Microsoft.Threading.Tasks.Extensions.Desktop, Version=1.0.168.0, Culture=neutral, PublicKeyToken=b03f5f7f11d50a3a, processorArchitecture=MSIL [C:\Users\WilliamForney\source\repos\wforney\OpenLiveWriter\src\managed\OpenLiveWriter.UnitTest\OpenLiveWriter.UnitTest.csproj]
C:\Program Files\Microsoft Visual Studio\18\Enterprise\MSBuild\Current\Bin\Microsoft.Common.CurrentVersion.targets(2437,5): warning MSB3277:             C:\Users\WilliamForney\source\repos\wforney\OpenLiveWriter\src\managed\bin\Debug\i386\Writer\OpenLiveWriter.PostEditor.dll [C:\Users\WilliamForney\source\repos\wforney\OpenLiveWriter\src\managed\OpenLiveWriter.UnitTest\OpenLiveWriter.UnitTest.csproj]
C:\Program Files\Microsoft Visual Studio\18\Enterprise\MSBuild\Current\Bin\Microsoft.Common.CurrentVersion.targets(2437,5): warning MSB3277:         C:\Windows\Microsoft.Net\assembly\GAC_32\Microsoft.VisualBasic.Activities.Compiler\v4.0_10.0.0.0__b03f5f7f11d50a3a\Microsoft.VisualBasic.Activities.Compiler.dll [C:\Users\WilliamForney\source\repos\wforney\OpenLiveWriter\src\managed\OpenLiveWriter.UnitTest\OpenLiveWriter.UnitTest.csproj]
C:\Program Files\Microsoft Visual Studio\18\Enterprise\MSBuild\Current\Bin\Microsoft.Common.CurrentVersion.targets(2437,5): warning MSB3277:           Project file item includes which caused reference "C:\Windows\Microsoft.Net\assembly\GAC_32\Microsoft.VisualBasic.Activities.Compiler\v4.0_10.0.0.0__b03f5f7f11d50a3a\Microsoft.VisualBasic.Activities.Compiler.dll". [C:\Users\WilliamForney\source\repos\wforney\OpenLiveWriter\src\managed\OpenLiveWriter.UnitTest\OpenLiveWriter.UnitTest.csproj]
C:\Program Files\Microsoft Visual Studio\18\Enterprise\MSBuild\Current\Bin\Microsoft.Common.CurrentVersion.targets(2437,5): warning MSB3277:             Microsoft.Threading.Tasks.Extensions.Desktop, Version=1.0.168.0, Culture=neutral, PublicKeyToken=b03f5f7f11d50a3a, processorArchitecture=MSIL [C:\Users\WilliamForney\source\repos\wforney\OpenLiveWriter\src\managed\OpenLiveWriter.UnitTest\OpenLiveWriter.UnitTest.csproj]
C:\Program Files\Microsoft Visual Studio\18\Enterprise\MSBuild\Current\Bin\Microsoft.Common.CurrentVersion.targets(2437,5): warning MSB3277:             C:\Users\WilliamForney\source\repos\wforney\OpenLiveWriter\src\managed\bin\Debug\i386\Writer\OpenLiveWriter.PostEditor.dll [C:\Users\WilliamForney\source\repos\wforney\OpenLiveWriter\src\managed\OpenLiveWriter.UnitTest\OpenLiveWriter.UnitTest.csproj]
C:\Program Files\Microsoft Visual Studio\18\Enterprise\MSBuild\Current\Bin\Microsoft.Common.CurrentVersion.targets(2437,5): warning MSB3277:         C:\Windows\Microsoft.Net\assembly\GAC_MSIL\Microsoft.VisualBasic\v4.0_10.0.0.0__b03f5f7f11d50a3a\Microsoft.VisualBasic.dll [C:\Users\WilliamForney\source\repos\wforney\OpenLiveWriter\src\managed\OpenLiveWriter.UnitTest\OpenLiveWriter.UnitTest.csproj]
C:\Program Files\Microsoft Visual Studio\18\Enterprise\MSBuild\Current\Bin\Microsoft.Common.CurrentVersion.targets(2437,5): warning MSB3277:           Project file item includes which caused reference "C:\Windows\Microsoft.Net\assembly\GAC_MSIL\Microsoft.VisualBasic\v4.0_10.0.0.0__b03f5f7f11d50a3a\Microsoft.VisualBasic.dll". [C:\Users\WilliamForney\source\repos\wforney\OpenLiveWriter\src\managed\OpenLiveWriter.UnitTest\OpenLiveWriter.UnitTest.csproj]
C:\Program Files\Microsoft Visual Studio\18\Enterprise\MSBuild\Current\Bin\Microsoft.Common.CurrentVersion.targets(2437,5): warning MSB3277:             Microsoft.Threading.Tasks.Extensions.Desktop, Version=1.0.168.0, Culture=neutral, PublicKeyToken=b03f5f7f11d50a3a, processorArchitecture=MSIL [C:\Users\WilliamForney\source\repos\wforney\OpenLiveWriter\src\managed\OpenLiveWriter.UnitTest\OpenLiveWriter.UnitTest.csproj]
C:\Program Files\Microsoft Visual Studio\18\Enterprise\MSBuild\Current\Bin\Microsoft.Common.CurrentVersion.targets(2437,5): warning MSB3277:             C:\Users\WilliamForney\source\repos\wforney\OpenLiveWriter\src\managed\bin\Debug\i386\Writer\OpenLiveWriter.PostEditor.dll [C:\Users\WilliamForney\source\repos\wforney\OpenLiveWriter\src\managed\OpenLiveWriter.UnitTest\OpenLiveWriter.UnitTest.csproj]
  Consider app.config remapping of assembly "mscorlib, Culture=neutral, PublicKeyToken=b77a5c561934e089" from Version "2.0.5.0" [] to Version "4.0.0.0" [C:\Windows\Microsoft.NET\Framework\v4.0.30319\mscorlib.dll] to solve conflict and get rid of warning.
  Consider app.config remapping of assembly "System, Culture=neutral, PublicKeyToken=b77a5c561934e089" from Version "2.0.5.0" [] to Version "4.0.0.0" [C:\Windows\Microsoft.Net\assembly\GAC_MSIL\System\v4.0_4.0.0.0__b77a5c561934e089\System.dll] to solve conflict and get rid of warning.
  Consider app.config remapping of assembly "System.Data, Culture=neutral, PublicKeyToken=b77a5c561934e089" from Version "2.0.0.0" [C:\Windows\assembly\GAC_32\System.Data\2.0.0.0__b77a5c561934e089\System.Data.dll] to Version "4.0.0.0" [C:\Windows\Microsoft.Net\assembly\GAC_32\System.Data\v4.0_4.0.0.0__b77a5c561934e089\System.Data.dll] to solve conflict and get rid of warning.
  Consider app.config remapping of assembly "System.Net.Http, Culture=neutral, PublicKeyToken=b03f5f7f11d50a3a" from Version "1.5.0.0" [] to Version "4.0.0.0" [C:\Windows\Microsoft.Net\assembly\GAC_MSIL\System.Net.Http\v4.0_4.0.0.0__b03f5f7f11d50a3a\System.Net.Http.dll] to solve conflict and get rid of warning.
  Consider app.config remapping of assembly "System.Xml, Culture=neutral, PublicKeyToken=b77a5c561934e089" from Version "2.0.0.0" [C:\Windows\assembly\GAC_MSIL\System.Xml\2.0.0.0__b77a5c561934e089\System.Xml.dll] to Version "4.0.0.0" [C:\Windows\Microsoft.Net\assembly\GAC_MSIL\System.Xml\v4.0_4.0.0.0__b77a5c561934e089\System.Xml.dll] to solve conflict and get rid of warning.
  Consider app.config remapping of assembly "System.Drawing, Culture=neutral, PublicKeyToken=b03f5f7f11d50a3a" from Version "2.0.0.0" [C:\Windows\assembly\GAC_MSIL\System.Drawing\2.0.0.0__b03f5f7f11d50a3a\System.Drawing.dll] to Version "4.0.0.0" [C:\Windows\Microsoft.Net\assembly\GAC_MSIL\System.Drawing\v4.0_4.0.0.0__b03f5f7f11d50a3a\System.Drawing.dll] to solve conflict and get rid of warning.
  Consider app.config remapping of assembly "System.Windows.Forms, Culture=neutral, PublicKeyToken=b77a5c561934e089" from Version "2.0.0.0" [C:\Windows\assembly\GAC_MSIL\System.Windows.Forms\2.0.0.0__b77a5c561934e089\System.Windows.Forms.dll] to Version "4.0.0.0" [C:\Windows\Microsoft.Net\assembly\GAC_MSIL\System.Windows.Forms\v4.0_4.0.0.0__b77a5c561934e089\System.Windows.Forms.dll] to solve conflict and get rid of warning.
  Consider app.config remapping of assembly "System.Security, Culture=neutral, PublicKeyToken=b03f5f7f11d50a3a" from Version "2.0.0.0" [C:\Windows\assembly\GAC_MSIL\System.Security\2.0.0.0__b03f5f7f11d50a3a\System.Security.dll] to Version "4.0.0.0" [C:\Windows\Microsoft.Net\assembly\GAC_MSIL\System.Security\v4.0_4.0.0.0__b03f5f7f11d50a3a\System.Security.dll] to solve conflict and get rid of warning.
  Consider app.config remapping of assembly "System.Web, Culture=neutral, PublicKeyToken=b03f5f7f11d50a3a" from Version "2.0.0.0" [C:\Windows\assembly\GAC_32\System.Web\2.0.0.0__b03f5f7f11d50a3a\System.Web.dll] to Version "4.0.0.0" [C:\Windows\Microsoft.Net\assembly\GAC_32\System.Web\v4.0_4.0.0.0__b03f5f7f11d50a3a\System.Web.dll] to solve conflict and get rid of warning.
  Consider app.config remapping of assembly "System.Runtime, Culture=neutral, PublicKeyToken=b03f5f7f11d50a3a" from Version "1.5.11.0" [] to Version "4.0.0.0" [C:\Windows\Microsoft.Net\assembly\GAC_MSIL\System.Runtime\v4.0_4.0.0.0__b03f5f7f11d50a3a\System.Runtime.dll] to solve conflict and get rid of warning.
  Consider app.config remapping of assembly "System.Configuration, Culture=neutral, PublicKeyToken=b03f5f7f11d50a3a" from Version "2.0.0.0" [C:\Windows\assembly\GAC_MSIL\System.Configuration\2.0.0.0__b03f5f7f11d50a3a\System.Configuration.dll] to Version "4.0.0.0" [C:\Windows\Microsoft.Net\assembly\GAC_MSIL\System.Configuration\v4.0_4.0.0.0__b03f5f7f11d50a3a\System.Configuration.dll] to solve conflict and get rid of warning.
  Consider app.config remapping of assembly "System.Web.Services, Culture=neutral, PublicKeyToken=b03f5f7f11d50a3a" from Version "2.0.0.0" [C:\Windows\assembly\GAC_MSIL\System.Web.Services\2.0.0.0__b03f5f7f11d50a3a\System.Web.Services.dll] to Version "4.0.0.0" [C:\Windows\Microsoft.Net\assembly\GAC_MSIL\System.Web.Services\v4.0_4.0.0.0__b03f5f7f11d50a3a\System.Web.Services.dll] to solve conflict and get rid of warning.
  Consider app.config remapping of assembly "System.Transactions, Culture=neutral, PublicKeyToken=b77a5c561934e089" from Version "2.0.0.0" [C:\Windows\assembly\GAC_32\System.Transactions\2.0.0.0__b77a5c561934e089\System.Transactions.dll] to Version "4.0.0.0" [C:\Windows\Microsoft.Net\assembly\GAC_32\System.Transactions\v4.0_4.0.0.0__b77a5c561934e089\System.Transactions.dll] to solve conflict and get rid of warning.
  Consider app.config remapping of assembly "System.EnterpriseServices, Culture=neutral, PublicKeyToken=b03f5f7f11d50a3a" from Version "2.0.0.0" [C:\Windows\assembly\GAC_32\System.EnterpriseServices\2.0.0.0__b03f5f7f11d50a3a\System.EnterpriseServices.dll] to Version "4.0.0.0" [C:\Windows\Microsoft.Net\assembly\GAC_32\System.EnterpriseServices\v4.0_4.0.0.0__b03f5f7f11d50a3a\System.EnterpriseServices.dll] to solve conflict and get rid of warning.
  Consider app.config remapping of assembly "System.Data.SqlXml, Culture=neutral, PublicKeyToken=b77a5c561934e089" from Version "2.0.0.0" [C:\Windows\assembly\GAC_MSIL\System.Data.SqlXml\2.0.0.0__b77a5c561934e089\System.Data.SqlXml.dll] to Version "4.0.0.0" [C:\Windows\Microsoft.Net\assembly\GAC_MSIL\System.Data.SqlXml\v4.0_4.0.0.0__b77a5c561934e089\System.Data.SqlXml.dll] to solve conflict and get rid of warning.
  Consider app.config remapping of assembly "Accessibility, Culture=neutral, PublicKeyToken=b03f5f7f11d50a3a" from Version "2.0.0.0" [C:\Windows\assembly\GAC_MSIL\Accessibility\2.0.0.0__b03f5f7f11d50a3a\Accessibility.dll] to Version "4.0.0.0" [C:\Windows\Microsoft.Net\assembly\GAC_MSIL\Accessibility\v4.0_4.0.0.0__b03f5f7f11d50a3a\Accessibility.dll] to solve conflict and get rid of warning.
  Consider app.config remapping of assembly "System.Deployment, Culture=neutral, PublicKeyToken=b03f5f7f11d50a3a" from Version "2.0.0.0" [C:\Windows\assembly\GAC_MSIL\System.Deployment\2.0.0.0__b03f5f7f11d50a3a\System.Deployment.dll] to Version "4.0.0.0" [C:\Windows\Microsoft.Net\assembly\GAC_MSIL\System.Deployment\v4.0_4.0.0.0__b03f5f7f11d50a3a\System.Deployment.dll] to solve conflict and get rid of warning.
  Consider app.config remapping of assembly "System.Runtime.Serialization.Formatters.Soap, Culture=neutral, PublicKeyToken=b03f5f7f11d50a3a" from Version "2.0.0.0" [C:\Windows\assembly\GAC_MSIL\System.Runtime.Serialization.Formatters.Soap\2.0.0.0__b03f5f7f11d50a3a\System.Runtime.Serialization.Formatters.Soap.dll] to Version "4.0.0.0" [C:\Windows\Microsoft.Net\assembly\GAC_MSIL\System.Runtime.Serialization.Formatters.Soap\v4.0_4.0.0.0__b03f5f7f11d50a3a\System.Runtime.Serialization.Formatters.Soap.dll] to solve conflict and get rid of warning.
  Consider app.config remapping of assembly "System.DirectoryServices, Culture=neutral, PublicKeyToken=b03f5f7f11d50a3a" from Version "2.0.0.0" [C:\Windows\assembly\GAC_MSIL\System.DirectoryServices\2.0.0.0__b03f5f7f11d50a3a\System.DirectoryServices.dll] to Version "4.0.0.0" [C:\Windows\Microsoft.Net\assembly\GAC_MSIL\System.DirectoryServices\v4.0_4.0.0.0__b03f5f7f11d50a3a\System.DirectoryServices.dll] to solve conflict and get rid of warning.
  Consider app.config remapping of assembly "System.Web.RegularExpressions, Culture=neutral, PublicKeyToken=b03f5f7f11d50a3a" from Version "2.0.0.0" [C:\Windows\assembly\GAC_MSIL\System.Web.RegularExpressions\2.0.0.0__b03f5f7f11d50a3a\System.Web.RegularExpressions.dll] to Version "4.0.0.0" [C:\Windows\Microsoft.Net\assembly\GAC_MSIL\System.Web.RegularExpressions\v4.0_4.0.0.0__b03f5f7f11d50a3a\System.Web.RegularExpressions.dll] to solve conflict and get rid of warning.
  Consider app.config remapping of assembly "System.Design, Culture=neutral, PublicKeyToken=b03f5f7f11d50a3a" from Version "2.0.0.0" [C:\Windows\assembly\GAC_MSIL\System.Design\2.0.0.0__b03f5f7f11d50a3a\System.Design.dll] to Version "4.0.0.0" [C:\Windows\Microsoft.Net\assembly\GAC_MSIL\System.Design\v4.0_4.0.0.0__b03f5f7f11d50a3a\System.Design.dll] to solve conflict and get rid of warning.
  Consider app.config remapping of assembly "System.DirectoryServices.Protocols, Culture=neutral, PublicKeyToken=b03f5f7f11d50a3a" from Version "2.0.0.0" [C:\Windows\assembly\GAC_MSIL\System.DirectoryServices.Protocols\2.0.0.0__b03f5f7f11d50a3a\System.DirectoryServices.Protocols.dll] to Version "4.0.0.0" [C:\Windows\Microsoft.Net\assembly\GAC_MSIL\System.DirectoryServices.Protocols\v4.0_4.0.0.0__b03f5f7f11d50a3a\System.DirectoryServices.Protocols.dll] to solve conflict and get rid of warning.
  Consider app.config remapping of assembly "System.ServiceProcess, Culture=neutral, PublicKeyToken=b03f5f7f11d50a3a" from Version "2.0.0.0" [C:\Windows\assembly\GAC_MSIL\System.ServiceProcess\2.0.0.0__b03f5f7f11d50a3a\System.ServiceProcess.dll] to Version "4.0.0.0" [C:\Windows\Microsoft.Net\assembly\GAC_MSIL\System.ServiceProcess\v4.0_4.0.0.0__b03f5f7f11d50a3a\System.ServiceProcess.dll] to solve conflict and get rid of warning.
  Consider app.config remapping of assembly "System.Runtime.Remoting, Culture=neutral, PublicKeyToken=b77a5c561934e089" from Version "2.0.0.0" [C:\Windows\assembly\GAC_MSIL\System.Runtime.Remoting\2.0.0.0__b77a5c561934e089\System.Runtime.Remoting.dll] to Version "4.0.0.0" [C:\Windows\Microsoft.Net\assembly\GAC_MSIL\System.Runtime.Remoting\v4.0_4.0.0.0__b77a5c561934e089\System.Runtime.Remoting.dll] to solve conflict and get rid of warning.
  Consider app.config remapping of assembly "System.Data.OracleClient, Culture=neutral, PublicKeyToken=b77a5c561934e089" from Version "2.0.0.0" [C:\Windows\assembly\GAC_32\System.Data.OracleClient\2.0.0.0__b77a5c561934e089\System.Data.OracleClient.dll] to Version "4.0.0.0" [C:\Windows\Microsoft.Net\assembly\GAC_32\System.Data.OracleClient\v4.0_4.0.0.0__b77a5c561934e089\System.Data.OracleClient.dll] to solve conflict and get rid of warning.
  Consider app.config remapping of assembly "System.Drawing.Design, Culture=neutral, PublicKeyToken=b03f5f7f11d50a3a" from Version "2.0.0.0" [C:\Windows\assembly\GAC_MSIL\System.Drawing.Design\2.0.0.0__b03f5f7f11d50a3a\System.Drawing.Design.dll] to Version "4.0.0.0" [C:\Windows\Microsoft.Net\assembly\GAC_MSIL\System.Drawing.Design\v4.0_4.0.0.0__b03f5f7f11d50a3a\System.Drawing.Design.dll] to solve conflict and get rid of warning.
  Consider app.config remapping of assembly "System.Configuration.Install, Culture=neutral, PublicKeyToken=b03f5f7f11d50a3a" from Version "2.0.0.0" [C:\Windows\assembly\GAC_MSIL\System.Configuration.Install\2.0.0.0__b03f5f7f11d50a3a\System.Configuration.Install.dll] to Version "4.0.0.0" [C:\Windows\Microsoft.Net\assembly\GAC_MSIL\System.Configuration.Install\v4.0_4.0.0.0__b03f5f7f11d50a3a\System.Configuration.Install.dll] to solve conflict and get rid of warning.
C:\Program Files\Microsoft Visual Studio\18\Enterprise\MSBuild\Current\Bin\Microsoft.Common.CurrentVersion.targets(2437,5): warning MSB3247: Found conflicts between different versions of the same dependent assembly. In Visual Studio, double-click this warning (or select it and press Enter) to fix the conflicts; otherwise, add the following binding redirects to the "runtime" node in the application configuration file: <assemblyBinding xmlns="urn:schemas-microsoft-com:asm.v1"><dependentAssembly><assemblyIdentity name="mscorlib" culture="neutral" publicKeyToken="b77a5c561934e089" /><bindingRedirect oldVersion="0.0.0.0-4.0.0.0" newVersion="4.0.0.0" /></dependentAssembly></assemblyBinding><assemblyBinding xmlns="urn:schemas-microsoft-com:asm.v1"><dependentAssembly><assemblyIdentity name="System" culture="neutral" publicKeyToken="b77a5c561934e089" /><bindingRedirect oldVersion="0.0.0.0-4.0.0.0" newVersion="4.0.0.0" /></dependentAssembly></assemblyBinding><assemblyBinding xmlns="urn:schemas-microsoft-com:asm.v1"><dependentAssembly><assemblyIdentity name="System.Data" culture="neutral" publicKeyToken="b77a5c561934e089" /><bindingRedirect oldVersion="0.0.0.0-4.0.0.0" newVersion="4.0.0.0" /></dependentAssembly></assemblyBinding><assemblyBinding xmlns="urn:schemas-microsoft-com:asm.v1"><dependentAssembly><assemblyIdentity name="System.Net.Http" culture="neutral" publicKeyToken="b03f5f7f11d50a3a" /><bindingRedirect oldVersion="0.0.0.0-4.0.0.0" newVersion="4.0.0.0" /></dependentAssembly></assemblyBinding><assemblyBinding xmlns="urn:schemas-microsoft-com:asm.v1"><dependentAssembly><assemblyIdentity name="System.Xml" culture="neutral" publicKeyToken="b77a5c561934e089" /><bindingRedirect oldVersion="0.0.0.0-4.0.0.0" newVersion="4.0.0.0" /></dependentAssembly></assemblyBinding><assemblyBinding xmlns="urn:schemas-microsoft-com:asm.v1"><dependentAssembly><assemblyIdentity name="System.Drawing" culture="neutral" publicKeyToken="b03f5f7f11d50a3a" /><bindingRedirect oldVersion="0.0.0.0-4.0.0.0" newVersion="4.0.0.0" /></dependentAssembly></assemblyBinding><assemblyBinding xmlns="urn:schemas-microsoft-com:asm.v1"><dependentAssembly><assemblyIdentity name="System.Windows.Forms" culture="neutral" publicKeyToken="b77a5c561934e089" /><bindingRedirect oldVersion="0.0.0.0-4.0.0.0" newVersion="4.0.0.0" /></dependentAssembly></assemblyBinding><assemblyBinding xmlns="urn:schemas-microsoft-com:asm.v1"><dependentAssembly><assemblyIdentity name="System.Security" culture="neutral" publicKeyToken="b03f5f7f11d50a3a" /><bindingRedirect oldVersion="0.0.0.0-4.0.0.0" newVersion="4.0.0.0" /></dependentAssembly></assemblyBinding><assemblyBinding xmlns="urn:schemas-microsoft-com:asm.v1"><dependentAssembly><assemblyIdentity name="System.Web" culture="neutral" publicKeyToken="b03f5f7f11d50a3a" /><bindingRedirect oldVersion="0.0.0.0-4.0.0.0" newVersion="4.0.0.0" /></dependentAssembly></assemblyBinding><assemblyBinding xmlns="urn:schemas-microsoft-com:asm.v1"><dependentAssembly><assemblyIdentity name="System.Runtime" culture="neutral" publicKeyToken="b03f5f7f11d50a3a" /><bindingRedirect oldVersion="0.0.0.0-4.0.0.0" newVersion="4.0.0.0" /></dependentAssembly></assemblyBinding><assemblyBinding xmlns="urn:schemas-microsoft-com:asm.v1"><dependentAssembly><assemblyIdentity name="System.Configuration" culture="neutral" publicKeyToken="b03f5f7f11d50a3a" /><bindingRedirect oldVersion="0.0.0.0-4.0.0.0" newVersion="4.0.0.0" /></dependentAssembly></assemblyBinding><assemblyBinding xmlns="urn:schemas-microsoft-com:asm.v1"><dependentAssembly><assemblyIdentity name="System.Web.Services" culture="neutral" publicKeyToken="b03f5f7f11d50a3a" /><bindingRedirect oldVersion="0.0.0.0-4.0.0.0" newVersion="4.0.0.0" /></dependentAssembly></assemblyBinding><assemblyBinding xmlns="urn:schemas-microsoft-com:asm.v1"><dependentAssembly><assemblyIdentity name="System.Transactions" culture="neutral" publicKeyToken="b77a5c561934e089" /><bindingRedirect oldVersion="0.0.0.0-4.0.0.0" newVersion="4.0.0.0" /></dependentAssembly></assemblyBinding><assemblyBinding xmlns="urn:schemas-microsoft-com:asm.v1"><dependentAssembly><assemblyIdentity name="System.EnterpriseServices" culture="neutral" publicKeyToken="b03f5f7f11d50a3a" /><bindingRedirect oldVersion="0.0.0.0-4.0.0.0" newVersion="4.0.0.0" /></dependentAssembly></assemblyBinding><assemblyBinding xmlns="urn:schemas-microsoft-com:asm.v1"><dependentAssembly><assemblyIdentity name="System.Data.SqlXml" culture="neutral" publicKeyToken="b77a5c561934e089" /><bindingRedirect oldVersion="0.0.0.0-4.0.0.0" newVersion="4.0.0.0" /></dependentAssembly></assemblyBinding><assemblyBinding xmlns="urn:schemas-microsoft-com:asm.v1"><dependentAssembly><assemblyIdentity name="Accessibility" culture="neutral" publicKeyToken="b03f5f7f11d50a3a" /><bindingRedirect oldVersion="0.0.0.0-4.0.0.0" newVersion="4.0.0.0" /></dependentAssembly></assemblyBinding><assemblyBinding xmlns="urn:schemas-microsoft-com:asm.v1"><dependentAssembly><assemblyIdentity name="System.Deployment" culture="neutral" publicKeyToken="b03f5f7f11d50a3a" /><bindingRedirect oldVersion="0.0.0.0-4.0.0.0" newVersion="4.0.0.0" /></dependentAssembly></assemblyBinding><assemblyBinding xmlns="urn:schemas-microsoft-com:asm.v1"><dependentAssembly><assemblyIdentity name="System.Runtime.Serialization.Formatters.Soap" culture="neutral" publicKeyToken="b03f5f7f11d50a3a" /><bindingRedirect oldVersion="0.0.0.0-4.0.0.0" newVersion="4.0.0.0" /></dependentAssembly></assemblyBinding><assemblyBinding xmlns="urn:schemas-microsoft-com:asm.v1"><dependentAssembly><assemblyIdentity name="System.DirectoryServices" culture="neutral" publicKeyToken="b03f5f7f11d50a3a" /><bindingRedirect oldVersion="0.0.0.0-4.0.0.0" newVersion="4.0.0.0" /></dependentAssembly></assemblyBinding><assemblyBinding xmlns="urn:schemas-microsoft-com:asm.v1"><dependentAssembly><assemblyIdentity name="System.Web.RegularExpressions" culture="neutral" publicKeyToken="b03f5f7f11d50a3a" /><bindingRedirect oldVersion="0.0.0.0-4.0.0.0" newVersion="4.0.0.0" /></dependentAssembly></assemblyBinding><assemblyBinding xmlns="urn:schemas-microsoft-com:asm.v1"><dependentAssembly><assemblyIdentity name="System.Design" culture="neutral" publicKeyToken="b03f5f7f11d50a3a" /><bindingRedirect oldVersion="0.0.0.0-4.0.0.0" newVersion="4.0.0.0" /></dependentAssembly></assemblyBinding><assemblyBinding xmlns="urn:schemas-microsoft-com:asm.v1"><dependentAssembly><assemblyIdentity name="System.DirectoryServices.Protocols" culture="neutral" publicKeyToken="b03f5f7f11d50a3a" /><bindingRedirect oldVersion="0.0.0.0-4.0.0.0" newVersion="4.0.0.0" /></dependentAssembly></assemblyBinding><assemblyBinding xmlns="urn:schemas-microsoft-com:asm.v1"><dependentAssembly><assemblyIdentity name="System.ServiceProcess" culture="neutral" publicKeyToken="b03f5f7f11d50a3a" /><bindingRedirect oldVersion="0.0.0.0-4.0.0.0" newVersion="4.0.0.0" /></dependentAssembly></assemblyBinding><assemblyBinding xmlns="urn:schemas-microsoft-com:asm.v1"><dependentAssembly><assemblyIdentity name="System.Runtime.Remoting" culture="neutral" publicKeyToken="b77a5c561934e089" /><bindingRedirect oldVersion="0.0.0.0-4.0.0.0" newVersion="4.0.0.0" /></dependentAssembly></assemblyBinding><assemblyBinding xmlns="urn:schemas-microsoft-com:asm.v1"><dependentAssembly><assemblyIdentity name="System.Data.OracleClient" culture="neutral" publicKeyToken="b77a5c561934e089" /><bindingRedirect oldVersion="0.0.0.0-4.0.0.0" newVersion="4.0.0.0" /></dependentAssembly></assemblyBinding><assemblyBinding xmlns="urn:schemas-microsoft-com:asm.v1"><dependentAssembly><assemblyIdentity name="System.Drawing.Design" culture="neutral" publicKeyToken="b03f5f7f11d50a3a" /><bindingRedirect oldVersion="0.0.0.0-4.0.0.0" newVersion="4.0.0.0" /></dependentAssembly></assemblyBinding><assemblyBinding xmlns="urn:schemas-microsoft-com:asm.v1"><dependentAssembly><assemblyIdentity name="System.Configuration.Install" culture="neutral" publicKeyToken="b03f5f7f11d50a3a" /><bindingRedirect oldVersion="0.0.0.0-4.0.0.0" newVersion="4.0.0.0" /></dependentAssembly></assemblyBinding> [C:\Users\WilliamForney\source\repos\wforney\OpenLiveWriter\src\managed\OpenLiveWriter.UnitTest\OpenLiveWriter.UnitTest.csproj]
C:\Program Files\Microsoft Visual Studio\18\Enterprise\MSBuild\Current\Bin\Microsoft.Common.CurrentVersion.targets(2437,5): warning MSB3277: Found conflicts between different versions of "System.Core" that could not be resolved. [C:\Users\WilliamForney\source\repos\wforney\OpenLiveWriter\src\managed\OpenLiveWriter.Tests\OpenLiveWriter.Tests.csproj]
C:\Program Files\Microsoft Visual Studio\18\Enterprise\MSBuild\Current\Bin\Microsoft.Common.CurrentVersion.targets(2437,5): warning MSB3277: There was a conflict between "System.Core, Version=3.5.0.0, Culture=neutral, PublicKeyToken=b77a5c561934e089" and "System.Core, Version=4.0.0.0, Culture=neutral, PublicKeyToken=b77a5c561934e089". [C:\Users\WilliamForney\source\repos\wforney\OpenLiveWriter\src\managed\OpenLiveWriter.Tests\OpenLiveWriter.Tests.csproj]
C:\Program Files\Microsoft Visual Studio\18\Enterprise\MSBuild\Current\Bin\Microsoft.Common.CurrentVersion.targets(2437,5): warning MSB3277:     "System.Core, Version=3.5.0.0, Culture=neutral, PublicKeyToken=b77a5c561934e089" was chosen because it was primary and "System.Core, Version=4.0.0.0, Culture=neutral, PublicKeyToken=b77a5c561934e089" was not. [C:\Users\WilliamForney\source\repos\wforney\OpenLiveWriter\src\managed\OpenLiveWriter.Tests\OpenLiveWriter.Tests.csproj]
C:\Program Files\Microsoft Visual Studio\18\Enterprise\MSBuild\Current\Bin\Microsoft.Common.CurrentVersion.targets(2437,5): warning MSB3277:     References which depend on "System.Core, Version=3.5.0.0, Culture=neutral, PublicKeyToken=b77a5c561934e089" [C:\Program Files (x86)\Reference Assemblies\Microsoft\Framework\v3.5\System.Core.dll]. [C:\Users\WilliamForney\source\repos\wforney\OpenLiveWriter\src\managed\OpenLiveWriter.Tests\OpenLiveWriter.Tests.csproj]
C:\Program Files\Microsoft Visual Studio\18\Enterprise\MSBuild\Current\Bin\Microsoft.Common.CurrentVersion.targets(2437,5): warning MSB3277:         C:\Program Files (x86)\Reference Assemblies\Microsoft\Framework\v3.5\System.Core.dll [C:\Users\WilliamForney\source\repos\wforney\OpenLiveWriter\src\managed\OpenLiveWriter.Tests\OpenLiveWriter.Tests.csproj]
C:\Program Files\Microsoft Visual Studio\18\Enterprise\MSBuild\Current\Bin\Microsoft.Common.CurrentVersion.targets(2437,5): warning MSB3277:           Project file item includes which caused reference "C:\Program Files (x86)\Reference Assemblies\Microsoft\Framework\v3.5\System.Core.dll". [C:\Users\WilliamForney\source\repos\wforney\OpenLiveWriter\src\managed\OpenLiveWriter.Tests\OpenLiveWriter.Tests.csproj]
C:\Program Files\Microsoft Visual Studio\18\Enterprise\MSBuild\Current\Bin\Microsoft.Common.CurrentVersion.targets(2437,5): warning MSB3277:             System.Core [C:\Users\WilliamForney\source\repos\wforney\OpenLiveWriter\src\managed\OpenLiveWriter.Tests\OpenLiveWriter.Tests.csproj]
C:\Program Files\Microsoft Visual Studio\18\Enterprise\MSBuild\Current\Bin\Microsoft.Common.CurrentVersion.targets(2437,5): warning MSB3277:             C:\Users\WilliamForney\source\repos\wforney\OpenLiveWriter\src\managed\bin\Debug\i386\Writer\OpenLiveWriter.BlogClient.dll [C:\Users\WilliamForney\source\repos\wforney\OpenLiveWriter\src\managed\OpenLiveWriter.Tests\OpenLiveWriter.Tests.csproj]
C:\Program Files\Microsoft Visual Studio\18\Enterprise\MSBuild\Current\Bin\Microsoft.Common.CurrentVersion.targets(2437,5): warning MSB3277:             C:\Users\WilliamForney\source\repos\wforney\OpenLiveWriter\src\managed\bin\Debug\i386\Writer\OpenLiveWriter.PostEditor.dll [C:\Users\WilliamForney\source\repos\wforney\OpenLiveWriter\src\managed\OpenLiveWriter.Tests\OpenLiveWriter.Tests.csproj]
C:\Program Files\Microsoft Visual Studio\18\Enterprise\MSBuild\Current\Bin\Microsoft.Common.CurrentVersion.targets(2437,5): warning MSB3277:             ApprovalTests, Version=3.0.0.0, Culture=neutral, PublicKeyToken=11bd7d124fc62e0f, processorArchitecture=MSIL [C:\Users\WilliamForney\source\repos\wforney\OpenLiveWriter\src\managed\OpenLiveWriter.Tests\OpenLiveWriter.Tests.csproj]
C:\Program Files\Microsoft Visual Studio\18\Enterprise\MSBuild\Current\Bin\Microsoft.Common.CurrentVersion.targets(2437,5): warning MSB3277:             ApprovalUtilities, Version=3.0.0.0, Culture=neutral, PublicKeyToken=11bd7d124fc62e0f, processorArchitecture=MSIL [C:\Users\WilliamForney\source\repos\wforney\OpenLiveWriter\src\managed\OpenLiveWriter.Tests\OpenLiveWriter.Tests.csproj]
C:\Program Files\Microsoft Visual Studio\18\Enterprise\MSBuild\Current\Bin\Microsoft.Common.CurrentVersion.targets(2437,5): warning MSB3277:             ApprovalUtilities.Net45, Version=3.0.0.0, Culture=neutral, processorArchitecture=MSIL [C:\Users\WilliamForney\source\repos\wforney\OpenLiveWriter\src\managed\OpenLiveWriter.Tests\OpenLiveWriter.Tests.csproj]
C:\Program Files\Microsoft Visual Studio\18\Enterprise\MSBuild\Current\Bin\Microsoft.Common.CurrentVersion.targets(2437,5): warning MSB3277:             Mono.Cecil, Version=0.9.6.0, Culture=neutral, PublicKeyToken=0738eb9f132ed756, processorArchitecture=MSIL [C:\Users\WilliamForney\source\repos\wforney\OpenLiveWriter\src\managed\OpenLiveWriter.Tests\OpenLiveWriter.Tests.csproj]
C:\Program Files\Microsoft Visual Studio\18\Enterprise\MSBuild\Current\Bin\Microsoft.Common.CurrentVersion.targets(2437,5): warning MSB3277:             Mono.Cecil.Mdb, Version=0.9.6.0, Culture=neutral, PublicKeyToken=0738eb9f132ed756, processorArchitecture=MSIL [C:\Users\WilliamForney\source\repos\wforney\OpenLiveWriter\src\managed\OpenLiveWriter.Tests\OpenLiveWriter.Tests.csproj]
C:\Program Files\Microsoft Visual Studio\18\Enterprise\MSBuild\Current\Bin\Microsoft.Common.CurrentVersion.targets(2437,5): warning MSB3277:             Mono.Cecil.Pdb, Version=0.9.6.0, Culture=neutral, PublicKeyToken=0738eb9f132ed756, processorArchitecture=MSIL [C:\Users\WilliamForney\source\repos\wforney\OpenLiveWriter\src\managed\OpenLiveWriter.Tests\OpenLiveWriter.Tests.csproj]
C:\Program Files\Microsoft Visual Studio\18\Enterprise\MSBuild\Current\Bin\Microsoft.Common.CurrentVersion.targets(2437,5): warning MSB3277:             Mono.Cecil.Rocks, Version=0.9.6.0, Culture=neutral, PublicKeyToken=0738eb9f132ed756, processorArchitecture=MSIL [C:\Users\WilliamForney\source\repos\wforney\OpenLiveWriter\src\managed\OpenLiveWriter.Tests\OpenLiveWriter.Tests.csproj]
C:\Program Files\Microsoft Visual Studio\18\Enterprise\MSBuild\Current\Bin\Microsoft.Common.CurrentVersion.targets(2437,5): warning MSB3277:             nunit.engine, Version=3.4.1.0, Culture=neutral, PublicKeyToken=2638cd05610744eb, processorArchitecture=MSIL [C:\Users\WilliamForney\source\repos\wforney\OpenLiveWriter\src\managed\OpenLiveWriter.Tests\OpenLiveWriter.Tests.csproj]
C:\Program Files\Microsoft Visual Studio\18\Enterprise\MSBuild\Current\Bin\Microsoft.Common.CurrentVersion.targets(2437,5): warning MSB3277:             NUnit3.TestAdapter, Version=3.4.1.0, Culture=neutral, PublicKeyToken=4cb40d35494691ac, processorArchitecture=MSIL [C:\Users\WilliamForney\source\repos\wforney\OpenLiveWriter\src\managed\OpenLiveWriter.Tests\OpenLiveWriter.Tests.csproj]
C:\Program Files\Microsoft Visual Studio\18\Enterprise\MSBuild\Current\Bin\Microsoft.Common.CurrentVersion.targets(2437,5): warning MSB3277:             C:\Users\WilliamForney\source\repos\wforney\OpenLiveWriter\src\managed\bin\Debug\i386\Writer\OpenLiveWriter.HtmlEditor.dll [C:\Users\WilliamForney\source\repos\wforney\OpenLiveWriter\src\managed\OpenLiveWriter.Tests\OpenLiveWriter.Tests.csproj]
C:\Program Files\Microsoft Visual Studio\18\Enterprise\MSBuild\Current\Bin\Microsoft.Common.CurrentVersion.targets(2437,5): warning MSB3277:         C:\Users\WilliamForney\source\repos\wforney\OpenLiveWriter\src\managed\bin\Debug\i386\Writer\OpenLiveWriter.BlogClient.dll [C:\Users\WilliamForney\source\repos\wforney\OpenLiveWriter\src\managed\OpenLiveWriter.Tests\OpenLiveWriter.Tests.csproj]
C:\Program Files\Microsoft Visual Studio\18\Enterprise\MSBuild\Current\Bin\Microsoft.Common.CurrentVersion.targets(2437,5): warning MSB3277:           Project file item includes which caused reference "C:\Users\WilliamForney\source\repos\wforney\OpenLiveWriter\src\managed\bin\Debug\i386\Writer\OpenLiveWriter.BlogClient.dll". [C:\Users\WilliamForney\source\repos\wforney\OpenLiveWriter\src\managed\OpenLiveWriter.Tests\OpenLiveWriter.Tests.csproj]
C:\Program Files\Microsoft Visual Studio\18\Enterprise\MSBuild\Current\Bin\Microsoft.Common.CurrentVersion.targets(2437,5): warning MSB3277:             C:\Users\WilliamForney\source\repos\wforney\OpenLiveWriter\src\managed\bin\Debug\i386\Writer\OpenLiveWriter.BlogClient.dll [C:\Users\WilliamForney\source\repos\wforney\OpenLiveWriter\src\managed\OpenLiveWriter.Tests\OpenLiveWriter.Tests.csproj]
C:\Program Files\Microsoft Visual Studio\18\Enterprise\MSBuild\Current\Bin\Microsoft.Common.CurrentVersion.targets(2437,5): warning MSB3277:             C:\Users\WilliamForney\source\repos\wforney\OpenLiveWriter\src\managed\bin\Debug\i386\Writer\OpenLiveWriter.PostEditor.dll [C:\Users\WilliamForney\source\repos\wforney\OpenLiveWriter\src\managed\OpenLiveWriter.Tests\OpenLiveWriter.Tests.csproj]
C:\Program Files\Microsoft Visual Studio\18\Enterprise\MSBuild\Current\Bin\Microsoft.Common.CurrentVersion.targets(2437,5): warning MSB3277:         C:\Users\WilliamForney\source\repos\wforney\OpenLiveWriter\src\managed\packages\ApprovalTests.3.0.11\lib\net40\ApprovalTests.dll [C:\Users\WilliamForney\source\repos\wforney\OpenLiveWriter\src\managed\OpenLiveWriter.Tests\OpenLiveWriter.Tests.csproj]
C:\Program Files\Microsoft Visual Studio\18\Enterprise\MSBuild\Current\Bin\Microsoft.Common.CurrentVersion.targets(2437,5): warning MSB3277:           Project file item includes which caused reference "C:\Users\WilliamForney\source\repos\wforney\OpenLiveWriter\src\managed\packages\ApprovalTests.3.0.11\lib\net40\ApprovalTests.dll". [C:\Users\WilliamForney\source\repos\wforney\OpenLiveWriter\src\managed\OpenLiveWriter.Tests\OpenLiveWriter.Tests.csproj]
C:\Program Files\Microsoft Visual Studio\18\Enterprise\MSBuild\Current\Bin\Microsoft.Common.CurrentVersion.targets(2437,5): warning MSB3277:             ApprovalTests, Version=3.0.0.0, Culture=neutral, PublicKeyToken=11bd7d124fc62e0f, processorArchitecture=MSIL [C:\Users\WilliamForney\source\repos\wforney\OpenLiveWriter\src\managed\OpenLiveWriter.Tests\OpenLiveWriter.Tests.csproj]
C:\Program Files\Microsoft Visual Studio\18\Enterprise\MSBuild\Current\Bin\Microsoft.Common.CurrentVersion.targets(2437,5): warning MSB3277:         C:\Users\WilliamForney\source\repos\wforney\OpenLiveWriter\src\managed\packages\ApprovalUtilities.3.0.11\lib\net45\ApprovalUtilities.dll [C:\Users\WilliamForney\source\repos\wforney\OpenLiveWriter\src\managed\OpenLiveWriter.Tests\OpenLiveWriter.Tests.csproj]
C:\Program Files\Microsoft Visual Studio\18\Enterprise\MSBuild\Current\Bin\Microsoft.Common.CurrentVersion.targets(2437,5): warning MSB3277:           Project file item includes which caused reference "C:\Users\WilliamForney\source\repos\wforney\OpenLiveWriter\src\managed\packages\ApprovalUtilities.3.0.11\lib\net45\ApprovalUtilities.dll". [C:\Users\WilliamForney\source\repos\wforney\OpenLiveWriter\src\managed\OpenLiveWriter.Tests\OpenLiveWriter.Tests.csproj]
C:\Program Files\Microsoft Visual Studio\18\Enterprise\MSBuild\Current\Bin\Microsoft.Common.CurrentVersion.targets(2437,5): warning MSB3277:             ApprovalUtilities, Version=3.0.0.0, Culture=neutral, PublicKeyToken=11bd7d124fc62e0f, processorArchitecture=MSIL [C:\Users\WilliamForney\source\repos\wforney\OpenLiveWriter\src\managed\OpenLiveWriter.Tests\OpenLiveWriter.Tests.csproj]
C:\Program Files\Microsoft Visual Studio\18\Enterprise\MSBuild\Current\Bin\Microsoft.Common.CurrentVersion.targets(2437,5): warning MSB3277:             ApprovalTests, Version=3.0.0.0, Culture=neutral, PublicKeyToken=11bd7d124fc62e0f, processorArchitecture=MSIL [C:\Users\WilliamForney\source\repos\wforney\OpenLiveWriter\src\managed\OpenLiveWriter.Tests\OpenLiveWriter.Tests.csproj]
C:\Program Files\Microsoft Visual Studio\18\Enterprise\MSBuild\Current\Bin\Microsoft.Common.CurrentVersion.targets(2437,5): warning MSB3277:             ApprovalUtilities.Net45, Version=3.0.0.0, Culture=neutral, processorArchitecture=MSIL [C:\Users\WilliamForney\source\repos\wforney\OpenLiveWriter\src\managed\OpenLiveWriter.Tests\OpenLiveWriter.Tests.csproj]
C:\Program Files\Microsoft Visual Studio\18\Enterprise\MSBuild\Current\Bin\Microsoft.Common.CurrentVersion.targets(2437,5): warning MSB3277:         C:\Users\WilliamForney\source\repos\wforney\OpenLiveWriter\src\managed\packages\NUnit3TestAdapter.3.4.1\lib\Mono.Cecil.dll [C:\Users\WilliamForney\source\repos\wforney\OpenLiveWriter\src\managed\OpenLiveWriter.Tests\OpenLiveWriter.Tests.csproj]
C:\Program Files\Microsoft Visual Studio\18\Enterprise\MSBuild\Current\Bin\Microsoft.Common.CurrentVersion.targets(2437,5): warning MSB3277:           Project file item includes which caused reference "C:\Users\WilliamForney\source\repos\wforney\OpenLiveWriter\src\managed\packages\NUnit3TestAdapter.3.4.1\lib\Mono.Cecil.dll". [C:\Users\WilliamForney\source\repos\wforney\OpenLiveWriter\src\managed\OpenLiveWriter.Tests\OpenLiveWriter.Tests.csproj]
C:\Program Files\Microsoft Visual Studio\18\Enterprise\MSBuild\Current\Bin\Microsoft.Common.CurrentVersion.targets(2437,5): warning MSB3277:             Mono.Cecil, Version=0.9.6.0, Culture=neutral, PublicKeyToken=0738eb9f132ed756, processorArchitecture=MSIL [C:\Users\WilliamForney\source\repos\wforney\OpenLiveWriter\src\managed\OpenLiveWriter.Tests\OpenLiveWriter.Tests.csproj]
C:\Program Files\Microsoft Visual Studio\18\Enterprise\MSBuild\Current\Bin\Microsoft.Common.CurrentVersion.targets(2437,5): warning MSB3277:             Mono.Cecil.Mdb, Version=0.9.6.0, Culture=neutral, PublicKeyToken=0738eb9f132ed756, processorArchitecture=MSIL [C:\Users\WilliamForney\source\repos\wforney\OpenLiveWriter\src\managed\OpenLiveWriter.Tests\OpenLiveWriter.Tests.csproj]
C:\Program Files\Microsoft Visual Studio\18\Enterprise\MSBuild\Current\Bin\Microsoft.Common.CurrentVersion.targets(2437,5): warning MSB3277:             Mono.Cecil.Pdb, Version=0.9.6.0, Culture=neutral, PublicKeyToken=0738eb9f132ed756, processorArchitecture=MSIL [C:\Users\WilliamForney\source\repos\wforney\OpenLiveWriter\src\managed\OpenLiveWriter.Tests\OpenLiveWriter.Tests.csproj]
C:\Program Files\Microsoft Visual Studio\18\Enterprise\MSBuild\Current\Bin\Microsoft.Common.CurrentVersion.targets(2437,5): warning MSB3277:             Mono.Cecil.Rocks, Version=0.9.6.0, Culture=neutral, PublicKeyToken=0738eb9f132ed756, processorArchitecture=MSIL [C:\Users\WilliamForney\source\repos\wforney\OpenLiveWriter\src\managed\OpenLiveWriter.Tests\OpenLiveWriter.Tests.csproj]
C:\Program Files\Microsoft Visual Studio\18\Enterprise\MSBuild\Current\Bin\Microsoft.Common.CurrentVersion.targets(2437,5): warning MSB3277:             nunit.engine, Version=3.4.1.0, Culture=neutral, PublicKeyToken=2638cd05610744eb, processorArchitecture=MSIL [C:\Users\WilliamForney\source\repos\wforney\OpenLiveWriter\src\managed\OpenLiveWriter.Tests\OpenLiveWriter.Tests.csproj]
C:\Program Files\Microsoft Visual Studio\18\Enterprise\MSBuild\Current\Bin\Microsoft.Common.CurrentVersion.targets(2437,5): warning MSB3277:             NUnit3.TestAdapter, Version=3.4.1.0, Culture=neutral, PublicKeyToken=4cb40d35494691ac, processorArchitecture=MSIL [C:\Users\WilliamForney\source\repos\wforney\OpenLiveWriter\src\managed\OpenLiveWriter.Tests\OpenLiveWriter.Tests.csproj]
C:\Program Files\Microsoft Visual Studio\18\Enterprise\MSBuild\Current\Bin\Microsoft.Common.CurrentVersion.targets(2437,5): warning MSB3277:             C:\Users\WilliamForney\source\repos\wforney\OpenLiveWriter\src\managed\bin\Debug\i386\Writer\OpenLiveWriter.PostEditor.dll [C:\Users\WilliamForney\source\repos\wforney\OpenLiveWriter\src\managed\OpenLiveWriter.Tests\OpenLiveWriter.Tests.csproj]
C:\Program Files\Microsoft Visual Studio\18\Enterprise\MSBuild\Current\Bin\Microsoft.Common.CurrentVersion.targets(2437,5): warning MSB3277:         C:\Users\WilliamForney\source\repos\wforney\OpenLiveWriter\src\managed\packages\NUnit3TestAdapter.3.4.1\lib\Mono.Cecil.Mdb.dll [C:\Users\WilliamForney\source\repos\wforney\OpenLiveWriter\src\managed\OpenLiveWriter.Tests\OpenLiveWriter.Tests.csproj]
C:\Program Files\Microsoft Visual Studio\18\Enterprise\MSBuild\Current\Bin\Microsoft.Common.CurrentVersion.targets(2437,5): warning MSB3277:           Project file item includes which caused reference "C:\Users\WilliamForney\source\repos\wforney\OpenLiveWriter\src\managed\packages\NUnit3TestAdapter.3.4.1\lib\Mono.Cecil.Mdb.dll". [C:\Users\WilliamForney\source\repos\wforney\OpenLiveWriter\src\managed\OpenLiveWriter.Tests\OpenLiveWriter.Tests.csproj]
C:\Program Files\Microsoft Visual Studio\18\Enterprise\MSBuild\Current\Bin\Microsoft.Common.CurrentVersion.targets(2437,5): warning MSB3277:             Mono.Cecil.Mdb, Version=0.9.6.0, Culture=neutral, PublicKeyToken=0738eb9f132ed756, processorArchitecture=MSIL [C:\Users\WilliamForney\source\repos\wforney\OpenLiveWriter\src\managed\OpenLiveWriter.Tests\OpenLiveWriter.Tests.csproj]
C:\Program Files\Microsoft Visual Studio\18\Enterprise\MSBuild\Current\Bin\Microsoft.Common.CurrentVersion.targets(2437,5): warning MSB3277:         C:\Users\WilliamForney\source\repos\wforney\OpenLiveWriter\src\managed\packages\NUnit3TestAdapter.3.4.1\lib\Mono.Cecil.Pdb.dll [C:\Users\WilliamForney\source\repos\wforney\OpenLiveWriter\src\managed\OpenLiveWriter.Tests\OpenLiveWriter.Tests.csproj]
C:\Program Files\Microsoft Visual Studio\18\Enterprise\MSBuild\Current\Bin\Microsoft.Common.CurrentVersion.targets(2437,5): warning MSB3277:           Project file item includes which caused reference "C:\Users\WilliamForney\source\repos\wforney\OpenLiveWriter\src\managed\packages\NUnit3TestAdapter.3.4.1\lib\Mono.Cecil.Pdb.dll". [C:\Users\WilliamForney\source\repos\wforney\OpenLiveWriter\src\managed\OpenLiveWriter.Tests\OpenLiveWriter.Tests.csproj]
C:\Program Files\Microsoft Visual Studio\18\Enterprise\MSBuild\Current\Bin\Microsoft.Common.CurrentVersion.targets(2437,5): warning MSB3277:             Mono.Cecil.Pdb, Version=0.9.6.0, Culture=neutral, PublicKeyToken=0738eb9f132ed756, processorArchitecture=MSIL [C:\Users\WilliamForney\source\repos\wforney\OpenLiveWriter\src\managed\OpenLiveWriter.Tests\OpenLiveWriter.Tests.csproj]
C:\Program Files\Microsoft Visual Studio\18\Enterprise\MSBuild\Current\Bin\Microsoft.Common.CurrentVersion.targets(2437,5): warning MSB3277:         C:\Users\WilliamForney\source\repos\wforney\OpenLiveWriter\src\managed\packages\NUnit3TestAdapter.3.4.1\lib\Mono.Cecil.Rocks.dll [C:\Users\WilliamForney\source\repos\wforney\OpenLiveWriter\src\managed\OpenLiveWriter.Tests\OpenLiveWriter.Tests.csproj]
C:\Program Files\Microsoft Visual Studio\18\Enterprise\MSBuild\Current\Bin\Microsoft.Common.CurrentVersion.targets(2437,5): warning MSB3277:           Project file item includes which caused reference "C:\Users\WilliamForney\source\repos\wforney\OpenLiveWriter\src\managed\packages\NUnit3TestAdapter.3.4.1\lib\Mono.Cecil.Rocks.dll". [C:\Users\WilliamForney\source\repos\wforney\OpenLiveWriter\src\managed\OpenLiveWriter.Tests\OpenLiveWriter.Tests.csproj]
C:\Program Files\Microsoft Visual Studio\18\Enterprise\MSBuild\Current\Bin\Microsoft.Common.CurrentVersion.targets(2437,5): warning MSB3277:             Mono.Cecil.Rocks, Version=0.9.6.0, Culture=neutral, PublicKeyToken=0738eb9f132ed756, processorArchitecture=MSIL [C:\Users\WilliamForney\source\repos\wforney\OpenLiveWriter\src\managed\OpenLiveWriter.Tests\OpenLiveWriter.Tests.csproj]
C:\Program Files\Microsoft Visual Studio\18\Enterprise\MSBuild\Current\Bin\Microsoft.Common.CurrentVersion.targets(2437,5): warning MSB3277:             NUnit3.TestAdapter, Version=3.4.1.0, Culture=neutral, PublicKeyToken=4cb40d35494691ac, processorArchitecture=MSIL [C:\Users\WilliamForney\source\repos\wforney\OpenLiveWriter\src\managed\OpenLiveWriter.Tests\OpenLiveWriter.Tests.csproj]
C:\Program Files\Microsoft Visual Studio\18\Enterprise\MSBuild\Current\Bin\Microsoft.Common.CurrentVersion.targets(2437,5): warning MSB3277:         C:\Users\WilliamForney\source\repos\wforney\OpenLiveWriter\src\managed\packages\NUnit3TestAdapter.3.4.1\lib\NUnit3.TestAdapter.dll [C:\Users\WilliamForney\source\repos\wforney\OpenLiveWriter\src\managed\OpenLiveWriter.Tests\OpenLiveWriter.Tests.csproj]
C:\Program Files\Microsoft Visual Studio\18\Enterprise\MSBuild\Current\Bin\Microsoft.Common.CurrentVersion.targets(2437,5): warning MSB3277:           Project file item includes which caused reference "C:\Users\WilliamForney\source\repos\wforney\OpenLiveWriter\src\managed\packages\NUnit3TestAdapter.3.4.1\lib\NUnit3.TestAdapter.dll". [C:\Users\WilliamForney\source\repos\wforney\OpenLiveWriter\src\managed\OpenLiveWriter.Tests\OpenLiveWriter.Tests.csproj]
C:\Program Files\Microsoft Visual Studio\18\Enterprise\MSBuild\Current\Bin\Microsoft.Common.CurrentVersion.targets(2437,5): warning MSB3277:             NUnit3.TestAdapter, Version=3.4.1.0, Culture=neutral, PublicKeyToken=4cb40d35494691ac, processorArchitecture=MSIL [C:\Users\WilliamForney\source\repos\wforney\OpenLiveWriter\src\managed\OpenLiveWriter.Tests\OpenLiveWriter.Tests.csproj]
C:\Program Files\Microsoft Visual Studio\18\Enterprise\MSBuild\Current\Bin\Microsoft.Common.CurrentVersion.targets(2437,5): warning MSB3277:         C:\Users\WilliamForney\source\repos\wforney\OpenLiveWriter\src\managed\bin\Debug\i386\Writer\OpenLiveWriter.SpellChecker.dll [C:\Users\WilliamForney\source\repos\wforney\OpenLiveWriter\src\managed\OpenLiveWriter.Tests\OpenLiveWriter.Tests.csproj]
C:\Program Files\Microsoft Visual Studio\18\Enterprise\MSBuild\Current\Bin\Microsoft.Common.CurrentVersion.targets(2437,5): warning MSB3277:           Project file item includes which caused reference "C:\Users\WilliamForney\source\repos\wforney\OpenLiveWriter\src\managed\bin\Debug\i386\Writer\OpenLiveWriter.SpellChecker.dll". [C:\Users\WilliamForney\source\repos\wforney\OpenLiveWriter\src\managed\OpenLiveWriter.Tests\OpenLiveWriter.Tests.csproj]
C:\Program Files\Microsoft Visual Studio\18\Enterprise\MSBuild\Current\Bin\Microsoft.Common.CurrentVersion.targets(2437,5): warning MSB3277:             C:\Users\WilliamForney\source\repos\wforney\OpenLiveWriter\src\managed\bin\Debug\i386\Writer\OpenLiveWriter.HtmlEditor.dll [C:\Users\WilliamForney\source\repos\wforney\OpenLiveWriter\src\managed\OpenLiveWriter.Tests\OpenLiveWriter.Tests.csproj]
C:\Program Files\Microsoft Visual Studio\18\Enterprise\MSBuild\Current\Bin\Microsoft.Common.CurrentVersion.targets(2437,5): warning MSB3277:             C:\Users\WilliamForney\source\repos\wforney\OpenLiveWriter\src\managed\bin\Debug\i386\Writer\OpenLiveWriter.PostEditor.dll [C:\Users\WilliamForney\source\repos\wforney\OpenLiveWriter\src\managed\OpenLiveWriter.Tests\OpenLiveWriter.Tests.csproj]
C:\Program Files\Microsoft Visual Studio\18\Enterprise\MSBuild\Current\Bin\Microsoft.Common.CurrentVersion.targets(2437,5): warning MSB3277:         C:\Program Files (x86)\Reference Assemblies\Microsoft\Framework\v3.5\System.Data.Entity.dll [C:\Users\WilliamForney\source\repos\wforney\OpenLiveWriter\src\managed\OpenLiveWriter.Tests\OpenLiveWriter.Tests.csproj]
C:\Program Files\Microsoft Visual Studio\18\Enterprise\MSBuild\Current\Bin\Microsoft.Common.CurrentVersion.targets(2437,5): warning MSB3277:           Project file item includes which caused reference "C:\Program Files (x86)\Reference Assemblies\Microsoft\Framework\v3.5\System.Data.Entity.dll". [C:\Users\WilliamForney\source\repos\wforney\OpenLiveWriter\src\managed\OpenLiveWriter.Tests\OpenLiveWriter.Tests.csproj]
C:\Program Files\Microsoft Visual Studio\18\Enterprise\MSBuild\Current\Bin\Microsoft.Common.CurrentVersion.targets(2437,5): warning MSB3277:             ApprovalTests, Version=3.0.0.0, Culture=neutral, PublicKeyToken=11bd7d124fc62e0f, processorArchitecture=MSIL [C:\Users\WilliamForney\source\repos\wforney\OpenLiveWriter\src\managed\OpenLiveWriter.Tests\OpenLiveWriter.Tests.csproj]
C:\Program Files\Microsoft Visual Studio\18\Enterprise\MSBuild\Current\Bin\Microsoft.Common.CurrentVersion.targets(2437,5): warning MSB3277:             ApprovalUtilities, Version=3.0.0.0, Culture=neutral, PublicKeyToken=11bd7d124fc62e0f, processorArchitecture=MSIL [C:\Users\WilliamForney\source\repos\wforney\OpenLiveWriter\src\managed\OpenLiveWriter.Tests\OpenLiveWriter.Tests.csproj]
C:\Program Files\Microsoft Visual Studio\18\Enterprise\MSBuild\Current\Bin\Microsoft.Common.CurrentVersion.targets(2437,5): warning MSB3277:             ApprovalUtilities.Net45, Version=3.0.0.0, Culture=neutral, processorArchitecture=MSIL [C:\Users\WilliamForney\source\repos\wforney\OpenLiveWriter\src\managed\OpenLiveWriter.Tests\OpenLiveWriter.Tests.csproj]
C:\Program Files\Microsoft Visual Studio\18\Enterprise\MSBuild\Current\Bin\Microsoft.Common.CurrentVersion.targets(2437,5): warning MSB3277:         C:\Program Files (x86)\Reference Assemblies\Microsoft\Framework\v3.0\PresentationFramework.dll [C:\Users\WilliamForney\source\repos\wforney\OpenLiveWriter\src\managed\OpenLiveWriter.Tests\OpenLiveWriter.Tests.csproj]
C:\Program Files\Microsoft Visual Studio\18\Enterprise\MSBuild\Current\Bin\Microsoft.Common.CurrentVersion.targets(2437,5): warning MSB3277:           Project file item includes which caused reference "C:\Program Files (x86)\Reference Assemblies\Microsoft\Framework\v3.0\PresentationFramework.dll". [C:\Users\WilliamForney\source\repos\wforney\OpenLiveWriter\src\managed\OpenLiveWriter.Tests\OpenLiveWriter.Tests.csproj]
C:\Program Files\Microsoft Visual Studio\18\Enterprise\MSBuild\Current\Bin\Microsoft.Common.CurrentVersion.targets(2437,5): warning MSB3277:             ApprovalTests, Version=3.0.0.0, Culture=neutral, PublicKeyToken=11bd7d124fc62e0f, processorArchitecture=MSIL [C:\Users\WilliamForney\source\repos\wforney\OpenLiveWriter\src\managed\OpenLiveWriter.Tests\OpenLiveWriter.Tests.csproj]
C:\Program Files\Microsoft Visual Studio\18\Enterprise\MSBuild\Current\Bin\Microsoft.Common.CurrentVersion.targets(2437,5): warning MSB3277:             ApprovalUtilities, Version=3.0.0.0, Culture=neutral, PublicKeyToken=11bd7d124fc62e0f, processorArchitecture=MSIL [C:\Users\WilliamForney\source\repos\wforney\OpenLiveWriter\src\managed\OpenLiveWriter.Tests\OpenLiveWriter.Tests.csproj]
C:\Program Files\Microsoft Visual Studio\18\Enterprise\MSBuild\Current\Bin\Microsoft.Common.CurrentVersion.targets(2437,5): warning MSB3277:             ApprovalUtilities.Net45, Version=3.0.0.0, Culture=neutral, processorArchitecture=MSIL [C:\Users\WilliamForney\source\repos\wforney\OpenLiveWriter\src\managed\OpenLiveWriter.Tests\OpenLiveWriter.Tests.csproj]
C:\Program Files\Microsoft Visual Studio\18\Enterprise\MSBuild\Current\Bin\Microsoft.Common.CurrentVersion.targets(2437,5): warning MSB3277:         C:\Program Files (x86)\Reference Assemblies\Microsoft\Framework\v3.5\System.Xml.Linq.dll [C:\Users\WilliamForney\source\repos\wforney\OpenLiveWriter\src\managed\OpenLiveWriter.Tests\OpenLiveWriter.Tests.csproj]
C:\Program Files\Microsoft Visual Studio\18\Enterprise\MSBuild\Current\Bin\Microsoft.Common.CurrentVersion.targets(2437,5): warning MSB3277:           Project file item includes which caused reference "C:\Program Files (x86)\Reference Assemblies\Microsoft\Framework\v3.5\System.Xml.Linq.dll". [C:\Users\WilliamForney\source\repos\wforney\OpenLiveWriter\src\managed\OpenLiveWriter.Tests\OpenLiveWriter.Tests.csproj]
C:\Program Files\Microsoft Visual Studio\18\Enterprise\MSBuild\Current\Bin\Microsoft.Common.CurrentVersion.targets(2437,5): warning MSB3277:             ApprovalUtilities, Version=3.0.0.0, Culture=neutral, PublicKeyToken=11bd7d124fc62e0f, processorArchitecture=MSIL [C:\Users\WilliamForney\source\repos\wforney\OpenLiveWriter\src\managed\OpenLiveWriter.Tests\OpenLiveWriter.Tests.csproj]
C:\Program Files\Microsoft Visual Studio\18\Enterprise\MSBuild\Current\Bin\Microsoft.Common.CurrentVersion.targets(2437,5): warning MSB3277:             ApprovalTests, Version=3.0.0.0, Culture=neutral, PublicKeyToken=11bd7d124fc62e0f, processorArchitecture=MSIL [C:\Users\WilliamForney\source\repos\wforney\OpenLiveWriter\src\managed\OpenLiveWriter.Tests\OpenLiveWriter.Tests.csproj]
C:\Program Files\Microsoft Visual Studio\18\Enterprise\MSBuild\Current\Bin\Microsoft.Common.CurrentVersion.targets(2437,5): warning MSB3277:             ApprovalUtilities.Net45, Version=3.0.0.0, Culture=neutral, processorArchitecture=MSIL [C:\Users\WilliamForney\source\repos\wforney\OpenLiveWriter\src\managed\OpenLiveWriter.Tests\OpenLiveWriter.Tests.csproj]
C:\Program Files\Microsoft Visual Studio\18\Enterprise\MSBuild\Current\Bin\Microsoft.Common.CurrentVersion.targets(2437,5): warning MSB3277:     References which depend on or have been unified to "System.Core, Version=4.0.0.0, Culture=neutral, PublicKeyToken=b77a5c561934e089" [C:\Windows\Microsoft.Net\assembly\GAC_MSIL\System.Core\v4.0_4.0.0.0__b77a5c561934e089\System.Core.dll]. [C:\Users\WilliamForney\source\repos\wforney\OpenLiveWriter\src\managed\OpenLiveWriter.Tests\OpenLiveWriter.Tests.csproj]
C:\Program Files\Microsoft Visual Studio\18\Enterprise\MSBuild\Current\Bin\Microsoft.Common.CurrentVersion.targets(2437,5): warning MSB3277:         C:\Users\WilliamForney\source\repos\wforney\OpenLiveWriter\src\managed\packages\ApprovalTests.3.0.11\lib\net40\ApprovalTests.dll [C:\Users\WilliamForney\source\repos\wforney\OpenLiveWriter\src\managed\OpenLiveWriter.Tests\OpenLiveWriter.Tests.csproj]
C:\Program Files\Microsoft Visual Studio\18\Enterprise\MSBuild\Current\Bin\Microsoft.Common.CurrentVersion.targets(2437,5): warning MSB3277:           Project file item includes which caused reference "C:\Users\WilliamForney\source\repos\wforney\OpenLiveWriter\src\managed\packages\ApprovalTests.3.0.11\lib\net40\ApprovalTests.dll". [C:\Users\WilliamForney\source\repos\wforney\OpenLiveWriter\src\managed\OpenLiveWriter.Tests\OpenLiveWriter.Tests.csproj]
C:\Program Files\Microsoft Visual Studio\18\Enterprise\MSBuild\Current\Bin\Microsoft.Common.CurrentVersion.targets(2437,5): warning MSB3277:             ApprovalTests, Version=3.0.0.0, Culture=neutral, PublicKeyToken=11bd7d124fc62e0f, processorArchitecture=MSIL [C:\Users\WilliamForney\source\repos\wforney\OpenLiveWriter\src\managed\OpenLiveWriter.Tests\OpenLiveWriter.Tests.csproj]
C:\Program Files\Microsoft Visual Studio\18\Enterprise\MSBuild\Current\Bin\Microsoft.Common.CurrentVersion.targets(2437,5): warning MSB3277:         C:\Users\WilliamForney\source\repos\wforney\OpenLiveWriter\src\managed\packages\Microsoft.Bcl.Async.1.0.168\lib\net40\Microsoft.Threading.Tasks.Extensions.Desktop.dll [C:\Users\WilliamForney\source\repos\wforney\OpenLiveWriter\src\managed\OpenLiveWriter.Tests\OpenLiveWriter.Tests.csproj]
C:\Program Files\Microsoft Visual Studio\18\Enterprise\MSBuild\Current\Bin\Microsoft.Common.CurrentVersion.targets(2437,5): warning MSB3277:           Project file item includes which caused reference "C:\Users\WilliamForney\source\repos\wforney\OpenLiveWriter\src\managed\packages\Microsoft.Bcl.Async.1.0.168\lib\net40\Microsoft.Threading.Tasks.Extensions.Desktop.dll". [C:\Users\WilliamForney\source\repos\wforney\OpenLiveWriter\src\managed\OpenLiveWriter.Tests\OpenLiveWriter.Tests.csproj]
C:\Program Files\Microsoft Visual Studio\18\Enterprise\MSBuild\Current\Bin\Microsoft.Common.CurrentVersion.targets(2437,5): warning MSB3277:             Microsoft.Threading.Tasks.Extensions.Desktop, Version=1.0.168.0, Culture=neutral, PublicKeyToken=b03f5f7f11d50a3a, processorArchitecture=MSIL [C:\Users\WilliamForney\source\repos\wforney\OpenLiveWriter\src\managed\OpenLiveWriter.Tests\OpenLiveWriter.Tests.csproj]
C:\Program Files\Microsoft Visual Studio\18\Enterprise\MSBuild\Current\Bin\Microsoft.Common.CurrentVersion.targets(2437,5): warning MSB3277:         C:\Users\WilliamForney\source\repos\wforney\OpenLiveWriter\src\managed\packages\NUnit.3.4.1\lib\net45\nunit.framework.dll [C:\Users\WilliamForney\source\repos\wforney\OpenLiveWriter\src\managed\OpenLiveWriter.Tests\OpenLiveWriter.Tests.csproj]
C:\Program Files\Microsoft Visual Studio\18\Enterprise\MSBuild\Current\Bin\Microsoft.Common.CurrentVersion.targets(2437,5): warning MSB3277:           Project file item includes which caused reference "C:\Users\WilliamForney\source\repos\wforney\OpenLiveWriter\src\managed\packages\NUnit.3.4.1\lib\net45\nunit.framework.dll". [C:\Users\WilliamForney\source\repos\wforney\OpenLiveWriter\src\managed\OpenLiveWriter.Tests\OpenLiveWriter.Tests.csproj]
C:\Program Files\Microsoft Visual Studio\18\Enterprise\MSBuild\Current\Bin\Microsoft.Common.CurrentVersion.targets(2437,5): warning MSB3277:             nunit.framework, Version=3.4.1.0, Culture=neutral, PublicKeyToken=2638cd05610744eb, processorArchitecture=MSIL [C:\Users\WilliamForney\source\repos\wforney\OpenLiveWriter\src\managed\OpenLiveWriter.Tests\OpenLiveWriter.Tests.csproj]
C:\Program Files\Microsoft Visual Studio\18\Enterprise\MSBuild\Current\Bin\Microsoft.Common.CurrentVersion.targets(2437,5): warning MSB3277:         C:\Windows\Microsoft.Net\assembly\GAC_MSIL\System.Net.Http\v4.0_4.0.0.0__b03f5f7f11d50a3a\System.Net.Http.dll [C:\Users\WilliamForney\source\repos\wforney\OpenLiveWriter\src\managed\OpenLiveWriter.Tests\OpenLiveWriter.Tests.csproj]
C:\Program Files\Microsoft Visual Studio\18\Enterprise\MSBuild\Current\Bin\Microsoft.Common.CurrentVersion.targets(2437,5): warning MSB3277:           Project file item includes which caused reference "C:\Windows\Microsoft.Net\assembly\GAC_MSIL\System.Net.Http\v4.0_4.0.0.0__b03f5f7f11d50a3a\System.Net.Http.dll". [C:\Users\WilliamForney\source\repos\wforney\OpenLiveWriter\src\managed\OpenLiveWriter.Tests\OpenLiveWriter.Tests.csproj]
C:\Program Files\Microsoft Visual Studio\18\Enterprise\MSBuild\Current\Bin\Microsoft.Common.CurrentVersion.targets(2437,5): warning MSB3277:             System.Net.Http [C:\Users\WilliamForney\source\repos\wforney\OpenLiveWriter\src\managed\OpenLiveWriter.Tests\OpenLiveWriter.Tests.csproj]
C:\Program Files\Microsoft Visual Studio\18\Enterprise\MSBuild\Current\Bin\Microsoft.Common.CurrentVersion.targets(2437,5): warning MSB3277:             System.Net.Http.WebRequest [C:\Users\WilliamForney\source\repos\wforney\OpenLiveWriter\src\managed\OpenLiveWriter.Tests\OpenLiveWriter.Tests.csproj]
C:\Program Files\Microsoft Visual Studio\18\Enterprise\MSBuild\Current\Bin\Microsoft.Common.CurrentVersion.targets(2437,5): warning MSB3277:             C:\Users\WilliamForney\source\repos\wforney\OpenLiveWriter\src\managed\bin\Debug\i386\Writer\OpenLiveWriter.BlogClient.dll [C:\Users\WilliamForney\source\repos\wforney\OpenLiveWriter\src\managed\OpenLiveWriter.Tests\OpenLiveWriter.Tests.csproj]
C:\Program Files\Microsoft Visual Studio\18\Enterprise\MSBuild\Current\Bin\Microsoft.Common.CurrentVersion.targets(2437,5): warning MSB3277:             C:\Users\WilliamForney\source\repos\wforney\OpenLiveWriter\src\managed\bin\Debug\i386\Writer\OpenLiveWriter.PostEditor.dll [C:\Users\WilliamForney\source\repos\wforney\OpenLiveWriter\src\managed\OpenLiveWriter.Tests\OpenLiveWriter.Tests.csproj]
C:\Program Files\Microsoft Visual Studio\18\Enterprise\MSBuild\Current\Bin\Microsoft.Common.CurrentVersion.targets(2437,5): warning MSB3277:             Microsoft.Threading.Tasks.Extensions.Desktop, Version=1.0.168.0, Culture=neutral, PublicKeyToken=b03f5f7f11d50a3a, processorArchitecture=MSIL [C:\Users\WilliamForney\source\repos\wforney\OpenLiveWriter\src\managed\OpenLiveWriter.Tests\OpenLiveWriter.Tests.csproj]
C:\Program Files\Microsoft Visual Studio\18\Enterprise\MSBuild\Current\Bin\Microsoft.Common.CurrentVersion.targets(2437,5): warning MSB3277:         C:\Windows\Microsoft.Net\assembly\GAC_MSIL\System.Windows.Forms\v4.0_4.0.0.0__b77a5c561934e089\System.Windows.Forms.dll [C:\Users\WilliamForney\source\repos\wforney\OpenLiveWriter\src\managed\OpenLiveWriter.Tests\OpenLiveWriter.Tests.csproj]
C:\Program Files\Microsoft Visual Studio\18\Enterprise\MSBuild\Current\Bin\Microsoft.Common.CurrentVersion.targets(2437,5): warning MSB3277:           Project file item includes which caused reference "C:\Windows\Microsoft.Net\assembly\GAC_MSIL\System.Windows.Forms\v4.0_4.0.0.0__b77a5c561934e089\System.Windows.Forms.dll". [C:\Users\WilliamForney\source\repos\wforney\OpenLiveWriter\src\managed\OpenLiveWriter.Tests\OpenLiveWriter.Tests.csproj]
C:\Program Files\Microsoft Visual Studio\18\Enterprise\MSBuild\Current\Bin\Microsoft.Common.CurrentVersion.targets(2437,5): warning MSB3277:             System.Windows.Forms [C:\Users\WilliamForney\source\repos\wforney\OpenLiveWriter\src\managed\OpenLiveWriter.Tests\OpenLiveWriter.Tests.csproj]
C:\Program Files\Microsoft Visual Studio\18\Enterprise\MSBuild\Current\Bin\Microsoft.Common.CurrentVersion.targets(2437,5): warning MSB3277:             C:\Users\WilliamForney\source\repos\wforney\OpenLiveWriter\src\managed\bin\Debug\i386\Writer\OpenLiveWriter.ApplicationFramework.dll [C:\Users\WilliamForney\source\repos\wforney\OpenLiveWriter\src\managed\OpenLiveWriter.Tests\OpenLiveWriter.Tests.csproj]
C:\Program Files\Microsoft Visual Studio\18\Enterprise\MSBuild\Current\Bin\Microsoft.Common.CurrentVersion.targets(2437,5): warning MSB3277:             C:\Users\WilliamForney\source\repos\wforney\OpenLiveWriter\src\managed\bin\Debug\i386\Writer\OpenLiveWriter.BlogClient.dll [C:\Users\WilliamForney\source\repos\wforney\OpenLiveWriter\src\managed\OpenLiveWriter.Tests\OpenLiveWriter.Tests.csproj]
C:\Program Files\Microsoft Visual Studio\18\Enterprise\MSBuild\Current\Bin\Microsoft.Common.CurrentVersion.targets(2437,5): warning MSB3277:             C:\Users\WilliamForney\source\repos\wforney\OpenLiveWriter\src\managed\bin\Debug\i386\Writer\OpenLiveWriter.HtmlEditor.dll [C:\Users\WilliamForney\source\repos\wforney\OpenLiveWriter\src\managed\OpenLiveWriter.Tests\OpenLiveWriter.Tests.csproj]
C:\Program Files\Microsoft Visual Studio\18\Enterprise\MSBuild\Current\Bin\Microsoft.Common.CurrentVersion.targets(2437,5): warning MSB3277:             C:\Users\WilliamForney\source\repos\wforney\OpenLiveWriter\src\managed\bin\Debug\i386\Writer\OpenLiveWriter.PostEditor.dll [C:\Users\WilliamForney\source\repos\wforney\OpenLiveWriter\src\managed\OpenLiveWriter.Tests\OpenLiveWriter.Tests.csproj]
C:\Program Files\Microsoft Visual Studio\18\Enterprise\MSBuild\Current\Bin\Microsoft.Common.CurrentVersion.targets(2437,5): warning MSB3277:             ApprovalTests, Version=3.0.0.0, Culture=neutral, PublicKeyToken=11bd7d124fc62e0f, processorArchitecture=MSIL [C:\Users\WilliamForney\source\repos\wforney\OpenLiveWriter\src\managed\OpenLiveWriter.Tests\OpenLiveWriter.Tests.csproj]
C:\Program Files\Microsoft Visual Studio\18\Enterprise\MSBuild\Current\Bin\Microsoft.Common.CurrentVersion.targets(2437,5): warning MSB3277:             nunit.framework, Version=3.4.1.0, Culture=neutral, PublicKeyToken=2638cd05610744eb, processorArchitecture=MSIL [C:\Users\WilliamForney\source\repos\wforney\OpenLiveWriter\src\managed\OpenLiveWriter.Tests\OpenLiveWriter.Tests.csproj]
C:\Program Files\Microsoft Visual Studio\18\Enterprise\MSBuild\Current\Bin\Microsoft.Common.CurrentVersion.targets(2437,5): warning MSB3277:             C:\Users\WilliamForney\source\repos\wforney\OpenLiveWriter\src\managed\bin\Debug\i386\Writer\OpenLiveWriter.HtmlParser.dll [C:\Users\WilliamForney\source\repos\wforney\OpenLiveWriter\src\managed\OpenLiveWriter.Tests\OpenLiveWriter.Tests.csproj]
C:\Program Files\Microsoft Visual Studio\18\Enterprise\MSBuild\Current\Bin\Microsoft.Common.CurrentVersion.targets(2437,5): warning MSB3277:             Microsoft.Threading.Tasks.Extensions.Desktop, Version=1.0.168.0, Culture=neutral, PublicKeyToken=b03f5f7f11d50a3a, processorArchitecture=MSIL [C:\Users\WilliamForney\source\repos\wforney\OpenLiveWriter\src\managed\OpenLiveWriter.Tests\OpenLiveWriter.Tests.csproj]
C:\Program Files\Microsoft Visual Studio\18\Enterprise\MSBuild\Current\Bin\Microsoft.Common.CurrentVersion.targets(2437,5): warning MSB3277:         C:\Windows\Microsoft.Net\assembly\GAC_MSIL\System.Design\v4.0_4.0.0.0__b03f5f7f11d50a3a\System.Design.dll [C:\Users\WilliamForney\source\repos\wforney\OpenLiveWriter\src\managed\OpenLiveWriter.Tests\OpenLiveWriter.Tests.csproj]
C:\Program Files\Microsoft Visual Studio\18\Enterprise\MSBuild\Current\Bin\Microsoft.Common.CurrentVersion.targets(2437,5): warning MSB3277:           Project file item includes which caused reference "C:\Windows\Microsoft.Net\assembly\GAC_MSIL\System.Design\v4.0_4.0.0.0__b03f5f7f11d50a3a\System.Design.dll". [C:\Users\WilliamForney\source\repos\wforney\OpenLiveWriter\src\managed\OpenLiveWriter.Tests\OpenLiveWriter.Tests.csproj]
C:\Program Files\Microsoft Visual Studio\18\Enterprise\MSBuild\Current\Bin\Microsoft.Common.CurrentVersion.targets(2437,5): warning MSB3277:             C:\Users\WilliamForney\source\repos\wforney\OpenLiveWriter\src\managed\bin\Debug\i386\Writer\OpenLiveWriter.ApplicationFramework.dll [C:\Users\WilliamForney\source\repos\wforney\OpenLiveWriter\src\managed\OpenLiveWriter.Tests\OpenLiveWriter.Tests.csproj]
C:\Program Files\Microsoft Visual Studio\18\Enterprise\MSBuild\Current\Bin\Microsoft.Common.CurrentVersion.targets(2437,5): warning MSB3277:             C:\Users\WilliamForney\source\repos\wforney\OpenLiveWriter\src\managed\bin\Debug\i386\Writer\OpenLiveWriter.HtmlEditor.dll [C:\Users\WilliamForney\source\repos\wforney\OpenLiveWriter\src\managed\OpenLiveWriter.Tests\OpenLiveWriter.Tests.csproj]
C:\Program Files\Microsoft Visual Studio\18\Enterprise\MSBuild\Current\Bin\Microsoft.Common.CurrentVersion.targets(2437,5): warning MSB3277:             C:\Users\WilliamForney\source\repos\wforney\OpenLiveWriter\src\managed\bin\Debug\i386\Writer\OpenLiveWriter.PostEditor.dll [C:\Users\WilliamForney\source\repos\wforney\OpenLiveWriter\src\managed\OpenLiveWriter.Tests\OpenLiveWriter.Tests.csproj]
C:\Program Files\Microsoft Visual Studio\18\Enterprise\MSBuild\Current\Bin\Microsoft.Common.CurrentVersion.targets(2437,5): warning MSB3277:             C:\Users\WilliamForney\source\repos\wforney\OpenLiveWriter\src\managed\bin\Debug\i386\Writer\OpenLiveWriter.BlogClient.dll [C:\Users\WilliamForney\source\repos\wforney\OpenLiveWriter\src\managed\OpenLiveWriter.Tests\OpenLiveWriter.Tests.csproj]
C:\Program Files\Microsoft Visual Studio\18\Enterprise\MSBuild\Current\Bin\Microsoft.Common.CurrentVersion.targets(2437,5): warning MSB3277:             C:\Users\WilliamForney\source\repos\wforney\OpenLiveWriter\src\managed\bin\Debug\i386\Writer\OpenLiveWriter.HtmlParser.dll [C:\Users\WilliamForney\source\repos\wforney\OpenLiveWriter\src\managed\OpenLiveWriter.Tests\OpenLiveWriter.Tests.csproj]
C:\Program Files\Microsoft Visual Studio\18\Enterprise\MSBuild\Current\Bin\Microsoft.Common.CurrentVersion.targets(2437,5): warning MSB3277:             nunit.framework, Version=3.4.1.0, Culture=neutral, PublicKeyToken=2638cd05610744eb, processorArchitecture=MSIL [C:\Users\WilliamForney\source\repos\wforney\OpenLiveWriter\src\managed\OpenLiveWriter.Tests\OpenLiveWriter.Tests.csproj]
C:\Program Files\Microsoft Visual Studio\18\Enterprise\MSBuild\Current\Bin\Microsoft.Common.CurrentVersion.targets(2437,5): warning MSB3277:             Microsoft.Threading.Tasks.Extensions.Desktop, Version=1.0.168.0, Culture=neutral, PublicKeyToken=b03f5f7f11d50a3a, processorArchitecture=MSIL [C:\Users\WilliamForney\source\repos\wforney\OpenLiveWriter\src\managed\OpenLiveWriter.Tests\OpenLiveWriter.Tests.csproj]
C:\Program Files\Microsoft Visual Studio\18\Enterprise\MSBuild\Current\Bin\Microsoft.Common.CurrentVersion.targets(2437,5): warning MSB3277:             ApprovalTests, Version=3.0.0.0, Culture=neutral, PublicKeyToken=11bd7d124fc62e0f, processorArchitecture=MSIL [C:\Users\WilliamForney\source\repos\wforney\OpenLiveWriter\src\managed\OpenLiveWriter.Tests\OpenLiveWriter.Tests.csproj]
C:\Program Files\Microsoft Visual Studio\18\Enterprise\MSBuild\Current\Bin\Microsoft.Common.CurrentVersion.targets(2437,5): warning MSB3277:         C:\Users\WilliamForney\source\repos\wforney\OpenLiveWriter\src\managed\bin\Debug\i386\Writer\Google.Apis.Auth.dll [C:\Users\WilliamForney\source\repos\wforney\OpenLiveWriter\src\managed\OpenLiveWriter.Tests\OpenLiveWriter.Tests.csproj]
C:\Program Files\Microsoft Visual Studio\18\Enterprise\MSBuild\Current\Bin\Microsoft.Common.CurrentVersion.targets(2437,5): warning MSB3277:           Project file item includes which caused reference "C:\Users\WilliamForney\source\repos\wforney\OpenLiveWriter\src\managed\bin\Debug\i386\Writer\Google.Apis.Auth.dll". [C:\Users\WilliamForney\source\repos\wforney\OpenLiveWriter\src\managed\OpenLiveWriter.Tests\OpenLiveWriter.Tests.csproj]
C:\Program Files\Microsoft Visual Studio\18\Enterprise\MSBuild\Current\Bin\Microsoft.Common.CurrentVersion.targets(2437,5): warning MSB3277:             C:\Users\WilliamForney\source\repos\wforney\OpenLiveWriter\src\managed\bin\Debug\i386\Writer\OpenLiveWriter.BlogClient.dll [C:\Users\WilliamForney\source\repos\wforney\OpenLiveWriter\src\managed\OpenLiveWriter.Tests\OpenLiveWriter.Tests.csproj]
C:\Program Files\Microsoft Visual Studio\18\Enterprise\MSBuild\Current\Bin\Microsoft.Common.CurrentVersion.targets(2437,5): warning MSB3277:             C:\Users\WilliamForney\source\repos\wforney\OpenLiveWriter\src\managed\bin\Debug\i386\Writer\OpenLiveWriter.PostEditor.dll [C:\Users\WilliamForney\source\repos\wforney\OpenLiveWriter\src\managed\OpenLiveWriter.Tests\OpenLiveWriter.Tests.csproj]
C:\Program Files\Microsoft Visual Studio\18\Enterprise\MSBuild\Current\Bin\Microsoft.Common.CurrentVersion.targets(2437,5): warning MSB3277:         C:\Users\WilliamForney\source\repos\wforney\OpenLiveWriter\src\managed\bin\Debug\i386\Writer\Google.Apis.Core.dll [C:\Users\WilliamForney\source\repos\wforney\OpenLiveWriter\src\managed\OpenLiveWriter.Tests\OpenLiveWriter.Tests.csproj]
C:\Program Files\Microsoft Visual Studio\18\Enterprise\MSBuild\Current\Bin\Microsoft.Common.CurrentVersion.targets(2437,5): warning MSB3277:           Project file item includes which caused reference "C:\Users\WilliamForney\source\repos\wforney\OpenLiveWriter\src\managed\bin\Debug\i386\Writer\Google.Apis.Core.dll". [C:\Users\WilliamForney\source\repos\wforney\OpenLiveWriter\src\managed\OpenLiveWriter.Tests\OpenLiveWriter.Tests.csproj]
C:\Program Files\Microsoft Visual Studio\18\Enterprise\MSBuild\Current\Bin\Microsoft.Common.CurrentVersion.targets(2437,5): warning MSB3277:             C:\Users\WilliamForney\source\repos\wforney\OpenLiveWriter\src\managed\bin\Debug\i386\Writer\OpenLiveWriter.BlogClient.dll [C:\Users\WilliamForney\source\repos\wforney\OpenLiveWriter\src\managed\OpenLiveWriter.Tests\OpenLiveWriter.Tests.csproj]
C:\Program Files\Microsoft Visual Studio\18\Enterprise\MSBuild\Current\Bin\Microsoft.Common.CurrentVersion.targets(2437,5): warning MSB3277:             C:\Users\WilliamForney\source\repos\wforney\OpenLiveWriter\src\managed\bin\Debug\i386\Writer\OpenLiveWriter.PostEditor.dll [C:\Users\WilliamForney\source\repos\wforney\OpenLiveWriter\src\managed\OpenLiveWriter.Tests\OpenLiveWriter.Tests.csproj]
C:\Program Files\Microsoft Visual Studio\18\Enterprise\MSBuild\Current\Bin\Microsoft.Common.CurrentVersion.targets(2437,5): warning MSB3277:         C:\Users\WilliamForney\source\repos\wforney\OpenLiveWriter\src\managed\bin\Debug\i386\Writer\Google.Apis.dll [C:\Users\WilliamForney\source\repos\wforney\OpenLiveWriter\src\managed\OpenLiveWriter.Tests\OpenLiveWriter.Tests.csproj]
C:\Program Files\Microsoft Visual Studio\18\Enterprise\MSBuild\Current\Bin\Microsoft.Common.CurrentVersion.targets(2437,5): warning MSB3277:           Project file item includes which caused reference "C:\Users\WilliamForney\source\repos\wforney\OpenLiveWriter\src\managed\bin\Debug\i386\Writer\Google.Apis.dll". [C:\Users\WilliamForney\source\repos\wforney\OpenLiveWriter\src\managed\OpenLiveWriter.Tests\OpenLiveWriter.Tests.csproj]
C:\Program Files\Microsoft Visual Studio\18\Enterprise\MSBuild\Current\Bin\Microsoft.Common.CurrentVersion.targets(2437,5): warning MSB3277:             C:\Users\WilliamForney\source\repos\wforney\OpenLiveWriter\src\managed\bin\Debug\i386\Writer\OpenLiveWriter.BlogClient.dll [C:\Users\WilliamForney\source\repos\wforney\OpenLiveWriter\src\managed\OpenLiveWriter.Tests\OpenLiveWriter.Tests.csproj]
C:\Program Files\Microsoft Visual Studio\18\Enterprise\MSBuild\Current\Bin\Microsoft.Common.CurrentVersion.targets(2437,5): warning MSB3277:             C:\Users\WilliamForney\source\repos\wforney\OpenLiveWriter\src\managed\bin\Debug\i386\Writer\OpenLiveWriter.PostEditor.dll [C:\Users\WilliamForney\source\repos\wforney\OpenLiveWriter\src\managed\OpenLiveWriter.Tests\OpenLiveWriter.Tests.csproj]
C:\Program Files\Microsoft Visual Studio\18\Enterprise\MSBuild\Current\Bin\Microsoft.Common.CurrentVersion.targets(2437,5): warning MSB3277:         C:\Users\WilliamForney\source\repos\wforney\OpenLiveWriter\src\managed\bin\Debug\i386\Writer\Newtonsoft.Json.dll [C:\Users\WilliamForney\source\repos\wforney\OpenLiveWriter\src\managed\OpenLiveWriter.Tests\OpenLiveWriter.Tests.csproj]
C:\Program Files\Microsoft Visual Studio\18\Enterprise\MSBuild\Current\Bin\Microsoft.Common.CurrentVersion.targets(2437,5): warning MSB3277:           Project file item includes which caused reference "C:\Users\WilliamForney\source\repos\wforney\OpenLiveWriter\src\managed\bin\Debug\i386\Writer\Newtonsoft.Json.dll". [C:\Users\WilliamForney\source\repos\wforney\OpenLiveWriter\src\managed\OpenLiveWriter.Tests\OpenLiveWriter.Tests.csproj]
C:\Program Files\Microsoft Visual Studio\18\Enterprise\MSBuild\Current\Bin\Microsoft.Common.CurrentVersion.targets(2437,5): warning MSB3277:             C:\Users\WilliamForney\source\repos\wforney\OpenLiveWriter\src\managed\bin\Debug\i386\Writer\OpenLiveWriter.BlogClient.dll [C:\Users\WilliamForney\source\repos\wforney\OpenLiveWriter\src\managed\OpenLiveWriter.Tests\OpenLiveWriter.Tests.csproj]
C:\Program Files\Microsoft Visual Studio\18\Enterprise\MSBuild\Current\Bin\Microsoft.Common.CurrentVersion.targets(2437,5): warning MSB3277:             C:\Users\WilliamForney\source\repos\wforney\OpenLiveWriter\src\managed\bin\Debug\i386\Writer\OpenLiveWriter.PostEditor.dll [C:\Users\WilliamForney\source\repos\wforney\OpenLiveWriter\src\managed\OpenLiveWriter.Tests\OpenLiveWriter.Tests.csproj]
C:\Program Files\Microsoft Visual Studio\18\Enterprise\MSBuild\Current\Bin\Microsoft.Common.CurrentVersion.targets(2437,5): warning MSB3277:         C:\Users\WilliamForney\source\repos\wforney\OpenLiveWriter\src\managed\bin\Debug\i386\Writer\YamlDotNet.dll [C:\Users\WilliamForney\source\repos\wforney\OpenLiveWriter\src\managed\OpenLiveWriter.Tests\OpenLiveWriter.Tests.csproj]
C:\Program Files\Microsoft Visual Studio\18\Enterprise\MSBuild\Current\Bin\Microsoft.Common.CurrentVersion.targets(2437,5): warning MSB3277:           Project file item includes which caused reference "C:\Users\WilliamForney\source\repos\wforney\OpenLiveWriter\src\managed\bin\Debug\i386\Writer\YamlDotNet.dll". [C:\Users\WilliamForney\source\repos\wforney\OpenLiveWriter\src\managed\OpenLiveWriter.Tests\OpenLiveWriter.Tests.csproj]
C:\Program Files\Microsoft Visual Studio\18\Enterprise\MSBuild\Current\Bin\Microsoft.Common.CurrentVersion.targets(2437,5): warning MSB3277:             C:\Users\WilliamForney\source\repos\wforney\OpenLiveWriter\src\managed\bin\Debug\i386\Writer\OpenLiveWriter.BlogClient.dll [C:\Users\WilliamForney\source\repos\wforney\OpenLiveWriter\src\managed\OpenLiveWriter.Tests\OpenLiveWriter.Tests.csproj]
C:\Program Files\Microsoft Visual Studio\18\Enterprise\MSBuild\Current\Bin\Microsoft.Common.CurrentVersion.targets(2437,5): warning MSB3277:             C:\Users\WilliamForney\source\repos\wforney\OpenLiveWriter\src\managed\bin\Debug\i386\Writer\OpenLiveWriter.PostEditor.dll [C:\Users\WilliamForney\source\repos\wforney\OpenLiveWriter\src\managed\OpenLiveWriter.Tests\OpenLiveWriter.Tests.csproj]
C:\Program Files\Microsoft Visual Studio\18\Enterprise\MSBuild\Current\Bin\Microsoft.Common.CurrentVersion.targets(2437,5): warning MSB3277:         C:\Windows\Microsoft.Net\assembly\GAC_32\System.Web\v4.0_4.0.0.0__b03f5f7f11d50a3a\System.Web.dll [C:\Users\WilliamForney\source\repos\wforney\OpenLiveWriter\src\managed\OpenLiveWriter.Tests\OpenLiveWriter.Tests.csproj]
C:\Program Files\Microsoft Visual Studio\18\Enterprise\MSBuild\Current\Bin\Microsoft.Common.CurrentVersion.targets(2437,5): warning MSB3277:           Project file item includes which caused reference "C:\Windows\Microsoft.Net\assembly\GAC_32\System.Web\v4.0_4.0.0.0__b03f5f7f11d50a3a\System.Web.dll". [C:\Users\WilliamForney\source\repos\wforney\OpenLiveWriter\src\managed\OpenLiveWriter.Tests\OpenLiveWriter.Tests.csproj]
C:\Program Files\Microsoft Visual Studio\18\Enterprise\MSBuild\Current\Bin\Microsoft.Common.CurrentVersion.targets(2437,5): warning MSB3277:             C:\Users\WilliamForney\source\repos\wforney\OpenLiveWriter\src\managed\bin\Debug\i386\Writer\OpenLiveWriter.BlogClient.dll [C:\Users\WilliamForney\source\repos\wforney\OpenLiveWriter\src\managed\OpenLiveWriter.Tests\OpenLiveWriter.Tests.csproj]
C:\Program Files\Microsoft Visual Studio\18\Enterprise\MSBuild\Current\Bin\Microsoft.Common.CurrentVersion.targets(2437,5): warning MSB3277:             C:\Users\WilliamForney\source\repos\wforney\OpenLiveWriter\src\managed\bin\Debug\i386\Writer\OpenLiveWriter.HtmlEditor.dll [C:\Users\WilliamForney\source\repos\wforney\OpenLiveWriter\src\managed\OpenLiveWriter.Tests\OpenLiveWriter.Tests.csproj]
C:\Program Files\Microsoft Visual Studio\18\Enterprise\MSBuild\Current\Bin\Microsoft.Common.CurrentVersion.targets(2437,5): warning MSB3277:             C:\Users\WilliamForney\source\repos\wforney\OpenLiveWriter\src\managed\bin\Debug\i386\Writer\OpenLiveWriter.HtmlParser.dll [C:\Users\WilliamForney\source\repos\wforney\OpenLiveWriter\src\managed\OpenLiveWriter.Tests\OpenLiveWriter.Tests.csproj]
C:\Program Files\Microsoft Visual Studio\18\Enterprise\MSBuild\Current\Bin\Microsoft.Common.CurrentVersion.targets(2437,5): warning MSB3277:             C:\Users\WilliamForney\source\repos\wforney\OpenLiveWriter\src\managed\bin\Debug\i386\Writer\OpenLiveWriter.PostEditor.dll [C:\Users\WilliamForney\source\repos\wforney\OpenLiveWriter\src\managed\OpenLiveWriter.Tests\OpenLiveWriter.Tests.csproj]
C:\Program Files\Microsoft Visual Studio\18\Enterprise\MSBuild\Current\Bin\Microsoft.Common.CurrentVersion.targets(2437,5): warning MSB3277:             nunit.framework, Version=3.4.1.0, Culture=neutral, PublicKeyToken=2638cd05610744eb, processorArchitecture=MSIL [C:\Users\WilliamForney\source\repos\wforney\OpenLiveWriter\src\managed\OpenLiveWriter.Tests\OpenLiveWriter.Tests.csproj]
C:\Program Files\Microsoft Visual Studio\18\Enterprise\MSBuild\Current\Bin\Microsoft.Common.CurrentVersion.targets(2437,5): warning MSB3277:             C:\Users\WilliamForney\source\repos\wforney\OpenLiveWriter\src\managed\bin\Debug\i386\Writer\OpenLiveWriter.ApplicationFramework.dll [C:\Users\WilliamForney\source\repos\wforney\OpenLiveWriter\src\managed\OpenLiveWriter.Tests\OpenLiveWriter.Tests.csproj]
C:\Program Files\Microsoft Visual Studio\18\Enterprise\MSBuild\Current\Bin\Microsoft.Common.CurrentVersion.targets(2437,5): warning MSB3277:             Microsoft.Threading.Tasks.Extensions.Desktop, Version=1.0.168.0, Culture=neutral, PublicKeyToken=b03f5f7f11d50a3a, processorArchitecture=MSIL [C:\Users\WilliamForney\source\repos\wforney\OpenLiveWriter\src\managed\OpenLiveWriter.Tests\OpenLiveWriter.Tests.csproj]
C:\Program Files\Microsoft Visual Studio\18\Enterprise\MSBuild\Current\Bin\Microsoft.Common.CurrentVersion.targets(2437,5): warning MSB3277:             ApprovalTests, Version=3.0.0.0, Culture=neutral, PublicKeyToken=11bd7d124fc62e0f, processorArchitecture=MSIL [C:\Users\WilliamForney\source\repos\wforney\OpenLiveWriter\src\managed\OpenLiveWriter.Tests\OpenLiveWriter.Tests.csproj]
C:\Program Files\Microsoft Visual Studio\18\Enterprise\MSBuild\Current\Bin\Microsoft.Common.CurrentVersion.targets(2437,5): warning MSB3277:         C:\Users\WilliamForney\source\repos\wforney\OpenLiveWriter\src\managed\bin\Debug\i386\Writer\Squirrel.dll [C:\Users\WilliamForney\source\repos\wforney\OpenLiveWriter\src\managed\OpenLiveWriter.Tests\OpenLiveWriter.Tests.csproj]
C:\Program Files\Microsoft Visual Studio\18\Enterprise\MSBuild\Current\Bin\Microsoft.Common.CurrentVersion.targets(2437,5): warning MSB3277:           Project file item includes which caused reference "C:\Users\WilliamForney\source\repos\wforney\OpenLiveWriter\src\managed\bin\Debug\i386\Writer\Squirrel.dll". [C:\Users\WilliamForney\source\repos\wforney\OpenLiveWriter\src\managed\OpenLiveWriter.Tests\OpenLiveWriter.Tests.csproj]
C:\Program Files\Microsoft Visual Studio\18\Enterprise\MSBuild\Current\Bin\Microsoft.Common.CurrentVersion.targets(2437,5): warning MSB3277:             C:\Users\WilliamForney\source\repos\wforney\OpenLiveWriter\src\managed\bin\Debug\i386\Writer\OpenLiveWriter.PostEditor.dll [C:\Users\WilliamForney\source\repos\wforney\OpenLiveWriter\src\managed\OpenLiveWriter.Tests\OpenLiveWriter.Tests.csproj]
C:\Program Files\Microsoft Visual Studio\18\Enterprise\MSBuild\Current\Bin\Microsoft.Common.CurrentVersion.targets(2437,5): warning MSB3277:         C:\Windows\Microsoft.Net\assembly\GAC_32\System.Data\v4.0_4.0.0.0__b77a5c561934e089\System.Data.dll [C:\Users\WilliamForney\source\repos\wforney\OpenLiveWriter\src\managed\OpenLiveWriter.Tests\OpenLiveWriter.Tests.csproj]
C:\Program Files\Microsoft Visual Studio\18\Enterprise\MSBuild\Current\Bin\Microsoft.Common.CurrentVersion.targets(2437,5): warning MSB3277:           Project file item includes which caused reference "C:\Windows\Microsoft.Net\assembly\GAC_32\System.Data\v4.0_4.0.0.0__b77a5c561934e089\System.Data.dll". [C:\Users\WilliamForney\source\repos\wforney\OpenLiveWriter\src\managed\OpenLiveWriter.Tests\OpenLiveWriter.Tests.csproj]
C:\Program Files\Microsoft Visual Studio\18\Enterprise\MSBuild\Current\Bin\Microsoft.Common.CurrentVersion.targets(2437,5): warning MSB3277:             C:\Users\WilliamForney\source\repos\wforney\OpenLiveWriter\src\managed\bin\Debug\i386\Writer\OpenLiveWriter.PostEditor.dll [C:\Users\WilliamForney\source\repos\wforney\OpenLiveWriter\src\managed\OpenLiveWriter.Tests\OpenLiveWriter.Tests.csproj]
C:\Program Files\Microsoft Visual Studio\18\Enterprise\MSBuild\Current\Bin\Microsoft.Common.CurrentVersion.targets(2437,5): warning MSB3277:             ApprovalTests, Version=3.0.0.0, Culture=neutral, PublicKeyToken=11bd7d124fc62e0f, processorArchitecture=MSIL [C:\Users\WilliamForney\source\repos\wforney\OpenLiveWriter\src\managed\OpenLiveWriter.Tests\OpenLiveWriter.Tests.csproj]
C:\Program Files\Microsoft Visual Studio\18\Enterprise\MSBuild\Current\Bin\Microsoft.Common.CurrentVersion.targets(2437,5): warning MSB3277:             Microsoft.Threading.Tasks.Extensions.Desktop, Version=1.0.168.0, Culture=neutral, PublicKeyToken=b03f5f7f11d50a3a, processorArchitecture=MSIL [C:\Users\WilliamForney\source\repos\wforney\OpenLiveWriter\src\managed\OpenLiveWriter.Tests\OpenLiveWriter.Tests.csproj]
C:\Program Files\Microsoft Visual Studio\18\Enterprise\MSBuild\Current\Bin\Microsoft.Common.CurrentVersion.targets(2437,5): warning MSB3277:             C:\Users\WilliamForney\source\repos\wforney\OpenLiveWriter\src\managed\bin\Debug\i386\Writer\OpenLiveWriter.ApplicationFramework.dll [C:\Users\WilliamForney\source\repos\wforney\OpenLiveWriter\src\managed\OpenLiveWriter.Tests\OpenLiveWriter.Tests.csproj]
C:\Program Files\Microsoft Visual Studio\18\Enterprise\MSBuild\Current\Bin\Microsoft.Common.CurrentVersion.targets(2437,5): warning MSB3277:             C:\Users\WilliamForney\source\repos\wforney\OpenLiveWriter\src\managed\bin\Debug\i386\Writer\OpenLiveWriter.HtmlEditor.dll [C:\Users\WilliamForney\source\repos\wforney\OpenLiveWriter\src\managed\OpenLiveWriter.Tests\OpenLiveWriter.Tests.csproj]
C:\Program Files\Microsoft Visual Studio\18\Enterprise\MSBuild\Current\Bin\Microsoft.Common.CurrentVersion.targets(2437,5): warning MSB3277:             C:\Users\WilliamForney\source\repos\wforney\OpenLiveWriter\src\managed\bin\Debug\i386\Writer\OpenLiveWriter.BlogClient.dll [C:\Users\WilliamForney\source\repos\wforney\OpenLiveWriter\src\managed\OpenLiveWriter.Tests\OpenLiveWriter.Tests.csproj]
C:\Program Files\Microsoft Visual Studio\18\Enterprise\MSBuild\Current\Bin\Microsoft.Common.CurrentVersion.targets(2437,5): warning MSB3277:             C:\Users\WilliamForney\source\repos\wforney\OpenLiveWriter\src\managed\bin\Debug\i386\Writer\OpenLiveWriter.HtmlParser.dll [C:\Users\WilliamForney\source\repos\wforney\OpenLiveWriter\src\managed\OpenLiveWriter.Tests\OpenLiveWriter.Tests.csproj]
C:\Program Files\Microsoft Visual Studio\18\Enterprise\MSBuild\Current\Bin\Microsoft.Common.CurrentVersion.targets(2437,5): warning MSB3277:             nunit.framework, Version=3.4.1.0, Culture=neutral, PublicKeyToken=2638cd05610744eb, processorArchitecture=MSIL [C:\Users\WilliamForney\source\repos\wforney\OpenLiveWriter\src\managed\OpenLiveWriter.Tests\OpenLiveWriter.Tests.csproj]
C:\Program Files\Microsoft Visual Studio\18\Enterprise\MSBuild\Current\Bin\Microsoft.Common.CurrentVersion.targets(2437,5): warning MSB3277:         C:\Users\WilliamForney\source\repos\wforney\OpenLiveWriter\src\managed\bin\Debug\i386\Writer\NuGet.Squirrel.dll [C:\Users\WilliamForney\source\repos\wforney\OpenLiveWriter\src\managed\OpenLiveWriter.Tests\OpenLiveWriter.Tests.csproj]
C:\Program Files\Microsoft Visual Studio\18\Enterprise\MSBuild\Current\Bin\Microsoft.Common.CurrentVersion.targets(2437,5): warning MSB3277:           Project file item includes which caused reference "C:\Users\WilliamForney\source\repos\wforney\OpenLiveWriter\src\managed\bin\Debug\i386\Writer\NuGet.Squirrel.dll". [C:\Users\WilliamForney\source\repos\wforney\OpenLiveWriter\src\managed\OpenLiveWriter.Tests\OpenLiveWriter.Tests.csproj]
C:\Program Files\Microsoft Visual Studio\18\Enterprise\MSBuild\Current\Bin\Microsoft.Common.CurrentVersion.targets(2437,5): warning MSB3277:             C:\Users\WilliamForney\source\repos\wforney\OpenLiveWriter\src\managed\bin\Debug\i386\Writer\OpenLiveWriter.PostEditor.dll [C:\Users\WilliamForney\source\repos\wforney\OpenLiveWriter\src\managed\OpenLiveWriter.Tests\OpenLiveWriter.Tests.csproj]
C:\Program Files\Microsoft Visual Studio\18\Enterprise\MSBuild\Current\Bin\Microsoft.Common.CurrentVersion.targets(2437,5): warning MSB3277:         C:\Windows\Microsoft.Net\assembly\GAC_MSIL\System.Data.Entity\v4.0_4.0.0.0__b77a5c561934e089\System.Data.Entity.dll [C:\Users\WilliamForney\source\repos\wforney\OpenLiveWriter\src\managed\OpenLiveWriter.Tests\OpenLiveWriter.Tests.csproj]
C:\Program Files\Microsoft Visual Studio\18\Enterprise\MSBuild\Current\Bin\Microsoft.Common.CurrentVersion.targets(2437,5): warning MSB3277:           Project file item includes which caused reference "C:\Windows\Microsoft.Net\assembly\GAC_MSIL\System.Data.Entity\v4.0_4.0.0.0__b77a5c561934e089\System.Data.Entity.dll". [C:\Users\WilliamForney\source\repos\wforney\OpenLiveWriter\src\managed\OpenLiveWriter.Tests\OpenLiveWriter.Tests.csproj]
C:\Program Files\Microsoft Visual Studio\18\Enterprise\MSBuild\Current\Bin\Microsoft.Common.CurrentVersion.targets(2437,5): warning MSB3277:             ApprovalTests, Version=3.0.0.0, Culture=neutral, PublicKeyToken=11bd7d124fc62e0f, processorArchitecture=MSIL [C:\Users\WilliamForney\source\repos\wforney\OpenLiveWriter\src\managed\OpenLiveWriter.Tests\OpenLiveWriter.Tests.csproj]
C:\Program Files\Microsoft Visual Studio\18\Enterprise\MSBuild\Current\Bin\Microsoft.Common.CurrentVersion.targets(2437,5): warning MSB3277:         C:\Windows\Microsoft.Net\assembly\GAC_MSIL\PresentationFramework\v4.0_4.0.0.0__31bf3856ad364e35\PresentationFramework.dll [C:\Users\WilliamForney\source\repos\wforney\OpenLiveWriter\src\managed\OpenLiveWriter.Tests\OpenLiveWriter.Tests.csproj]
C:\Program Files\Microsoft Visual Studio\18\Enterprise\MSBuild\Current\Bin\Microsoft.Common.CurrentVersion.targets(2437,5): warning MSB3277:           Project file item includes which caused reference "C:\Windows\Microsoft.Net\assembly\GAC_MSIL\PresentationFramework\v4.0_4.0.0.0__31bf3856ad364e35\PresentationFramework.dll". [C:\Users\WilliamForney\source\repos\wforney\OpenLiveWriter\src\managed\OpenLiveWriter.Tests\OpenLiveWriter.Tests.csproj]
C:\Program Files\Microsoft Visual Studio\18\Enterprise\MSBuild\Current\Bin\Microsoft.Common.CurrentVersion.targets(2437,5): warning MSB3277:             ApprovalTests, Version=3.0.0.0, Culture=neutral, PublicKeyToken=11bd7d124fc62e0f, processorArchitecture=MSIL [C:\Users\WilliamForney\source\repos\wforney\OpenLiveWriter\src\managed\OpenLiveWriter.Tests\OpenLiveWriter.Tests.csproj]
C:\Program Files\Microsoft Visual Studio\18\Enterprise\MSBuild\Current\Bin\Microsoft.Common.CurrentVersion.targets(2437,5): warning MSB3277:         C:\Windows\Microsoft.Net\assembly\GAC_MSIL\System.Configuration\v4.0_4.0.0.0__b03f5f7f11d50a3a\System.Configuration.dll [C:\Users\WilliamForney\source\repos\wforney\OpenLiveWriter\src\managed\OpenLiveWriter.Tests\OpenLiveWriter.Tests.csproj]
C:\Program Files\Microsoft Visual Studio\18\Enterprise\MSBuild\Current\Bin\Microsoft.Common.CurrentVersion.targets(2437,5): warning MSB3277:           Project file item includes which caused reference "C:\Windows\Microsoft.Net\assembly\GAC_MSIL\System.Configuration\v4.0_4.0.0.0__b03f5f7f11d50a3a\System.Configuration.dll". [C:\Users\WilliamForney\source\repos\wforney\OpenLiveWriter\src\managed\OpenLiveWriter.Tests\OpenLiveWriter.Tests.csproj]
C:\Program Files\Microsoft Visual Studio\18\Enterprise\MSBuild\Current\Bin\Microsoft.Common.CurrentVersion.targets(2437,5): warning MSB3277:             ApprovalTests, Version=3.0.0.0, Culture=neutral, PublicKeyToken=11bd7d124fc62e0f, processorArchitecture=MSIL [C:\Users\WilliamForney\source\repos\wforney\OpenLiveWriter\src\managed\OpenLiveWriter.Tests\OpenLiveWriter.Tests.csproj]
C:\Program Files\Microsoft Visual Studio\18\Enterprise\MSBuild\Current\Bin\Microsoft.Common.CurrentVersion.targets(2437,5): warning MSB3277:             System [C:\Users\WilliamForney\source\repos\wforney\OpenLiveWriter\src\managed\OpenLiveWriter.Tests\OpenLiveWriter.Tests.csproj]
C:\Program Files\Microsoft Visual Studio\18\Enterprise\MSBuild\Current\Bin\Microsoft.Common.CurrentVersion.targets(2437,5): warning MSB3277:             C:\Users\WilliamForney\source\repos\wforney\OpenLiveWriter\src\managed\bin\Debug\i386\Writer\OpenLiveWriter.ApplicationFramework.dll [C:\Users\WilliamForney\source\repos\wforney\OpenLiveWriter\src\managed\OpenLiveWriter.Tests\OpenLiveWriter.Tests.csproj]
C:\Program Files\Microsoft Visual Studio\18\Enterprise\MSBuild\Current\Bin\Microsoft.Common.CurrentVersion.targets(2437,5): warning MSB3277:             C:\Users\WilliamForney\source\repos\wforney\OpenLiveWriter\src\managed\bin\Debug\i386\Writer\OpenLiveWriter.BlogClient.dll [C:\Users\WilliamForney\source\repos\wforney\OpenLiveWriter\src\managed\OpenLiveWriter.Tests\OpenLiveWriter.Tests.csproj]
C:\Program Files\Microsoft Visual Studio\18\Enterprise\MSBuild\Current\Bin\Microsoft.Common.CurrentVersion.targets(2437,5): warning MSB3277:             C:\Users\WilliamForney\source\repos\wforney\OpenLiveWriter\src\managed\bin\Debug\i386\Writer\OpenLiveWriter.HtmlEditor.dll [C:\Users\WilliamForney\source\repos\wforney\OpenLiveWriter\src\managed\OpenLiveWriter.Tests\OpenLiveWriter.Tests.csproj]
C:\Program Files\Microsoft Visual Studio\18\Enterprise\MSBuild\Current\Bin\Microsoft.Common.CurrentVersion.targets(2437,5): warning MSB3277:             C:\Users\WilliamForney\source\repos\wforney\OpenLiveWriter\src\managed\bin\Debug\i386\Writer\OpenLiveWriter.HtmlParser.dll [C:\Users\WilliamForney\source\repos\wforney\OpenLiveWriter\src\managed\OpenLiveWriter.Tests\OpenLiveWriter.Tests.csproj]
C:\Program Files\Microsoft Visual Studio\18\Enterprise\MSBuild\Current\Bin\Microsoft.Common.CurrentVersion.targets(2437,5): warning MSB3277:             C:\Users\WilliamForney\source\repos\wforney\OpenLiveWriter\src\managed\bin\Debug\i386\Writer\OpenLiveWriter.PostEditor.dll [C:\Users\WilliamForney\source\repos\wforney\OpenLiveWriter\src\managed\OpenLiveWriter.Tests\OpenLiveWriter.Tests.csproj]
C:\Program Files\Microsoft Visual Studio\18\Enterprise\MSBuild\Current\Bin\Microsoft.Common.CurrentVersion.targets(2437,5): warning MSB3277:             Microsoft.Threading.Tasks.Extensions.Desktop, Version=1.0.168.0, Culture=neutral, PublicKeyToken=b03f5f7f11d50a3a, processorArchitecture=MSIL [C:\Users\WilliamForney\source\repos\wforney\OpenLiveWriter\src\managed\OpenLiveWriter.Tests\OpenLiveWriter.Tests.csproj]
C:\Program Files\Microsoft Visual Studio\18\Enterprise\MSBuild\Current\Bin\Microsoft.Common.CurrentVersion.targets(2437,5): warning MSB3277:             nunit.framework, Version=3.4.1.0, Culture=neutral, PublicKeyToken=2638cd05610744eb, processorArchitecture=MSIL [C:\Users\WilliamForney\source\repos\wforney\OpenLiveWriter\src\managed\OpenLiveWriter.Tests\OpenLiveWriter.Tests.csproj]
C:\Program Files\Microsoft Visual Studio\18\Enterprise\MSBuild\Current\Bin\Microsoft.Common.CurrentVersion.targets(2437,5): warning MSB3277:             System.Net.Http [C:\Users\WilliamForney\source\repos\wforney\OpenLiveWriter\src\managed\OpenLiveWriter.Tests\OpenLiveWriter.Tests.csproj]
C:\Program Files\Microsoft Visual Studio\18\Enterprise\MSBuild\Current\Bin\Microsoft.Common.CurrentVersion.targets(2437,5): warning MSB3277:             System.Net.Http.WebRequest [C:\Users\WilliamForney\source\repos\wforney\OpenLiveWriter\src\managed\OpenLiveWriter.Tests\OpenLiveWriter.Tests.csproj]
C:\Program Files\Microsoft Visual Studio\18\Enterprise\MSBuild\Current\Bin\Microsoft.Common.CurrentVersion.targets(2437,5): warning MSB3277:             System.Windows.Forms [C:\Users\WilliamForney\source\repos\wforney\OpenLiveWriter\src\managed\OpenLiveWriter.Tests\OpenLiveWriter.Tests.csproj]
C:\Program Files\Microsoft Visual Studio\18\Enterprise\MSBuild\Current\Bin\Microsoft.Common.CurrentVersion.targets(2437,5): warning MSB3277:             System.Net.Http.Primitives, Version=4.2.29.0, Culture=neutral, PublicKeyToken=b03f5f7f11d50a3a, processorArchitecture=MSIL [C:\Users\WilliamForney\source\repos\wforney\OpenLiveWriter\src\managed\OpenLiveWriter.Tests\OpenLiveWriter.Tests.csproj]
C:\Program Files\Microsoft Visual Studio\18\Enterprise\MSBuild\Current\Bin\Microsoft.Common.CurrentVersion.targets(2437,5): warning MSB3277:         C:\Windows\Microsoft.Net\assembly\GAC_MSIL\Microsoft.Build\v4.0_4.0.0.0__b03f5f7f11d50a3a\Microsoft.Build.dll [C:\Users\WilliamForney\source\repos\wforney\OpenLiveWriter\src\managed\OpenLiveWriter.Tests\OpenLiveWriter.Tests.csproj]
C:\Program Files\Microsoft Visual Studio\18\Enterprise\MSBuild\Current\Bin\Microsoft.Common.CurrentVersion.targets(2437,5): warning MSB3277:           Project file item includes which caused reference "C:\Windows\Microsoft.Net\assembly\GAC_MSIL\Microsoft.Build\v4.0_4.0.0.0__b03f5f7f11d50a3a\Microsoft.Build.dll". [C:\Users\WilliamForney\source\repos\wforney\OpenLiveWriter\src\managed\OpenLiveWriter.Tests\OpenLiveWriter.Tests.csproj]
C:\Program Files\Microsoft Visual Studio\18\Enterprise\MSBuild\Current\Bin\Microsoft.Common.CurrentVersion.targets(2437,5): warning MSB3277:             ApprovalTests, Version=3.0.0.0, Culture=neutral, PublicKeyToken=11bd7d124fc62e0f, processorArchitecture=MSIL [C:\Users\WilliamForney\source\repos\wforney\OpenLiveWriter\src\managed\OpenLiveWriter.Tests\OpenLiveWriter.Tests.csproj]
C:\Program Files\Microsoft Visual Studio\18\Enterprise\MSBuild\Current\Bin\Microsoft.Common.CurrentVersion.targets(2437,5): warning MSB3277:         C:\Windows\Microsoft.Net\assembly\GAC_MSIL\WindowsBase\v4.0_4.0.0.0__31bf3856ad364e35\WindowsBase.dll [C:\Users\WilliamForney\source\repos\wforney\OpenLiveWriter\src\managed\OpenLiveWriter.Tests\OpenLiveWriter.Tests.csproj]
C:\Program Files\Microsoft Visual Studio\18\Enterprise\MSBuild\Current\Bin\Microsoft.Common.CurrentVersion.targets(2437,5): warning MSB3277:           Project file item includes which caused reference "C:\Windows\Microsoft.Net\assembly\GAC_MSIL\WindowsBase\v4.0_4.0.0.0__31bf3856ad364e35\WindowsBase.dll". [C:\Users\WilliamForney\source\repos\wforney\OpenLiveWriter\src\managed\OpenLiveWriter.Tests\OpenLiveWriter.Tests.csproj]
C:\Program Files\Microsoft Visual Studio\18\Enterprise\MSBuild\Current\Bin\Microsoft.Common.CurrentVersion.targets(2437,5): warning MSB3277:             ApprovalTests, Version=3.0.0.0, Culture=neutral, PublicKeyToken=11bd7d124fc62e0f, processorArchitecture=MSIL [C:\Users\WilliamForney\source\repos\wforney\OpenLiveWriter\src\managed\OpenLiveWriter.Tests\OpenLiveWriter.Tests.csproj]
C:\Program Files\Microsoft Visual Studio\18\Enterprise\MSBuild\Current\Bin\Microsoft.Common.CurrentVersion.targets(2437,5): warning MSB3277:             C:\Users\WilliamForney\source\repos\wforney\OpenLiveWriter\src\managed\bin\Debug\i386\Writer\OpenLiveWriter.PostEditor.dll [C:\Users\WilliamForney\source\repos\wforney\OpenLiveWriter\src\managed\OpenLiveWriter.Tests\OpenLiveWriter.Tests.csproj]
C:\Program Files\Microsoft Visual Studio\18\Enterprise\MSBuild\Current\Bin\Microsoft.Common.CurrentVersion.targets(2437,5): warning MSB3277:         C:\Windows\Microsoft.Net\assembly\GAC_MSIL\System.ServiceModel\v4.0_4.0.0.0__b77a5c561934e089\System.ServiceModel.dll [C:\Users\WilliamForney\source\repos\wforney\OpenLiveWriter\src\managed\OpenLiveWriter.Tests\OpenLiveWriter.Tests.csproj]
C:\Program Files\Microsoft Visual Studio\18\Enterprise\MSBuild\Current\Bin\Microsoft.Common.CurrentVersion.targets(2437,5): warning MSB3277:           Project file item includes which caused reference "C:\Windows\Microsoft.Net\assembly\GAC_MSIL\System.ServiceModel\v4.0_4.0.0.0__b77a5c561934e089\System.ServiceModel.dll". [C:\Users\WilliamForney\source\repos\wforney\OpenLiveWriter\src\managed\OpenLiveWriter.Tests\OpenLiveWriter.Tests.csproj]
C:\Program Files\Microsoft Visual Studio\18\Enterprise\MSBuild\Current\Bin\Microsoft.Common.CurrentVersion.targets(2437,5): warning MSB3277:             Microsoft.Threading.Tasks.Extensions.Desktop, Version=1.0.168.0, Culture=neutral, PublicKeyToken=b03f5f7f11d50a3a, processorArchitecture=MSIL [C:\Users\WilliamForney\source\repos\wforney\OpenLiveWriter\src\managed\OpenLiveWriter.Tests\OpenLiveWriter.Tests.csproj]
C:\Program Files\Microsoft Visual Studio\18\Enterprise\MSBuild\Current\Bin\Microsoft.Common.CurrentVersion.targets(2437,5): warning MSB3277:             C:\Users\WilliamForney\source\repos\wforney\OpenLiveWriter\src\managed\bin\Debug\i386\Writer\OpenLiveWriter.PostEditor.dll [C:\Users\WilliamForney\source\repos\wforney\OpenLiveWriter\src\managed\OpenLiveWriter.Tests\OpenLiveWriter.Tests.csproj]
C:\Program Files\Microsoft Visual Studio\18\Enterprise\MSBuild\Current\Bin\Microsoft.Common.CurrentVersion.targets(2437,5): warning MSB3277:         C:\Windows\Microsoft.Net\assembly\GAC_MSIL\System.Runtime\v4.0_4.0.0.0__b03f5f7f11d50a3a\System.Runtime.dll [C:\Users\WilliamForney\source\repos\wforney\OpenLiveWriter\src\managed\OpenLiveWriter.Tests\OpenLiveWriter.Tests.csproj]
C:\Program Files\Microsoft Visual Studio\18\Enterprise\MSBuild\Current\Bin\Microsoft.Common.CurrentVersion.targets(2437,5): warning MSB3277:           Project file item includes which caused reference "C:\Windows\Microsoft.Net\assembly\GAC_MSIL\System.Runtime\v4.0_4.0.0.0__b03f5f7f11d50a3a\System.Runtime.dll". [C:\Users\WilliamForney\source\repos\wforney\OpenLiveWriter\src\managed\OpenLiveWriter.Tests\OpenLiveWriter.Tests.csproj]
C:\Program Files\Microsoft Visual Studio\18\Enterprise\MSBuild\Current\Bin\Microsoft.Common.CurrentVersion.targets(2437,5): warning MSB3277:             System.Net.Http.Primitives, Version=4.2.29.0, Culture=neutral, PublicKeyToken=b03f5f7f11d50a3a, processorArchitecture=MSIL [C:\Users\WilliamForney\source\repos\wforney\OpenLiveWriter\src\managed\OpenLiveWriter.Tests\OpenLiveWriter.Tests.csproj]
C:\Program Files\Microsoft Visual Studio\18\Enterprise\MSBuild\Current\Bin\Microsoft.Common.CurrentVersion.targets(2437,5): warning MSB3277:         C:\Windows\Microsoft.Net\assembly\GAC_MSIL\System.Runtime.InteropServices\v4.0_4.0.0.0__b03f5f7f11d50a3a\System.Runtime.InteropServices.dll [C:\Users\WilliamForney\source\repos\wforney\OpenLiveWriter\src\managed\OpenLiveWriter.Tests\OpenLiveWriter.Tests.csproj]
C:\Program Files\Microsoft Visual Studio\18\Enterprise\MSBuild\Current\Bin\Microsoft.Common.CurrentVersion.targets(2437,5): warning MSB3277:           Project file item includes which caused reference "C:\Windows\Microsoft.Net\assembly\GAC_MSIL\System.Runtime.InteropServices\v4.0_4.0.0.0__b03f5f7f11d50a3a\System.Runtime.InteropServices.dll". [C:\Users\WilliamForney\source\repos\wforney\OpenLiveWriter\src\managed\OpenLiveWriter.Tests\OpenLiveWriter.Tests.csproj]
C:\Program Files\Microsoft Visual Studio\18\Enterprise\MSBuild\Current\Bin\Microsoft.Common.CurrentVersion.targets(2437,5): warning MSB3277:             System.Net.Http.Primitives, Version=4.2.29.0, Culture=neutral, PublicKeyToken=b03f5f7f11d50a3a, processorArchitecture=MSIL [C:\Users\WilliamForney\source\repos\wforney\OpenLiveWriter\src\managed\OpenLiveWriter.Tests\OpenLiveWriter.Tests.csproj]
C:\Program Files\Microsoft Visual Studio\18\Enterprise\MSBuild\Current\Bin\Microsoft.Common.CurrentVersion.targets(2437,5): warning MSB3277:         C:\Windows\Microsoft.Net\assembly\GAC_MSIL\System.Deployment\v4.0_4.0.0.0__b03f5f7f11d50a3a\System.Deployment.dll [C:\Users\WilliamForney\source\repos\wforney\OpenLiveWriter\src\managed\OpenLiveWriter.Tests\OpenLiveWriter.Tests.csproj]
C:\Program Files\Microsoft Visual Studio\18\Enterprise\MSBuild\Current\Bin\Microsoft.Common.CurrentVersion.targets(2437,5): warning MSB3277:           Project file item includes which caused reference "C:\Windows\Microsoft.Net\assembly\GAC_MSIL\System.Deployment\v4.0_4.0.0.0__b03f5f7f11d50a3a\System.Deployment.dll". [C:\Users\WilliamForney\source\repos\wforney\OpenLiveWriter\src\managed\OpenLiveWriter.Tests\OpenLiveWriter.Tests.csproj]
C:\Program Files\Microsoft Visual Studio\18\Enterprise\MSBuild\Current\Bin\Microsoft.Common.CurrentVersion.targets(2437,5): warning MSB3277:             System.Windows.Forms [C:\Users\WilliamForney\source\repos\wforney\OpenLiveWriter\src\managed\OpenLiveWriter.Tests\OpenLiveWriter.Tests.csproj]
C:\Program Files\Microsoft Visual Studio\18\Enterprise\MSBuild\Current\Bin\Microsoft.Common.CurrentVersion.targets(2437,5): warning MSB3277:             C:\Users\WilliamForney\source\repos\wforney\OpenLiveWriter\src\managed\bin\Debug\i386\Writer\OpenLiveWriter.ApplicationFramework.dll [C:\Users\WilliamForney\source\repos\wforney\OpenLiveWriter\src\managed\OpenLiveWriter.Tests\OpenLiveWriter.Tests.csproj]
C:\Program Files\Microsoft Visual Studio\18\Enterprise\MSBuild\Current\Bin\Microsoft.Common.CurrentVersion.targets(2437,5): warning MSB3277:             C:\Users\WilliamForney\source\repos\wforney\OpenLiveWriter\src\managed\bin\Debug\i386\Writer\OpenLiveWriter.BlogClient.dll [C:\Users\WilliamForney\source\repos\wforney\OpenLiveWriter\src\managed\OpenLiveWriter.Tests\OpenLiveWriter.Tests.csproj]
C:\Program Files\Microsoft Visual Studio\18\Enterprise\MSBuild\Current\Bin\Microsoft.Common.CurrentVersion.targets(2437,5): warning MSB3277:             C:\Users\WilliamForney\source\repos\wforney\OpenLiveWriter\src\managed\bin\Debug\i386\Writer\OpenLiveWriter.HtmlEditor.dll [C:\Users\WilliamForney\source\repos\wforney\OpenLiveWriter\src\managed\OpenLiveWriter.Tests\OpenLiveWriter.Tests.csproj]
C:\Program Files\Microsoft Visual Studio\18\Enterprise\MSBuild\Current\Bin\Microsoft.Common.CurrentVersion.targets(2437,5): warning MSB3277:             C:\Users\WilliamForney\source\repos\wforney\OpenLiveWriter\src\managed\bin\Debug\i386\Writer\OpenLiveWriter.PostEditor.dll [C:\Users\WilliamForney\source\repos\wforney\OpenLiveWriter\src\managed\OpenLiveWriter.Tests\OpenLiveWriter.Tests.csproj]
C:\Program Files\Microsoft Visual Studio\18\Enterprise\MSBuild\Current\Bin\Microsoft.Common.CurrentVersion.targets(2437,5): warning MSB3277:             ApprovalTests, Version=3.0.0.0, Culture=neutral, PublicKeyToken=11bd7d124fc62e0f, processorArchitecture=MSIL [C:\Users\WilliamForney\source\repos\wforney\OpenLiveWriter\src\managed\OpenLiveWriter.Tests\OpenLiveWriter.Tests.csproj]
C:\Program Files\Microsoft Visual Studio\18\Enterprise\MSBuild\Current\Bin\Microsoft.Common.CurrentVersion.targets(2437,5): warning MSB3277:             nunit.framework, Version=3.4.1.0, Culture=neutral, PublicKeyToken=2638cd05610744eb, processorArchitecture=MSIL [C:\Users\WilliamForney\source\repos\wforney\OpenLiveWriter\src\managed\OpenLiveWriter.Tests\OpenLiveWriter.Tests.csproj]
C:\Program Files\Microsoft Visual Studio\18\Enterprise\MSBuild\Current\Bin\Microsoft.Common.CurrentVersion.targets(2437,5): warning MSB3277:             C:\Users\WilliamForney\source\repos\wforney\OpenLiveWriter\src\managed\bin\Debug\i386\Writer\OpenLiveWriter.HtmlParser.dll [C:\Users\WilliamForney\source\repos\wforney\OpenLiveWriter\src\managed\OpenLiveWriter.Tests\OpenLiveWriter.Tests.csproj]
C:\Program Files\Microsoft Visual Studio\18\Enterprise\MSBuild\Current\Bin\Microsoft.Common.CurrentVersion.targets(2437,5): warning MSB3277:             Microsoft.Threading.Tasks.Extensions.Desktop, Version=1.0.168.0, Culture=neutral, PublicKeyToken=b03f5f7f11d50a3a, processorArchitecture=MSIL [C:\Users\WilliamForney\source\repos\wforney\OpenLiveWriter\src\managed\OpenLiveWriter.Tests\OpenLiveWriter.Tests.csproj]
C:\Program Files\Microsoft Visual Studio\18\Enterprise\MSBuild\Current\Bin\Microsoft.Common.CurrentVersion.targets(2437,5): warning MSB3277:         C:\Windows\Microsoft.Net\assembly\GAC_MSIL\System.Xml.Linq\v4.0_4.0.0.0__b77a5c561934e089\System.Xml.Linq.dll [C:\Users\WilliamForney\source\repos\wforney\OpenLiveWriter\src\managed\OpenLiveWriter.Tests\OpenLiveWriter.Tests.csproj]
C:\Program Files\Microsoft Visual Studio\18\Enterprise\MSBuild\Current\Bin\Microsoft.Common.CurrentVersion.targets(2437,5): warning MSB3277:           Project file item includes which caused reference "C:\Windows\Microsoft.Net\assembly\GAC_MSIL\System.Xml.Linq\v4.0_4.0.0.0__b77a5c561934e089\System.Xml.Linq.dll". [C:\Users\WilliamForney\source\repos\wforney\OpenLiveWriter\src\managed\OpenLiveWriter.Tests\OpenLiveWriter.Tests.csproj]
C:\Program Files\Microsoft Visual Studio\18\Enterprise\MSBuild\Current\Bin\Microsoft.Common.CurrentVersion.targets(2437,5): warning MSB3277:             C:\Users\WilliamForney\source\repos\wforney\OpenLiveWriter\src\managed\bin\Debug\i386\Writer\OpenLiveWriter.BlogClient.dll [C:\Users\WilliamForney\source\repos\wforney\OpenLiveWriter\src\managed\OpenLiveWriter.Tests\OpenLiveWriter.Tests.csproj]
C:\Program Files\Microsoft Visual Studio\18\Enterprise\MSBuild\Current\Bin\Microsoft.Common.CurrentVersion.targets(2437,5): warning MSB3277:             C:\Users\WilliamForney\source\repos\wforney\OpenLiveWriter\src\managed\bin\Debug\i386\Writer\OpenLiveWriter.PostEditor.dll [C:\Users\WilliamForney\source\repos\wforney\OpenLiveWriter\src\managed\OpenLiveWriter.Tests\OpenLiveWriter.Tests.csproj]
C:\Program Files\Microsoft Visual Studio\18\Enterprise\MSBuild\Current\Bin\Microsoft.Common.CurrentVersion.targets(2437,5): warning MSB3277:             ApprovalTests, Version=3.0.0.0, Culture=neutral, PublicKeyToken=11bd7d124fc62e0f, processorArchitecture=MSIL [C:\Users\WilliamForney\source\repos\wforney\OpenLiveWriter\src\managed\OpenLiveWriter.Tests\OpenLiveWriter.Tests.csproj]
C:\Program Files\Microsoft Visual Studio\18\Enterprise\MSBuild\Current\Bin\Microsoft.Common.CurrentVersion.targets(2437,5): warning MSB3277:             Microsoft.Threading.Tasks.Extensions.Desktop, Version=1.0.168.0, Culture=neutral, PublicKeyToken=b03f5f7f11d50a3a, processorArchitecture=MSIL [C:\Users\WilliamForney\source\repos\wforney\OpenLiveWriter\src\managed\OpenLiveWriter.Tests\OpenLiveWriter.Tests.csproj]
C:\Program Files\Microsoft Visual Studio\18\Enterprise\MSBuild\Current\Bin\Microsoft.Common.CurrentVersion.targets(2437,5): warning MSB3277:         C:\Windows\Microsoft.Net\assembly\GAC_MSIL\System.ComponentModel.DataAnnotations\v4.0_4.0.0.0__31bf3856ad364e35\System.ComponentModel.DataAnnotations.dll [C:\Users\WilliamForney\source\repos\wforney\OpenLiveWriter\src\managed\OpenLiveWriter.Tests\OpenLiveWriter.Tests.csproj]
C:\Program Files\Microsoft Visual Studio\18\Enterprise\MSBuild\Current\Bin\Microsoft.Common.CurrentVersion.targets(2437,5): warning MSB3277:           Project file item includes which caused reference "C:\Windows\Microsoft.Net\assembly\GAC_MSIL\System.ComponentModel.DataAnnotations\v4.0_4.0.0.0__31bf3856ad364e35\System.ComponentModel.DataAnnotations.dll". [C:\Users\WilliamForney\source\repos\wforney\OpenLiveWriter\src\managed\OpenLiveWriter.Tests\OpenLiveWriter.Tests.csproj]
C:\Program Files\Microsoft Visual Studio\18\Enterprise\MSBuild\Current\Bin\Microsoft.Common.CurrentVersion.targets(2437,5): warning MSB3277:             C:\Users\WilliamForney\source\repos\wforney\OpenLiveWriter\src\managed\bin\Debug\i386\Writer\OpenLiveWriter.BlogClient.dll [C:\Users\WilliamForney\source\repos\wforney\OpenLiveWriter\src\managed\OpenLiveWriter.Tests\OpenLiveWriter.Tests.csproj]
C:\Program Files\Microsoft Visual Studio\18\Enterprise\MSBuild\Current\Bin\Microsoft.Common.CurrentVersion.targets(2437,5): warning MSB3277:             C:\Users\WilliamForney\source\repos\wforney\OpenLiveWriter\src\managed\bin\Debug\i386\Writer\OpenLiveWriter.HtmlEditor.dll [C:\Users\WilliamForney\source\repos\wforney\OpenLiveWriter\src\managed\OpenLiveWriter.Tests\OpenLiveWriter.Tests.csproj]
C:\Program Files\Microsoft Visual Studio\18\Enterprise\MSBuild\Current\Bin\Microsoft.Common.CurrentVersion.targets(2437,5): warning MSB3277:             C:\Users\WilliamForney\source\repos\wforney\OpenLiveWriter\src\managed\bin\Debug\i386\Writer\OpenLiveWriter.HtmlParser.dll [C:\Users\WilliamForney\source\repos\wforney\OpenLiveWriter\src\managed\OpenLiveWriter.Tests\OpenLiveWriter.Tests.csproj]
C:\Program Files\Microsoft Visual Studio\18\Enterprise\MSBuild\Current\Bin\Microsoft.Common.CurrentVersion.targets(2437,5): warning MSB3277:             C:\Users\WilliamForney\source\repos\wforney\OpenLiveWriter\src\managed\bin\Debug\i386\Writer\OpenLiveWriter.PostEditor.dll [C:\Users\WilliamForney\source\repos\wforney\OpenLiveWriter\src\managed\OpenLiveWriter.Tests\OpenLiveWriter.Tests.csproj]
C:\Program Files\Microsoft Visual Studio\18\Enterprise\MSBuild\Current\Bin\Microsoft.Common.CurrentVersion.targets(2437,5): warning MSB3277:             nunit.framework, Version=3.4.1.0, Culture=neutral, PublicKeyToken=2638cd05610744eb, processorArchitecture=MSIL [C:\Users\WilliamForney\source\repos\wforney\OpenLiveWriter\src\managed\OpenLiveWriter.Tests\OpenLiveWriter.Tests.csproj]
C:\Program Files\Microsoft Visual Studio\18\Enterprise\MSBuild\Current\Bin\Microsoft.Common.CurrentVersion.targets(2437,5): warning MSB3277:             C:\Users\WilliamForney\source\repos\wforney\OpenLiveWriter\src\managed\bin\Debug\i386\Writer\OpenLiveWriter.ApplicationFramework.dll [C:\Users\WilliamForney\source\repos\wforney\OpenLiveWriter\src\managed\OpenLiveWriter.Tests\OpenLiveWriter.Tests.csproj]
C:\Program Files\Microsoft Visual Studio\18\Enterprise\MSBuild\Current\Bin\Microsoft.Common.CurrentVersion.targets(2437,5): warning MSB3277:             ApprovalTests, Version=3.0.0.0, Culture=neutral, PublicKeyToken=11bd7d124fc62e0f, processorArchitecture=MSIL [C:\Users\WilliamForney\source\repos\wforney\OpenLiveWriter\src\managed\OpenLiveWriter.Tests\OpenLiveWriter.Tests.csproj]
C:\Program Files\Microsoft Visual Studio\18\Enterprise\MSBuild\Current\Bin\Microsoft.Common.CurrentVersion.targets(2437,5): warning MSB3277:             Microsoft.Threading.Tasks.Extensions.Desktop, Version=1.0.168.0, Culture=neutral, PublicKeyToken=b03f5f7f11d50a3a, processorArchitecture=MSIL [C:\Users\WilliamForney\source\repos\wforney\OpenLiveWriter\src\managed\OpenLiveWriter.Tests\OpenLiveWriter.Tests.csproj]
C:\Program Files\Microsoft Visual Studio\18\Enterprise\MSBuild\Current\Bin\Microsoft.Common.CurrentVersion.targets(2437,5): warning MSB3277:         C:\Windows\Microsoft.Net\assembly\GAC_MSIL\Microsoft.Build.Utilities.v4.0\v4.0_4.0.0.0__b03f5f7f11d50a3a\Microsoft.Build.Utilities.v4.0.dll [C:\Users\WilliamForney\source\repos\wforney\OpenLiveWriter\src\managed\OpenLiveWriter.Tests\OpenLiveWriter.Tests.csproj]
C:\Program Files\Microsoft Visual Studio\18\Enterprise\MSBuild\Current\Bin\Microsoft.Common.CurrentVersion.targets(2437,5): warning MSB3277:           Project file item includes which caused reference "C:\Windows\Microsoft.Net\assembly\GAC_MSIL\Microsoft.Build.Utilities.v4.0\v4.0_4.0.0.0__b03f5f7f11d50a3a\Microsoft.Build.Utilities.v4.0.dll". [C:\Users\WilliamForney\source\repos\wforney\OpenLiveWriter\src\managed\OpenLiveWriter.Tests\OpenLiveWriter.Tests.csproj]
C:\Program Files\Microsoft Visual Studio\18\Enterprise\MSBuild\Current\Bin\Microsoft.Common.CurrentVersion.targets(2437,5): warning MSB3277:             C:\Users\WilliamForney\source\repos\wforney\OpenLiveWriter\src\managed\bin\Debug\i386\Writer\OpenLiveWriter.BlogClient.dll [C:\Users\WilliamForney\source\repos\wforney\OpenLiveWriter\src\managed\OpenLiveWriter.Tests\OpenLiveWriter.Tests.csproj]
C:\Program Files\Microsoft Visual Studio\18\Enterprise\MSBuild\Current\Bin\Microsoft.Common.CurrentVersion.targets(2437,5): warning MSB3277:             C:\Users\WilliamForney\source\repos\wforney\OpenLiveWriter\src\managed\bin\Debug\i386\Writer\OpenLiveWriter.HtmlEditor.dll [C:\Users\WilliamForney\source\repos\wforney\OpenLiveWriter\src\managed\OpenLiveWriter.Tests\OpenLiveWriter.Tests.csproj]
C:\Program Files\Microsoft Visual Studio\18\Enterprise\MSBuild\Current\Bin\Microsoft.Common.CurrentVersion.targets(2437,5): warning MSB3277:             C:\Users\WilliamForney\source\repos\wforney\OpenLiveWriter\src\managed\bin\Debug\i386\Writer\OpenLiveWriter.HtmlParser.dll [C:\Users\WilliamForney\source\repos\wforney\OpenLiveWriter\src\managed\OpenLiveWriter.Tests\OpenLiveWriter.Tests.csproj]
C:\Program Files\Microsoft Visual Studio\18\Enterprise\MSBuild\Current\Bin\Microsoft.Common.CurrentVersion.targets(2437,5): warning MSB3277:             C:\Users\WilliamForney\source\repos\wforney\OpenLiveWriter\src\managed\bin\Debug\i386\Writer\OpenLiveWriter.PostEditor.dll [C:\Users\WilliamForney\source\repos\wforney\OpenLiveWriter\src\managed\OpenLiveWriter.Tests\OpenLiveWriter.Tests.csproj]
C:\Program Files\Microsoft Visual Studio\18\Enterprise\MSBuild\Current\Bin\Microsoft.Common.CurrentVersion.targets(2437,5): warning MSB3277:             nunit.framework, Version=3.4.1.0, Culture=neutral, PublicKeyToken=2638cd05610744eb, processorArchitecture=MSIL [C:\Users\WilliamForney\source\repos\wforney\OpenLiveWriter\src\managed\OpenLiveWriter.Tests\OpenLiveWriter.Tests.csproj]
C:\Program Files\Microsoft Visual Studio\18\Enterprise\MSBuild\Current\Bin\Microsoft.Common.CurrentVersion.targets(2437,5): warning MSB3277:             C:\Users\WilliamForney\source\repos\wforney\OpenLiveWriter\src\managed\bin\Debug\i386\Writer\OpenLiveWriter.ApplicationFramework.dll [C:\Users\WilliamForney\source\repos\wforney\OpenLiveWriter\src\managed\OpenLiveWriter.Tests\OpenLiveWriter.Tests.csproj]
C:\Program Files\Microsoft Visual Studio\18\Enterprise\MSBuild\Current\Bin\Microsoft.Common.CurrentVersion.targets(2437,5): warning MSB3277:             Microsoft.Threading.Tasks.Extensions.Desktop, Version=1.0.168.0, Culture=neutral, PublicKeyToken=b03f5f7f11d50a3a, processorArchitecture=MSIL [C:\Users\WilliamForney\source\repos\wforney\OpenLiveWriter\src\managed\OpenLiveWriter.Tests\OpenLiveWriter.Tests.csproj]
C:\Program Files\Microsoft Visual Studio\18\Enterprise\MSBuild\Current\Bin\Microsoft.Common.CurrentVersion.targets(2437,5): warning MSB3277:             ApprovalTests, Version=3.0.0.0, Culture=neutral, PublicKeyToken=11bd7d124fc62e0f, processorArchitecture=MSIL [C:\Users\WilliamForney\source\repos\wforney\OpenLiveWriter\src\managed\OpenLiveWriter.Tests\OpenLiveWriter.Tests.csproj]
C:\Program Files\Microsoft Visual Studio\18\Enterprise\MSBuild\Current\Bin\Microsoft.Common.CurrentVersion.targets(2437,5): warning MSB3277:         C:\Windows\Microsoft.Net\assembly\GAC_MSIL\Microsoft.Build.Tasks.v4.0\v4.0_4.0.0.0__b03f5f7f11d50a3a\Microsoft.Build.Tasks.v4.0.dll [C:\Users\WilliamForney\source\repos\wforney\OpenLiveWriter\src\managed\OpenLiveWriter.Tests\OpenLiveWriter.Tests.csproj]
C:\Program Files\Microsoft Visual Studio\18\Enterprise\MSBuild\Current\Bin\Microsoft.Common.CurrentVersion.targets(2437,5): warning MSB3277:           Project file item includes which caused reference "C:\Windows\Microsoft.Net\assembly\GAC_MSIL\Microsoft.Build.Tasks.v4.0\v4.0_4.0.0.0__b03f5f7f11d50a3a\Microsoft.Build.Tasks.v4.0.dll". [C:\Users\WilliamForney\source\repos\wforney\OpenLiveWriter\src\managed\OpenLiveWriter.Tests\OpenLiveWriter.Tests.csproj]
C:\Program Files\Microsoft Visual Studio\18\Enterprise\MSBuild\Current\Bin\Microsoft.Common.CurrentVersion.targets(2437,5): warning MSB3277:             C:\Users\WilliamForney\source\repos\wforney\OpenLiveWriter\src\managed\bin\Debug\i386\Writer\OpenLiveWriter.BlogClient.dll [C:\Users\WilliamForney\source\repos\wforney\OpenLiveWriter\src\managed\OpenLiveWriter.Tests\OpenLiveWriter.Tests.csproj]
C:\Program Files\Microsoft Visual Studio\18\Enterprise\MSBuild\Current\Bin\Microsoft.Common.CurrentVersion.targets(2437,5): warning MSB3277:             C:\Users\WilliamForney\source\repos\wforney\OpenLiveWriter\src\managed\bin\Debug\i386\Writer\OpenLiveWriter.HtmlEditor.dll [C:\Users\WilliamForney\source\repos\wforney\OpenLiveWriter\src\managed\OpenLiveWriter.Tests\OpenLiveWriter.Tests.csproj]
C:\Program Files\Microsoft Visual Studio\18\Enterprise\MSBuild\Current\Bin\Microsoft.Common.CurrentVersion.targets(2437,5): warning MSB3277:             C:\Users\WilliamForney\source\repos\wforney\OpenLiveWriter\src\managed\bin\Debug\i386\Writer\OpenLiveWriter.HtmlParser.dll [C:\Users\WilliamForney\source\repos\wforney\OpenLiveWriter\src\managed\OpenLiveWriter.Tests\OpenLiveWriter.Tests.csproj]
C:\Program Files\Microsoft Visual Studio\18\Enterprise\MSBuild\Current\Bin\Microsoft.Common.CurrentVersion.targets(2437,5): warning MSB3277:             C:\Users\WilliamForney\source\repos\wforney\OpenLiveWriter\src\managed\bin\Debug\i386\Writer\OpenLiveWriter.PostEditor.dll [C:\Users\WilliamForney\source\repos\wforney\OpenLiveWriter\src\managed\OpenLiveWriter.Tests\OpenLiveWriter.Tests.csproj]
C:\Program Files\Microsoft Visual Studio\18\Enterprise\MSBuild\Current\Bin\Microsoft.Common.CurrentVersion.targets(2437,5): warning MSB3277:             nunit.framework, Version=3.4.1.0, Culture=neutral, PublicKeyToken=2638cd05610744eb, processorArchitecture=MSIL [C:\Users\WilliamForney\source\repos\wforney\OpenLiveWriter\src\managed\OpenLiveWriter.Tests\OpenLiveWriter.Tests.csproj]
C:\Program Files\Microsoft Visual Studio\18\Enterprise\MSBuild\Current\Bin\Microsoft.Common.CurrentVersion.targets(2437,5): warning MSB3277:             C:\Users\WilliamForney\source\repos\wforney\OpenLiveWriter\src\managed\bin\Debug\i386\Writer\OpenLiveWriter.ApplicationFramework.dll [C:\Users\WilliamForney\source\repos\wforney\OpenLiveWriter\src\managed\OpenLiveWriter.Tests\OpenLiveWriter.Tests.csproj]
C:\Program Files\Microsoft Visual Studio\18\Enterprise\MSBuild\Current\Bin\Microsoft.Common.CurrentVersion.targets(2437,5): warning MSB3277:             Microsoft.Threading.Tasks.Extensions.Desktop, Version=1.0.168.0, Culture=neutral, PublicKeyToken=b03f5f7f11d50a3a, processorArchitecture=MSIL [C:\Users\WilliamForney\source\repos\wforney\OpenLiveWriter\src\managed\OpenLiveWriter.Tests\OpenLiveWriter.Tests.csproj]
C:\Program Files\Microsoft Visual Studio\18\Enterprise\MSBuild\Current\Bin\Microsoft.Common.CurrentVersion.targets(2437,5): warning MSB3277:             ApprovalTests, Version=3.0.0.0, Culture=neutral, PublicKeyToken=11bd7d124fc62e0f, processorArchitecture=MSIL [C:\Users\WilliamForney\source\repos\wforney\OpenLiveWriter\src\managed\OpenLiveWriter.Tests\OpenLiveWriter.Tests.csproj]
C:\Program Files\Microsoft Visual Studio\18\Enterprise\MSBuild\Current\Bin\Microsoft.Common.CurrentVersion.targets(2437,5): warning MSB3277:         C:\Windows\Microsoft.Net\assembly\GAC_MSIL\Microsoft.CSharp\v4.0_4.0.0.0__b03f5f7f11d50a3a\Microsoft.CSharp.dll [C:\Users\WilliamForney\source\repos\wforney\OpenLiveWriter\src\managed\OpenLiveWriter.Tests\OpenLiveWriter.Tests.csproj]
C:\Program Files\Microsoft Visual Studio\18\Enterprise\MSBuild\Current\Bin\Microsoft.Common.CurrentVersion.targets(2437,5): warning MSB3277:           Project file item includes which caused reference "C:\Windows\Microsoft.Net\assembly\GAC_MSIL\Microsoft.CSharp\v4.0_4.0.0.0__b03f5f7f11d50a3a\Microsoft.CSharp.dll". [C:\Users\WilliamForney\source\repos\wforney\OpenLiveWriter\src\managed\OpenLiveWriter.Tests\OpenLiveWriter.Tests.csproj]
C:\Program Files\Microsoft Visual Studio\18\Enterprise\MSBuild\Current\Bin\Microsoft.Common.CurrentVersion.targets(2437,5): warning MSB3277:             C:\Users\WilliamForney\source\repos\wforney\OpenLiveWriter\src\managed\bin\Debug\i386\Writer\OpenLiveWriter.PostEditor.dll [C:\Users\WilliamForney\source\repos\wforney\OpenLiveWriter\src\managed\OpenLiveWriter.Tests\OpenLiveWriter.Tests.csproj]
C:\Program Files\Microsoft Visual Studio\18\Enterprise\MSBuild\Current\Bin\Microsoft.Common.CurrentVersion.targets(2437,5): warning MSB3277:         C:\Windows\Microsoft.Net\assembly\GAC_MSIL\PresentationUI\v4.0_4.0.0.0__31bf3856ad364e35\PresentationUI.dll [C:\Users\WilliamForney\source\repos\wforney\OpenLiveWriter\src\managed\OpenLiveWriter.Tests\OpenLiveWriter.Tests.csproj]
C:\Program Files\Microsoft Visual Studio\18\Enterprise\MSBuild\Current\Bin\Microsoft.Common.CurrentVersion.targets(2437,5): warning MSB3277:           Project file item includes which caused reference "C:\Windows\Microsoft.Net\assembly\GAC_MSIL\PresentationUI\v4.0_4.0.0.0__31bf3856ad364e35\PresentationUI.dll". [C:\Users\WilliamForney\source\repos\wforney\OpenLiveWriter\src\managed\OpenLiveWriter.Tests\OpenLiveWriter.Tests.csproj]
C:\Program Files\Microsoft Visual Studio\18\Enterprise\MSBuild\Current\Bin\Microsoft.Common.CurrentVersion.targets(2437,5): warning MSB3277:             ApprovalTests, Version=3.0.0.0, Culture=neutral, PublicKeyToken=11bd7d124fc62e0f, processorArchitecture=MSIL [C:\Users\WilliamForney\source\repos\wforney\OpenLiveWriter\src\managed\OpenLiveWriter.Tests\OpenLiveWriter.Tests.csproj]
C:\Program Files\Microsoft Visual Studio\18\Enterprise\MSBuild\Current\Bin\Microsoft.Common.CurrentVersion.targets(2437,5): warning MSB3277:         C:\Windows\Microsoft.Net\assembly\GAC_MSIL\Microsoft.Internal.Tasks.Dataflow\v4.0_4.0.0.0__b77a5c561934e089\Microsoft.Internal.Tasks.Dataflow.dll [C:\Users\WilliamForney\source\repos\wforney\OpenLiveWriter\src\managed\OpenLiveWriter.Tests\OpenLiveWriter.Tests.csproj]
C:\Program Files\Microsoft Visual Studio\18\Enterprise\MSBuild\Current\Bin\Microsoft.Common.CurrentVersion.targets(2437,5): warning MSB3277:           Project file item includes which caused reference "C:\Windows\Microsoft.Net\assembly\GAC_MSIL\Microsoft.Internal.Tasks.Dataflow\v4.0_4.0.0.0__b77a5c561934e089\Microsoft.Internal.Tasks.Dataflow.dll". [C:\Users\WilliamForney\source\repos\wforney\OpenLiveWriter\src\managed\OpenLiveWriter.Tests\OpenLiveWriter.Tests.csproj]
C:\Program Files\Microsoft Visual Studio\18\Enterprise\MSBuild\Current\Bin\Microsoft.Common.CurrentVersion.targets(2437,5): warning MSB3277:             ApprovalTests, Version=3.0.0.0, Culture=neutral, PublicKeyToken=11bd7d124fc62e0f, processorArchitecture=MSIL [C:\Users\WilliamForney\source\repos\wforney\OpenLiveWriter\src\managed\OpenLiveWriter.Tests\OpenLiveWriter.Tests.csproj]
C:\Program Files\Microsoft Visual Studio\18\Enterprise\MSBuild\Current\Bin\Microsoft.Common.CurrentVersion.targets(2437,5): warning MSB3277:         C:\Windows\Microsoft.Net\assembly\GAC_MSIL\System.IdentityModel\v4.0_4.0.0.0__b77a5c561934e089\System.IdentityModel.dll [C:\Users\WilliamForney\source\repos\wforney\OpenLiveWriter\src\managed\OpenLiveWriter.Tests\OpenLiveWriter.Tests.csproj]
C:\Program Files\Microsoft Visual Studio\18\Enterprise\MSBuild\Current\Bin\Microsoft.Common.CurrentVersion.targets(2437,5): warning MSB3277:           Project file item includes which caused reference "C:\Windows\Microsoft.Net\assembly\GAC_MSIL\System.IdentityModel\v4.0_4.0.0.0__b77a5c561934e089\System.IdentityModel.dll". [C:\Users\WilliamForney\source\repos\wforney\OpenLiveWriter\src\managed\OpenLiveWriter.Tests\OpenLiveWriter.Tests.csproj]
C:\Program Files\Microsoft Visual Studio\18\Enterprise\MSBuild\Current\Bin\Microsoft.Common.CurrentVersion.targets(2437,5): warning MSB3277:             Microsoft.Threading.Tasks.Extensions.Desktop, Version=1.0.168.0, Culture=neutral, PublicKeyToken=b03f5f7f11d50a3a, processorArchitecture=MSIL [C:\Users\WilliamForney\source\repos\wforney\OpenLiveWriter\src\managed\OpenLiveWriter.Tests\OpenLiveWriter.Tests.csproj]
C:\Program Files\Microsoft Visual Studio\18\Enterprise\MSBuild\Current\Bin\Microsoft.Common.CurrentVersion.targets(2437,5): warning MSB3277:             C:\Users\WilliamForney\source\repos\wforney\OpenLiveWriter\src\managed\bin\Debug\i386\Writer\OpenLiveWriter.PostEditor.dll [C:\Users\WilliamForney\source\repos\wforney\OpenLiveWriter\src\managed\OpenLiveWriter.Tests\OpenLiveWriter.Tests.csproj]
C:\Program Files\Microsoft Visual Studio\18\Enterprise\MSBuild\Current\Bin\Microsoft.Common.CurrentVersion.targets(2437,5): warning MSB3277:         C:\Windows\Microsoft.Net\assembly\GAC_MSIL\System.Runtime.DurableInstancing\v4.0_4.0.0.0__31bf3856ad364e35\System.Runtime.DurableInstancing.dll [C:\Users\WilliamForney\source\repos\wforney\OpenLiveWriter\src\managed\OpenLiveWriter.Tests\OpenLiveWriter.Tests.csproj]
C:\Program Files\Microsoft Visual Studio\18\Enterprise\MSBuild\Current\Bin\Microsoft.Common.CurrentVersion.targets(2437,5): warning MSB3277:           Project file item includes which caused reference "C:\Windows\Microsoft.Net\assembly\GAC_MSIL\System.Runtime.DurableInstancing\v4.0_4.0.0.0__31bf3856ad364e35\System.Runtime.DurableInstancing.dll". [C:\Users\WilliamForney\source\repos\wforney\OpenLiveWriter\src\managed\OpenLiveWriter.Tests\OpenLiveWriter.Tests.csproj]
C:\Program Files\Microsoft Visual Studio\18\Enterprise\MSBuild\Current\Bin\Microsoft.Common.CurrentVersion.targets(2437,5): warning MSB3277:             Microsoft.Threading.Tasks.Extensions.Desktop, Version=1.0.168.0, Culture=neutral, PublicKeyToken=b03f5f7f11d50a3a, processorArchitecture=MSIL [C:\Users\WilliamForney\source\repos\wforney\OpenLiveWriter\src\managed\OpenLiveWriter.Tests\OpenLiveWriter.Tests.csproj]
C:\Program Files\Microsoft Visual Studio\18\Enterprise\MSBuild\Current\Bin\Microsoft.Common.CurrentVersion.targets(2437,5): warning MSB3277:             C:\Users\WilliamForney\source\repos\wforney\OpenLiveWriter\src\managed\bin\Debug\i386\Writer\OpenLiveWriter.PostEditor.dll [C:\Users\WilliamForney\source\repos\wforney\OpenLiveWriter\src\managed\OpenLiveWriter.Tests\OpenLiveWriter.Tests.csproj]
C:\Program Files\Microsoft Visual Studio\18\Enterprise\MSBuild\Current\Bin\Microsoft.Common.CurrentVersion.targets(2437,5): warning MSB3277:         C:\Windows\Microsoft.Net\assembly\GAC_MSIL\System.ServiceModel.Activation\v4.0_4.0.0.0__31bf3856ad364e35\System.ServiceModel.Activation.dll [C:\Users\WilliamForney\source\repos\wforney\OpenLiveWriter\src\managed\OpenLiveWriter.Tests\OpenLiveWriter.Tests.csproj]
C:\Program Files\Microsoft Visual Studio\18\Enterprise\MSBuild\Current\Bin\Microsoft.Common.CurrentVersion.targets(2437,5): warning MSB3277:           Project file item includes which caused reference "C:\Windows\Microsoft.Net\assembly\GAC_MSIL\System.ServiceModel.Activation\v4.0_4.0.0.0__31bf3856ad364e35\System.ServiceModel.Activation.dll". [C:\Users\WilliamForney\source\repos\wforney\OpenLiveWriter\src\managed\OpenLiveWriter.Tests\OpenLiveWriter.Tests.csproj]
C:\Program Files\Microsoft Visual Studio\18\Enterprise\MSBuild\Current\Bin\Microsoft.Common.CurrentVersion.targets(2437,5): warning MSB3277:             Microsoft.Threading.Tasks.Extensions.Desktop, Version=1.0.168.0, Culture=neutral, PublicKeyToken=b03f5f7f11d50a3a, processorArchitecture=MSIL [C:\Users\WilliamForney\source\repos\wforney\OpenLiveWriter\src\managed\OpenLiveWriter.Tests\OpenLiveWriter.Tests.csproj]
C:\Program Files\Microsoft Visual Studio\18\Enterprise\MSBuild\Current\Bin\Microsoft.Common.CurrentVersion.targets(2437,5): warning MSB3277:             C:\Users\WilliamForney\source\repos\wforney\OpenLiveWriter\src\managed\bin\Debug\i386\Writer\OpenLiveWriter.PostEditor.dll [C:\Users\WilliamForney\source\repos\wforney\OpenLiveWriter\src\managed\OpenLiveWriter.Tests\OpenLiveWriter.Tests.csproj]
C:\Program Files\Microsoft Visual Studio\18\Enterprise\MSBuild\Current\Bin\Microsoft.Common.CurrentVersion.targets(2437,5): warning MSB3277:         C:\Windows\Microsoft.Net\assembly\GAC_MSIL\System.ComponentModel.Composition\v4.0_4.0.0.0__b77a5c561934e089\System.ComponentModel.Composition.dll [C:\Users\WilliamForney\source\repos\wforney\OpenLiveWriter\src\managed\OpenLiveWriter.Tests\OpenLiveWriter.Tests.csproj]
C:\Program Files\Microsoft Visual Studio\18\Enterprise\MSBuild\Current\Bin\Microsoft.Common.CurrentVersion.targets(2437,5): warning MSB3277:           Project file item includes which caused reference "C:\Windows\Microsoft.Net\assembly\GAC_MSIL\System.ComponentModel.Composition\v4.0_4.0.0.0__b77a5c561934e089\System.ComponentModel.Composition.dll". [C:\Users\WilliamForney\source\repos\wforney\OpenLiveWriter\src\managed\OpenLiveWriter.Tests\OpenLiveWriter.Tests.csproj]
C:\Program Files\Microsoft Visual Studio\18\Enterprise\MSBuild\Current\Bin\Microsoft.Common.CurrentVersion.targets(2437,5): warning MSB3277:             System.Net.Http.Primitives, Version=4.2.29.0, Culture=neutral, PublicKeyToken=b03f5f7f11d50a3a, processorArchitecture=MSIL [C:\Users\WilliamForney\source\repos\wforney\OpenLiveWriter\src\managed\OpenLiveWriter.Tests\OpenLiveWriter.Tests.csproj]
C:\Program Files\Microsoft Visual Studio\18\Enterprise\MSBuild\Current\Bin\Microsoft.Common.CurrentVersion.targets(2437,5): warning MSB3277:         C:\Windows\Microsoft.Net\assembly\GAC_MSIL\System.Dynamic\v4.0_4.0.0.0__b03f5f7f11d50a3a\System.Dynamic.dll [C:\Users\WilliamForney\source\repos\wforney\OpenLiveWriter\src\managed\OpenLiveWriter.Tests\OpenLiveWriter.Tests.csproj]
C:\Program Files\Microsoft Visual Studio\18\Enterprise\MSBuild\Current\Bin\Microsoft.Common.CurrentVersion.targets(2437,5): warning MSB3277:           Project file item includes which caused reference "C:\Windows\Microsoft.Net\assembly\GAC_MSIL\System.Dynamic\v4.0_4.0.0.0__b03f5f7f11d50a3a\System.Dynamic.dll". [C:\Users\WilliamForney\source\repos\wforney\OpenLiveWriter\src\managed\OpenLiveWriter.Tests\OpenLiveWriter.Tests.csproj]
C:\Program Files\Microsoft Visual Studio\18\Enterprise\MSBuild\Current\Bin\Microsoft.Common.CurrentVersion.targets(2437,5): warning MSB3277:             C:\Users\WilliamForney\source\repos\wforney\OpenLiveWriter\src\managed\bin\Debug\i386\Writer\OpenLiveWriter.PostEditor.dll [C:\Users\WilliamForney\source\repos\wforney\OpenLiveWriter\src\managed\OpenLiveWriter.Tests\OpenLiveWriter.Tests.csproj]
C:\Program Files\Microsoft Visual Studio\18\Enterprise\MSBuild\Current\Bin\Microsoft.Common.CurrentVersion.targets(2437,5): warning MSB3277:         C:\Windows\Microsoft.Net\assembly\GAC_MSIL\System.Windows.Input.Manipulations\v4.0_4.0.0.0__b77a5c561934e089\System.Windows.Input.Manipulations.dll [C:\Users\WilliamForney\source\repos\wforney\OpenLiveWriter\src\managed\OpenLiveWriter.Tests\OpenLiveWriter.Tests.csproj]
C:\Program Files\Microsoft Visual Studio\18\Enterprise\MSBuild\Current\Bin\Microsoft.Common.CurrentVersion.targets(2437,5): warning MSB3277:           Project file item includes which caused reference "C:\Windows\Microsoft.Net\assembly\GAC_MSIL\System.Windows.Input.Manipulations\v4.0_4.0.0.0__b77a5c561934e089\System.Windows.Input.Manipulations.dll". [C:\Users\WilliamForney\source\repos\wforney\OpenLiveWriter\src\managed\OpenLiveWriter.Tests\OpenLiveWriter.Tests.csproj]
C:\Program Files\Microsoft Visual Studio\18\Enterprise\MSBuild\Current\Bin\Microsoft.Common.CurrentVersion.targets(2437,5): warning MSB3277:             ApprovalTests, Version=3.0.0.0, Culture=neutral, PublicKeyToken=11bd7d124fc62e0f, processorArchitecture=MSIL [C:\Users\WilliamForney\source\repos\wforney\OpenLiveWriter\src\managed\OpenLiveWriter.Tests\OpenLiveWriter.Tests.csproj]
C:\Program Files\Microsoft Visual Studio\18\Enterprise\MSBuild\Current\Bin\Microsoft.Common.CurrentVersion.targets(2437,5): warning MSB3277:         C:\Windows\Microsoft.Net\assembly\GAC_MSIL\System.ServiceModel.Activities\v4.0_4.0.0.0__31bf3856ad364e35\System.ServiceModel.Activities.dll [C:\Users\WilliamForney\source\repos\wforney\OpenLiveWriter\src\managed\OpenLiveWriter.Tests\OpenLiveWriter.Tests.csproj]
C:\Program Files\Microsoft Visual Studio\18\Enterprise\MSBuild\Current\Bin\Microsoft.Common.CurrentVersion.targets(2437,5): warning MSB3277:           Project file item includes which caused reference "C:\Windows\Microsoft.Net\assembly\GAC_MSIL\System.ServiceModel.Activities\v4.0_4.0.0.0__31bf3856ad364e35\System.ServiceModel.Activities.dll". [C:\Users\WilliamForney\source\repos\wforney\OpenLiveWriter\src\managed\OpenLiveWriter.Tests\OpenLiveWriter.Tests.csproj]
C:\Program Files\Microsoft Visual Studio\18\Enterprise\MSBuild\Current\Bin\Microsoft.Common.CurrentVersion.targets(2437,5): warning MSB3277:             Microsoft.Threading.Tasks.Extensions.Desktop, Version=1.0.168.0, Culture=neutral, PublicKeyToken=b03f5f7f11d50a3a, processorArchitecture=MSIL [C:\Users\WilliamForney\source\repos\wforney\OpenLiveWriter\src\managed\OpenLiveWriter.Tests\OpenLiveWriter.Tests.csproj]
C:\Program Files\Microsoft Visual Studio\18\Enterprise\MSBuild\Current\Bin\Microsoft.Common.CurrentVersion.targets(2437,5): warning MSB3277:             C:\Users\WilliamForney\source\repos\wforney\OpenLiveWriter\src\managed\bin\Debug\i386\Writer\OpenLiveWriter.PostEditor.dll [C:\Users\WilliamForney\source\repos\wforney\OpenLiveWriter\src\managed\OpenLiveWriter.Tests\OpenLiveWriter.Tests.csproj]
C:\Program Files\Microsoft Visual Studio\18\Enterprise\MSBuild\Current\Bin\Microsoft.Common.CurrentVersion.targets(2437,5): warning MSB3277:         C:\Windows\Microsoft.Net\assembly\GAC_MSIL\System.Activities\v4.0_4.0.0.0__31bf3856ad364e35\System.Activities.dll [C:\Users\WilliamForney\source\repos\wforney\OpenLiveWriter\src\managed\OpenLiveWriter.Tests\OpenLiveWriter.Tests.csproj]
C:\Program Files\Microsoft Visual Studio\18\Enterprise\MSBuild\Current\Bin\Microsoft.Common.CurrentVersion.targets(2437,5): warning MSB3277:           Project file item includes which caused reference "C:\Windows\Microsoft.Net\assembly\GAC_MSIL\System.Activities\v4.0_4.0.0.0__31bf3856ad364e35\System.Activities.dll". [C:\Users\WilliamForney\source\repos\wforney\OpenLiveWriter\src\managed\OpenLiveWriter.Tests\OpenLiveWriter.Tests.csproj]
C:\Program Files\Microsoft Visual Studio\18\Enterprise\MSBuild\Current\Bin\Microsoft.Common.CurrentVersion.targets(2437,5): warning MSB3277:             Microsoft.Threading.Tasks.Extensions.Desktop, Version=1.0.168.0, Culture=neutral, PublicKeyToken=b03f5f7f11d50a3a, processorArchitecture=MSIL [C:\Users\WilliamForney\source\repos\wforney\OpenLiveWriter\src\managed\OpenLiveWriter.Tests\OpenLiveWriter.Tests.csproj]
C:\Program Files\Microsoft Visual Studio\18\Enterprise\MSBuild\Current\Bin\Microsoft.Common.CurrentVersion.targets(2437,5): warning MSB3277:             C:\Users\WilliamForney\source\repos\wforney\OpenLiveWriter\src\managed\bin\Debug\i386\Writer\OpenLiveWriter.PostEditor.dll [C:\Users\WilliamForney\source\repos\wforney\OpenLiveWriter\src\managed\OpenLiveWriter.Tests\OpenLiveWriter.Tests.csproj]
C:\Program Files\Microsoft Visual Studio\18\Enterprise\MSBuild\Current\Bin\Microsoft.Common.CurrentVersion.targets(2437,5): warning MSB3277:         C:\Windows\Microsoft.Net\assembly\GAC_MSIL\System.Activities.DurableInstancing\v4.0_4.0.0.0__31bf3856ad364e35\System.Activities.DurableInstancing.dll [C:\Users\WilliamForney\source\repos\wforney\OpenLiveWriter\src\managed\OpenLiveWriter.Tests\OpenLiveWriter.Tests.csproj]
C:\Program Files\Microsoft Visual Studio\18\Enterprise\MSBuild\Current\Bin\Microsoft.Common.CurrentVersion.targets(2437,5): warning MSB3277:           Project file item includes which caused reference "C:\Windows\Microsoft.Net\assembly\GAC_MSIL\System.Activities.DurableInstancing\v4.0_4.0.0.0__31bf3856ad364e35\System.Activities.DurableInstancing.dll". [C:\Users\WilliamForney\source\repos\wforney\OpenLiveWriter\src\managed\OpenLiveWriter.Tests\OpenLiveWriter.Tests.csproj]
C:\Program Files\Microsoft Visual Studio\18\Enterprise\MSBuild\Current\Bin\Microsoft.Common.CurrentVersion.targets(2437,5): warning MSB3277:             Microsoft.Threading.Tasks.Extensions.Desktop, Version=1.0.168.0, Culture=neutral, PublicKeyToken=b03f5f7f11d50a3a, processorArchitecture=MSIL [C:\Users\WilliamForney\source\repos\wforney\OpenLiveWriter\src\managed\OpenLiveWriter.Tests\OpenLiveWriter.Tests.csproj]
C:\Program Files\Microsoft Visual Studio\18\Enterprise\MSBuild\Current\Bin\Microsoft.Common.CurrentVersion.targets(2437,5): warning MSB3277:             C:\Users\WilliamForney\source\repos\wforney\OpenLiveWriter\src\managed\bin\Debug\i386\Writer\OpenLiveWriter.PostEditor.dll [C:\Users\WilliamForney\source\repos\wforney\OpenLiveWriter\src\managed\OpenLiveWriter.Tests\OpenLiveWriter.Tests.csproj]
C:\Program Files\Microsoft Visual Studio\18\Enterprise\MSBuild\Current\Bin\Microsoft.Common.CurrentVersion.targets(2437,5): warning MSB3277:         C:\Windows\Microsoft.Net\assembly\GAC_32\Microsoft.VisualBasic.Activities.Compiler\v4.0_10.0.0.0__b03f5f7f11d50a3a\Microsoft.VisualBasic.Activities.Compiler.dll [C:\Users\WilliamForney\source\repos\wforney\OpenLiveWriter\src\managed\OpenLiveWriter.Tests\OpenLiveWriter.Tests.csproj]
C:\Program Files\Microsoft Visual Studio\18\Enterprise\MSBuild\Current\Bin\Microsoft.Common.CurrentVersion.targets(2437,5): warning MSB3277:           Project file item includes which caused reference "C:\Windows\Microsoft.Net\assembly\GAC_32\Microsoft.VisualBasic.Activities.Compiler\v4.0_10.0.0.0__b03f5f7f11d50a3a\Microsoft.VisualBasic.Activities.Compiler.dll". [C:\Users\WilliamForney\source\repos\wforney\OpenLiveWriter\src\managed\OpenLiveWriter.Tests\OpenLiveWriter.Tests.csproj]
C:\Program Files\Microsoft Visual Studio\18\Enterprise\MSBuild\Current\Bin\Microsoft.Common.CurrentVersion.targets(2437,5): warning MSB3277:             Microsoft.Threading.Tasks.Extensions.Desktop, Version=1.0.168.0, Culture=neutral, PublicKeyToken=b03f5f7f11d50a3a, processorArchitecture=MSIL [C:\Users\WilliamForney\source\repos\wforney\OpenLiveWriter\src\managed\OpenLiveWriter.Tests\OpenLiveWriter.Tests.csproj]
C:\Program Files\Microsoft Visual Studio\18\Enterprise\MSBuild\Current\Bin\Microsoft.Common.CurrentVersion.targets(2437,5): warning MSB3277:             C:\Users\WilliamForney\source\repos\wforney\OpenLiveWriter\src\managed\bin\Debug\i386\Writer\OpenLiveWriter.PostEditor.dll [C:\Users\WilliamForney\source\repos\wforney\OpenLiveWriter\src\managed\OpenLiveWriter.Tests\OpenLiveWriter.Tests.csproj]
C:\Program Files\Microsoft Visual Studio\18\Enterprise\MSBuild\Current\Bin\Microsoft.Common.CurrentVersion.targets(2437,5): warning MSB3277:         C:\Windows\Microsoft.Net\assembly\GAC_MSIL\Microsoft.VisualBasic\v4.0_10.0.0.0__b03f5f7f11d50a3a\Microsoft.VisualBasic.dll [C:\Users\WilliamForney\source\repos\wforney\OpenLiveWriter\src\managed\OpenLiveWriter.Tests\OpenLiveWriter.Tests.csproj]
C:\Program Files\Microsoft Visual Studio\18\Enterprise\MSBuild\Current\Bin\Microsoft.Common.CurrentVersion.targets(2437,5): warning MSB3277:           Project file item includes which caused reference "C:\Windows\Microsoft.Net\assembly\GAC_MSIL\Microsoft.VisualBasic\v4.0_10.0.0.0__b03f5f7f11d50a3a\Microsoft.VisualBasic.dll". [C:\Users\WilliamForney\source\repos\wforney\OpenLiveWriter\src\managed\OpenLiveWriter.Tests\OpenLiveWriter.Tests.csproj]
C:\Program Files\Microsoft Visual Studio\18\Enterprise\MSBuild\Current\Bin\Microsoft.Common.CurrentVersion.targets(2437,5): warning MSB3277:             Microsoft.Threading.Tasks.Extensions.Desktop, Version=1.0.168.0, Culture=neutral, PublicKeyToken=b03f5f7f11d50a3a, processorArchitecture=MSIL [C:\Users\WilliamForney\source\repos\wforney\OpenLiveWriter\src\managed\OpenLiveWriter.Tests\OpenLiveWriter.Tests.csproj]
C:\Program Files\Microsoft Visual Studio\18\Enterprise\MSBuild\Current\Bin\Microsoft.Common.CurrentVersion.targets(2437,5): warning MSB3277:             C:\Users\WilliamForney\source\repos\wforney\OpenLiveWriter\src\managed\bin\Debug\i386\Writer\OpenLiveWriter.PostEditor.dll [C:\Users\WilliamForney\source\repos\wforney\OpenLiveWriter\src\managed\OpenLiveWriter.Tests\OpenLiveWriter.Tests.csproj]
  Consider app.config remapping of assembly "mscorlib, Culture=neutral, PublicKeyToken=b77a5c561934e089" from Version "2.0.5.0" [] to Version "4.0.0.0" [C:\Windows\Microsoft.NET\Framework\v4.0.30319\mscorlib.dll] to solve conflict and get rid of warning.
  Consider app.config remapping of assembly "System, Culture=neutral, PublicKeyToken=b77a5c561934e089" from Version "2.0.5.0" [] to Version "4.0.0.0" [C:\Windows\Microsoft.Net\assembly\GAC_MSIL\System\v4.0_4.0.0.0__b77a5c561934e089\System.dll] to solve conflict and get rid of warning.
  Consider app.config remapping of assembly "System.Net.Http, Culture=neutral, PublicKeyToken=b03f5f7f11d50a3a" from Version "1.5.0.0" [] to Version "4.0.0.0" [C:\Windows\Microsoft.Net\assembly\GAC_MSIL\System.Net.Http\v4.0_4.0.0.0__b03f5f7f11d50a3a\System.Net.Http.dll] to solve conflict and get rid of warning.
  Consider app.config remapping of assembly "System.Windows.Forms, Culture=neutral, PublicKeyToken=b77a5c561934e089" from Version "2.0.0.0" [C:\Windows\assembly\GAC_MSIL\System.Windows.Forms\2.0.0.0__b77a5c561934e089\System.Windows.Forms.dll] to Version "4.0.0.0" [C:\Windows\Microsoft.Net\assembly\GAC_MSIL\System.Windows.Forms\v4.0_4.0.0.0__b77a5c561934e089\System.Windows.Forms.dll] to solve conflict and get rid of warning.
  Consider app.config remapping of assembly "System.Drawing, Culture=neutral, PublicKeyToken=b03f5f7f11d50a3a" from Version "2.0.0.0" [C:\Windows\assembly\GAC_MSIL\System.Drawing\2.0.0.0__b03f5f7f11d50a3a\System.Drawing.dll] to Version "4.0.0.0" [C:\Windows\Microsoft.Net\assembly\GAC_MSIL\System.Drawing\v4.0_4.0.0.0__b03f5f7f11d50a3a\System.Drawing.dll] to solve conflict and get rid of warning.
  Consider app.config remapping of assembly "System.Design, Culture=neutral, PublicKeyToken=b03f5f7f11d50a3a" from Version "2.0.0.0" [C:\Windows\assembly\GAC_MSIL\System.Design\2.0.0.0__b03f5f7f11d50a3a\System.Design.dll] to Version "4.0.0.0" [C:\Windows\Microsoft.Net\assembly\GAC_MSIL\System.Design\v4.0_4.0.0.0__b03f5f7f11d50a3a\System.Design.dll] to solve conflict and get rid of warning.
  Consider app.config remapping of assembly "System.Xml, Culture=neutral, PublicKeyToken=b77a5c561934e089" from Version "2.0.0.0" [C:\Windows\assembly\GAC_MSIL\System.Xml\2.0.0.0__b77a5c561934e089\System.Xml.dll] to Version "4.0.0.0" [C:\Windows\Microsoft.Net\assembly\GAC_MSIL\System.Xml\v4.0_4.0.0.0__b77a5c561934e089\System.Xml.dll] to solve conflict and get rid of warning.
  Consider app.config remapping of assembly "System.Web.Services, Culture=neutral, PublicKeyToken=b03f5f7f11d50a3a" from Version "2.0.0.0" [C:\Windows\assembly\GAC_MSIL\System.Web.Services\2.0.0.0__b03f5f7f11d50a3a\System.Web.Services.dll] to Version "4.0.0.0" [C:\Windows\Microsoft.Net\assembly\GAC_MSIL\System.Web.Services\v4.0_4.0.0.0__b03f5f7f11d50a3a\System.Web.Services.dll] to solve conflict and get rid of warning.
  Consider app.config remapping of assembly "System.Web, Culture=neutral, PublicKeyToken=b03f5f7f11d50a3a" from Version "2.0.0.0" [C:\Windows\assembly\GAC_32\System.Web\2.0.0.0__b03f5f7f11d50a3a\System.Web.dll] to Version "4.0.0.0" [C:\Windows\Microsoft.Net\assembly\GAC_32\System.Web\v4.0_4.0.0.0__b03f5f7f11d50a3a\System.Web.dll] to solve conflict and get rid of warning.
  Consider app.config remapping of assembly "System.Data, Culture=neutral, PublicKeyToken=b77a5c561934e089" from Version "2.0.0.0" [C:\Windows\assembly\GAC_32\System.Data\2.0.0.0__b77a5c561934e089\System.Data.dll] to Version "4.0.0.0" [C:\Windows\Microsoft.Net\assembly\GAC_32\System.Data\v4.0_4.0.0.0__b77a5c561934e089\System.Data.dll] to solve conflict and get rid of warning.
  Consider app.config remapping of assembly "System.Data.Entity, Culture=neutral, PublicKeyToken=b77a5c561934e089" from Version "3.5.0.0" [C:\Program Files (x86)\Reference Assemblies\Microsoft\Framework\v3.5\System.Data.Entity.dll] to Version "4.0.0.0" [C:\Windows\Microsoft.Net\assembly\GAC_MSIL\System.Data.Entity\v4.0_4.0.0.0__b77a5c561934e089\System.Data.Entity.dll] to solve conflict and get rid of warning.
  Consider app.config remapping of assembly "PresentationFramework, Culture=neutral, PublicKeyToken=31bf3856ad364e35" from Version "3.0.0.0" [C:\Program Files (x86)\Reference Assemblies\Microsoft\Framework\v3.0\PresentationFramework.dll] to Version "4.0.0.0" [C:\Windows\Microsoft.Net\assembly\GAC_MSIL\PresentationFramework\v4.0_4.0.0.0__31bf3856ad364e35\PresentationFramework.dll] to solve conflict and get rid of warning.
  Consider app.config remapping of assembly "System.Configuration, Culture=neutral, PublicKeyToken=b03f5f7f11d50a3a" from Version "2.0.0.0" [C:\Windows\assembly\GAC_MSIL\System.Configuration\2.0.0.0__b03f5f7f11d50a3a\System.Configuration.dll] to Version "4.0.0.0" [C:\Windows\Microsoft.Net\assembly\GAC_MSIL\System.Configuration\v4.0_4.0.0.0__b03f5f7f11d50a3a\System.Configuration.dll] to solve conflict and get rid of warning.
  Consider app.config remapping of assembly "WindowsBase, Culture=neutral, PublicKeyToken=31bf3856ad364e35" from Version "3.0.0.0" [C:\Program Files (x86)\Reference Assemblies\Microsoft\Framework\v3.0\WindowsBase.dll] to Version "4.0.0.0" [C:\Windows\Microsoft.Net\assembly\GAC_MSIL\WindowsBase\v4.0_4.0.0.0__31bf3856ad364e35\WindowsBase.dll] to solve conflict and get rid of warning.
  Consider app.config remapping of assembly "PresentationCore, Culture=neutral, PublicKeyToken=31bf3856ad364e35" from Version "3.0.0.0" [C:\Program Files (x86)\Reference Assemblies\Microsoft\Framework\v3.0\PresentationCore.dll] to Version "4.0.0.0" [C:\Windows\Microsoft.Net\assembly\GAC_32\PresentationCore\v4.0_4.0.0.0__31bf3856ad364e35\PresentationCore.dll] to solve conflict and get rid of warning.
  Consider app.config remapping of assembly "System.Xml.Linq, Culture=neutral, PublicKeyToken=b77a5c561934e089" from Version "3.5.0.0" [C:\Program Files (x86)\Reference Assemblies\Microsoft\Framework\v3.5\System.Xml.Linq.dll] to Version "4.0.0.0" [C:\Windows\Microsoft.Net\assembly\GAC_MSIL\System.Xml.Linq\v4.0_4.0.0.0__b77a5c561934e089\System.Xml.Linq.dll] to solve conflict and get rid of warning.
  Consider app.config remapping of assembly "System.Runtime, Culture=neutral, PublicKeyToken=b03f5f7f11d50a3a" from Version "1.5.11.0" [] to Version "4.0.0.0" [C:\Windows\Microsoft.Net\assembly\GAC_MSIL\System.Runtime\v4.0_4.0.0.0__b03f5f7f11d50a3a\System.Runtime.dll] to solve conflict and get rid of warning.
  Consider app.config remapping of assembly "System.Runtime.Remoting, Culture=neutral, PublicKeyToken=b77a5c561934e089" from Version "2.0.0.0" [C:\Windows\assembly\GAC_MSIL\System.Runtime.Remoting\2.0.0.0__b77a5c561934e089\System.Runtime.Remoting.dll] to Version "4.0.0.0" [C:\Windows\Microsoft.Net\assembly\GAC_MSIL\System.Runtime.Remoting\v4.0_4.0.0.0__b77a5c561934e089\System.Runtime.Remoting.dll] to solve conflict and get rid of warning.
  Consider app.config remapping of assembly "System.Security, Culture=neutral, PublicKeyToken=b03f5f7f11d50a3a" from Version "2.0.0.0" [C:\Windows\assembly\GAC_MSIL\System.Security\2.0.0.0__b03f5f7f11d50a3a\System.Security.dll] to Version "4.0.0.0" [C:\Windows\Microsoft.Net\assembly\GAC_MSIL\System.Security\v4.0_4.0.0.0__b03f5f7f11d50a3a\System.Security.dll] to solve conflict and get rid of warning.
  Consider app.config remapping of assembly "Accessibility, Culture=neutral, PublicKeyToken=b03f5f7f11d50a3a" from Version "2.0.0.0" [C:\Windows\assembly\GAC_MSIL\Accessibility\2.0.0.0__b03f5f7f11d50a3a\Accessibility.dll] to Version "4.0.0.0" [C:\Windows\Microsoft.Net\assembly\GAC_MSIL\Accessibility\v4.0_4.0.0.0__b03f5f7f11d50a3a\Accessibility.dll] to solve conflict and get rid of warning.
  Consider app.config remapping of assembly "System.Deployment, Culture=neutral, PublicKeyToken=b03f5f7f11d50a3a" from Version "2.0.0.0" [C:\Windows\assembly\GAC_MSIL\System.Deployment\2.0.0.0__b03f5f7f11d50a3a\System.Deployment.dll] to Version "4.0.0.0" [C:\Windows\Microsoft.Net\assembly\GAC_MSIL\System.Deployment\v4.0_4.0.0.0__b03f5f7f11d50a3a\System.Deployment.dll] to solve conflict and get rid of warning.
  Consider app.config remapping of assembly "System.Runtime.Serialization.Formatters.Soap, Culture=neutral, PublicKeyToken=b03f5f7f11d50a3a" from Version "2.0.0.0" [C:\Windows\assembly\GAC_MSIL\System.Runtime.Serialization.Formatters.Soap\2.0.0.0__b03f5f7f11d50a3a\System.Runtime.Serialization.Formatters.Soap.dll] to Version "4.0.0.0" [C:\Windows\Microsoft.Net\assembly\GAC_MSIL\System.Runtime.Serialization.Formatters.Soap\v4.0_4.0.0.0__b03f5f7f11d50a3a\System.Runtime.Serialization.Formatters.Soap.dll] to solve conflict and get rid of warning.
  Consider app.config remapping of assembly "System.Data.OracleClient, Culture=neutral, PublicKeyToken=b77a5c561934e089" from Version "2.0.0.0" [C:\Windows\assembly\GAC_32\System.Data.OracleClient\2.0.0.0__b77a5c561934e089\System.Data.OracleClient.dll] to Version "4.0.0.0" [C:\Windows\Microsoft.Net\assembly\GAC_32\System.Data.OracleClient\v4.0_4.0.0.0__b77a5c561934e089\System.Data.OracleClient.dll] to solve conflict and get rid of warning.
  Consider app.config remapping of assembly "System.Drawing.Design, Culture=neutral, PublicKeyToken=b03f5f7f11d50a3a" from Version "2.0.0.0" [C:\Windows\assembly\GAC_MSIL\System.Drawing.Design\2.0.0.0__b03f5f7f11d50a3a\System.Drawing.Design.dll] to Version "4.0.0.0" [C:\Windows\Microsoft.Net\assembly\GAC_MSIL\System.Drawing.Design\v4.0_4.0.0.0__b03f5f7f11d50a3a\System.Drawing.Design.dll] to solve conflict and get rid of warning.
  Consider app.config remapping of assembly "System.Web.RegularExpressions, Culture=neutral, PublicKeyToken=b03f5f7f11d50a3a" from Version "2.0.0.0" [C:\Windows\assembly\GAC_MSIL\System.Web.RegularExpressions\2.0.0.0__b03f5f7f11d50a3a\System.Web.RegularExpressions.dll] to Version "4.0.0.0" [C:\Windows\Microsoft.Net\assembly\GAC_MSIL\System.Web.RegularExpressions\v4.0_4.0.0.0__b03f5f7f11d50a3a\System.Web.RegularExpressions.dll] to solve conflict and get rid of warning.
  Consider app.config remapping of assembly "System.Data.SqlXml, Culture=neutral, PublicKeyToken=b77a5c561934e089" from Version "2.0.0.0" [C:\Windows\assembly\GAC_MSIL\System.Data.SqlXml\2.0.0.0__b77a5c561934e089\System.Data.SqlXml.dll] to Version "4.0.0.0" [C:\Windows\Microsoft.Net\assembly\GAC_MSIL\System.Data.SqlXml\v4.0_4.0.0.0__b77a5c561934e089\System.Data.SqlXml.dll] to solve conflict and get rid of warning.
  Consider app.config remapping of assembly "System.Runtime.Serialization, Culture=neutral, PublicKeyToken=b77a5c561934e089" from Version "3.0.0.0" [C:\Program Files (x86)\Reference Assemblies\Microsoft\Framework\v3.0\System.Runtime.Serialization.dll] to Version "4.0.0.0" [C:\Windows\Microsoft.Net\assembly\GAC_MSIL\System.Runtime.Serialization\v4.0_4.0.0.0__b77a5c561934e089\System.Runtime.Serialization.dll] to solve conflict and get rid of warning.
  Consider app.config remapping of assembly "System.EnterpriseServices, Culture=neutral, PublicKeyToken=b03f5f7f11d50a3a" from Version "2.0.0.0" [C:\Windows\assembly\GAC_32\System.EnterpriseServices\2.0.0.0__b03f5f7f11d50a3a\System.EnterpriseServices.dll] to Version "4.0.0.0" [C:\Windows\Microsoft.Net\assembly\GAC_32\System.EnterpriseServices\v4.0_4.0.0.0__b03f5f7f11d50a3a\System.EnterpriseServices.dll] to solve conflict and get rid of warning.
  Consider app.config remapping of assembly "System.DirectoryServices, Culture=neutral, PublicKeyToken=b03f5f7f11d50a3a" from Version "2.0.0.0" [C:\Windows\assembly\GAC_MSIL\System.DirectoryServices\2.0.0.0__b03f5f7f11d50a3a\System.DirectoryServices.dll] to Version "4.0.0.0" [C:\Windows\Microsoft.Net\assembly\GAC_MSIL\System.DirectoryServices\v4.0_4.0.0.0__b03f5f7f11d50a3a\System.DirectoryServices.dll] to solve conflict and get rid of warning.
  Consider app.config remapping of assembly "System.DirectoryServices.Protocols, Culture=neutral, PublicKeyToken=b03f5f7f11d50a3a" from Version "2.0.0.0" [C:\Windows\assembly\GAC_MSIL\System.DirectoryServices.Protocols\2.0.0.0__b03f5f7f11d50a3a\System.DirectoryServices.Protocols.dll] to Version "4.0.0.0" [C:\Windows\Microsoft.Net\assembly\GAC_MSIL\System.DirectoryServices.Protocols\v4.0_4.0.0.0__b03f5f7f11d50a3a\System.DirectoryServices.Protocols.dll] to solve conflict and get rid of warning.
  Consider app.config remapping of assembly "System.ServiceProcess, Culture=neutral, PublicKeyToken=b03f5f7f11d50a3a" from Version "2.0.0.0" [C:\Windows\assembly\GAC_MSIL\System.ServiceProcess\2.0.0.0__b03f5f7f11d50a3a\System.ServiceProcess.dll] to Version "4.0.0.0" [C:\Windows\Microsoft.Net\assembly\GAC_MSIL\System.ServiceProcess\v4.0_4.0.0.0__b03f5f7f11d50a3a\System.ServiceProcess.dll] to solve conflict and get rid of warning.
  Consider app.config remapping of assembly "System.Transactions, Culture=neutral, PublicKeyToken=b77a5c561934e089" from Version "2.0.0.0" [C:\Windows\assembly\GAC_32\System.Transactions\2.0.0.0__b77a5c561934e089\System.Transactions.dll] to Version "4.0.0.0" [C:\Windows\Microsoft.Net\assembly\GAC_32\System.Transactions\v4.0_4.0.0.0__b77a5c561934e089\System.Transactions.dll] to solve conflict and get rid of warning.
  Consider app.config remapping of assembly "UIAutomationProvider, Culture=neutral, PublicKeyToken=31bf3856ad364e35" from Version "3.0.0.0" [C:\Program Files (x86)\Reference Assemblies\Microsoft\Framework\v3.0\UIAutomationProvider.dll] to Version "4.0.0.0" [C:\Windows\Microsoft.Net\assembly\GAC_MSIL\UIAutomationProvider\v4.0_4.0.0.0__31bf3856ad364e35\UIAutomationProvider.dll] to solve conflict and get rid of warning.
  Consider app.config remapping of assembly "UIAutomationTypes, Culture=neutral, PublicKeyToken=31bf3856ad364e35" from Version "3.0.0.0" [C:\Program Files (x86)\Reference Assemblies\Microsoft\Framework\v3.0\UIAutomationTypes.dll] to Version "4.0.0.0" [C:\Windows\Microsoft.Net\assembly\GAC_MSIL\UIAutomationTypes\v4.0_4.0.0.0__31bf3856ad364e35\UIAutomationTypes.dll] to solve conflict and get rid of warning.
  Consider app.config remapping of assembly "ReachFramework, Culture=neutral, PublicKeyToken=31bf3856ad364e35" from Version "3.0.0.0" [C:\Program Files (x86)\Reference Assemblies\Microsoft\Framework\v3.0\ReachFramework.dll] to Version "4.0.0.0" [C:\Windows\Microsoft.Net\assembly\GAC_MSIL\ReachFramework\v4.0_4.0.0.0__31bf3856ad364e35\ReachFramework.dll] to solve conflict and get rid of warning.
  Consider app.config remapping of assembly "PresentationUI, Culture=neutral, PublicKeyToken=31bf3856ad364e35" from Version "3.0.0.0" [C:\Windows\assembly\GAC_MSIL\PresentationUI\3.0.0.0__31bf3856ad364e35\PresentationUI.dll] to Version "4.0.0.0" [C:\Windows\Microsoft.Net\assembly\GAC_MSIL\PresentationUI\v4.0_4.0.0.0__31bf3856ad364e35\PresentationUI.dll] to solve conflict and get rid of warning.
  Consider app.config remapping of assembly "System.Printing, Culture=neutral, PublicKeyToken=31bf3856ad364e35" from Version "3.0.0.0" [C:\Program Files (x86)\Reference Assemblies\Microsoft\Framework\v3.0\System.Printing.dll] to Version "4.0.0.0" [C:\Windows\Microsoft.Net\assembly\GAC_32\System.Printing\v4.0_4.0.0.0__31bf3856ad364e35\System.Printing.dll] to solve conflict and get rid of warning.
  Consider app.config remapping of assembly "System.Configuration.Install, Culture=neutral, PublicKeyToken=b03f5f7f11d50a3a" from Version "2.0.0.0" [C:\Windows\assembly\GAC_MSIL\System.Configuration.Install\2.0.0.0__b03f5f7f11d50a3a\System.Configuration.Install.dll] to Version "4.0.0.0" [C:\Windows\Microsoft.Net\assembly\GAC_MSIL\System.Configuration.Install\v4.0_4.0.0.0__b03f5f7f11d50a3a\System.Configuration.Install.dll] to solve conflict and get rid of warning.
  Consider app.config remapping of assembly "SMDiagnostics, Culture=neutral, PublicKeyToken=b77a5c561934e089" from Version "3.0.0.0" [C:\Windows\assembly\GAC_MSIL\SMDiagnostics\3.0.0.0__b77a5c561934e089\SMDiagnostics.dll] to Version "4.0.0.0" [C:\Windows\Microsoft.Net\assembly\GAC_MSIL\SMDiagnostics\v4.0_4.0.0.0__b77a5c561934e089\SMDiagnostics.dll] to solve conflict and get rid of warning.
C:\Program Files\Microsoft Visual Studio\18\Enterprise\MSBuild\Current\Bin\Microsoft.Common.CurrentVersion.targets(2437,5): warning MSB3247: Found conflicts between different versions of the same dependent assembly. In Visual Studio, double-click this warning (or select it and press Enter) to fix the conflicts; otherwise, add the following binding redirects to the "runtime" node in the application configuration file: <assemblyBinding xmlns="urn:schemas-microsoft-com:asm.v1"><dependentAssembly><assemblyIdentity name="mscorlib" culture="neutral" publicKeyToken="b77a5c561934e089" /><bindingRedirect oldVersion="0.0.0.0-4.0.0.0" newVersion="4.0.0.0" /></dependentAssembly></assemblyBinding><assemblyBinding xmlns="urn:schemas-microsoft-com:asm.v1"><dependentAssembly><assemblyIdentity name="System" culture="neutral" publicKeyToken="b77a5c561934e089" /><bindingRedirect oldVersion="0.0.0.0-4.0.0.0" newVersion="4.0.0.0" /></dependentAssembly></assemblyBinding><assemblyBinding xmlns="urn:schemas-microsoft-com:asm.v1"><dependentAssembly><assemblyIdentity name="System.Net.Http" culture="neutral" publicKeyToken="b03f5f7f11d50a3a" /><bindingRedirect oldVersion="0.0.0.0-4.0.0.0" newVersion="4.0.0.0" /></dependentAssembly></assemblyBinding><assemblyBinding xmlns="urn:schemas-microsoft-com:asm.v1"><dependentAssembly><assemblyIdentity name="System.Windows.Forms" culture="neutral" publicKeyToken="b77a5c561934e089" /><bindingRedirect oldVersion="0.0.0.0-4.0.0.0" newVersion="4.0.0.0" /></dependentAssembly></assemblyBinding><assemblyBinding xmlns="urn:schemas-microsoft-com:asm.v1"><dependentAssembly><assemblyIdentity name="System.Drawing" culture="neutral" publicKeyToken="b03f5f7f11d50a3a" /><bindingRedirect oldVersion="0.0.0.0-4.0.0.0" newVersion="4.0.0.0" /></dependentAssembly></assemblyBinding><assemblyBinding xmlns="urn:schemas-microsoft-com:asm.v1"><dependentAssembly><assemblyIdentity name="System.Design" culture="neutral" publicKeyToken="b03f5f7f11d50a3a" /><bindingRedirect oldVersion="0.0.0.0-4.0.0.0" newVersion="4.0.0.0" /></dependentAssembly></assemblyBinding><assemblyBinding xmlns="urn:schemas-microsoft-com:asm.v1"><dependentAssembly><assemblyIdentity name="System.Xml" culture="neutral" publicKeyToken="b77a5c561934e089" /><bindingRedirect oldVersion="0.0.0.0-4.0.0.0" newVersion="4.0.0.0" /></dependentAssembly></assemblyBinding><assemblyBinding xmlns="urn:schemas-microsoft-com:asm.v1"><dependentAssembly><assemblyIdentity name="System.Web.Services" culture="neutral" publicKeyToken="b03f5f7f11d50a3a" /><bindingRedirect oldVersion="0.0.0.0-4.0.0.0" newVersion="4.0.0.0" /></dependentAssembly></assemblyBinding><assemblyBinding xmlns="urn:schemas-microsoft-com:asm.v1"><dependentAssembly><assemblyIdentity name="System.Web" culture="neutral" publicKeyToken="b03f5f7f11d50a3a" /><bindingRedirect oldVersion="0.0.0.0-4.0.0.0" newVersion="4.0.0.0" /></dependentAssembly></assemblyBinding><assemblyBinding xmlns="urn:schemas-microsoft-com:asm.v1"><dependentAssembly><assemblyIdentity name="System.Data" culture="neutral" publicKeyToken="b77a5c561934e089" /><bindingRedirect oldVersion="0.0.0.0-4.0.0.0" newVersion="4.0.0.0" /></dependentAssembly></assemblyBinding><assemblyBinding xmlns="urn:schemas-microsoft-com:asm.v1"><dependentAssembly><assemblyIdentity name="System.Data.Entity" culture="neutral" publicKeyToken="b77a5c561934e089" /><bindingRedirect oldVersion="0.0.0.0-4.0.0.0" newVersion="4.0.0.0" /></dependentAssembly></assemblyBinding><assemblyBinding xmlns="urn:schemas-microsoft-com:asm.v1"><dependentAssembly><assemblyIdentity name="PresentationFramework" culture="neutral" publicKeyToken="31bf3856ad364e35" /><bindingRedirect oldVersion="0.0.0.0-4.0.0.0" newVersion="4.0.0.0" /></dependentAssembly></assemblyBinding><assemblyBinding xmlns="urn:schemas-microsoft-com:asm.v1"><dependentAssembly><assemblyIdentity name="System.Configuration" culture="neutral" publicKeyToken="b03f5f7f11d50a3a" /><bindingRedirect oldVersion="0.0.0.0-4.0.0.0" newVersion="4.0.0.0" /></dependentAssembly></assemblyBinding><assemblyBinding xmlns="urn:schemas-microsoft-com:asm.v1"><dependentAssembly><assemblyIdentity name="WindowsBase" culture="neutral" publicKeyToken="31bf3856ad364e35" /><bindingRedirect oldVersion="0.0.0.0-4.0.0.0" newVersion="4.0.0.0" /></dependentAssembly></assemblyBinding><assemblyBinding xmlns="urn:schemas-microsoft-com:asm.v1"><dependentAssembly><assemblyIdentity name="PresentationCore" culture="neutral" publicKeyToken="31bf3856ad364e35" /><bindingRedirect oldVersion="0.0.0.0-4.0.0.0" newVersion="4.0.0.0" /></dependentAssembly></assemblyBinding><assemblyBinding xmlns="urn:schemas-microsoft-com:asm.v1"><dependentAssembly><assemblyIdentity name="System.Xml.Linq" culture="neutral" publicKeyToken="b77a5c561934e089" /><bindingRedirect oldVersion="0.0.0.0-4.0.0.0" newVersion="4.0.0.0" /></dependentAssembly></assemblyBinding><assemblyBinding xmlns="urn:schemas-microsoft-com:asm.v1"><dependentAssembly><assemblyIdentity name="System.Runtime" culture="neutral" publicKeyToken="b03f5f7f11d50a3a" /><bindingRedirect oldVersion="0.0.0.0-4.0.0.0" newVersion="4.0.0.0" /></dependentAssembly></assemblyBinding><assemblyBinding xmlns="urn:schemas-microsoft-com:asm.v1"><dependentAssembly><assemblyIdentity name="System.Runtime.Remoting" culture="neutral" publicKeyToken="b77a5c561934e089" /><bindingRedirect oldVersion="0.0.0.0-4.0.0.0" newVersion="4.0.0.0" /></dependentAssembly></assemblyBinding><assemblyBinding xmlns="urn:schemas-microsoft-com:asm.v1"><dependentAssembly><assemblyIdentity name="System.Security" culture="neutral" publicKeyToken="b03f5f7f11d50a3a" /><bindingRedirect oldVersion="0.0.0.0-4.0.0.0" newVersion="4.0.0.0" /></dependentAssembly></assemblyBinding><assemblyBinding xmlns="urn:schemas-microsoft-com:asm.v1"><dependentAssembly><assemblyIdentity name="Accessibility" culture="neutral" publicKeyToken="b03f5f7f11d50a3a" /><bindingRedirect oldVersion="0.0.0.0-4.0.0.0" newVersion="4.0.0.0" /></dependentAssembly></assemblyBinding><assemblyBinding xmlns="urn:schemas-microsoft-com:asm.v1"><dependentAssembly><assemblyIdentity name="System.Deployment" culture="neutral" publicKeyToken="b03f5f7f11d50a3a" /><bindingRedirect oldVersion="0.0.0.0-4.0.0.0" newVersion="4.0.0.0" /></dependentAssembly></assemblyBinding><assemblyBinding xmlns="urn:schemas-microsoft-com:asm.v1"><dependentAssembly><assemblyIdentity name="System.Runtime.Serialization.Formatters.Soap" culture="neutral" publicKeyToken="b03f5f7f11d50a3a" /><bindingRedirect oldVersion="0.0.0.0-4.0.0.0" newVersion="4.0.0.0" /></dependentAssembly></assemblyBinding><assemblyBinding xmlns="urn:schemas-microsoft-com:asm.v1"><dependentAssembly><assemblyIdentity name="System.Data.OracleClient" culture="neutral" publicKeyToken="b77a5c561934e089" /><bindingRedirect oldVersion="0.0.0.0-4.0.0.0" newVersion="4.0.0.0" /></dependentAssembly></assemblyBinding><assemblyBinding xmlns="urn:schemas-microsoft-com:asm.v1"><dependentAssembly><assemblyIdentity name="System.Drawing.Design" culture="neutral" publicKeyToken="b03f5f7f11d50a3a" /><bindingRedirect oldVersion="0.0.0.0-4.0.0.0" newVersion="4.0.0.0" /></dependentAssembly></assemblyBinding><assemblyBinding xmlns="urn:schemas-microsoft-com:asm.v1"><dependentAssembly><assemblyIdentity name="System.Web.RegularExpressions" culture="neutral" publicKeyToken="b03f5f7f11d50a3a" /><bindingRedirect oldVersion="0.0.0.0-4.0.0.0" newVersion="4.0.0.0" /></dependentAssembly></assemblyBinding><assemblyBinding xmlns="urn:schemas-microsoft-com:asm.v1"><dependentAssembly><assemblyIdentity name="System.Data.SqlXml" culture="neutral" publicKeyToken="b77a5c561934e089" /><bindingRedirect oldVersion="0.0.0.0-4.0.0.0" newVersion="4.0.0.0" /></dependentAssembly></assemblyBinding><assemblyBinding xmlns="urn:schemas-microsoft-com:asm.v1"><dependentAssembly><assemblyIdentity name="System.Runtime.Serialization" culture="neutral" publicKeyToken="b77a5c561934e089" /><bindingRedirect oldVersion="0.0.0.0-4.0.0.0" newVersion="4.0.0.0" /></dependentAssembly></assemblyBinding><assemblyBinding xmlns="urn:schemas-microsoft-com:asm.v1"><dependentAssembly><assemblyIdentity name="System.EnterpriseServices" culture="neutral" publicKeyToken="b03f5f7f11d50a3a" /><bindingRedirect oldVersion="0.0.0.0-4.0.0.0" newVersion="4.0.0.0" /></dependentAssembly></assemblyBinding><assemblyBinding xmlns="urn:schemas-microsoft-com:asm.v1"><dependentAssembly><assemblyIdentity name="System.DirectoryServices" culture="neutral" publicKeyToken="b03f5f7f11d50a3a" /><bindingRedirect oldVersion="0.0.0.0-4.0.0.0" newVersion="4.0.0.0" /></dependentAssembly></assemblyBinding><assemblyBinding xmlns="urn:schemas-microsoft-com:asm.v1"><dependentAssembly><assemblyIdentity name="System.DirectoryServices.Protocols" culture="neutral" publicKeyToken="b03f5f7f11d50a3a" /><bindingRedirect oldVersion="0.0.0.0-4.0.0.0" newVersion="4.0.0.0" /></dependentAssembly></assemblyBinding><assemblyBinding xmlns="urn:schemas-microsoft-com:asm.v1"><dependentAssembly><assemblyIdentity name="System.ServiceProcess" culture="neutral" publicKeyToken="b03f5f7f11d50a3a" /><bindingRedirect oldVersion="0.0.0.0-4.0.0.0" newVersion="4.0.0.0" /></dependentAssembly></assemblyBinding><assemblyBinding xmlns="urn:schemas-microsoft-com:asm.v1"><dependentAssembly><assemblyIdentity name="System.Transactions" culture="neutral" publicKeyToken="b77a5c561934e089" /><bindingRedirect oldVersion="0.0.0.0-4.0.0.0" newVersion="4.0.0.0" /></dependentAssembly></assemblyBinding><assemblyBinding xmlns="urn:schemas-microsoft-com:asm.v1"><dependentAssembly><assemblyIdentity name="UIAutomationProvider" culture="neutral" publicKeyToken="31bf3856ad364e35" /><bindingRedirect oldVersion="0.0.0.0-4.0.0.0" newVersion="4.0.0.0" /></dependentAssembly></assemblyBinding><assemblyBinding xmlns="urn:schemas-microsoft-com:asm.v1"><dependentAssembly><assemblyIdentity name="UIAutomationTypes" culture="neutral" publicKeyToken="31bf3856ad364e35" /><bindingRedirect oldVersion="0.0.0.0-4.0.0.0" newVersion="4.0.0.0" /></dependentAssembly></assemblyBinding><assemblyBinding xmlns="urn:schemas-microsoft-com:asm.v1"><dependentAssembly><assemblyIdentity name="ReachFramework" culture="neutral" publicKeyToken="31bf3856ad364e35" /><bindingRedirect oldVersion="0.0.0.0-4.0.0.0" newVersion="4.0.0.0" /></dependentAssembly></assemblyBinding><assemblyBinding xmlns="urn:schemas-microsoft-com:asm.v1"><dependentAssembly><assemblyIdentity name="PresentationUI" culture="neutral" publicKeyToken="31bf3856ad364e35" /><bindingRedirect oldVersion="0.0.0.0-4.0.0.0" newVersion="4.0.0.0" /></dependentAssembly></assemblyBinding><assemblyBinding xmlns="urn:schemas-microsoft-com:asm.v1"><dependentAssembly><assemblyIdentity name="System.Printing" culture="neutral" publicKeyToken="31bf3856ad364e35" /><bindingRedirect oldVersion="0.0.0.0-4.0.0.0" newVersion="4.0.0.0" /></dependentAssembly></assemblyBinding><assemblyBinding xmlns="urn:schemas-microsoft-com:asm.v1"><dependentAssembly><assemblyIdentity name="System.Configuration.Install" culture="neutral" publicKeyToken="b03f5f7f11d50a3a" /><bindingRedirect oldVersion="0.0.0.0-4.0.0.0" newVersion="4.0.0.0" /></dependentAssembly></assemblyBinding><assemblyBinding xmlns="urn:schemas-microsoft-com:asm.v1"><dependentAssembly><assemblyIdentity name="SMDiagnostics" culture="neutral" publicKeyToken="b77a5c561934e089" /><bindingRedirect oldVersion="0.0.0.0-4.0.0.0" newVersion="4.0.0.0" /></dependentAssembly></assemblyBinding> [C:\Users\WilliamForney\source\repos\wforney\OpenLiveWriter\src\managed\OpenLiveWriter.Tests\OpenLiveWriter.Tests.csproj]
C:\Program Files\Microsoft Visual Studio\18\Enterprise\MSBuild\Current\Bin\Microsoft.Common.CurrentVersion.targets(2437,5): warning MSB3277: Found conflicts between different versions of "System.Core" that could not be resolved. [C:\Users\WilliamForney\source\repos\wforney\OpenLiveWriter\src\managed\BlogRunner.Core\BlogRunner.Core.csproj]
C:\Program Files\Microsoft Visual Studio\18\Enterprise\MSBuild\Current\Bin\Microsoft.Common.CurrentVersion.targets(2437,5): warning MSB3277: There was a conflict between "System.Core, Version=3.5.0.0, Culture=neutral, PublicKeyToken=b77a5c561934e089" and "System.Core, Version=4.0.0.0, Culture=neutral, PublicKeyToken=b77a5c561934e089". [C:\Users\WilliamForney\source\repos\wforney\OpenLiveWriter\src\managed\BlogRunner.Core\BlogRunner.Core.csproj]
C:\Program Files\Microsoft Visual Studio\18\Enterprise\MSBuild\Current\Bin\Microsoft.Common.CurrentVersion.targets(2437,5): warning MSB3277:     "System.Core, Version=3.5.0.0, Culture=neutral, PublicKeyToken=b77a5c561934e089" was chosen because it was primary and "System.Core, Version=4.0.0.0, Culture=neutral, PublicKeyToken=b77a5c561934e089" was not. [C:\Users\WilliamForney\source\repos\wforney\OpenLiveWriter\src\managed\BlogRunner.Core\BlogRunner.Core.csproj]
C:\Program Files\Microsoft Visual Studio\18\Enterprise\MSBuild\Current\Bin\Microsoft.Common.CurrentVersion.targets(2437,5): warning MSB3277:     References which depend on "System.Core, Version=3.5.0.0, Culture=neutral, PublicKeyToken=b77a5c561934e089" [C:\Program Files (x86)\Reference Assemblies\Microsoft\Framework\v3.5\System.Core.dll]. [C:\Users\WilliamForney\source\repos\wforney\OpenLiveWriter\src\managed\BlogRunner.Core\BlogRunner.Core.csproj]
C:\Program Files\Microsoft Visual Studio\18\Enterprise\MSBuild\Current\Bin\Microsoft.Common.CurrentVersion.targets(2437,5): warning MSB3277:         C:\Program Files (x86)\Reference Assemblies\Microsoft\Framework\v3.5\System.Core.dll [C:\Users\WilliamForney\source\repos\wforney\OpenLiveWriter\src\managed\BlogRunner.Core\BlogRunner.Core.csproj]
C:\Program Files\Microsoft Visual Studio\18\Enterprise\MSBuild\Current\Bin\Microsoft.Common.CurrentVersion.targets(2437,5): warning MSB3277:           Project file item includes which caused reference "C:\Program Files (x86)\Reference Assemblies\Microsoft\Framework\v3.5\System.Core.dll". [C:\Users\WilliamForney\source\repos\wforney\OpenLiveWriter\src\managed\BlogRunner.Core\BlogRunner.Core.csproj]
C:\Program Files\Microsoft Visual Studio\18\Enterprise\MSBuild\Current\Bin\Microsoft.Common.CurrentVersion.targets(2437,5): warning MSB3277:             System.Core [C:\Users\WilliamForney\source\repos\wforney\OpenLiveWriter\src\managed\BlogRunner.Core\BlogRunner.Core.csproj]
C:\Program Files\Microsoft Visual Studio\18\Enterprise\MSBuild\Current\Bin\Microsoft.Common.CurrentVersion.targets(2437,5): warning MSB3277:             C:\Users\WilliamForney\source\repos\wforney\OpenLiveWriter\src\managed\bin\Debug\i386\Writer\OpenLiveWriter.BlogClient.dll [C:\Users\WilliamForney\source\repos\wforney\OpenLiveWriter\src\managed\BlogRunner.Core\BlogRunner.Core.csproj]
C:\Program Files\Microsoft Visual Studio\18\Enterprise\MSBuild\Current\Bin\Microsoft.Common.CurrentVersion.targets(2437,5): warning MSB3277:             C:\Users\WilliamForney\source\repos\wforney\OpenLiveWriter\src\managed\bin\Debug\i386\Writer\OpenLiveWriter.PostEditor.dll [C:\Users\WilliamForney\source\repos\wforney\OpenLiveWriter\src\managed\BlogRunner.Core\BlogRunner.Core.csproj]
C:\Program Files\Microsoft Visual Studio\18\Enterprise\MSBuild\Current\Bin\Microsoft.Common.CurrentVersion.targets(2437,5): warning MSB3277:         C:\Users\WilliamForney\source\repos\wforney\OpenLiveWriter\src\managed\bin\Debug\i386\Writer\OpenLiveWriter.BlogClient.dll [C:\Users\WilliamForney\source\repos\wforney\OpenLiveWriter\src\managed\BlogRunner.Core\BlogRunner.Core.csproj]
C:\Program Files\Microsoft Visual Studio\18\Enterprise\MSBuild\Current\Bin\Microsoft.Common.CurrentVersion.targets(2437,5): warning MSB3277:           Project file item includes which caused reference "C:\Users\WilliamForney\source\repos\wforney\OpenLiveWriter\src\managed\bin\Debug\i386\Writer\OpenLiveWriter.BlogClient.dll". [C:\Users\WilliamForney\source\repos\wforney\OpenLiveWriter\src\managed\BlogRunner.Core\BlogRunner.Core.csproj]
C:\Program Files\Microsoft Visual Studio\18\Enterprise\MSBuild\Current\Bin\Microsoft.Common.CurrentVersion.targets(2437,5): warning MSB3277:             C:\Users\WilliamForney\source\repos\wforney\OpenLiveWriter\src\managed\bin\Debug\i386\Writer\OpenLiveWriter.BlogClient.dll [C:\Users\WilliamForney\source\repos\wforney\OpenLiveWriter\src\managed\BlogRunner.Core\BlogRunner.Core.csproj]
C:\Program Files\Microsoft Visual Studio\18\Enterprise\MSBuild\Current\Bin\Microsoft.Common.CurrentVersion.targets(2437,5): warning MSB3277:             C:\Users\WilliamForney\source\repos\wforney\OpenLiveWriter\src\managed\bin\Debug\i386\Writer\OpenLiveWriter.PostEditor.dll [C:\Users\WilliamForney\source\repos\wforney\OpenLiveWriter\src\managed\BlogRunner.Core\BlogRunner.Core.csproj]
C:\Program Files\Microsoft Visual Studio\18\Enterprise\MSBuild\Current\Bin\Microsoft.Common.CurrentVersion.targets(2437,5): warning MSB3277:         C:\Users\WilliamForney\source\repos\wforney\OpenLiveWriter\src\managed\bin\Debug\i386\Writer\OpenLiveWriter.SpellChecker.dll [C:\Users\WilliamForney\source\repos\wforney\OpenLiveWriter\src\managed\BlogRunner.Core\BlogRunner.Core.csproj]
C:\Program Files\Microsoft Visual Studio\18\Enterprise\MSBuild\Current\Bin\Microsoft.Common.CurrentVersion.targets(2437,5): warning MSB3277:           Project file item includes which caused reference "C:\Users\WilliamForney\source\repos\wforney\OpenLiveWriter\src\managed\bin\Debug\i386\Writer\OpenLiveWriter.SpellChecker.dll". [C:\Users\WilliamForney\source\repos\wforney\OpenLiveWriter\src\managed\BlogRunner.Core\BlogRunner.Core.csproj]
C:\Program Files\Microsoft Visual Studio\18\Enterprise\MSBuild\Current\Bin\Microsoft.Common.CurrentVersion.targets(2437,5): warning MSB3277:             C:\Users\WilliamForney\source\repos\wforney\OpenLiveWriter\src\managed\bin\Debug\i386\Writer\OpenLiveWriter.PostEditor.dll [C:\Users\WilliamForney\source\repos\wforney\OpenLiveWriter\src\managed\BlogRunner.Core\BlogRunner.Core.csproj]
C:\Program Files\Microsoft Visual Studio\18\Enterprise\MSBuild\Current\Bin\Microsoft.Common.CurrentVersion.targets(2437,5): warning MSB3277:     References which depend on or have been unified to "System.Core, Version=4.0.0.0, Culture=neutral, PublicKeyToken=b77a5c561934e089" [C:\Windows\Microsoft.Net\assembly\GAC_MSIL\System.Core\v4.0_4.0.0.0__b77a5c561934e089\System.Core.dll]. [C:\Users\WilliamForney\source\repos\wforney\OpenLiveWriter\src\managed\BlogRunner.Core\BlogRunner.Core.csproj]
C:\Program Files\Microsoft Visual Studio\18\Enterprise\MSBuild\Current\Bin\Microsoft.Common.CurrentVersion.targets(2437,5): warning MSB3277:         C:\Users\WilliamForney\source\repos\wforney\OpenLiveWriter\src\managed\packages\Microsoft.Bcl.Async.1.0.168\lib\net40\Microsoft.Threading.Tasks.Extensions.Desktop.dll [C:\Users\WilliamForney\source\repos\wforney\OpenLiveWriter\src\managed\BlogRunner.Core\BlogRunner.Core.csproj]
C:\Program Files\Microsoft Visual Studio\18\Enterprise\MSBuild\Current\Bin\Microsoft.Common.CurrentVersion.targets(2437,5): warning MSB3277:           Project file item includes which caused reference "C:\Users\WilliamForney\source\repos\wforney\OpenLiveWriter\src\managed\packages\Microsoft.Bcl.Async.1.0.168\lib\net40\Microsoft.Threading.Tasks.Extensions.Desktop.dll". [C:\Users\WilliamForney\source\repos\wforney\OpenLiveWriter\src\managed\BlogRunner.Core\BlogRunner.Core.csproj]
C:\Program Files\Microsoft Visual Studio\18\Enterprise\MSBuild\Current\Bin\Microsoft.Common.CurrentVersion.targets(2437,5): warning MSB3277:             Microsoft.Threading.Tasks.Extensions.Desktop, Version=1.0.168.0, Culture=neutral, PublicKeyToken=b03f5f7f11d50a3a, processorArchitecture=MSIL [C:\Users\WilliamForney\source\repos\wforney\OpenLiveWriter\src\managed\BlogRunner.Core\BlogRunner.Core.csproj]
C:\Program Files\Microsoft Visual Studio\18\Enterprise\MSBuild\Current\Bin\Microsoft.Common.CurrentVersion.targets(2437,5): warning MSB3277:         C:\Windows\Microsoft.Net\assembly\GAC_32\System.Data\v4.0_4.0.0.0__b77a5c561934e089\System.Data.dll [C:\Users\WilliamForney\source\repos\wforney\OpenLiveWriter\src\managed\BlogRunner.Core\BlogRunner.Core.csproj]
C:\Program Files\Microsoft Visual Studio\18\Enterprise\MSBuild\Current\Bin\Microsoft.Common.CurrentVersion.targets(2437,5): warning MSB3277:           Project file item includes which caused reference "C:\Windows\Microsoft.Net\assembly\GAC_32\System.Data\v4.0_4.0.0.0__b77a5c561934e089\System.Data.dll". [C:\Users\WilliamForney\source\repos\wforney\OpenLiveWriter\src\managed\BlogRunner.Core\BlogRunner.Core.csproj]
C:\Program Files\Microsoft Visual Studio\18\Enterprise\MSBuild\Current\Bin\Microsoft.Common.CurrentVersion.targets(2437,5): warning MSB3277:             System.Data [C:\Users\WilliamForney\source\repos\wforney\OpenLiveWriter\src\managed\BlogRunner.Core\BlogRunner.Core.csproj]
C:\Program Files\Microsoft Visual Studio\18\Enterprise\MSBuild\Current\Bin\Microsoft.Common.CurrentVersion.targets(2437,5): warning MSB3277:             C:\Users\WilliamForney\source\repos\wforney\OpenLiveWriter\src\managed\bin\Debug\i386\Writer\OpenLiveWriter.PostEditor.dll [C:\Users\WilliamForney\source\repos\wforney\OpenLiveWriter\src\managed\BlogRunner.Core\BlogRunner.Core.csproj]
C:\Program Files\Microsoft Visual Studio\18\Enterprise\MSBuild\Current\Bin\Microsoft.Common.CurrentVersion.targets(2437,5): warning MSB3277:             Microsoft.Threading.Tasks.Extensions.Desktop, Version=1.0.168.0, Culture=neutral, PublicKeyToken=b03f5f7f11d50a3a, processorArchitecture=MSIL [C:\Users\WilliamForney\source\repos\wforney\OpenLiveWriter\src\managed\BlogRunner.Core\BlogRunner.Core.csproj]
C:\Program Files\Microsoft Visual Studio\18\Enterprise\MSBuild\Current\Bin\Microsoft.Common.CurrentVersion.targets(2437,5): warning MSB3277:             C:\Users\WilliamForney\source\repos\wforney\OpenLiveWriter\src\managed\bin\Debug\i386\Writer\OpenLiveWriter.BlogClient.dll [C:\Users\WilliamForney\source\repos\wforney\OpenLiveWriter\src\managed\BlogRunner.Core\BlogRunner.Core.csproj]
C:\Program Files\Microsoft Visual Studio\18\Enterprise\MSBuild\Current\Bin\Microsoft.Common.CurrentVersion.targets(2437,5): warning MSB3277:             C:\Users\WilliamForney\source\repos\wforney\OpenLiveWriter\src\managed\bin\Debug\i386\Writer\OpenLiveWriter.CoreServices.dll [C:\Users\WilliamForney\source\repos\wforney\OpenLiveWriter\src\managed\BlogRunner.Core\BlogRunner.Core.csproj]
C:\Program Files\Microsoft Visual Studio\18\Enterprise\MSBuild\Current\Bin\Microsoft.Common.CurrentVersion.targets(2437,5): warning MSB3277:             C:\Users\WilliamForney\source\repos\wforney\OpenLiveWriter\src\managed\bin\Debug\i386\Writer\OpenLiveWriter.Api.dll [C:\Users\WilliamForney\source\repos\wforney\OpenLiveWriter\src\managed\BlogRunner.Core\BlogRunner.Core.csproj]
C:\Program Files\Microsoft Visual Studio\18\Enterprise\MSBuild\Current\Bin\Microsoft.Common.CurrentVersion.targets(2437,5): warning MSB3277:             C:\Users\WilliamForney\source\repos\wforney\OpenLiveWriter\src\managed\bin\Debug\i386\Writer\OpenLiveWriter.Extensibility.dll [C:\Users\WilliamForney\source\repos\wforney\OpenLiveWriter\src\managed\BlogRunner.Core\BlogRunner.Core.csproj]
C:\Program Files\Microsoft Visual Studio\18\Enterprise\MSBuild\Current\Bin\Microsoft.Common.CurrentVersion.targets(2437,5): warning MSB3277:             C:\Users\WilliamForney\source\repos\wforney\OpenLiveWriter\src\managed\bin\Debug\i386\Writer\OpenLiveWriter.HtmlParser.dll [C:\Users\WilliamForney\source\repos\wforney\OpenLiveWriter\src\managed\BlogRunner.Core\BlogRunner.Core.csproj]
C:\Program Files\Microsoft Visual Studio\18\Enterprise\MSBuild\Current\Bin\Microsoft.Common.CurrentVersion.targets(2437,5): warning MSB3277:         C:\Windows\Microsoft.Net\assembly\GAC_MSIL\System.Net.Http\v4.0_4.0.0.0__b03f5f7f11d50a3a\System.Net.Http.dll [C:\Users\WilliamForney\source\repos\wforney\OpenLiveWriter\src\managed\BlogRunner.Core\BlogRunner.Core.csproj]
C:\Program Files\Microsoft Visual Studio\18\Enterprise\MSBuild\Current\Bin\Microsoft.Common.CurrentVersion.targets(2437,5): warning MSB3277:           Project file item includes which caused reference "C:\Windows\Microsoft.Net\assembly\GAC_MSIL\System.Net.Http\v4.0_4.0.0.0__b03f5f7f11d50a3a\System.Net.Http.dll". [C:\Users\WilliamForney\source\repos\wforney\OpenLiveWriter\src\managed\BlogRunner.Core\BlogRunner.Core.csproj]
C:\Program Files\Microsoft Visual Studio\18\Enterprise\MSBuild\Current\Bin\Microsoft.Common.CurrentVersion.targets(2437,5): warning MSB3277:             System.Net.Http [C:\Users\WilliamForney\source\repos\wforney\OpenLiveWriter\src\managed\BlogRunner.Core\BlogRunner.Core.csproj]
C:\Program Files\Microsoft Visual Studio\18\Enterprise\MSBuild\Current\Bin\Microsoft.Common.CurrentVersion.targets(2437,5): warning MSB3277:             System.Net.Http.WebRequest [C:\Users\WilliamForney\source\repos\wforney\OpenLiveWriter\src\managed\BlogRunner.Core\BlogRunner.Core.csproj]
C:\Program Files\Microsoft Visual Studio\18\Enterprise\MSBuild\Current\Bin\Microsoft.Common.CurrentVersion.targets(2437,5): warning MSB3277:             C:\Users\WilliamForney\source\repos\wforney\OpenLiveWriter\src\managed\bin\Debug\i386\Writer\OpenLiveWriter.BlogClient.dll [C:\Users\WilliamForney\source\repos\wforney\OpenLiveWriter\src\managed\BlogRunner.Core\BlogRunner.Core.csproj]
C:\Program Files\Microsoft Visual Studio\18\Enterprise\MSBuild\Current\Bin\Microsoft.Common.CurrentVersion.targets(2437,5): warning MSB3277:             C:\Users\WilliamForney\source\repos\wforney\OpenLiveWriter\src\managed\bin\Debug\i386\Writer\OpenLiveWriter.PostEditor.dll [C:\Users\WilliamForney\source\repos\wforney\OpenLiveWriter\src\managed\BlogRunner.Core\BlogRunner.Core.csproj]
C:\Program Files\Microsoft Visual Studio\18\Enterprise\MSBuild\Current\Bin\Microsoft.Common.CurrentVersion.targets(2437,5): warning MSB3277:             Microsoft.Threading.Tasks.Extensions.Desktop, Version=1.0.168.0, Culture=neutral, PublicKeyToken=b03f5f7f11d50a3a, processorArchitecture=MSIL [C:\Users\WilliamForney\source\repos\wforney\OpenLiveWriter\src\managed\BlogRunner.Core\BlogRunner.Core.csproj]
C:\Program Files\Microsoft Visual Studio\18\Enterprise\MSBuild\Current\Bin\Microsoft.Common.CurrentVersion.targets(2437,5): warning MSB3277:         C:\Windows\Microsoft.Net\assembly\GAC_MSIL\System.Windows.Forms\v4.0_4.0.0.0__b77a5c561934e089\System.Windows.Forms.dll [C:\Users\WilliamForney\source\repos\wforney\OpenLiveWriter\src\managed\BlogRunner.Core\BlogRunner.Core.csproj]
C:\Program Files\Microsoft Visual Studio\18\Enterprise\MSBuild\Current\Bin\Microsoft.Common.CurrentVersion.targets(2437,5): warning MSB3277:           Project file item includes which caused reference "C:\Windows\Microsoft.Net\assembly\GAC_MSIL\System.Windows.Forms\v4.0_4.0.0.0__b77a5c561934e089\System.Windows.Forms.dll". [C:\Users\WilliamForney\source\repos\wforney\OpenLiveWriter\src\managed\BlogRunner.Core\BlogRunner.Core.csproj]
C:\Program Files\Microsoft Visual Studio\18\Enterprise\MSBuild\Current\Bin\Microsoft.Common.CurrentVersion.targets(2437,5): warning MSB3277:             C:\Users\WilliamForney\source\repos\wforney\OpenLiveWriter\src\managed\bin\Debug\i386\Writer\OpenLiveWriter.Api.dll [C:\Users\WilliamForney\source\repos\wforney\OpenLiveWriter\src\managed\BlogRunner.Core\BlogRunner.Core.csproj]
C:\Program Files\Microsoft Visual Studio\18\Enterprise\MSBuild\Current\Bin\Microsoft.Common.CurrentVersion.targets(2437,5): warning MSB3277:             C:\Users\WilliamForney\source\repos\wforney\OpenLiveWriter\src\managed\bin\Debug\i386\Writer\OpenLiveWriter.BlogClient.dll [C:\Users\WilliamForney\source\repos\wforney\OpenLiveWriter\src\managed\BlogRunner.Core\BlogRunner.Core.csproj]
C:\Program Files\Microsoft Visual Studio\18\Enterprise\MSBuild\Current\Bin\Microsoft.Common.CurrentVersion.targets(2437,5): warning MSB3277:             C:\Users\WilliamForney\source\repos\wforney\OpenLiveWriter\src\managed\bin\Debug\i386\Writer\OpenLiveWriter.CoreServices.dll [C:\Users\WilliamForney\source\repos\wforney\OpenLiveWriter\src\managed\BlogRunner.Core\BlogRunner.Core.csproj]
C:\Program Files\Microsoft Visual Studio\18\Enterprise\MSBuild\Current\Bin\Microsoft.Common.CurrentVersion.targets(2437,5): warning MSB3277:             C:\Users\WilliamForney\source\repos\wforney\OpenLiveWriter\src\managed\bin\Debug\i386\Writer\OpenLiveWriter.Extensibility.dll [C:\Users\WilliamForney\source\repos\wforney\OpenLiveWriter\src\managed\BlogRunner.Core\BlogRunner.Core.csproj]
C:\Program Files\Microsoft Visual Studio\18\Enterprise\MSBuild\Current\Bin\Microsoft.Common.CurrentVersion.targets(2437,5): warning MSB3277:             C:\Users\WilliamForney\source\repos\wforney\OpenLiveWriter\src\managed\bin\Debug\i386\Writer\OpenLiveWriter.PostEditor.dll [C:\Users\WilliamForney\source\repos\wforney\OpenLiveWriter\src\managed\BlogRunner.Core\BlogRunner.Core.csproj]
C:\Program Files\Microsoft Visual Studio\18\Enterprise\MSBuild\Current\Bin\Microsoft.Common.CurrentVersion.targets(2437,5): warning MSB3277:             C:\Users\WilliamForney\source\repos\wforney\OpenLiveWriter\src\managed\bin\Debug\i386\Writer\OpenLiveWriter.HtmlParser.dll [C:\Users\WilliamForney\source\repos\wforney\OpenLiveWriter\src\managed\BlogRunner.Core\BlogRunner.Core.csproj]
C:\Program Files\Microsoft Visual Studio\18\Enterprise\MSBuild\Current\Bin\Microsoft.Common.CurrentVersion.targets(2437,5): warning MSB3277:             Microsoft.Threading.Tasks.Extensions.Desktop, Version=1.0.168.0, Culture=neutral, PublicKeyToken=b03f5f7f11d50a3a, processorArchitecture=MSIL [C:\Users\WilliamForney\source\repos\wforney\OpenLiveWriter\src\managed\BlogRunner.Core\BlogRunner.Core.csproj]
C:\Program Files\Microsoft Visual Studio\18\Enterprise\MSBuild\Current\Bin\Microsoft.Common.CurrentVersion.targets(2437,5): warning MSB3277:             System.Data [C:\Users\WilliamForney\source\repos\wforney\OpenLiveWriter\src\managed\BlogRunner.Core\BlogRunner.Core.csproj]
C:\Program Files\Microsoft Visual Studio\18\Enterprise\MSBuild\Current\Bin\Microsoft.Common.CurrentVersion.targets(2437,5): warning MSB3277:         C:\Users\WilliamForney\source\repos\wforney\OpenLiveWriter\src\managed\bin\Debug\i386\Writer\Google.Apis.Auth.dll [C:\Users\WilliamForney\source\repos\wforney\OpenLiveWriter\src\managed\BlogRunner.Core\BlogRunner.Core.csproj]
C:\Program Files\Microsoft Visual Studio\18\Enterprise\MSBuild\Current\Bin\Microsoft.Common.CurrentVersion.targets(2437,5): warning MSB3277:           Project file item includes which caused reference "C:\Users\WilliamForney\source\repos\wforney\OpenLiveWriter\src\managed\bin\Debug\i386\Writer\Google.Apis.Auth.dll". [C:\Users\WilliamForney\source\repos\wforney\OpenLiveWriter\src\managed\BlogRunner.Core\BlogRunner.Core.csproj]
C:\Program Files\Microsoft Visual Studio\18\Enterprise\MSBuild\Current\Bin\Microsoft.Common.CurrentVersion.targets(2437,5): warning MSB3277:             C:\Users\WilliamForney\source\repos\wforney\OpenLiveWriter\src\managed\bin\Debug\i386\Writer\OpenLiveWriter.BlogClient.dll [C:\Users\WilliamForney\source\repos\wforney\OpenLiveWriter\src\managed\BlogRunner.Core\BlogRunner.Core.csproj]
C:\Program Files\Microsoft Visual Studio\18\Enterprise\MSBuild\Current\Bin\Microsoft.Common.CurrentVersion.targets(2437,5): warning MSB3277:             C:\Users\WilliamForney\source\repos\wforney\OpenLiveWriter\src\managed\bin\Debug\i386\Writer\OpenLiveWriter.PostEditor.dll [C:\Users\WilliamForney\source\repos\wforney\OpenLiveWriter\src\managed\BlogRunner.Core\BlogRunner.Core.csproj]
C:\Program Files\Microsoft Visual Studio\18\Enterprise\MSBuild\Current\Bin\Microsoft.Common.CurrentVersion.targets(2437,5): warning MSB3277:         C:\Users\WilliamForney\source\repos\wforney\OpenLiveWriter\src\managed\bin\Debug\i386\Writer\Google.Apis.Core.dll [C:\Users\WilliamForney\source\repos\wforney\OpenLiveWriter\src\managed\BlogRunner.Core\BlogRunner.Core.csproj]
C:\Program Files\Microsoft Visual Studio\18\Enterprise\MSBuild\Current\Bin\Microsoft.Common.CurrentVersion.targets(2437,5): warning MSB3277:           Project file item includes which caused reference "C:\Users\WilliamForney\source\repos\wforney\OpenLiveWriter\src\managed\bin\Debug\i386\Writer\Google.Apis.Core.dll". [C:\Users\WilliamForney\source\repos\wforney\OpenLiveWriter\src\managed\BlogRunner.Core\BlogRunner.Core.csproj]
C:\Program Files\Microsoft Visual Studio\18\Enterprise\MSBuild\Current\Bin\Microsoft.Common.CurrentVersion.targets(2437,5): warning MSB3277:             C:\Users\WilliamForney\source\repos\wforney\OpenLiveWriter\src\managed\bin\Debug\i386\Writer\OpenLiveWriter.BlogClient.dll [C:\Users\WilliamForney\source\repos\wforney\OpenLiveWriter\src\managed\BlogRunner.Core\BlogRunner.Core.csproj]
C:\Program Files\Microsoft Visual Studio\18\Enterprise\MSBuild\Current\Bin\Microsoft.Common.CurrentVersion.targets(2437,5): warning MSB3277:             C:\Users\WilliamForney\source\repos\wforney\OpenLiveWriter\src\managed\bin\Debug\i386\Writer\OpenLiveWriter.PostEditor.dll [C:\Users\WilliamForney\source\repos\wforney\OpenLiveWriter\src\managed\BlogRunner.Core\BlogRunner.Core.csproj]
C:\Program Files\Microsoft Visual Studio\18\Enterprise\MSBuild\Current\Bin\Microsoft.Common.CurrentVersion.targets(2437,5): warning MSB3277:         C:\Users\WilliamForney\source\repos\wforney\OpenLiveWriter\src\managed\bin\Debug\i386\Writer\Google.Apis.dll [C:\Users\WilliamForney\source\repos\wforney\OpenLiveWriter\src\managed\BlogRunner.Core\BlogRunner.Core.csproj]
C:\Program Files\Microsoft Visual Studio\18\Enterprise\MSBuild\Current\Bin\Microsoft.Common.CurrentVersion.targets(2437,5): warning MSB3277:           Project file item includes which caused reference "C:\Users\WilliamForney\source\repos\wforney\OpenLiveWriter\src\managed\bin\Debug\i386\Writer\Google.Apis.dll". [C:\Users\WilliamForney\source\repos\wforney\OpenLiveWriter\src\managed\BlogRunner.Core\BlogRunner.Core.csproj]
C:\Program Files\Microsoft Visual Studio\18\Enterprise\MSBuild\Current\Bin\Microsoft.Common.CurrentVersion.targets(2437,5): warning MSB3277:             C:\Users\WilliamForney\source\repos\wforney\OpenLiveWriter\src\managed\bin\Debug\i386\Writer\OpenLiveWriter.BlogClient.dll [C:\Users\WilliamForney\source\repos\wforney\OpenLiveWriter\src\managed\BlogRunner.Core\BlogRunner.Core.csproj]
C:\Program Files\Microsoft Visual Studio\18\Enterprise\MSBuild\Current\Bin\Microsoft.Common.CurrentVersion.targets(2437,5): warning MSB3277:             C:\Users\WilliamForney\source\repos\wforney\OpenLiveWriter\src\managed\bin\Debug\i386\Writer\OpenLiveWriter.PostEditor.dll [C:\Users\WilliamForney\source\repos\wforney\OpenLiveWriter\src\managed\BlogRunner.Core\BlogRunner.Core.csproj]
C:\Program Files\Microsoft Visual Studio\18\Enterprise\MSBuild\Current\Bin\Microsoft.Common.CurrentVersion.targets(2437,5): warning MSB3277:         C:\Users\WilliamForney\source\repos\wforney\OpenLiveWriter\src\managed\bin\Debug\i386\Writer\Newtonsoft.Json.dll [C:\Users\WilliamForney\source\repos\wforney\OpenLiveWriter\src\managed\BlogRunner.Core\BlogRunner.Core.csproj]
C:\Program Files\Microsoft Visual Studio\18\Enterprise\MSBuild\Current\Bin\Microsoft.Common.CurrentVersion.targets(2437,5): warning MSB3277:           Project file item includes which caused reference "C:\Users\WilliamForney\source\repos\wforney\OpenLiveWriter\src\managed\bin\Debug\i386\Writer\Newtonsoft.Json.dll". [C:\Users\WilliamForney\source\repos\wforney\OpenLiveWriter\src\managed\BlogRunner.Core\BlogRunner.Core.csproj]
C:\Program Files\Microsoft Visual Studio\18\Enterprise\MSBuild\Current\Bin\Microsoft.Common.CurrentVersion.targets(2437,5): warning MSB3277:             C:\Users\WilliamForney\source\repos\wforney\OpenLiveWriter\src\managed\bin\Debug\i386\Writer\OpenLiveWriter.BlogClient.dll [C:\Users\WilliamForney\source\repos\wforney\OpenLiveWriter\src\managed\BlogRunner.Core\BlogRunner.Core.csproj]
C:\Program Files\Microsoft Visual Studio\18\Enterprise\MSBuild\Current\Bin\Microsoft.Common.CurrentVersion.targets(2437,5): warning MSB3277:             C:\Users\WilliamForney\source\repos\wforney\OpenLiveWriter\src\managed\bin\Debug\i386\Writer\OpenLiveWriter.PostEditor.dll [C:\Users\WilliamForney\source\repos\wforney\OpenLiveWriter\src\managed\BlogRunner.Core\BlogRunner.Core.csproj]
C:\Program Files\Microsoft Visual Studio\18\Enterprise\MSBuild\Current\Bin\Microsoft.Common.CurrentVersion.targets(2437,5): warning MSB3277:         C:\Users\WilliamForney\source\repos\wforney\OpenLiveWriter\src\managed\bin\Debug\i386\Writer\YamlDotNet.dll [C:\Users\WilliamForney\source\repos\wforney\OpenLiveWriter\src\managed\BlogRunner.Core\BlogRunner.Core.csproj]
C:\Program Files\Microsoft Visual Studio\18\Enterprise\MSBuild\Current\Bin\Microsoft.Common.CurrentVersion.targets(2437,5): warning MSB3277:           Project file item includes which caused reference "C:\Users\WilliamForney\source\repos\wforney\OpenLiveWriter\src\managed\bin\Debug\i386\Writer\YamlDotNet.dll". [C:\Users\WilliamForney\source\repos\wforney\OpenLiveWriter\src\managed\BlogRunner.Core\BlogRunner.Core.csproj]
C:\Program Files\Microsoft Visual Studio\18\Enterprise\MSBuild\Current\Bin\Microsoft.Common.CurrentVersion.targets(2437,5): warning MSB3277:             C:\Users\WilliamForney\source\repos\wforney\OpenLiveWriter\src\managed\bin\Debug\i386\Writer\OpenLiveWriter.BlogClient.dll [C:\Users\WilliamForney\source\repos\wforney\OpenLiveWriter\src\managed\BlogRunner.Core\BlogRunner.Core.csproj]
C:\Program Files\Microsoft Visual Studio\18\Enterprise\MSBuild\Current\Bin\Microsoft.Common.CurrentVersion.targets(2437,5): warning MSB3277:             C:\Users\WilliamForney\source\repos\wforney\OpenLiveWriter\src\managed\bin\Debug\i386\Writer\OpenLiveWriter.PostEditor.dll [C:\Users\WilliamForney\source\repos\wforney\OpenLiveWriter\src\managed\BlogRunner.Core\BlogRunner.Core.csproj]
C:\Program Files\Microsoft Visual Studio\18\Enterprise\MSBuild\Current\Bin\Microsoft.Common.CurrentVersion.targets(2437,5): warning MSB3277:         C:\Windows\Microsoft.Net\assembly\GAC_32\System.Web\v4.0_4.0.0.0__b03f5f7f11d50a3a\System.Web.dll [C:\Users\WilliamForney\source\repos\wforney\OpenLiveWriter\src\managed\BlogRunner.Core\BlogRunner.Core.csproj]
C:\Program Files\Microsoft Visual Studio\18\Enterprise\MSBuild\Current\Bin\Microsoft.Common.CurrentVersion.targets(2437,5): warning MSB3277:           Project file item includes which caused reference "C:\Windows\Microsoft.Net\assembly\GAC_32\System.Web\v4.0_4.0.0.0__b03f5f7f11d50a3a\System.Web.dll". [C:\Users\WilliamForney\source\repos\wforney\OpenLiveWriter\src\managed\BlogRunner.Core\BlogRunner.Core.csproj]
C:\Program Files\Microsoft Visual Studio\18\Enterprise\MSBuild\Current\Bin\Microsoft.Common.CurrentVersion.targets(2437,5): warning MSB3277:             C:\Users\WilliamForney\source\repos\wforney\OpenLiveWriter\src\managed\bin\Debug\i386\Writer\OpenLiveWriter.BlogClient.dll [C:\Users\WilliamForney\source\repos\wforney\OpenLiveWriter\src\managed\BlogRunner.Core\BlogRunner.Core.csproj]
C:\Program Files\Microsoft Visual Studio\18\Enterprise\MSBuild\Current\Bin\Microsoft.Common.CurrentVersion.targets(2437,5): warning MSB3277:             C:\Users\WilliamForney\source\repos\wforney\OpenLiveWriter\src\managed\bin\Debug\i386\Writer\OpenLiveWriter.CoreServices.dll [C:\Users\WilliamForney\source\repos\wforney\OpenLiveWriter\src\managed\BlogRunner.Core\BlogRunner.Core.csproj]
C:\Program Files\Microsoft Visual Studio\18\Enterprise\MSBuild\Current\Bin\Microsoft.Common.CurrentVersion.targets(2437,5): warning MSB3277:             C:\Users\WilliamForney\source\repos\wforney\OpenLiveWriter\src\managed\bin\Debug\i386\Writer\OpenLiveWriter.Api.dll [C:\Users\WilliamForney\source\repos\wforney\OpenLiveWriter\src\managed\BlogRunner.Core\BlogRunner.Core.csproj]
C:\Program Files\Microsoft Visual Studio\18\Enterprise\MSBuild\Current\Bin\Microsoft.Common.CurrentVersion.targets(2437,5): warning MSB3277:             C:\Users\WilliamForney\source\repos\wforney\OpenLiveWriter\src\managed\bin\Debug\i386\Writer\OpenLiveWriter.Extensibility.dll [C:\Users\WilliamForney\source\repos\wforney\OpenLiveWriter\src\managed\BlogRunner.Core\BlogRunner.Core.csproj]
C:\Program Files\Microsoft Visual Studio\18\Enterprise\MSBuild\Current\Bin\Microsoft.Common.CurrentVersion.targets(2437,5): warning MSB3277:             C:\Users\WilliamForney\source\repos\wforney\OpenLiveWriter\src\managed\bin\Debug\i386\Writer\OpenLiveWriter.HtmlParser.dll [C:\Users\WilliamForney\source\repos\wforney\OpenLiveWriter\src\managed\BlogRunner.Core\BlogRunner.Core.csproj]
C:\Program Files\Microsoft Visual Studio\18\Enterprise\MSBuild\Current\Bin\Microsoft.Common.CurrentVersion.targets(2437,5): warning MSB3277:             C:\Users\WilliamForney\source\repos\wforney\OpenLiveWriter\src\managed\bin\Debug\i386\Writer\OpenLiveWriter.PostEditor.dll [C:\Users\WilliamForney\source\repos\wforney\OpenLiveWriter\src\managed\BlogRunner.Core\BlogRunner.Core.csproj]
C:\Program Files\Microsoft Visual Studio\18\Enterprise\MSBuild\Current\Bin\Microsoft.Common.CurrentVersion.targets(2437,5): warning MSB3277:             Microsoft.Threading.Tasks.Extensions.Desktop, Version=1.0.168.0, Culture=neutral, PublicKeyToken=b03f5f7f11d50a3a, processorArchitecture=MSIL [C:\Users\WilliamForney\source\repos\wforney\OpenLiveWriter\src\managed\BlogRunner.Core\BlogRunner.Core.csproj]
C:\Program Files\Microsoft Visual Studio\18\Enterprise\MSBuild\Current\Bin\Microsoft.Common.CurrentVersion.targets(2437,5): warning MSB3277:             System.Data [C:\Users\WilliamForney\source\repos\wforney\OpenLiveWriter\src\managed\BlogRunner.Core\BlogRunner.Core.csproj]
C:\Program Files\Microsoft Visual Studio\18\Enterprise\MSBuild\Current\Bin\Microsoft.Common.CurrentVersion.targets(2437,5): warning MSB3277:         C:\Users\WilliamForney\source\repos\wforney\OpenLiveWriter\src\managed\bin\Debug\i386\Writer\Squirrel.dll [C:\Users\WilliamForney\source\repos\wforney\OpenLiveWriter\src\managed\BlogRunner.Core\BlogRunner.Core.csproj]
C:\Program Files\Microsoft Visual Studio\18\Enterprise\MSBuild\Current\Bin\Microsoft.Common.CurrentVersion.targets(2437,5): warning MSB3277:           Project file item includes which caused reference "C:\Users\WilliamForney\source\repos\wforney\OpenLiveWriter\src\managed\bin\Debug\i386\Writer\Squirrel.dll". [C:\Users\WilliamForney\source\repos\wforney\OpenLiveWriter\src\managed\BlogRunner.Core\BlogRunner.Core.csproj]
C:\Program Files\Microsoft Visual Studio\18\Enterprise\MSBuild\Current\Bin\Microsoft.Common.CurrentVersion.targets(2437,5): warning MSB3277:             C:\Users\WilliamForney\source\repos\wforney\OpenLiveWriter\src\managed\bin\Debug\i386\Writer\OpenLiveWriter.PostEditor.dll [C:\Users\WilliamForney\source\repos\wforney\OpenLiveWriter\src\managed\BlogRunner.Core\BlogRunner.Core.csproj]
C:\Program Files\Microsoft Visual Studio\18\Enterprise\MSBuild\Current\Bin\Microsoft.Common.CurrentVersion.targets(2437,5): warning MSB3277:         C:\Users\WilliamForney\source\repos\wforney\OpenLiveWriter\src\managed\bin\Debug\i386\Writer\NuGet.Squirrel.dll [C:\Users\WilliamForney\source\repos\wforney\OpenLiveWriter\src\managed\BlogRunner.Core\BlogRunner.Core.csproj]
C:\Program Files\Microsoft Visual Studio\18\Enterprise\MSBuild\Current\Bin\Microsoft.Common.CurrentVersion.targets(2437,5): warning MSB3277:           Project file item includes which caused reference "C:\Users\WilliamForney\source\repos\wforney\OpenLiveWriter\src\managed\bin\Debug\i386\Writer\NuGet.Squirrel.dll". [C:\Users\WilliamForney\source\repos\wforney\OpenLiveWriter\src\managed\BlogRunner.Core\BlogRunner.Core.csproj]
C:\Program Files\Microsoft Visual Studio\18\Enterprise\MSBuild\Current\Bin\Microsoft.Common.CurrentVersion.targets(2437,5): warning MSB3277:             C:\Users\WilliamForney\source\repos\wforney\OpenLiveWriter\src\managed\bin\Debug\i386\Writer\OpenLiveWriter.PostEditor.dll [C:\Users\WilliamForney\source\repos\wforney\OpenLiveWriter\src\managed\BlogRunner.Core\BlogRunner.Core.csproj]
C:\Program Files\Microsoft Visual Studio\18\Enterprise\MSBuild\Current\Bin\Microsoft.Common.CurrentVersion.targets(2437,5): warning MSB3277:         C:\Windows\Microsoft.Net\assembly\GAC_MSIL\System.ServiceModel\v4.0_4.0.0.0__b77a5c561934e089\System.ServiceModel.dll [C:\Users\WilliamForney\source\repos\wforney\OpenLiveWriter\src\managed\BlogRunner.Core\BlogRunner.Core.csproj]
C:\Program Files\Microsoft Visual Studio\18\Enterprise\MSBuild\Current\Bin\Microsoft.Common.CurrentVersion.targets(2437,5): warning MSB3277:           Project file item includes which caused reference "C:\Windows\Microsoft.Net\assembly\GAC_MSIL\System.ServiceModel\v4.0_4.0.0.0__b77a5c561934e089\System.ServiceModel.dll". [C:\Users\WilliamForney\source\repos\wforney\OpenLiveWriter\src\managed\BlogRunner.Core\BlogRunner.Core.csproj]
C:\Program Files\Microsoft Visual Studio\18\Enterprise\MSBuild\Current\Bin\Microsoft.Common.CurrentVersion.targets(2437,5): warning MSB3277:             Microsoft.Threading.Tasks.Extensions.Desktop, Version=1.0.168.0, Culture=neutral, PublicKeyToken=b03f5f7f11d50a3a, processorArchitecture=MSIL [C:\Users\WilliamForney\source\repos\wforney\OpenLiveWriter\src\managed\BlogRunner.Core\BlogRunner.Core.csproj]
C:\Program Files\Microsoft Visual Studio\18\Enterprise\MSBuild\Current\Bin\Microsoft.Common.CurrentVersion.targets(2437,5): warning MSB3277:             C:\Users\WilliamForney\source\repos\wforney\OpenLiveWriter\src\managed\bin\Debug\i386\Writer\OpenLiveWriter.PostEditor.dll [C:\Users\WilliamForney\source\repos\wforney\OpenLiveWriter\src\managed\BlogRunner.Core\BlogRunner.Core.csproj]
C:\Program Files\Microsoft Visual Studio\18\Enterprise\MSBuild\Current\Bin\Microsoft.Common.CurrentVersion.targets(2437,5): warning MSB3277:         C:\Windows\Microsoft.Net\assembly\GAC_MSIL\System.Configuration\v4.0_4.0.0.0__b03f5f7f11d50a3a\System.Configuration.dll [C:\Users\WilliamForney\source\repos\wforney\OpenLiveWriter\src\managed\BlogRunner.Core\BlogRunner.Core.csproj]
C:\Program Files\Microsoft Visual Studio\18\Enterprise\MSBuild\Current\Bin\Microsoft.Common.CurrentVersion.targets(2437,5): warning MSB3277:           Project file item includes which caused reference "C:\Windows\Microsoft.Net\assembly\GAC_MSIL\System.Configuration\v4.0_4.0.0.0__b03f5f7f11d50a3a\System.Configuration.dll". [C:\Users\WilliamForney\source\repos\wforney\OpenLiveWriter\src\managed\BlogRunner.Core\BlogRunner.Core.csproj]
C:\Program Files\Microsoft Visual Studio\18\Enterprise\MSBuild\Current\Bin\Microsoft.Common.CurrentVersion.targets(2437,5): warning MSB3277:             System [C:\Users\WilliamForney\source\repos\wforney\OpenLiveWriter\src\managed\BlogRunner.Core\BlogRunner.Core.csproj]
C:\Program Files\Microsoft Visual Studio\18\Enterprise\MSBuild\Current\Bin\Microsoft.Common.CurrentVersion.targets(2437,5): warning MSB3277:             C:\Users\WilliamForney\source\repos\wforney\OpenLiveWriter\src\managed\bin\Debug\i386\Writer\OpenLiveWriter.Api.dll [C:\Users\WilliamForney\source\repos\wforney\OpenLiveWriter\src\managed\BlogRunner.Core\BlogRunner.Core.csproj]
C:\Program Files\Microsoft Visual Studio\18\Enterprise\MSBuild\Current\Bin\Microsoft.Common.CurrentVersion.targets(2437,5): warning MSB3277:             C:\Users\WilliamForney\source\repos\wforney\OpenLiveWriter\src\managed\bin\Debug\i386\Writer\OpenLiveWriter.BlogClient.dll [C:\Users\WilliamForney\source\repos\wforney\OpenLiveWriter\src\managed\BlogRunner.Core\BlogRunner.Core.csproj]
C:\Program Files\Microsoft Visual Studio\18\Enterprise\MSBuild\Current\Bin\Microsoft.Common.CurrentVersion.targets(2437,5): warning MSB3277:             C:\Users\WilliamForney\source\repos\wforney\OpenLiveWriter\src\managed\bin\Debug\i386\Writer\OpenLiveWriter.CoreServices.dll [C:\Users\WilliamForney\source\repos\wforney\OpenLiveWriter\src\managed\BlogRunner.Core\BlogRunner.Core.csproj]
C:\Program Files\Microsoft Visual Studio\18\Enterprise\MSBuild\Current\Bin\Microsoft.Common.CurrentVersion.targets(2437,5): warning MSB3277:             C:\Users\WilliamForney\source\repos\wforney\OpenLiveWriter\src\managed\bin\Debug\i386\Writer\OpenLiveWriter.Extensibility.dll [C:\Users\WilliamForney\source\repos\wforney\OpenLiveWriter\src\managed\BlogRunner.Core\BlogRunner.Core.csproj]
C:\Program Files\Microsoft Visual Studio\18\Enterprise\MSBuild\Current\Bin\Microsoft.Common.CurrentVersion.targets(2437,5): warning MSB3277:             C:\Users\WilliamForney\source\repos\wforney\OpenLiveWriter\src\managed\bin\Debug\i386\Writer\OpenLiveWriter.HtmlParser.dll [C:\Users\WilliamForney\source\repos\wforney\OpenLiveWriter\src\managed\BlogRunner.Core\BlogRunner.Core.csproj]
C:\Program Files\Microsoft Visual Studio\18\Enterprise\MSBuild\Current\Bin\Microsoft.Common.CurrentVersion.targets(2437,5): warning MSB3277:             C:\Users\WilliamForney\source\repos\wforney\OpenLiveWriter\src\managed\bin\Debug\i386\Writer\OpenLiveWriter.PostEditor.dll [C:\Users\WilliamForney\source\repos\wforney\OpenLiveWriter\src\managed\BlogRunner.Core\BlogRunner.Core.csproj]
C:\Program Files\Microsoft Visual Studio\18\Enterprise\MSBuild\Current\Bin\Microsoft.Common.CurrentVersion.targets(2437,5): warning MSB3277:             Microsoft.Threading.Tasks.Extensions.Desktop, Version=1.0.168.0, Culture=neutral, PublicKeyToken=b03f5f7f11d50a3a, processorArchitecture=MSIL [C:\Users\WilliamForney\source\repos\wforney\OpenLiveWriter\src\managed\BlogRunner.Core\BlogRunner.Core.csproj]
C:\Program Files\Microsoft Visual Studio\18\Enterprise\MSBuild\Current\Bin\Microsoft.Common.CurrentVersion.targets(2437,5): warning MSB3277:             System.Data [C:\Users\WilliamForney\source\repos\wforney\OpenLiveWriter\src\managed\BlogRunner.Core\BlogRunner.Core.csproj]
C:\Program Files\Microsoft Visual Studio\18\Enterprise\MSBuild\Current\Bin\Microsoft.Common.CurrentVersion.targets(2437,5): warning MSB3277:             System.Net.Http [C:\Users\WilliamForney\source\repos\wforney\OpenLiveWriter\src\managed\BlogRunner.Core\BlogRunner.Core.csproj]
C:\Program Files\Microsoft Visual Studio\18\Enterprise\MSBuild\Current\Bin\Microsoft.Common.CurrentVersion.targets(2437,5): warning MSB3277:             System.Net.Http.WebRequest [C:\Users\WilliamForney\source\repos\wforney\OpenLiveWriter\src\managed\BlogRunner.Core\BlogRunner.Core.csproj]
C:\Program Files\Microsoft Visual Studio\18\Enterprise\MSBuild\Current\Bin\Microsoft.Common.CurrentVersion.targets(2437,5): warning MSB3277:             System.Xml [C:\Users\WilliamForney\source\repos\wforney\OpenLiveWriter\src\managed\BlogRunner.Core\BlogRunner.Core.csproj]
C:\Program Files\Microsoft Visual Studio\18\Enterprise\MSBuild\Current\Bin\Microsoft.Common.CurrentVersion.targets(2437,5): warning MSB3277:             System.Net.Http.Primitives, Version=4.2.29.0, Culture=neutral, PublicKeyToken=b03f5f7f11d50a3a, processorArchitecture=MSIL [C:\Users\WilliamForney\source\repos\wforney\OpenLiveWriter\src\managed\BlogRunner.Core\BlogRunner.Core.csproj]
C:\Program Files\Microsoft Visual Studio\18\Enterprise\MSBuild\Current\Bin\Microsoft.Common.CurrentVersion.targets(2437,5): warning MSB3277:         C:\Windows\Microsoft.Net\assembly\GAC_MSIL\System.Runtime\v4.0_4.0.0.0__b03f5f7f11d50a3a\System.Runtime.dll [C:\Users\WilliamForney\source\repos\wforney\OpenLiveWriter\src\managed\BlogRunner.Core\BlogRunner.Core.csproj]
C:\Program Files\Microsoft Visual Studio\18\Enterprise\MSBuild\Current\Bin\Microsoft.Common.CurrentVersion.targets(2437,5): warning MSB3277:           Project file item includes which caused reference "C:\Windows\Microsoft.Net\assembly\GAC_MSIL\System.Runtime\v4.0_4.0.0.0__b03f5f7f11d50a3a\System.Runtime.dll". [C:\Users\WilliamForney\source\repos\wforney\OpenLiveWriter\src\managed\BlogRunner.Core\BlogRunner.Core.csproj]
C:\Program Files\Microsoft Visual Studio\18\Enterprise\MSBuild\Current\Bin\Microsoft.Common.CurrentVersion.targets(2437,5): warning MSB3277:             System.Net.Http.Primitives, Version=4.2.29.0, Culture=neutral, PublicKeyToken=b03f5f7f11d50a3a, processorArchitecture=MSIL [C:\Users\WilliamForney\source\repos\wforney\OpenLiveWriter\src\managed\BlogRunner.Core\BlogRunner.Core.csproj]
C:\Program Files\Microsoft Visual Studio\18\Enterprise\MSBuild\Current\Bin\Microsoft.Common.CurrentVersion.targets(2437,5): warning MSB3277:         C:\Windows\Microsoft.Net\assembly\GAC_MSIL\System.Runtime.InteropServices\v4.0_4.0.0.0__b03f5f7f11d50a3a\System.Runtime.InteropServices.dll [C:\Users\WilliamForney\source\repos\wforney\OpenLiveWriter\src\managed\BlogRunner.Core\BlogRunner.Core.csproj]
C:\Program Files\Microsoft Visual Studio\18\Enterprise\MSBuild\Current\Bin\Microsoft.Common.CurrentVersion.targets(2437,5): warning MSB3277:           Project file item includes which caused reference "C:\Windows\Microsoft.Net\assembly\GAC_MSIL\System.Runtime.InteropServices\v4.0_4.0.0.0__b03f5f7f11d50a3a\System.Runtime.InteropServices.dll". [C:\Users\WilliamForney\source\repos\wforney\OpenLiveWriter\src\managed\BlogRunner.Core\BlogRunner.Core.csproj]
C:\Program Files\Microsoft Visual Studio\18\Enterprise\MSBuild\Current\Bin\Microsoft.Common.CurrentVersion.targets(2437,5): warning MSB3277:             System.Net.Http.Primitives, Version=4.2.29.0, Culture=neutral, PublicKeyToken=b03f5f7f11d50a3a, processorArchitecture=MSIL [C:\Users\WilliamForney\source\repos\wforney\OpenLiveWriter\src\managed\BlogRunner.Core\BlogRunner.Core.csproj]
C:\Program Files\Microsoft Visual Studio\18\Enterprise\MSBuild\Current\Bin\Microsoft.Common.CurrentVersion.targets(2437,5): warning MSB3277:         C:\Windows\Microsoft.Net\assembly\GAC_MSIL\System.Deployment\v4.0_4.0.0.0__b03f5f7f11d50a3a\System.Deployment.dll [C:\Users\WilliamForney\source\repos\wforney\OpenLiveWriter\src\managed\BlogRunner.Core\BlogRunner.Core.csproj]
C:\Program Files\Microsoft Visual Studio\18\Enterprise\MSBuild\Current\Bin\Microsoft.Common.CurrentVersion.targets(2437,5): warning MSB3277:           Project file item includes which caused reference "C:\Windows\Microsoft.Net\assembly\GAC_MSIL\System.Deployment\v4.0_4.0.0.0__b03f5f7f11d50a3a\System.Deployment.dll". [C:\Users\WilliamForney\source\repos\wforney\OpenLiveWriter\src\managed\BlogRunner.Core\BlogRunner.Core.csproj]
C:\Program Files\Microsoft Visual Studio\18\Enterprise\MSBuild\Current\Bin\Microsoft.Common.CurrentVersion.targets(2437,5): warning MSB3277:             C:\Users\WilliamForney\source\repos\wforney\OpenLiveWriter\src\managed\bin\Debug\i386\Writer\OpenLiveWriter.Api.dll [C:\Users\WilliamForney\source\repos\wforney\OpenLiveWriter\src\managed\BlogRunner.Core\BlogRunner.Core.csproj]
C:\Program Files\Microsoft Visual Studio\18\Enterprise\MSBuild\Current\Bin\Microsoft.Common.CurrentVersion.targets(2437,5): warning MSB3277:             C:\Users\WilliamForney\source\repos\wforney\OpenLiveWriter\src\managed\bin\Debug\i386\Writer\OpenLiveWriter.BlogClient.dll [C:\Users\WilliamForney\source\repos\wforney\OpenLiveWriter\src\managed\BlogRunner.Core\BlogRunner.Core.csproj]
C:\Program Files\Microsoft Visual Studio\18\Enterprise\MSBuild\Current\Bin\Microsoft.Common.CurrentVersion.targets(2437,5): warning MSB3277:             C:\Users\WilliamForney\source\repos\wforney\OpenLiveWriter\src\managed\bin\Debug\i386\Writer\OpenLiveWriter.CoreServices.dll [C:\Users\WilliamForney\source\repos\wforney\OpenLiveWriter\src\managed\BlogRunner.Core\BlogRunner.Core.csproj]
C:\Program Files\Microsoft Visual Studio\18\Enterprise\MSBuild\Current\Bin\Microsoft.Common.CurrentVersion.targets(2437,5): warning MSB3277:             C:\Users\WilliamForney\source\repos\wforney\OpenLiveWriter\src\managed\bin\Debug\i386\Writer\OpenLiveWriter.Extensibility.dll [C:\Users\WilliamForney\source\repos\wforney\OpenLiveWriter\src\managed\BlogRunner.Core\BlogRunner.Core.csproj]
C:\Program Files\Microsoft Visual Studio\18\Enterprise\MSBuild\Current\Bin\Microsoft.Common.CurrentVersion.targets(2437,5): warning MSB3277:             C:\Users\WilliamForney\source\repos\wforney\OpenLiveWriter\src\managed\bin\Debug\i386\Writer\OpenLiveWriter.PostEditor.dll [C:\Users\WilliamForney\source\repos\wforney\OpenLiveWriter\src\managed\BlogRunner.Core\BlogRunner.Core.csproj]
C:\Program Files\Microsoft Visual Studio\18\Enterprise\MSBuild\Current\Bin\Microsoft.Common.CurrentVersion.targets(2437,5): warning MSB3277:             C:\Users\WilliamForney\source\repos\wforney\OpenLiveWriter\src\managed\bin\Debug\i386\Writer\OpenLiveWriter.HtmlParser.dll [C:\Users\WilliamForney\source\repos\wforney\OpenLiveWriter\src\managed\BlogRunner.Core\BlogRunner.Core.csproj]
C:\Program Files\Microsoft Visual Studio\18\Enterprise\MSBuild\Current\Bin\Microsoft.Common.CurrentVersion.targets(2437,5): warning MSB3277:             Microsoft.Threading.Tasks.Extensions.Desktop, Version=1.0.168.0, Culture=neutral, PublicKeyToken=b03f5f7f11d50a3a, processorArchitecture=MSIL [C:\Users\WilliamForney\source\repos\wforney\OpenLiveWriter\src\managed\BlogRunner.Core\BlogRunner.Core.csproj]
C:\Program Files\Microsoft Visual Studio\18\Enterprise\MSBuild\Current\Bin\Microsoft.Common.CurrentVersion.targets(2437,5): warning MSB3277:             System.Data [C:\Users\WilliamForney\source\repos\wforney\OpenLiveWriter\src\managed\BlogRunner.Core\BlogRunner.Core.csproj]
C:\Program Files\Microsoft Visual Studio\18\Enterprise\MSBuild\Current\Bin\Microsoft.Common.CurrentVersion.targets(2437,5): warning MSB3277:         C:\Windows\Microsoft.Net\assembly\GAC_MSIL\System.Xml.Linq\v4.0_4.0.0.0__b77a5c561934e089\System.Xml.Linq.dll [C:\Users\WilliamForney\source\repos\wforney\OpenLiveWriter\src\managed\BlogRunner.Core\BlogRunner.Core.csproj]
C:\Program Files\Microsoft Visual Studio\18\Enterprise\MSBuild\Current\Bin\Microsoft.Common.CurrentVersion.targets(2437,5): warning MSB3277:           Project file item includes which caused reference "C:\Windows\Microsoft.Net\assembly\GAC_MSIL\System.Xml.Linq\v4.0_4.0.0.0__b77a5c561934e089\System.Xml.Linq.dll". [C:\Users\WilliamForney\source\repos\wforney\OpenLiveWriter\src\managed\BlogRunner.Core\BlogRunner.Core.csproj]
C:\Program Files\Microsoft Visual Studio\18\Enterprise\MSBuild\Current\Bin\Microsoft.Common.CurrentVersion.targets(2437,5): warning MSB3277:             C:\Users\WilliamForney\source\repos\wforney\OpenLiveWriter\src\managed\bin\Debug\i386\Writer\OpenLiveWriter.BlogClient.dll [C:\Users\WilliamForney\source\repos\wforney\OpenLiveWriter\src\managed\BlogRunner.Core\BlogRunner.Core.csproj]
C:\Program Files\Microsoft Visual Studio\18\Enterprise\MSBuild\Current\Bin\Microsoft.Common.CurrentVersion.targets(2437,5): warning MSB3277:             C:\Users\WilliamForney\source\repos\wforney\OpenLiveWriter\src\managed\bin\Debug\i386\Writer\OpenLiveWriter.PostEditor.dll [C:\Users\WilliamForney\source\repos\wforney\OpenLiveWriter\src\managed\BlogRunner.Core\BlogRunner.Core.csproj]
C:\Program Files\Microsoft Visual Studio\18\Enterprise\MSBuild\Current\Bin\Microsoft.Common.CurrentVersion.targets(2437,5): warning MSB3277:             Microsoft.Threading.Tasks.Extensions.Desktop, Version=1.0.168.0, Culture=neutral, PublicKeyToken=b03f5f7f11d50a3a, processorArchitecture=MSIL [C:\Users\WilliamForney\source\repos\wforney\OpenLiveWriter\src\managed\BlogRunner.Core\BlogRunner.Core.csproj]
C:\Program Files\Microsoft Visual Studio\18\Enterprise\MSBuild\Current\Bin\Microsoft.Common.CurrentVersion.targets(2437,5): warning MSB3277:         C:\Windows\Microsoft.Net\assembly\GAC_MSIL\System.Design\v4.0_4.0.0.0__b03f5f7f11d50a3a\System.Design.dll [C:\Users\WilliamForney\source\repos\wforney\OpenLiveWriter\src\managed\BlogRunner.Core\BlogRunner.Core.csproj]
C:\Program Files\Microsoft Visual Studio\18\Enterprise\MSBuild\Current\Bin\Microsoft.Common.CurrentVersion.targets(2437,5): warning MSB3277:           Project file item includes which caused reference "C:\Windows\Microsoft.Net\assembly\GAC_MSIL\System.Design\v4.0_4.0.0.0__b03f5f7f11d50a3a\System.Design.dll". [C:\Users\WilliamForney\source\repos\wforney\OpenLiveWriter\src\managed\BlogRunner.Core\BlogRunner.Core.csproj]
C:\Program Files\Microsoft Visual Studio\18\Enterprise\MSBuild\Current\Bin\Microsoft.Common.CurrentVersion.targets(2437,5): warning MSB3277:             C:\Users\WilliamForney\source\repos\wforney\OpenLiveWriter\src\managed\bin\Debug\i386\Writer\OpenLiveWriter.BlogClient.dll [C:\Users\WilliamForney\source\repos\wforney\OpenLiveWriter\src\managed\BlogRunner.Core\BlogRunner.Core.csproj]
C:\Program Files\Microsoft Visual Studio\18\Enterprise\MSBuild\Current\Bin\Microsoft.Common.CurrentVersion.targets(2437,5): warning MSB3277:             C:\Users\WilliamForney\source\repos\wforney\OpenLiveWriter\src\managed\bin\Debug\i386\Writer\OpenLiveWriter.PostEditor.dll [C:\Users\WilliamForney\source\repos\wforney\OpenLiveWriter\src\managed\BlogRunner.Core\BlogRunner.Core.csproj]
C:\Program Files\Microsoft Visual Studio\18\Enterprise\MSBuild\Current\Bin\Microsoft.Common.CurrentVersion.targets(2437,5): warning MSB3277:             C:\Users\WilliamForney\source\repos\wforney\OpenLiveWriter\src\managed\bin\Debug\i386\Writer\OpenLiveWriter.CoreServices.dll [C:\Users\WilliamForney\source\repos\wforney\OpenLiveWriter\src\managed\BlogRunner.Core\BlogRunner.Core.csproj]
C:\Program Files\Microsoft Visual Studio\18\Enterprise\MSBuild\Current\Bin\Microsoft.Common.CurrentVersion.targets(2437,5): warning MSB3277:             C:\Users\WilliamForney\source\repos\wforney\OpenLiveWriter\src\managed\bin\Debug\i386\Writer\OpenLiveWriter.Api.dll [C:\Users\WilliamForney\source\repos\wforney\OpenLiveWriter\src\managed\BlogRunner.Core\BlogRunner.Core.csproj]
C:\Program Files\Microsoft Visual Studio\18\Enterprise\MSBuild\Current\Bin\Microsoft.Common.CurrentVersion.targets(2437,5): warning MSB3277:             C:\Users\WilliamForney\source\repos\wforney\OpenLiveWriter\src\managed\bin\Debug\i386\Writer\OpenLiveWriter.Extensibility.dll [C:\Users\WilliamForney\source\repos\wforney\OpenLiveWriter\src\managed\BlogRunner.Core\BlogRunner.Core.csproj]
C:\Program Files\Microsoft Visual Studio\18\Enterprise\MSBuild\Current\Bin\Microsoft.Common.CurrentVersion.targets(2437,5): warning MSB3277:             C:\Users\WilliamForney\source\repos\wforney\OpenLiveWriter\src\managed\bin\Debug\i386\Writer\OpenLiveWriter.HtmlParser.dll [C:\Users\WilliamForney\source\repos\wforney\OpenLiveWriter\src\managed\BlogRunner.Core\BlogRunner.Core.csproj]
C:\Program Files\Microsoft Visual Studio\18\Enterprise\MSBuild\Current\Bin\Microsoft.Common.CurrentVersion.targets(2437,5): warning MSB3277:             Microsoft.Threading.Tasks.Extensions.Desktop, Version=1.0.168.0, Culture=neutral, PublicKeyToken=b03f5f7f11d50a3a, processorArchitecture=MSIL [C:\Users\WilliamForney\source\repos\wforney\OpenLiveWriter\src\managed\BlogRunner.Core\BlogRunner.Core.csproj]
C:\Program Files\Microsoft Visual Studio\18\Enterprise\MSBuild\Current\Bin\Microsoft.Common.CurrentVersion.targets(2437,5): warning MSB3277:             System.Data [C:\Users\WilliamForney\source\repos\wforney\OpenLiveWriter\src\managed\BlogRunner.Core\BlogRunner.Core.csproj]
C:\Program Files\Microsoft Visual Studio\18\Enterprise\MSBuild\Current\Bin\Microsoft.Common.CurrentVersion.targets(2437,5): warning MSB3277:         C:\Windows\Microsoft.Net\assembly\GAC_MSIL\System.ComponentModel.DataAnnotations\v4.0_4.0.0.0__31bf3856ad364e35\System.ComponentModel.DataAnnotations.dll [C:\Users\WilliamForney\source\repos\wforney\OpenLiveWriter\src\managed\BlogRunner.Core\BlogRunner.Core.csproj]
C:\Program Files\Microsoft Visual Studio\18\Enterprise\MSBuild\Current\Bin\Microsoft.Common.CurrentVersion.targets(2437,5): warning MSB3277:           Project file item includes which caused reference "C:\Windows\Microsoft.Net\assembly\GAC_MSIL\System.ComponentModel.DataAnnotations\v4.0_4.0.0.0__31bf3856ad364e35\System.ComponentModel.DataAnnotations.dll". [C:\Users\WilliamForney\source\repos\wforney\OpenLiveWriter\src\managed\BlogRunner.Core\BlogRunner.Core.csproj]
C:\Program Files\Microsoft Visual Studio\18\Enterprise\MSBuild\Current\Bin\Microsoft.Common.CurrentVersion.targets(2437,5): warning MSB3277:             C:\Users\WilliamForney\source\repos\wforney\OpenLiveWriter\src\managed\bin\Debug\i386\Writer\OpenLiveWriter.BlogClient.dll [C:\Users\WilliamForney\source\repos\wforney\OpenLiveWriter\src\managed\BlogRunner.Core\BlogRunner.Core.csproj]
C:\Program Files\Microsoft Visual Studio\18\Enterprise\MSBuild\Current\Bin\Microsoft.Common.CurrentVersion.targets(2437,5): warning MSB3277:             C:\Users\WilliamForney\source\repos\wforney\OpenLiveWriter\src\managed\bin\Debug\i386\Writer\OpenLiveWriter.CoreServices.dll [C:\Users\WilliamForney\source\repos\wforney\OpenLiveWriter\src\managed\BlogRunner.Core\BlogRunner.Core.csproj]
C:\Program Files\Microsoft Visual Studio\18\Enterprise\MSBuild\Current\Bin\Microsoft.Common.CurrentVersion.targets(2437,5): warning MSB3277:             C:\Users\WilliamForney\source\repos\wforney\OpenLiveWriter\src\managed\bin\Debug\i386\Writer\OpenLiveWriter.Api.dll [C:\Users\WilliamForney\source\repos\wforney\OpenLiveWriter\src\managed\BlogRunner.Core\BlogRunner.Core.csproj]
C:\Program Files\Microsoft Visual Studio\18\Enterprise\MSBuild\Current\Bin\Microsoft.Common.CurrentVersion.targets(2437,5): warning MSB3277:             C:\Users\WilliamForney\source\repos\wforney\OpenLiveWriter\src\managed\bin\Debug\i386\Writer\OpenLiveWriter.Extensibility.dll [C:\Users\WilliamForney\source\repos\wforney\OpenLiveWriter\src\managed\BlogRunner.Core\BlogRunner.Core.csproj]
C:\Program Files\Microsoft Visual Studio\18\Enterprise\MSBuild\Current\Bin\Microsoft.Common.CurrentVersion.targets(2437,5): warning MSB3277:             C:\Users\WilliamForney\source\repos\wforney\OpenLiveWriter\src\managed\bin\Debug\i386\Writer\OpenLiveWriter.HtmlParser.dll [C:\Users\WilliamForney\source\repos\wforney\OpenLiveWriter\src\managed\BlogRunner.Core\BlogRunner.Core.csproj]
C:\Program Files\Microsoft Visual Studio\18\Enterprise\MSBuild\Current\Bin\Microsoft.Common.CurrentVersion.targets(2437,5): warning MSB3277:             C:\Users\WilliamForney\source\repos\wforney\OpenLiveWriter\src\managed\bin\Debug\i386\Writer\OpenLiveWriter.PostEditor.dll [C:\Users\WilliamForney\source\repos\wforney\OpenLiveWriter\src\managed\BlogRunner.Core\BlogRunner.Core.csproj]
C:\Program Files\Microsoft Visual Studio\18\Enterprise\MSBuild\Current\Bin\Microsoft.Common.CurrentVersion.targets(2437,5): warning MSB3277:             Microsoft.Threading.Tasks.Extensions.Desktop, Version=1.0.168.0, Culture=neutral, PublicKeyToken=b03f5f7f11d50a3a, processorArchitecture=MSIL [C:\Users\WilliamForney\source\repos\wforney\OpenLiveWriter\src\managed\BlogRunner.Core\BlogRunner.Core.csproj]
C:\Program Files\Microsoft Visual Studio\18\Enterprise\MSBuild\Current\Bin\Microsoft.Common.CurrentVersion.targets(2437,5): warning MSB3277:             System.Data [C:\Users\WilliamForney\source\repos\wforney\OpenLiveWriter\src\managed\BlogRunner.Core\BlogRunner.Core.csproj]
C:\Program Files\Microsoft Visual Studio\18\Enterprise\MSBuild\Current\Bin\Microsoft.Common.CurrentVersion.targets(2437,5): warning MSB3277:         C:\Windows\Microsoft.Net\assembly\GAC_MSIL\Microsoft.Build.Utilities.v4.0\v4.0_4.0.0.0__b03f5f7f11d50a3a\Microsoft.Build.Utilities.v4.0.dll [C:\Users\WilliamForney\source\repos\wforney\OpenLiveWriter\src\managed\BlogRunner.Core\BlogRunner.Core.csproj]
C:\Program Files\Microsoft Visual Studio\18\Enterprise\MSBuild\Current\Bin\Microsoft.Common.CurrentVersion.targets(2437,5): warning MSB3277:           Project file item includes which caused reference "C:\Windows\Microsoft.Net\assembly\GAC_MSIL\Microsoft.Build.Utilities.v4.0\v4.0_4.0.0.0__b03f5f7f11d50a3a\Microsoft.Build.Utilities.v4.0.dll". [C:\Users\WilliamForney\source\repos\wforney\OpenLiveWriter\src\managed\BlogRunner.Core\BlogRunner.Core.csproj]
C:\Program Files\Microsoft Visual Studio\18\Enterprise\MSBuild\Current\Bin\Microsoft.Common.CurrentVersion.targets(2437,5): warning MSB3277:             C:\Users\WilliamForney\source\repos\wforney\OpenLiveWriter\src\managed\bin\Debug\i386\Writer\OpenLiveWriter.BlogClient.dll [C:\Users\WilliamForney\source\repos\wforney\OpenLiveWriter\src\managed\BlogRunner.Core\BlogRunner.Core.csproj]
C:\Program Files\Microsoft Visual Studio\18\Enterprise\MSBuild\Current\Bin\Microsoft.Common.CurrentVersion.targets(2437,5): warning MSB3277:             C:\Users\WilliamForney\source\repos\wforney\OpenLiveWriter\src\managed\bin\Debug\i386\Writer\OpenLiveWriter.CoreServices.dll [C:\Users\WilliamForney\source\repos\wforney\OpenLiveWriter\src\managed\BlogRunner.Core\BlogRunner.Core.csproj]
C:\Program Files\Microsoft Visual Studio\18\Enterprise\MSBuild\Current\Bin\Microsoft.Common.CurrentVersion.targets(2437,5): warning MSB3277:             C:\Users\WilliamForney\source\repos\wforney\OpenLiveWriter\src\managed\bin\Debug\i386\Writer\OpenLiveWriter.Api.dll [C:\Users\WilliamForney\source\repos\wforney\OpenLiveWriter\src\managed\BlogRunner.Core\BlogRunner.Core.csproj]
C:\Program Files\Microsoft Visual Studio\18\Enterprise\MSBuild\Current\Bin\Microsoft.Common.CurrentVersion.targets(2437,5): warning MSB3277:             C:\Users\WilliamForney\source\repos\wforney\OpenLiveWriter\src\managed\bin\Debug\i386\Writer\OpenLiveWriter.Extensibility.dll [C:\Users\WilliamForney\source\repos\wforney\OpenLiveWriter\src\managed\BlogRunner.Core\BlogRunner.Core.csproj]
C:\Program Files\Microsoft Visual Studio\18\Enterprise\MSBuild\Current\Bin\Microsoft.Common.CurrentVersion.targets(2437,5): warning MSB3277:             C:\Users\WilliamForney\source\repos\wforney\OpenLiveWriter\src\managed\bin\Debug\i386\Writer\OpenLiveWriter.HtmlParser.dll [C:\Users\WilliamForney\source\repos\wforney\OpenLiveWriter\src\managed\BlogRunner.Core\BlogRunner.Core.csproj]
C:\Program Files\Microsoft Visual Studio\18\Enterprise\MSBuild\Current\Bin\Microsoft.Common.CurrentVersion.targets(2437,5): warning MSB3277:             C:\Users\WilliamForney\source\repos\wforney\OpenLiveWriter\src\managed\bin\Debug\i386\Writer\OpenLiveWriter.PostEditor.dll [C:\Users\WilliamForney\source\repos\wforney\OpenLiveWriter\src\managed\BlogRunner.Core\BlogRunner.Core.csproj]
C:\Program Files\Microsoft Visual Studio\18\Enterprise\MSBuild\Current\Bin\Microsoft.Common.CurrentVersion.targets(2437,5): warning MSB3277:             Microsoft.Threading.Tasks.Extensions.Desktop, Version=1.0.168.0, Culture=neutral, PublicKeyToken=b03f5f7f11d50a3a, processorArchitecture=MSIL [C:\Users\WilliamForney\source\repos\wforney\OpenLiveWriter\src\managed\BlogRunner.Core\BlogRunner.Core.csproj]
C:\Program Files\Microsoft Visual Studio\18\Enterprise\MSBuild\Current\Bin\Microsoft.Common.CurrentVersion.targets(2437,5): warning MSB3277:             System.Data [C:\Users\WilliamForney\source\repos\wforney\OpenLiveWriter\src\managed\BlogRunner.Core\BlogRunner.Core.csproj]
C:\Program Files\Microsoft Visual Studio\18\Enterprise\MSBuild\Current\Bin\Microsoft.Common.CurrentVersion.targets(2437,5): warning MSB3277:         C:\Windows\Microsoft.Net\assembly\GAC_MSIL\Microsoft.Build.Tasks.v4.0\v4.0_4.0.0.0__b03f5f7f11d50a3a\Microsoft.Build.Tasks.v4.0.dll [C:\Users\WilliamForney\source\repos\wforney\OpenLiveWriter\src\managed\BlogRunner.Core\BlogRunner.Core.csproj]
C:\Program Files\Microsoft Visual Studio\18\Enterprise\MSBuild\Current\Bin\Microsoft.Common.CurrentVersion.targets(2437,5): warning MSB3277:           Project file item includes which caused reference "C:\Windows\Microsoft.Net\assembly\GAC_MSIL\Microsoft.Build.Tasks.v4.0\v4.0_4.0.0.0__b03f5f7f11d50a3a\Microsoft.Build.Tasks.v4.0.dll". [C:\Users\WilliamForney\source\repos\wforney\OpenLiveWriter\src\managed\BlogRunner.Core\BlogRunner.Core.csproj]
C:\Program Files\Microsoft Visual Studio\18\Enterprise\MSBuild\Current\Bin\Microsoft.Common.CurrentVersion.targets(2437,5): warning MSB3277:             C:\Users\WilliamForney\source\repos\wforney\OpenLiveWriter\src\managed\bin\Debug\i386\Writer\OpenLiveWriter.BlogClient.dll [C:\Users\WilliamForney\source\repos\wforney\OpenLiveWriter\src\managed\BlogRunner.Core\BlogRunner.Core.csproj]
C:\Program Files\Microsoft Visual Studio\18\Enterprise\MSBuild\Current\Bin\Microsoft.Common.CurrentVersion.targets(2437,5): warning MSB3277:             C:\Users\WilliamForney\source\repos\wforney\OpenLiveWriter\src\managed\bin\Debug\i386\Writer\OpenLiveWriter.CoreServices.dll [C:\Users\WilliamForney\source\repos\wforney\OpenLiveWriter\src\managed\BlogRunner.Core\BlogRunner.Core.csproj]
C:\Program Files\Microsoft Visual Studio\18\Enterprise\MSBuild\Current\Bin\Microsoft.Common.CurrentVersion.targets(2437,5): warning MSB3277:             C:\Users\WilliamForney\source\repos\wforney\OpenLiveWriter\src\managed\bin\Debug\i386\Writer\OpenLiveWriter.Api.dll [C:\Users\WilliamForney\source\repos\wforney\OpenLiveWriter\src\managed\BlogRunner.Core\BlogRunner.Core.csproj]
C:\Program Files\Microsoft Visual Studio\18\Enterprise\MSBuild\Current\Bin\Microsoft.Common.CurrentVersion.targets(2437,5): warning MSB3277:             C:\Users\WilliamForney\source\repos\wforney\OpenLiveWriter\src\managed\bin\Debug\i386\Writer\OpenLiveWriter.Extensibility.dll [C:\Users\WilliamForney\source\repos\wforney\OpenLiveWriter\src\managed\BlogRunner.Core\BlogRunner.Core.csproj]
C:\Program Files\Microsoft Visual Studio\18\Enterprise\MSBuild\Current\Bin\Microsoft.Common.CurrentVersion.targets(2437,5): warning MSB3277:             C:\Users\WilliamForney\source\repos\wforney\OpenLiveWriter\src\managed\bin\Debug\i386\Writer\OpenLiveWriter.HtmlParser.dll [C:\Users\WilliamForney\source\repos\wforney\OpenLiveWriter\src\managed\BlogRunner.Core\BlogRunner.Core.csproj]
C:\Program Files\Microsoft Visual Studio\18\Enterprise\MSBuild\Current\Bin\Microsoft.Common.CurrentVersion.targets(2437,5): warning MSB3277:             C:\Users\WilliamForney\source\repos\wforney\OpenLiveWriter\src\managed\bin\Debug\i386\Writer\OpenLiveWriter.PostEditor.dll [C:\Users\WilliamForney\source\repos\wforney\OpenLiveWriter\src\managed\BlogRunner.Core\BlogRunner.Core.csproj]
C:\Program Files\Microsoft Visual Studio\18\Enterprise\MSBuild\Current\Bin\Microsoft.Common.CurrentVersion.targets(2437,5): warning MSB3277:             Microsoft.Threading.Tasks.Extensions.Desktop, Version=1.0.168.0, Culture=neutral, PublicKeyToken=b03f5f7f11d50a3a, processorArchitecture=MSIL [C:\Users\WilliamForney\source\repos\wforney\OpenLiveWriter\src\managed\BlogRunner.Core\BlogRunner.Core.csproj]
C:\Program Files\Microsoft Visual Studio\18\Enterprise\MSBuild\Current\Bin\Microsoft.Common.CurrentVersion.targets(2437,5): warning MSB3277:             System.Data [C:\Users\WilliamForney\source\repos\wforney\OpenLiveWriter\src\managed\BlogRunner.Core\BlogRunner.Core.csproj]
C:\Program Files\Microsoft Visual Studio\18\Enterprise\MSBuild\Current\Bin\Microsoft.Common.CurrentVersion.targets(2437,5): warning MSB3277:         C:\Windows\Microsoft.Net\assembly\GAC_MSIL\Microsoft.CSharp\v4.0_4.0.0.0__b03f5f7f11d50a3a\Microsoft.CSharp.dll [C:\Users\WilliamForney\source\repos\wforney\OpenLiveWriter\src\managed\BlogRunner.Core\BlogRunner.Core.csproj]
C:\Program Files\Microsoft Visual Studio\18\Enterprise\MSBuild\Current\Bin\Microsoft.Common.CurrentVersion.targets(2437,5): warning MSB3277:           Project file item includes which caused reference "C:\Windows\Microsoft.Net\assembly\GAC_MSIL\Microsoft.CSharp\v4.0_4.0.0.0__b03f5f7f11d50a3a\Microsoft.CSharp.dll". [C:\Users\WilliamForney\source\repos\wforney\OpenLiveWriter\src\managed\BlogRunner.Core\BlogRunner.Core.csproj]
C:\Program Files\Microsoft Visual Studio\18\Enterprise\MSBuild\Current\Bin\Microsoft.Common.CurrentVersion.targets(2437,5): warning MSB3277:             C:\Users\WilliamForney\source\repos\wforney\OpenLiveWriter\src\managed\bin\Debug\i386\Writer\OpenLiveWriter.PostEditor.dll [C:\Users\WilliamForney\source\repos\wforney\OpenLiveWriter\src\managed\BlogRunner.Core\BlogRunner.Core.csproj]
C:\Program Files\Microsoft Visual Studio\18\Enterprise\MSBuild\Current\Bin\Microsoft.Common.CurrentVersion.targets(2437,5): warning MSB3277:         C:\Windows\Microsoft.Net\assembly\GAC_MSIL\WindowsBase\v4.0_4.0.0.0__31bf3856ad364e35\WindowsBase.dll [C:\Users\WilliamForney\source\repos\wforney\OpenLiveWriter\src\managed\BlogRunner.Core\BlogRunner.Core.csproj]
C:\Program Files\Microsoft Visual Studio\18\Enterprise\MSBuild\Current\Bin\Microsoft.Common.CurrentVersion.targets(2437,5): warning MSB3277:           Project file item includes which caused reference "C:\Windows\Microsoft.Net\assembly\GAC_MSIL\WindowsBase\v4.0_4.0.0.0__31bf3856ad364e35\WindowsBase.dll". [C:\Users\WilliamForney\source\repos\wforney\OpenLiveWriter\src\managed\BlogRunner.Core\BlogRunner.Core.csproj]
C:\Program Files\Microsoft Visual Studio\18\Enterprise\MSBuild\Current\Bin\Microsoft.Common.CurrentVersion.targets(2437,5): warning MSB3277:             C:\Users\WilliamForney\source\repos\wforney\OpenLiveWriter\src\managed\bin\Debug\i386\Writer\OpenLiveWriter.PostEditor.dll [C:\Users\WilliamForney\source\repos\wforney\OpenLiveWriter\src\managed\BlogRunner.Core\BlogRunner.Core.csproj]
C:\Program Files\Microsoft Visual Studio\18\Enterprise\MSBuild\Current\Bin\Microsoft.Common.CurrentVersion.targets(2437,5): warning MSB3277:         C:\Windows\Microsoft.Net\assembly\GAC_MSIL\System.IdentityModel\v4.0_4.0.0.0__b77a5c561934e089\System.IdentityModel.dll [C:\Users\WilliamForney\source\repos\wforney\OpenLiveWriter\src\managed\BlogRunner.Core\BlogRunner.Core.csproj]
C:\Program Files\Microsoft Visual Studio\18\Enterprise\MSBuild\Current\Bin\Microsoft.Common.CurrentVersion.targets(2437,5): warning MSB3277:           Project file item includes which caused reference "C:\Windows\Microsoft.Net\assembly\GAC_MSIL\System.IdentityModel\v4.0_4.0.0.0__b77a5c561934e089\System.IdentityModel.dll". [C:\Users\WilliamForney\source\repos\wforney\OpenLiveWriter\src\managed\BlogRunner.Core\BlogRunner.Core.csproj]
C:\Program Files\Microsoft Visual Studio\18\Enterprise\MSBuild\Current\Bin\Microsoft.Common.CurrentVersion.targets(2437,5): warning MSB3277:             Microsoft.Threading.Tasks.Extensions.Desktop, Version=1.0.168.0, Culture=neutral, PublicKeyToken=b03f5f7f11d50a3a, processorArchitecture=MSIL [C:\Users\WilliamForney\source\repos\wforney\OpenLiveWriter\src\managed\BlogRunner.Core\BlogRunner.Core.csproj]
C:\Program Files\Microsoft Visual Studio\18\Enterprise\MSBuild\Current\Bin\Microsoft.Common.CurrentVersion.targets(2437,5): warning MSB3277:             C:\Users\WilliamForney\source\repos\wforney\OpenLiveWriter\src\managed\bin\Debug\i386\Writer\OpenLiveWriter.PostEditor.dll [C:\Users\WilliamForney\source\repos\wforney\OpenLiveWriter\src\managed\BlogRunner.Core\BlogRunner.Core.csproj]
C:\Program Files\Microsoft Visual Studio\18\Enterprise\MSBuild\Current\Bin\Microsoft.Common.CurrentVersion.targets(2437,5): warning MSB3277:         C:\Windows\Microsoft.Net\assembly\GAC_MSIL\System.Runtime.DurableInstancing\v4.0_4.0.0.0__31bf3856ad364e35\System.Runtime.DurableInstancing.dll [C:\Users\WilliamForney\source\repos\wforney\OpenLiveWriter\src\managed\BlogRunner.Core\BlogRunner.Core.csproj]
C:\Program Files\Microsoft Visual Studio\18\Enterprise\MSBuild\Current\Bin\Microsoft.Common.CurrentVersion.targets(2437,5): warning MSB3277:           Project file item includes which caused reference "C:\Windows\Microsoft.Net\assembly\GAC_MSIL\System.Runtime.DurableInstancing\v4.0_4.0.0.0__31bf3856ad364e35\System.Runtime.DurableInstancing.dll". [C:\Users\WilliamForney\source\repos\wforney\OpenLiveWriter\src\managed\BlogRunner.Core\BlogRunner.Core.csproj]
C:\Program Files\Microsoft Visual Studio\18\Enterprise\MSBuild\Current\Bin\Microsoft.Common.CurrentVersion.targets(2437,5): warning MSB3277:             Microsoft.Threading.Tasks.Extensions.Desktop, Version=1.0.168.0, Culture=neutral, PublicKeyToken=b03f5f7f11d50a3a, processorArchitecture=MSIL [C:\Users\WilliamForney\source\repos\wforney\OpenLiveWriter\src\managed\BlogRunner.Core\BlogRunner.Core.csproj]
C:\Program Files\Microsoft Visual Studio\18\Enterprise\MSBuild\Current\Bin\Microsoft.Common.CurrentVersion.targets(2437,5): warning MSB3277:             C:\Users\WilliamForney\source\repos\wforney\OpenLiveWriter\src\managed\bin\Debug\i386\Writer\OpenLiveWriter.PostEditor.dll [C:\Users\WilliamForney\source\repos\wforney\OpenLiveWriter\src\managed\BlogRunner.Core\BlogRunner.Core.csproj]
C:\Program Files\Microsoft Visual Studio\18\Enterprise\MSBuild\Current\Bin\Microsoft.Common.CurrentVersion.targets(2437,5): warning MSB3277:         C:\Windows\Microsoft.Net\assembly\GAC_MSIL\System.ServiceModel.Activation\v4.0_4.0.0.0__31bf3856ad364e35\System.ServiceModel.Activation.dll [C:\Users\WilliamForney\source\repos\wforney\OpenLiveWriter\src\managed\BlogRunner.Core\BlogRunner.Core.csproj]
C:\Program Files\Microsoft Visual Studio\18\Enterprise\MSBuild\Current\Bin\Microsoft.Common.CurrentVersion.targets(2437,5): warning MSB3277:           Project file item includes which caused reference "C:\Windows\Microsoft.Net\assembly\GAC_MSIL\System.ServiceModel.Activation\v4.0_4.0.0.0__31bf3856ad364e35\System.ServiceModel.Activation.dll". [C:\Users\WilliamForney\source\repos\wforney\OpenLiveWriter\src\managed\BlogRunner.Core\BlogRunner.Core.csproj]
C:\Program Files\Microsoft Visual Studio\18\Enterprise\MSBuild\Current\Bin\Microsoft.Common.CurrentVersion.targets(2437,5): warning MSB3277:             Microsoft.Threading.Tasks.Extensions.Desktop, Version=1.0.168.0, Culture=neutral, PublicKeyToken=b03f5f7f11d50a3a, processorArchitecture=MSIL [C:\Users\WilliamForney\source\repos\wforney\OpenLiveWriter\src\managed\BlogRunner.Core\BlogRunner.Core.csproj]
C:\Program Files\Microsoft Visual Studio\18\Enterprise\MSBuild\Current\Bin\Microsoft.Common.CurrentVersion.targets(2437,5): warning MSB3277:             C:\Users\WilliamForney\source\repos\wforney\OpenLiveWriter\src\managed\bin\Debug\i386\Writer\OpenLiveWriter.PostEditor.dll [C:\Users\WilliamForney\source\repos\wforney\OpenLiveWriter\src\managed\BlogRunner.Core\BlogRunner.Core.csproj]
C:\Program Files\Microsoft Visual Studio\18\Enterprise\MSBuild\Current\Bin\Microsoft.Common.CurrentVersion.targets(2437,5): warning MSB3277:         C:\Windows\Microsoft.Net\assembly\GAC_MSIL\System.ComponentModel.Composition\v4.0_4.0.0.0__b77a5c561934e089\System.ComponentModel.Composition.dll [C:\Users\WilliamForney\source\repos\wforney\OpenLiveWriter\src\managed\BlogRunner.Core\BlogRunner.Core.csproj]
C:\Program Files\Microsoft Visual Studio\18\Enterprise\MSBuild\Current\Bin\Microsoft.Common.CurrentVersion.targets(2437,5): warning MSB3277:           Project file item includes which caused reference "C:\Windows\Microsoft.Net\assembly\GAC_MSIL\System.ComponentModel.Composition\v4.0_4.0.0.0__b77a5c561934e089\System.ComponentModel.Composition.dll". [C:\Users\WilliamForney\source\repos\wforney\OpenLiveWriter\src\managed\BlogRunner.Core\BlogRunner.Core.csproj]
C:\Program Files\Microsoft Visual Studio\18\Enterprise\MSBuild\Current\Bin\Microsoft.Common.CurrentVersion.targets(2437,5): warning MSB3277:             System.Net.Http.Primitives, Version=4.2.29.0, Culture=neutral, PublicKeyToken=b03f5f7f11d50a3a, processorArchitecture=MSIL [C:\Users\WilliamForney\source\repos\wforney\OpenLiveWriter\src\managed\BlogRunner.Core\BlogRunner.Core.csproj]
C:\Program Files\Microsoft Visual Studio\18\Enterprise\MSBuild\Current\Bin\Microsoft.Common.CurrentVersion.targets(2437,5): warning MSB3277:         C:\Windows\Microsoft.Net\assembly\GAC_MSIL\System.Dynamic\v4.0_4.0.0.0__b03f5f7f11d50a3a\System.Dynamic.dll [C:\Users\WilliamForney\source\repos\wforney\OpenLiveWriter\src\managed\BlogRunner.Core\BlogRunner.Core.csproj]
C:\Program Files\Microsoft Visual Studio\18\Enterprise\MSBuild\Current\Bin\Microsoft.Common.CurrentVersion.targets(2437,5): warning MSB3277:           Project file item includes which caused reference "C:\Windows\Microsoft.Net\assembly\GAC_MSIL\System.Dynamic\v4.0_4.0.0.0__b03f5f7f11d50a3a\System.Dynamic.dll". [C:\Users\WilliamForney\source\repos\wforney\OpenLiveWriter\src\managed\BlogRunner.Core\BlogRunner.Core.csproj]
C:\Program Files\Microsoft Visual Studio\18\Enterprise\MSBuild\Current\Bin\Microsoft.Common.CurrentVersion.targets(2437,5): warning MSB3277:             C:\Users\WilliamForney\source\repos\wforney\OpenLiveWriter\src\managed\bin\Debug\i386\Writer\OpenLiveWriter.PostEditor.dll [C:\Users\WilliamForney\source\repos\wforney\OpenLiveWriter\src\managed\BlogRunner.Core\BlogRunner.Core.csproj]
C:\Program Files\Microsoft Visual Studio\18\Enterprise\MSBuild\Current\Bin\Microsoft.Common.CurrentVersion.targets(2437,5): warning MSB3277:         C:\Windows\Microsoft.Net\assembly\GAC_MSIL\System.ServiceModel.Activities\v4.0_4.0.0.0__31bf3856ad364e35\System.ServiceModel.Activities.dll [C:\Users\WilliamForney\source\repos\wforney\OpenLiveWriter\src\managed\BlogRunner.Core\BlogRunner.Core.csproj]
C:\Program Files\Microsoft Visual Studio\18\Enterprise\MSBuild\Current\Bin\Microsoft.Common.CurrentVersion.targets(2437,5): warning MSB3277:           Project file item includes which caused reference "C:\Windows\Microsoft.Net\assembly\GAC_MSIL\System.ServiceModel.Activities\v4.0_4.0.0.0__31bf3856ad364e35\System.ServiceModel.Activities.dll". [C:\Users\WilliamForney\source\repos\wforney\OpenLiveWriter\src\managed\BlogRunner.Core\BlogRunner.Core.csproj]
C:\Program Files\Microsoft Visual Studio\18\Enterprise\MSBuild\Current\Bin\Microsoft.Common.CurrentVersion.targets(2437,5): warning MSB3277:             Microsoft.Threading.Tasks.Extensions.Desktop, Version=1.0.168.0, Culture=neutral, PublicKeyToken=b03f5f7f11d50a3a, processorArchitecture=MSIL [C:\Users\WilliamForney\source\repos\wforney\OpenLiveWriter\src\managed\BlogRunner.Core\BlogRunner.Core.csproj]
C:\Program Files\Microsoft Visual Studio\18\Enterprise\MSBuild\Current\Bin\Microsoft.Common.CurrentVersion.targets(2437,5): warning MSB3277:             C:\Users\WilliamForney\source\repos\wforney\OpenLiveWriter\src\managed\bin\Debug\i386\Writer\OpenLiveWriter.PostEditor.dll [C:\Users\WilliamForney\source\repos\wforney\OpenLiveWriter\src\managed\BlogRunner.Core\BlogRunner.Core.csproj]
C:\Program Files\Microsoft Visual Studio\18\Enterprise\MSBuild\Current\Bin\Microsoft.Common.CurrentVersion.targets(2437,5): warning MSB3277:         C:\Windows\Microsoft.Net\assembly\GAC_MSIL\System.Activities\v4.0_4.0.0.0__31bf3856ad364e35\System.Activities.dll [C:\Users\WilliamForney\source\repos\wforney\OpenLiveWriter\src\managed\BlogRunner.Core\BlogRunner.Core.csproj]
C:\Program Files\Microsoft Visual Studio\18\Enterprise\MSBuild\Current\Bin\Microsoft.Common.CurrentVersion.targets(2437,5): warning MSB3277:           Project file item includes which caused reference "C:\Windows\Microsoft.Net\assembly\GAC_MSIL\System.Activities\v4.0_4.0.0.0__31bf3856ad364e35\System.Activities.dll". [C:\Users\WilliamForney\source\repos\wforney\OpenLiveWriter\src\managed\BlogRunner.Core\BlogRunner.Core.csproj]
C:\Program Files\Microsoft Visual Studio\18\Enterprise\MSBuild\Current\Bin\Microsoft.Common.CurrentVersion.targets(2437,5): warning MSB3277:             Microsoft.Threading.Tasks.Extensions.Desktop, Version=1.0.168.0, Culture=neutral, PublicKeyToken=b03f5f7f11d50a3a, processorArchitecture=MSIL [C:\Users\WilliamForney\source\repos\wforney\OpenLiveWriter\src\managed\BlogRunner.Core\BlogRunner.Core.csproj]
C:\Program Files\Microsoft Visual Studio\18\Enterprise\MSBuild\Current\Bin\Microsoft.Common.CurrentVersion.targets(2437,5): warning MSB3277:             C:\Users\WilliamForney\source\repos\wforney\OpenLiveWriter\src\managed\bin\Debug\i386\Writer\OpenLiveWriter.PostEditor.dll [C:\Users\WilliamForney\source\repos\wforney\OpenLiveWriter\src\managed\BlogRunner.Core\BlogRunner.Core.csproj]
C:\Program Files\Microsoft Visual Studio\18\Enterprise\MSBuild\Current\Bin\Microsoft.Common.CurrentVersion.targets(2437,5): warning MSB3277:         C:\Windows\Microsoft.Net\assembly\GAC_MSIL\System.Activities.DurableInstancing\v4.0_4.0.0.0__31bf3856ad364e35\System.Activities.DurableInstancing.dll [C:\Users\WilliamForney\source\repos\wforney\OpenLiveWriter\src\managed\BlogRunner.Core\BlogRunner.Core.csproj]
C:\Program Files\Microsoft Visual Studio\18\Enterprise\MSBuild\Current\Bin\Microsoft.Common.CurrentVersion.targets(2437,5): warning MSB3277:           Project file item includes which caused reference "C:\Windows\Microsoft.Net\assembly\GAC_MSIL\System.Activities.DurableInstancing\v4.0_4.0.0.0__31bf3856ad364e35\System.Activities.DurableInstancing.dll". [C:\Users\WilliamForney\source\repos\wforney\OpenLiveWriter\src\managed\BlogRunner.Core\BlogRunner.Core.csproj]
C:\Program Files\Microsoft Visual Studio\18\Enterprise\MSBuild\Current\Bin\Microsoft.Common.CurrentVersion.targets(2437,5): warning MSB3277:             Microsoft.Threading.Tasks.Extensions.Desktop, Version=1.0.168.0, Culture=neutral, PublicKeyToken=b03f5f7f11d50a3a, processorArchitecture=MSIL [C:\Users\WilliamForney\source\repos\wforney\OpenLiveWriter\src\managed\BlogRunner.Core\BlogRunner.Core.csproj]
C:\Program Files\Microsoft Visual Studio\18\Enterprise\MSBuild\Current\Bin\Microsoft.Common.CurrentVersion.targets(2437,5): warning MSB3277:             C:\Users\WilliamForney\source\repos\wforney\OpenLiveWriter\src\managed\bin\Debug\i386\Writer\OpenLiveWriter.PostEditor.dll [C:\Users\WilliamForney\source\repos\wforney\OpenLiveWriter\src\managed\BlogRunner.Core\BlogRunner.Core.csproj]
C:\Program Files\Microsoft Visual Studio\18\Enterprise\MSBuild\Current\Bin\Microsoft.Common.CurrentVersion.targets(2437,5): warning MSB3277:         C:\Windows\Microsoft.Net\assembly\GAC_32\Microsoft.VisualBasic.Activities.Compiler\v4.0_10.0.0.0__b03f5f7f11d50a3a\Microsoft.VisualBasic.Activities.Compiler.dll [C:\Users\WilliamForney\source\repos\wforney\OpenLiveWriter\src\managed\BlogRunner.Core\BlogRunner.Core.csproj]
C:\Program Files\Microsoft Visual Studio\18\Enterprise\MSBuild\Current\Bin\Microsoft.Common.CurrentVersion.targets(2437,5): warning MSB3277:           Project file item includes which caused reference "C:\Windows\Microsoft.Net\assembly\GAC_32\Microsoft.VisualBasic.Activities.Compiler\v4.0_10.0.0.0__b03f5f7f11d50a3a\Microsoft.VisualBasic.Activities.Compiler.dll". [C:\Users\WilliamForney\source\repos\wforney\OpenLiveWriter\src\managed\BlogRunner.Core\BlogRunner.Core.csproj]
C:\Program Files\Microsoft Visual Studio\18\Enterprise\MSBuild\Current\Bin\Microsoft.Common.CurrentVersion.targets(2437,5): warning MSB3277:             Microsoft.Threading.Tasks.Extensions.Desktop, Version=1.0.168.0, Culture=neutral, PublicKeyToken=b03f5f7f11d50a3a, processorArchitecture=MSIL [C:\Users\WilliamForney\source\repos\wforney\OpenLiveWriter\src\managed\BlogRunner.Core\BlogRunner.Core.csproj]
C:\Program Files\Microsoft Visual Studio\18\Enterprise\MSBuild\Current\Bin\Microsoft.Common.CurrentVersion.targets(2437,5): warning MSB3277:             C:\Users\WilliamForney\source\repos\wforney\OpenLiveWriter\src\managed\bin\Debug\i386\Writer\OpenLiveWriter.PostEditor.dll [C:\Users\WilliamForney\source\repos\wforney\OpenLiveWriter\src\managed\BlogRunner.Core\BlogRunner.Core.csproj]
C:\Program Files\Microsoft Visual Studio\18\Enterprise\MSBuild\Current\Bin\Microsoft.Common.CurrentVersion.targets(2437,5): warning MSB3277:         C:\Windows\Microsoft.Net\assembly\GAC_MSIL\Microsoft.VisualBasic\v4.0_10.0.0.0__b03f5f7f11d50a3a\Microsoft.VisualBasic.dll [C:\Users\WilliamForney\source\repos\wforney\OpenLiveWriter\src\managed\BlogRunner.Core\BlogRunner.Core.csproj]
C:\Program Files\Microsoft Visual Studio\18\Enterprise\MSBuild\Current\Bin\Microsoft.Common.CurrentVersion.targets(2437,5): warning MSB3277:           Project file item includes which caused reference "C:\Windows\Microsoft.Net\assembly\GAC_MSIL\Microsoft.VisualBasic\v4.0_10.0.0.0__b03f5f7f11d50a3a\Microsoft.VisualBasic.dll". [C:\Users\WilliamForney\source\repos\wforney\OpenLiveWriter\src\managed\BlogRunner.Core\BlogRunner.Core.csproj]
C:\Program Files\Microsoft Visual Studio\18\Enterprise\MSBuild\Current\Bin\Microsoft.Common.CurrentVersion.targets(2437,5): warning MSB3277:             Microsoft.Threading.Tasks.Extensions.Desktop, Version=1.0.168.0, Culture=neutral, PublicKeyToken=b03f5f7f11d50a3a, processorArchitecture=MSIL [C:\Users\WilliamForney\source\repos\wforney\OpenLiveWriter\src\managed\BlogRunner.Core\BlogRunner.Core.csproj]
C:\Program Files\Microsoft Visual Studio\18\Enterprise\MSBuild\Current\Bin\Microsoft.Common.CurrentVersion.targets(2437,5): warning MSB3277:             C:\Users\WilliamForney\source\repos\wforney\OpenLiveWriter\src\managed\bin\Debug\i386\Writer\OpenLiveWriter.PostEditor.dll [C:\Users\WilliamForney\source\repos\wforney\OpenLiveWriter\src\managed\BlogRunner.Core\BlogRunner.Core.csproj]
  Consider app.config remapping of assembly "mscorlib, Culture=neutral, PublicKeyToken=b77a5c561934e089" from Version "2.0.5.0" [] to Version "4.0.0.0" [C:\Windows\Microsoft.NET\Framework\v4.0.30319\mscorlib.dll] to solve conflict and get rid of warning.
  Consider app.config remapping of assembly "System, Culture=neutral, PublicKeyToken=b77a5c561934e089" from Version "2.0.5.0" [] to Version "4.0.0.0" [C:\Windows\Microsoft.Net\assembly\GAC_MSIL\System\v4.0_4.0.0.0__b77a5c561934e089\System.dll] to solve conflict and get rid of warning.
  Consider app.config remapping of assembly "System.Net.Http, Culture=neutral, PublicKeyToken=b03f5f7f11d50a3a" from Version "1.5.0.0" [] to Version "4.0.0.0" [C:\Windows\Microsoft.Net\assembly\GAC_MSIL\System.Net.Http\v4.0_4.0.0.0__b03f5f7f11d50a3a\System.Net.Http.dll] to solve conflict and get rid of warning.
  Consider app.config remapping of assembly "System.Xml, Culture=neutral, PublicKeyToken=b77a5c561934e089" from Version "2.0.0.0" [C:\Windows\assembly\GAC_MSIL\System.Xml\2.0.0.0__b77a5c561934e089\System.Xml.dll] to Version "4.0.0.0" [C:\Windows\Microsoft.Net\assembly\GAC_MSIL\System.Xml\v4.0_4.0.0.0__b77a5c561934e089\System.Xml.dll] to solve conflict and get rid of warning.
  Consider app.config remapping of assembly "Newtonsoft.Json, Culture=neutral, PublicKeyToken=30ad4fe6b2a6aeed" from Version "10.0.0.0" [] to Version "13.0.0.0" [C:\Users\WilliamForney\source\repos\wforney\OpenLiveWriter\src\managed\bin\Debug\i386\Writer\Newtonsoft.Json.dll] to solve conflict and get rid of warning.
  Consider app.config remapping of assembly "System.Security, Culture=neutral, PublicKeyToken=b03f5f7f11d50a3a" from Version "2.0.0.0" [C:\Windows\assembly\GAC_MSIL\System.Security\2.0.0.0__b03f5f7f11d50a3a\System.Security.dll] to Version "4.0.0.0" [C:\Windows\Microsoft.Net\assembly\GAC_MSIL\System.Security\v4.0_4.0.0.0__b03f5f7f11d50a3a\System.Security.dll] to solve conflict and get rid of warning.
  Consider app.config remapping of assembly "System.Runtime, Culture=neutral, PublicKeyToken=b03f5f7f11d50a3a" from Version "1.5.11.0" [] to Version "4.0.0.0" [C:\Windows\Microsoft.Net\assembly\GAC_MSIL\System.Runtime\v4.0_4.0.0.0__b03f5f7f11d50a3a\System.Runtime.dll] to solve conflict and get rid of warning.
  Consider app.config remapping of assembly "System.Configuration, Culture=neutral, PublicKeyToken=b03f5f7f11d50a3a" from Version "2.0.0.0" [C:\Windows\assembly\GAC_MSIL\System.Configuration\2.0.0.0__b03f5f7f11d50a3a\System.Configuration.dll] to Version "4.0.0.0" [C:\Windows\Microsoft.Net\assembly\GAC_MSIL\System.Configuration\v4.0_4.0.0.0__b03f5f7f11d50a3a\System.Configuration.dll] to solve conflict and get rid of warning.
  Consider app.config remapping of assembly "System.Data.SqlXml, Culture=neutral, PublicKeyToken=b77a5c561934e089" from Version "2.0.0.0" [C:\Windows\assembly\GAC_MSIL\System.Data.SqlXml\2.0.0.0__b77a5c561934e089\System.Data.SqlXml.dll] to Version "4.0.0.0" [C:\Windows\Microsoft.Net\assembly\GAC_MSIL\System.Data.SqlXml\v4.0_4.0.0.0__b77a5c561934e089\System.Data.SqlXml.dll] to solve conflict and get rid of warning.
C:\Program Files\Microsoft Visual Studio\18\Enterprise\MSBuild\Current\Bin\Microsoft.Common.CurrentVersion.targets(2437,5): warning MSB3247: Found conflicts between different versions of the same dependent assembly. In Visual Studio, double-click this warning (or select it and press Enter) to fix the conflicts; otherwise, add the following binding redirects to the "runtime" node in the application configuration file: <assemblyBinding xmlns="urn:schemas-microsoft-com:asm.v1"><dependentAssembly><assemblyIdentity name="mscorlib" culture="neutral" publicKeyToken="b77a5c561934e089" /><bindingRedirect oldVersion="0.0.0.0-4.0.0.0" newVersion="4.0.0.0" /></dependentAssembly></assemblyBinding><assemblyBinding xmlns="urn:schemas-microsoft-com:asm.v1"><dependentAssembly><assemblyIdentity name="System" culture="neutral" publicKeyToken="b77a5c561934e089" /><bindingRedirect oldVersion="0.0.0.0-4.0.0.0" newVersion="4.0.0.0" /></dependentAssembly></assemblyBinding><assemblyBinding xmlns="urn:schemas-microsoft-com:asm.v1"><dependentAssembly><assemblyIdentity name="System.Net.Http" culture="neutral" publicKeyToken="b03f5f7f11d50a3a" /><bindingRedirect oldVersion="0.0.0.0-4.0.0.0" newVersion="4.0.0.0" /></dependentAssembly></assemblyBinding><assemblyBinding xmlns="urn:schemas-microsoft-com:asm.v1"><dependentAssembly><assemblyIdentity name="System.Xml" culture="neutral" publicKeyToken="b77a5c561934e089" /><bindingRedirect oldVersion="0.0.0.0-4.0.0.0" newVersion="4.0.0.0" /></dependentAssembly></assemblyBinding><assemblyBinding xmlns="urn:schemas-microsoft-com:asm.v1"><dependentAssembly><assemblyIdentity name="Newtonsoft.Json" culture="neutral" publicKeyToken="30ad4fe6b2a6aeed" /><bindingRedirect oldVersion="0.0.0.0-13.0.0.0" newVersion="13.0.0.0" /></dependentAssembly></assemblyBinding><assemblyBinding xmlns="urn:schemas-microsoft-com:asm.v1"><dependentAssembly><assemblyIdentity name="System.Security" culture="neutral" publicKeyToken="b03f5f7f11d50a3a" /><bindingRedirect oldVersion="0.0.0.0-4.0.0.0" newVersion="4.0.0.0" /></dependentAssembly></assemblyBinding><assemblyBinding xmlns="urn:schemas-microsoft-com:asm.v1"><dependentAssembly><assemblyIdentity name="System.Runtime" culture="neutral" publicKeyToken="b03f5f7f11d50a3a" /><bindingRedirect oldVersion="0.0.0.0-4.0.0.0" newVersion="4.0.0.0" /></dependentAssembly></assemblyBinding><assemblyBinding xmlns="urn:schemas-microsoft-com:asm.v1"><dependentAssembly><assemblyIdentity name="System.Configuration" culture="neutral" publicKeyToken="b03f5f7f11d50a3a" /><bindingRedirect oldVersion="0.0.0.0-4.0.0.0" newVersion="4.0.0.0" /></dependentAssembly></assemblyBinding><assemblyBinding xmlns="urn:schemas-microsoft-com:asm.v1"><dependentAssembly><assemblyIdentity name="System.Data.SqlXml" culture="neutral" publicKeyToken="b77a5c561934e089" /><bindingRedirect oldVersion="0.0.0.0-4.0.0.0" newVersion="4.0.0.0" /></dependentAssembly></assemblyBinding> [C:\Users\WilliamForney\source\repos\wforney\OpenLiveWriter\src\managed\BlogRunner.Core\BlogRunner.Core.csproj]
  BlogRunner.Core -> C:\Users\WilliamForney\source\repos\wforney\OpenLiveWriter\src\managed\bin\Debug\i386\Writer\BlogRunner.Core.dll
  OpenLiveWriter.Tests -> C:\Users\WilliamForney\source\repos\wforney\OpenLiveWriter\src\managed\bin\Debug\i386\Writer\OpenLiveWriter.Tests.dll
  OpenLiveWriter.UnitTest -> C:\Users\WilliamForney\source\repos\wforney\OpenLiveWriter\src\managed\bin\Debug\i386\Writer\OpenLiveWriter.UnitTest.dll
C:\Program Files\Microsoft Visual Studio\18\Enterprise\MSBuild\Current\Bin\Microsoft.Common.CurrentVersion.targets(2437,5): warning MSB3277: Found conflicts between different versions of "System.Core" that could not be resolved. [C:\Users\WilliamForney\source\repos\wforney\OpenLiveWriter\src\managed\OpenLiveWriter\OpenLiveWriter.csproj]
C:\Program Files\Microsoft Visual Studio\18\Enterprise\MSBuild\Current\Bin\Microsoft.Common.CurrentVersion.targets(2437,5): warning MSB3277: There was a conflict between "System.Core, Version=3.5.0.0, Culture=neutral, PublicKeyToken=b77a5c561934e089" and "System.Core, Version=4.0.0.0, Culture=neutral, PublicKeyToken=b77a5c561934e089". [C:\Users\WilliamForney\source\repos\wforney\OpenLiveWriter\src\managed\OpenLiveWriter\OpenLiveWriter.csproj]
C:\Program Files\Microsoft Visual Studio\18\Enterprise\MSBuild\Current\Bin\Microsoft.Common.CurrentVersion.targets(2437,5): warning MSB3277:     "System.Core, Version=3.5.0.0, Culture=neutral, PublicKeyToken=b77a5c561934e089" was chosen because it was primary and "System.Core, Version=4.0.0.0, Culture=neutral, PublicKeyToken=b77a5c561934e089" was not. [C:\Users\WilliamForney\source\repos\wforney\OpenLiveWriter\src\managed\OpenLiveWriter\OpenLiveWriter.csproj]
C:\Program Files\Microsoft Visual Studio\18\Enterprise\MSBuild\Current\Bin\Microsoft.Common.CurrentVersion.targets(2437,5): warning MSB3277:     References which depend on "System.Core, Version=3.5.0.0, Culture=neutral, PublicKeyToken=b77a5c561934e089" [C:\Program Files (x86)\Reference Assemblies\Microsoft\Framework\v3.5\System.Core.dll]. [C:\Users\WilliamForney\source\repos\wforney\OpenLiveWriter\src\managed\OpenLiveWriter\OpenLiveWriter.csproj]
C:\Program Files\Microsoft Visual Studio\18\Enterprise\MSBuild\Current\Bin\Microsoft.Common.CurrentVersion.targets(2437,5): warning MSB3277:         C:\Program Files (x86)\Reference Assemblies\Microsoft\Framework\v3.5\System.Core.dll [C:\Users\WilliamForney\source\repos\wforney\OpenLiveWriter\src\managed\OpenLiveWriter\OpenLiveWriter.csproj]
C:\Program Files\Microsoft Visual Studio\18\Enterprise\MSBuild\Current\Bin\Microsoft.Common.CurrentVersion.targets(2437,5): warning MSB3277:           Project file item includes which caused reference "C:\Program Files (x86)\Reference Assemblies\Microsoft\Framework\v3.5\System.Core.dll". [C:\Users\WilliamForney\source\repos\wforney\OpenLiveWriter\src\managed\OpenLiveWriter\OpenLiveWriter.csproj]
C:\Program Files\Microsoft Visual Studio\18\Enterprise\MSBuild\Current\Bin\Microsoft.Common.CurrentVersion.targets(2437,5): warning MSB3277:             System.Core [C:\Users\WilliamForney\source\repos\wforney\OpenLiveWriter\src\managed\OpenLiveWriter\OpenLiveWriter.csproj]
C:\Program Files\Microsoft Visual Studio\18\Enterprise\MSBuild\Current\Bin\Microsoft.Common.CurrentVersion.targets(2437,5): warning MSB3277:             C:\Users\WilliamForney\source\repos\wforney\OpenLiveWriter\src\managed\bin\Debug\i386\Writer\OpenLiveWriter.BlogClient.dll [C:\Users\WilliamForney\source\repos\wforney\OpenLiveWriter\src\managed\OpenLiveWriter\OpenLiveWriter.csproj]
C:\Program Files\Microsoft Visual Studio\18\Enterprise\MSBuild\Current\Bin\Microsoft.Common.CurrentVersion.targets(2437,5): warning MSB3277:             C:\Users\WilliamForney\source\repos\wforney\OpenLiveWriter\src\managed\bin\Debug\i386\Writer\OpenLiveWriter.PostEditor.dll [C:\Users\WilliamForney\source\repos\wforney\OpenLiveWriter\src\managed\OpenLiveWriter\OpenLiveWriter.csproj]
C:\Program Files\Microsoft Visual Studio\18\Enterprise\MSBuild\Current\Bin\Microsoft.Common.CurrentVersion.targets(2437,5): warning MSB3277:         C:\Users\WilliamForney\source\repos\wforney\OpenLiveWriter\src\managed\bin\Debug\i386\Writer\OpenLiveWriter.BlogClient.dll [C:\Users\WilliamForney\source\repos\wforney\OpenLiveWriter\src\managed\OpenLiveWriter\OpenLiveWriter.csproj]
C:\Program Files\Microsoft Visual Studio\18\Enterprise\MSBuild\Current\Bin\Microsoft.Common.CurrentVersion.targets(2437,5): warning MSB3277:           Project file item includes which caused reference "C:\Users\WilliamForney\source\repos\wforney\OpenLiveWriter\src\managed\bin\Debug\i386\Writer\OpenLiveWriter.BlogClient.dll". [C:\Users\WilliamForney\source\repos\wforney\OpenLiveWriter\src\managed\OpenLiveWriter\OpenLiveWriter.csproj]
C:\Program Files\Microsoft Visual Studio\18\Enterprise\MSBuild\Current\Bin\Microsoft.Common.CurrentVersion.targets(2437,5): warning MSB3277:             C:\Users\WilliamForney\source\repos\wforney\OpenLiveWriter\src\managed\bin\Debug\i386\Writer\OpenLiveWriter.BlogClient.dll [C:\Users\WilliamForney\source\repos\wforney\OpenLiveWriter\src\managed\OpenLiveWriter\OpenLiveWriter.csproj]
C:\Program Files\Microsoft Visual Studio\18\Enterprise\MSBuild\Current\Bin\Microsoft.Common.CurrentVersion.targets(2437,5): warning MSB3277:             C:\Users\WilliamForney\source\repos\wforney\OpenLiveWriter\src\managed\bin\Debug\i386\Writer\OpenLiveWriter.PostEditor.dll [C:\Users\WilliamForney\source\repos\wforney\OpenLiveWriter\src\managed\OpenLiveWriter\OpenLiveWriter.csproj]
C:\Program Files\Microsoft Visual Studio\18\Enterprise\MSBuild\Current\Bin\Microsoft.Common.CurrentVersion.targets(2437,5): warning MSB3277:         C:\Users\WilliamForney\source\repos\wforney\OpenLiveWriter\src\managed\bin\Debug\i386\Writer\OpenLiveWriter.SpellChecker.dll [C:\Users\WilliamForney\source\repos\wforney\OpenLiveWriter\src\managed\OpenLiveWriter\OpenLiveWriter.csproj]
C:\Program Files\Microsoft Visual Studio\18\Enterprise\MSBuild\Current\Bin\Microsoft.Common.CurrentVersion.targets(2437,5): warning MSB3277:           Project file item includes which caused reference "C:\Users\WilliamForney\source\repos\wforney\OpenLiveWriter\src\managed\bin\Debug\i386\Writer\OpenLiveWriter.SpellChecker.dll". [C:\Users\WilliamForney\source\repos\wforney\OpenLiveWriter\src\managed\OpenLiveWriter\OpenLiveWriter.csproj]
C:\Program Files\Microsoft Visual Studio\18\Enterprise\MSBuild\Current\Bin\Microsoft.Common.CurrentVersion.targets(2437,5): warning MSB3277:             C:\Users\WilliamForney\source\repos\wforney\OpenLiveWriter\src\managed\bin\Debug\i386\Writer\OpenLiveWriter.PostEditor.dll [C:\Users\WilliamForney\source\repos\wforney\OpenLiveWriter\src\managed\OpenLiveWriter\OpenLiveWriter.csproj]
C:\Program Files\Microsoft Visual Studio\18\Enterprise\MSBuild\Current\Bin\Microsoft.Common.CurrentVersion.targets(2437,5): warning MSB3277:     References which depend on or have been unified to "System.Core, Version=4.0.0.0, Culture=neutral, PublicKeyToken=b77a5c561934e089" [C:\Windows\Microsoft.Net\assembly\GAC_MSIL\System.Core\v4.0_4.0.0.0__b77a5c561934e089\System.Core.dll]. [C:\Users\WilliamForney\source\repos\wforney\OpenLiveWriter\src\managed\OpenLiveWriter\OpenLiveWriter.csproj]
C:\Program Files\Microsoft Visual Studio\18\Enterprise\MSBuild\Current\Bin\Microsoft.Common.CurrentVersion.targets(2437,5): warning MSB3277:         C:\Users\WilliamForney\source\repos\wforney\OpenLiveWriter\src\managed\packages\Microsoft.Bcl.Async.1.0.168\lib\net40\Microsoft.Threading.Tasks.Extensions.Desktop.dll [C:\Users\WilliamForney\source\repos\wforney\OpenLiveWriter\src\managed\OpenLiveWriter\OpenLiveWriter.csproj]
C:\Program Files\Microsoft Visual Studio\18\Enterprise\MSBuild\Current\Bin\Microsoft.Common.CurrentVersion.targets(2437,5): warning MSB3277:           Project file item includes which caused reference "C:\Users\WilliamForney\source\repos\wforney\OpenLiveWriter\src\managed\packages\Microsoft.Bcl.Async.1.0.168\lib\net40\Microsoft.Threading.Tasks.Extensions.Desktop.dll". [C:\Users\WilliamForney\source\repos\wforney\OpenLiveWriter\src\managed\OpenLiveWriter\OpenLiveWriter.csproj]
C:\Program Files\Microsoft Visual Studio\18\Enterprise\MSBuild\Current\Bin\Microsoft.Common.CurrentVersion.targets(2437,5): warning MSB3277:             Microsoft.Threading.Tasks.Extensions.Desktop, Version=1.0.168.0, Culture=neutral, PublicKeyToken=b03f5f7f11d50a3a, processorArchitecture=MSIL [C:\Users\WilliamForney\source\repos\wforney\OpenLiveWriter\src\managed\OpenLiveWriter\OpenLiveWriter.csproj]
C:\Program Files\Microsoft Visual Studio\18\Enterprise\MSBuild\Current\Bin\Microsoft.Common.CurrentVersion.targets(2437,5): warning MSB3277:         C:\Users\WilliamForney\source\repos\wforney\OpenLiveWriter\src\managed\packages\Mono.Cecil.0.9.6.4\lib\net45\Mono.Cecil.Rocks.dll [C:\Users\WilliamForney\source\repos\wforney\OpenLiveWriter\src\managed\OpenLiveWriter\OpenLiveWriter.csproj]
C:\Program Files\Microsoft Visual Studio\18\Enterprise\MSBuild\Current\Bin\Microsoft.Common.CurrentVersion.targets(2437,5): warning MSB3277:           Project file item includes which caused reference "C:\Users\WilliamForney\source\repos\wforney\OpenLiveWriter\src\managed\packages\Mono.Cecil.0.9.6.4\lib\net45\Mono.Cecil.Rocks.dll". [C:\Users\WilliamForney\source\repos\wforney\OpenLiveWriter\src\managed\OpenLiveWriter\OpenLiveWriter.csproj]
C:\Program Files\Microsoft Visual Studio\18\Enterprise\MSBuild\Current\Bin\Microsoft.Common.CurrentVersion.targets(2437,5): warning MSB3277:             Mono.Cecil.Rocks, Version=0.9.6.0, Culture=neutral, PublicKeyToken=0738eb9f132ed756, processorArchitecture=MSIL [C:\Users\WilliamForney\source\repos\wforney\OpenLiveWriter\src\managed\OpenLiveWriter\OpenLiveWriter.csproj]
C:\Program Files\Microsoft Visual Studio\18\Enterprise\MSBuild\Current\Bin\Microsoft.Common.CurrentVersion.targets(2437,5): warning MSB3277:         C:\Users\WilliamForney\source\repos\wforney\OpenLiveWriter\src\managed\packages\squirrel.windows.1.4.4\lib\Net45\NuGet.Squirrel.dll [C:\Users\WilliamForney\source\repos\wforney\OpenLiveWriter\src\managed\OpenLiveWriter\OpenLiveWriter.csproj]
C:\Program Files\Microsoft Visual Studio\18\Enterprise\MSBuild\Current\Bin\Microsoft.Common.CurrentVersion.targets(2437,5): warning MSB3277:           Project file item includes which caused reference "C:\Users\WilliamForney\source\repos\wforney\OpenLiveWriter\src\managed\packages\squirrel.windows.1.4.4\lib\Net45\NuGet.Squirrel.dll". [C:\Users\WilliamForney\source\repos\wforney\OpenLiveWriter\src\managed\OpenLiveWriter\OpenLiveWriter.csproj]
C:\Program Files\Microsoft Visual Studio\18\Enterprise\MSBuild\Current\Bin\Microsoft.Common.CurrentVersion.targets(2437,5): warning MSB3277:             NuGet.Squirrel, Version=3.0.0.0, Culture=neutral, processorArchitecture=MSIL [C:\Users\WilliamForney\source\repos\wforney\OpenLiveWriter\src\managed\OpenLiveWriter\OpenLiveWriter.csproj]
C:\Program Files\Microsoft Visual Studio\18\Enterprise\MSBuild\Current\Bin\Microsoft.Common.CurrentVersion.targets(2437,5): warning MSB3277:             C:\Users\WilliamForney\source\repos\wforney\OpenLiveWriter\src\managed\bin\Debug\i386\Writer\OpenLiveWriter.PostEditor.dll [C:\Users\WilliamForney\source\repos\wforney\OpenLiveWriter\src\managed\OpenLiveWriter\OpenLiveWriter.csproj]
C:\Program Files\Microsoft Visual Studio\18\Enterprise\MSBuild\Current\Bin\Microsoft.Common.CurrentVersion.targets(2437,5): warning MSB3277:             Squirrel, Version=1.4.3.0, Culture=neutral, processorArchitecture=MSIL [C:\Users\WilliamForney\source\repos\wforney\OpenLiveWriter\src\managed\OpenLiveWriter\OpenLiveWriter.csproj]
C:\Program Files\Microsoft Visual Studio\18\Enterprise\MSBuild\Current\Bin\Microsoft.Common.CurrentVersion.targets(2437,5): warning MSB3277:         C:\Users\WilliamForney\source\repos\wforney\OpenLiveWriter\src\managed\packages\Splat.2.0.0\lib\Net45\Splat.dll [C:\Users\WilliamForney\source\repos\wforney\OpenLiveWriter\src\managed\OpenLiveWriter\OpenLiveWriter.csproj]
C:\Program Files\Microsoft Visual Studio\18\Enterprise\MSBuild\Current\Bin\Microsoft.Common.CurrentVersion.targets(2437,5): warning MSB3277:           Project file item includes which caused reference "C:\Users\WilliamForney\source\repos\wforney\OpenLiveWriter\src\managed\packages\Splat.2.0.0\lib\Net45\Splat.dll". [C:\Users\WilliamForney\source\repos\wforney\OpenLiveWriter\src\managed\OpenLiveWriter\OpenLiveWriter.csproj]
C:\Program Files\Microsoft Visual Studio\18\Enterprise\MSBuild\Current\Bin\Microsoft.Common.CurrentVersion.targets(2437,5): warning MSB3277:             Splat, Version=2.0.0.0, Culture=neutral, processorArchitecture=MSIL [C:\Users\WilliamForney\source\repos\wforney\OpenLiveWriter\src\managed\OpenLiveWriter\OpenLiveWriter.csproj]
C:\Program Files\Microsoft Visual Studio\18\Enterprise\MSBuild\Current\Bin\Microsoft.Common.CurrentVersion.targets(2437,5): warning MSB3277:         C:\Users\WilliamForney\source\repos\wforney\OpenLiveWriter\src\managed\packages\squirrel.windows.1.4.4\lib\Net45\Squirrel.dll [C:\Users\WilliamForney\source\repos\wforney\OpenLiveWriter\src\managed\OpenLiveWriter\OpenLiveWriter.csproj]
C:\Program Files\Microsoft Visual Studio\18\Enterprise\MSBuild\Current\Bin\Microsoft.Common.CurrentVersion.targets(2437,5): warning MSB3277:           Project file item includes which caused reference "C:\Users\WilliamForney\source\repos\wforney\OpenLiveWriter\src\managed\packages\squirrel.windows.1.4.4\lib\Net45\Squirrel.dll". [C:\Users\WilliamForney\source\repos\wforney\OpenLiveWriter\src\managed\OpenLiveWriter\OpenLiveWriter.csproj]
C:\Program Files\Microsoft Visual Studio\18\Enterprise\MSBuild\Current\Bin\Microsoft.Common.CurrentVersion.targets(2437,5): warning MSB3277:             Squirrel, Version=1.4.3.0, Culture=neutral, processorArchitecture=MSIL [C:\Users\WilliamForney\source\repos\wforney\OpenLiveWriter\src\managed\OpenLiveWriter\OpenLiveWriter.csproj]
C:\Program Files\Microsoft Visual Studio\18\Enterprise\MSBuild\Current\Bin\Microsoft.Common.CurrentVersion.targets(2437,5): warning MSB3277:             C:\Users\WilliamForney\source\repos\wforney\OpenLiveWriter\src\managed\bin\Debug\i386\Writer\OpenLiveWriter.PostEditor.dll [C:\Users\WilliamForney\source\repos\wforney\OpenLiveWriter\src\managed\OpenLiveWriter\OpenLiveWriter.csproj]
C:\Program Files\Microsoft Visual Studio\18\Enterprise\MSBuild\Current\Bin\Microsoft.Common.CurrentVersion.targets(2437,5): warning MSB3277:         C:\Windows\Microsoft.Net\assembly\GAC_32\System.Data\v4.0_4.0.0.0__b77a5c561934e089\System.Data.dll [C:\Users\WilliamForney\source\repos\wforney\OpenLiveWriter\src\managed\OpenLiveWriter\OpenLiveWriter.csproj]
C:\Program Files\Microsoft Visual Studio\18\Enterprise\MSBuild\Current\Bin\Microsoft.Common.CurrentVersion.targets(2437,5): warning MSB3277:           Project file item includes which caused reference "C:\Windows\Microsoft.Net\assembly\GAC_32\System.Data\v4.0_4.0.0.0__b77a5c561934e089\System.Data.dll". [C:\Users\WilliamForney\source\repos\wforney\OpenLiveWriter\src\managed\OpenLiveWriter\OpenLiveWriter.csproj]
C:\Program Files\Microsoft Visual Studio\18\Enterprise\MSBuild\Current\Bin\Microsoft.Common.CurrentVersion.targets(2437,5): warning MSB3277:             System.Data [C:\Users\WilliamForney\source\repos\wforney\OpenLiveWriter\src\managed\OpenLiveWriter\OpenLiveWriter.csproj]
C:\Program Files\Microsoft Visual Studio\18\Enterprise\MSBuild\Current\Bin\Microsoft.Common.CurrentVersion.targets(2437,5): warning MSB3277:             C:\Users\WilliamForney\source\repos\wforney\OpenLiveWriter\src\managed\bin\Debug\i386\Writer\OpenLiveWriter.PostEditor.dll [C:\Users\WilliamForney\source\repos\wforney\OpenLiveWriter\src\managed\OpenLiveWriter\OpenLiveWriter.csproj]
C:\Program Files\Microsoft Visual Studio\18\Enterprise\MSBuild\Current\Bin\Microsoft.Common.CurrentVersion.targets(2437,5): warning MSB3277:             Microsoft.Threading.Tasks.Extensions.Desktop, Version=1.0.168.0, Culture=neutral, PublicKeyToken=b03f5f7f11d50a3a, processorArchitecture=MSIL [C:\Users\WilliamForney\source\repos\wforney\OpenLiveWriter\src\managed\OpenLiveWriter\OpenLiveWriter.csproj]
C:\Program Files\Microsoft Visual Studio\18\Enterprise\MSBuild\Current\Bin\Microsoft.Common.CurrentVersion.targets(2437,5): warning MSB3277:             C:\Users\WilliamForney\source\repos\wforney\OpenLiveWriter\src\managed\bin\Debug\i386\Writer\OpenLiveWriter.BlogClient.dll [C:\Users\WilliamForney\source\repos\wforney\OpenLiveWriter\src\managed\OpenLiveWriter\OpenLiveWriter.csproj]
C:\Program Files\Microsoft Visual Studio\18\Enterprise\MSBuild\Current\Bin\Microsoft.Common.CurrentVersion.targets(2437,5): warning MSB3277:             C:\Users\WilliamForney\source\repos\wforney\OpenLiveWriter\src\managed\bin\Debug\i386\Writer\OpenLiveWriter.CoreServices.dll [C:\Users\WilliamForney\source\repos\wforney\OpenLiveWriter\src\managed\OpenLiveWriter\OpenLiveWriter.csproj]
C:\Program Files\Microsoft Visual Studio\18\Enterprise\MSBuild\Current\Bin\Microsoft.Common.CurrentVersion.targets(2437,5): warning MSB3277:             C:\Users\WilliamForney\source\repos\wforney\OpenLiveWriter\src\managed\bin\Debug\i386\Writer\OpenLiveWriter.Api.dll [C:\Users\WilliamForney\source\repos\wforney\OpenLiveWriter\src\managed\OpenLiveWriter\OpenLiveWriter.csproj]
C:\Program Files\Microsoft Visual Studio\18\Enterprise\MSBuild\Current\Bin\Microsoft.Common.CurrentVersion.targets(2437,5): warning MSB3277:             C:\Users\WilliamForney\source\repos\wforney\OpenLiveWriter\src\managed\bin\Debug\i386\Writer\OpenLiveWriter.ApplicationFramework.dll [C:\Users\WilliamForney\source\repos\wforney\OpenLiveWriter\src\managed\OpenLiveWriter\OpenLiveWriter.csproj]
C:\Program Files\Microsoft Visual Studio\18\Enterprise\MSBuild\Current\Bin\Microsoft.Common.CurrentVersion.targets(2437,5): warning MSB3277:             C:\Users\WilliamForney\source\repos\wforney\OpenLiveWriter\src\managed\bin\Debug\i386\Writer\OpenLiveWriter.Controls.dll [C:\Users\WilliamForney\source\repos\wforney\OpenLiveWriter\src\managed\OpenLiveWriter\OpenLiveWriter.csproj]
C:\Program Files\Microsoft Visual Studio\18\Enterprise\MSBuild\Current\Bin\Microsoft.Common.CurrentVersion.targets(2437,5): warning MSB3277:             Squirrel, Version=1.4.3.0, Culture=neutral, processorArchitecture=MSIL [C:\Users\WilliamForney\source\repos\wforney\OpenLiveWriter\src\managed\OpenLiveWriter\OpenLiveWriter.csproj]
C:\Program Files\Microsoft Visual Studio\18\Enterprise\MSBuild\Current\Bin\Microsoft.Common.CurrentVersion.targets(2437,5): warning MSB3277:             NuGet.Squirrel, Version=3.0.0.0, Culture=neutral, processorArchitecture=MSIL [C:\Users\WilliamForney\source\repos\wforney\OpenLiveWriter\src\managed\OpenLiveWriter\OpenLiveWriter.csproj]
C:\Program Files\Microsoft Visual Studio\18\Enterprise\MSBuild\Current\Bin\Microsoft.Common.CurrentVersion.targets(2437,5): warning MSB3277:         C:\Windows\Microsoft.Net\assembly\GAC_MSIL\System.Net.Http\v4.0_4.0.0.0__b03f5f7f11d50a3a\System.Net.Http.dll [C:\Users\WilliamForney\source\repos\wforney\OpenLiveWriter\src\managed\OpenLiveWriter\OpenLiveWriter.csproj]
C:\Program Files\Microsoft Visual Studio\18\Enterprise\MSBuild\Current\Bin\Microsoft.Common.CurrentVersion.targets(2437,5): warning MSB3277:           Project file item includes which caused reference "C:\Windows\Microsoft.Net\assembly\GAC_MSIL\System.Net.Http\v4.0_4.0.0.0__b03f5f7f11d50a3a\System.Net.Http.dll". [C:\Users\WilliamForney\source\repos\wforney\OpenLiveWriter\src\managed\OpenLiveWriter\OpenLiveWriter.csproj]
C:\Program Files\Microsoft Visual Studio\18\Enterprise\MSBuild\Current\Bin\Microsoft.Common.CurrentVersion.targets(2437,5): warning MSB3277:             System.Net.Http [C:\Users\WilliamForney\source\repos\wforney\OpenLiveWriter\src\managed\OpenLiveWriter\OpenLiveWriter.csproj]
C:\Program Files\Microsoft Visual Studio\18\Enterprise\MSBuild\Current\Bin\Microsoft.Common.CurrentVersion.targets(2437,5): warning MSB3277:             Squirrel, Version=1.4.3.0, Culture=neutral, processorArchitecture=MSIL [C:\Users\WilliamForney\source\repos\wforney\OpenLiveWriter\src\managed\OpenLiveWriter\OpenLiveWriter.csproj]
C:\Program Files\Microsoft Visual Studio\18\Enterprise\MSBuild\Current\Bin\Microsoft.Common.CurrentVersion.targets(2437,5): warning MSB3277:             C:\Users\WilliamForney\source\repos\wforney\OpenLiveWriter\src\managed\bin\Debug\i386\Writer\OpenLiveWriter.PostEditor.dll [C:\Users\WilliamForney\source\repos\wforney\OpenLiveWriter\src\managed\OpenLiveWriter\OpenLiveWriter.csproj]
C:\Program Files\Microsoft Visual Studio\18\Enterprise\MSBuild\Current\Bin\Microsoft.Common.CurrentVersion.targets(2437,5): warning MSB3277:             System.Net.Http.WebRequest [C:\Users\WilliamForney\source\repos\wforney\OpenLiveWriter\src\managed\OpenLiveWriter\OpenLiveWriter.csproj]
C:\Program Files\Microsoft Visual Studio\18\Enterprise\MSBuild\Current\Bin\Microsoft.Common.CurrentVersion.targets(2437,5): warning MSB3277:             C:\Users\WilliamForney\source\repos\wforney\OpenLiveWriter\src\managed\bin\Debug\i386\Writer\OpenLiveWriter.BlogClient.dll [C:\Users\WilliamForney\source\repos\wforney\OpenLiveWriter\src\managed\OpenLiveWriter\OpenLiveWriter.csproj]
C:\Program Files\Microsoft Visual Studio\18\Enterprise\MSBuild\Current\Bin\Microsoft.Common.CurrentVersion.targets(2437,5): warning MSB3277:             Microsoft.Threading.Tasks.Extensions.Desktop, Version=1.0.168.0, Culture=neutral, PublicKeyToken=b03f5f7f11d50a3a, processorArchitecture=MSIL [C:\Users\WilliamForney\source\repos\wforney\OpenLiveWriter\src\managed\OpenLiveWriter\OpenLiveWriter.csproj]
C:\Program Files\Microsoft Visual Studio\18\Enterprise\MSBuild\Current\Bin\Microsoft.Common.CurrentVersion.targets(2437,5): warning MSB3277:             NuGet.Squirrel, Version=3.0.0.0, Culture=neutral, processorArchitecture=MSIL [C:\Users\WilliamForney\source\repos\wforney\OpenLiveWriter\src\managed\OpenLiveWriter\OpenLiveWriter.csproj]
C:\Program Files\Microsoft Visual Studio\18\Enterprise\MSBuild\Current\Bin\Microsoft.Common.CurrentVersion.targets(2437,5): warning MSB3277:         C:\Windows\Microsoft.Net\assembly\GAC_MSIL\System.Windows.Forms\v4.0_4.0.0.0__b77a5c561934e089\System.Windows.Forms.dll [C:\Users\WilliamForney\source\repos\wforney\OpenLiveWriter\src\managed\OpenLiveWriter\OpenLiveWriter.csproj]
C:\Program Files\Microsoft Visual Studio\18\Enterprise\MSBuild\Current\Bin\Microsoft.Common.CurrentVersion.targets(2437,5): warning MSB3277:           Project file item includes which caused reference "C:\Windows\Microsoft.Net\assembly\GAC_MSIL\System.Windows.Forms\v4.0_4.0.0.0__b77a5c561934e089\System.Windows.Forms.dll". [C:\Users\WilliamForney\source\repos\wforney\OpenLiveWriter\src\managed\OpenLiveWriter\OpenLiveWriter.csproj]
C:\Program Files\Microsoft Visual Studio\18\Enterprise\MSBuild\Current\Bin\Microsoft.Common.CurrentVersion.targets(2437,5): warning MSB3277:             System.Windows.Forms [C:\Users\WilliamForney\source\repos\wforney\OpenLiveWriter\src\managed\OpenLiveWriter\OpenLiveWriter.csproj]
C:\Program Files\Microsoft Visual Studio\18\Enterprise\MSBuild\Current\Bin\Microsoft.Common.CurrentVersion.targets(2437,5): warning MSB3277:             C:\Users\WilliamForney\source\repos\wforney\OpenLiveWriter\src\managed\bin\Debug\i386\Writer\OpenLiveWriter.PostEditor.dll [C:\Users\WilliamForney\source\repos\wforney\OpenLiveWriter\src\managed\OpenLiveWriter\OpenLiveWriter.csproj]
C:\Program Files\Microsoft Visual Studio\18\Enterprise\MSBuild\Current\Bin\Microsoft.Common.CurrentVersion.targets(2437,5): warning MSB3277:             C:\Users\WilliamForney\source\repos\wforney\OpenLiveWriter\src\managed\bin\Debug\i386\Writer\OpenLiveWriter.Api.dll [C:\Users\WilliamForney\source\repos\wforney\OpenLiveWriter\src\managed\OpenLiveWriter\OpenLiveWriter.csproj]
C:\Program Files\Microsoft Visual Studio\18\Enterprise\MSBuild\Current\Bin\Microsoft.Common.CurrentVersion.targets(2437,5): warning MSB3277:             C:\Users\WilliamForney\source\repos\wforney\OpenLiveWriter\src\managed\bin\Debug\i386\Writer\OpenLiveWriter.ApplicationFramework.dll [C:\Users\WilliamForney\source\repos\wforney\OpenLiveWriter\src\managed\OpenLiveWriter\OpenLiveWriter.csproj]
C:\Program Files\Microsoft Visual Studio\18\Enterprise\MSBuild\Current\Bin\Microsoft.Common.CurrentVersion.targets(2437,5): warning MSB3277:             C:\Users\WilliamForney\source\repos\wforney\OpenLiveWriter\src\managed\bin\Debug\i386\Writer\OpenLiveWriter.BlogClient.dll [C:\Users\WilliamForney\source\repos\wforney\OpenLiveWriter\src\managed\OpenLiveWriter\OpenLiveWriter.csproj]
C:\Program Files\Microsoft Visual Studio\18\Enterprise\MSBuild\Current\Bin\Microsoft.Common.CurrentVersion.targets(2437,5): warning MSB3277:             C:\Users\WilliamForney\source\repos\wforney\OpenLiveWriter\src\managed\bin\Debug\i386\Writer\OpenLiveWriter.BrowserControl.dll [C:\Users\WilliamForney\source\repos\wforney\OpenLiveWriter\src\managed\OpenLiveWriter\OpenLiveWriter.csproj]
C:\Program Files\Microsoft Visual Studio\18\Enterprise\MSBuild\Current\Bin\Microsoft.Common.CurrentVersion.targets(2437,5): warning MSB3277:             C:\Users\WilliamForney\source\repos\wforney\OpenLiveWriter\src\managed\bin\Debug\i386\Writer\OpenLiveWriter.Controls.dll [C:\Users\WilliamForney\source\repos\wforney\OpenLiveWriter\src\managed\OpenLiveWriter\OpenLiveWriter.csproj]
C:\Program Files\Microsoft Visual Studio\18\Enterprise\MSBuild\Current\Bin\Microsoft.Common.CurrentVersion.targets(2437,5): warning MSB3277:             C:\Users\WilliamForney\source\repos\wforney\OpenLiveWriter\src\managed\bin\Debug\i386\Writer\OpenLiveWriter.CoreServices.dll [C:\Users\WilliamForney\source\repos\wforney\OpenLiveWriter\src\managed\OpenLiveWriter\OpenLiveWriter.csproj]
C:\Program Files\Microsoft Visual Studio\18\Enterprise\MSBuild\Current\Bin\Microsoft.Common.CurrentVersion.targets(2437,5): warning MSB3277:             C:\Users\WilliamForney\source\repos\wforney\OpenLiveWriter\src\managed\bin\Debug\i386\Writer\OpenLiveWriter.Interop.dll [C:\Users\WilliamForney\source\repos\wforney\OpenLiveWriter\src\managed\OpenLiveWriter\OpenLiveWriter.csproj]
C:\Program Files\Microsoft Visual Studio\18\Enterprise\MSBuild\Current\Bin\Microsoft.Common.CurrentVersion.targets(2437,5): warning MSB3277:             C:\Users\WilliamForney\source\repos\wforney\OpenLiveWriter\src\managed\bin\Debug\i386\Writer\OpenLiveWriter.Localization.dll [C:\Users\WilliamForney\source\repos\wforney\OpenLiveWriter\src\managed\OpenLiveWriter\OpenLiveWriter.csproj]
C:\Program Files\Microsoft Visual Studio\18\Enterprise\MSBuild\Current\Bin\Microsoft.Common.CurrentVersion.targets(2437,5): warning MSB3277:             Squirrel, Version=1.4.3.0, Culture=neutral, processorArchitecture=MSIL [C:\Users\WilliamForney\source\repos\wforney\OpenLiveWriter\src\managed\OpenLiveWriter\OpenLiveWriter.csproj]
C:\Program Files\Microsoft Visual Studio\18\Enterprise\MSBuild\Current\Bin\Microsoft.Common.CurrentVersion.targets(2437,5): warning MSB3277:             Microsoft.Threading.Tasks.Extensions.Desktop, Version=1.0.168.0, Culture=neutral, PublicKeyToken=b03f5f7f11d50a3a, processorArchitecture=MSIL [C:\Users\WilliamForney\source\repos\wforney\OpenLiveWriter\src\managed\OpenLiveWriter\OpenLiveWriter.csproj]
C:\Program Files\Microsoft Visual Studio\18\Enterprise\MSBuild\Current\Bin\Microsoft.Common.CurrentVersion.targets(2437,5): warning MSB3277:             NuGet.Squirrel, Version=3.0.0.0, Culture=neutral, processorArchitecture=MSIL [C:\Users\WilliamForney\source\repos\wforney\OpenLiveWriter\src\managed\OpenLiveWriter\OpenLiveWriter.csproj]
C:\Program Files\Microsoft Visual Studio\18\Enterprise\MSBuild\Current\Bin\Microsoft.Common.CurrentVersion.targets(2437,5): warning MSB3277:             Splat, Version=2.0.0.0, Culture=neutral, processorArchitecture=MSIL [C:\Users\WilliamForney\source\repos\wforney\OpenLiveWriter\src\managed\OpenLiveWriter\OpenLiveWriter.csproj]
C:\Program Files\Microsoft Visual Studio\18\Enterprise\MSBuild\Current\Bin\Microsoft.Common.CurrentVersion.targets(2437,5): warning MSB3277:             System.Data [C:\Users\WilliamForney\source\repos\wforney\OpenLiveWriter\src\managed\OpenLiveWriter\OpenLiveWriter.csproj]
C:\Program Files\Microsoft Visual Studio\18\Enterprise\MSBuild\Current\Bin\Microsoft.Common.CurrentVersion.targets(2437,5): warning MSB3277:         C:\Users\WilliamForney\source\repos\wforney\OpenLiveWriter\src\managed\bin\Debug\i386\Writer\Google.Apis.Auth.dll [C:\Users\WilliamForney\source\repos\wforney\OpenLiveWriter\src\managed\OpenLiveWriter\OpenLiveWriter.csproj]
C:\Program Files\Microsoft Visual Studio\18\Enterprise\MSBuild\Current\Bin\Microsoft.Common.CurrentVersion.targets(2437,5): warning MSB3277:           Project file item includes which caused reference "C:\Users\WilliamForney\source\repos\wforney\OpenLiveWriter\src\managed\bin\Debug\i386\Writer\Google.Apis.Auth.dll". [C:\Users\WilliamForney\source\repos\wforney\OpenLiveWriter\src\managed\OpenLiveWriter\OpenLiveWriter.csproj]
C:\Program Files\Microsoft Visual Studio\18\Enterprise\MSBuild\Current\Bin\Microsoft.Common.CurrentVersion.targets(2437,5): warning MSB3277:             C:\Users\WilliamForney\source\repos\wforney\OpenLiveWriter\src\managed\bin\Debug\i386\Writer\OpenLiveWriter.PostEditor.dll [C:\Users\WilliamForney\source\repos\wforney\OpenLiveWriter\src\managed\OpenLiveWriter\OpenLiveWriter.csproj]
C:\Program Files\Microsoft Visual Studio\18\Enterprise\MSBuild\Current\Bin\Microsoft.Common.CurrentVersion.targets(2437,5): warning MSB3277:             C:\Users\WilliamForney\source\repos\wforney\OpenLiveWriter\src\managed\bin\Debug\i386\Writer\OpenLiveWriter.BlogClient.dll [C:\Users\WilliamForney\source\repos\wforney\OpenLiveWriter\src\managed\OpenLiveWriter\OpenLiveWriter.csproj]
C:\Program Files\Microsoft Visual Studio\18\Enterprise\MSBuild\Current\Bin\Microsoft.Common.CurrentVersion.targets(2437,5): warning MSB3277:         C:\Windows\Microsoft.Net\assembly\GAC_32\System.Web\v4.0_4.0.0.0__b03f5f7f11d50a3a\System.Web.dll [C:\Users\WilliamForney\source\repos\wforney\OpenLiveWriter\src\managed\OpenLiveWriter\OpenLiveWriter.csproj]
C:\Program Files\Microsoft Visual Studio\18\Enterprise\MSBuild\Current\Bin\Microsoft.Common.CurrentVersion.targets(2437,5): warning MSB3277:           Project file item includes which caused reference "C:\Windows\Microsoft.Net\assembly\GAC_32\System.Web\v4.0_4.0.0.0__b03f5f7f11d50a3a\System.Web.dll". [C:\Users\WilliamForney\source\repos\wforney\OpenLiveWriter\src\managed\OpenLiveWriter\OpenLiveWriter.csproj]
C:\Program Files\Microsoft Visual Studio\18\Enterprise\MSBuild\Current\Bin\Microsoft.Common.CurrentVersion.targets(2437,5): warning MSB3277:             C:\Users\WilliamForney\source\repos\wforney\OpenLiveWriter\src\managed\bin\Debug\i386\Writer\OpenLiveWriter.PostEditor.dll [C:\Users\WilliamForney\source\repos\wforney\OpenLiveWriter\src\managed\OpenLiveWriter\OpenLiveWriter.csproj]
C:\Program Files\Microsoft Visual Studio\18\Enterprise\MSBuild\Current\Bin\Microsoft.Common.CurrentVersion.targets(2437,5): warning MSB3277:             C:\Users\WilliamForney\source\repos\wforney\OpenLiveWriter\src\managed\bin\Debug\i386\Writer\OpenLiveWriter.BlogClient.dll [C:\Users\WilliamForney\source\repos\wforney\OpenLiveWriter\src\managed\OpenLiveWriter\OpenLiveWriter.csproj]
C:\Program Files\Microsoft Visual Studio\18\Enterprise\MSBuild\Current\Bin\Microsoft.Common.CurrentVersion.targets(2437,5): warning MSB3277:             C:\Users\WilliamForney\source\repos\wforney\OpenLiveWriter\src\managed\bin\Debug\i386\Writer\OpenLiveWriter.CoreServices.dll [C:\Users\WilliamForney\source\repos\wforney\OpenLiveWriter\src\managed\OpenLiveWriter\OpenLiveWriter.csproj]
C:\Program Files\Microsoft Visual Studio\18\Enterprise\MSBuild\Current\Bin\Microsoft.Common.CurrentVersion.targets(2437,5): warning MSB3277:             C:\Users\WilliamForney\source\repos\wforney\OpenLiveWriter\src\managed\bin\Debug\i386\Writer\OpenLiveWriter.Api.dll [C:\Users\WilliamForney\source\repos\wforney\OpenLiveWriter\src\managed\OpenLiveWriter\OpenLiveWriter.csproj]
C:\Program Files\Microsoft Visual Studio\18\Enterprise\MSBuild\Current\Bin\Microsoft.Common.CurrentVersion.targets(2437,5): warning MSB3277:             C:\Users\WilliamForney\source\repos\wforney\OpenLiveWriter\src\managed\bin\Debug\i386\Writer\OpenLiveWriter.ApplicationFramework.dll [C:\Users\WilliamForney\source\repos\wforney\OpenLiveWriter\src\managed\OpenLiveWriter\OpenLiveWriter.csproj]
C:\Program Files\Microsoft Visual Studio\18\Enterprise\MSBuild\Current\Bin\Microsoft.Common.CurrentVersion.targets(2437,5): warning MSB3277:             C:\Users\WilliamForney\source\repos\wforney\OpenLiveWriter\src\managed\bin\Debug\i386\Writer\OpenLiveWriter.Controls.dll [C:\Users\WilliamForney\source\repos\wforney\OpenLiveWriter\src\managed\OpenLiveWriter\OpenLiveWriter.csproj]
C:\Program Files\Microsoft Visual Studio\18\Enterprise\MSBuild\Current\Bin\Microsoft.Common.CurrentVersion.targets(2437,5): warning MSB3277:             Squirrel, Version=1.4.3.0, Culture=neutral, processorArchitecture=MSIL [C:\Users\WilliamForney\source\repos\wforney\OpenLiveWriter\src\managed\OpenLiveWriter\OpenLiveWriter.csproj]
C:\Program Files\Microsoft Visual Studio\18\Enterprise\MSBuild\Current\Bin\Microsoft.Common.CurrentVersion.targets(2437,5): warning MSB3277:             Microsoft.Threading.Tasks.Extensions.Desktop, Version=1.0.168.0, Culture=neutral, PublicKeyToken=b03f5f7f11d50a3a, processorArchitecture=MSIL [C:\Users\WilliamForney\source\repos\wforney\OpenLiveWriter\src\managed\OpenLiveWriter\OpenLiveWriter.csproj]
C:\Program Files\Microsoft Visual Studio\18\Enterprise\MSBuild\Current\Bin\Microsoft.Common.CurrentVersion.targets(2437,5): warning MSB3277:             NuGet.Squirrel, Version=3.0.0.0, Culture=neutral, processorArchitecture=MSIL [C:\Users\WilliamForney\source\repos\wforney\OpenLiveWriter\src\managed\OpenLiveWriter\OpenLiveWriter.csproj]
C:\Program Files\Microsoft Visual Studio\18\Enterprise\MSBuild\Current\Bin\Microsoft.Common.CurrentVersion.targets(2437,5): warning MSB3277:             System.Data [C:\Users\WilliamForney\source\repos\wforney\OpenLiveWriter\src\managed\OpenLiveWriter\OpenLiveWriter.csproj]
C:\Program Files\Microsoft Visual Studio\18\Enterprise\MSBuild\Current\Bin\Microsoft.Common.CurrentVersion.targets(2437,5): warning MSB3277:         C:\Windows\Microsoft.Net\assembly\GAC_MSIL\System.Design\v4.0_4.0.0.0__b03f5f7f11d50a3a\System.Design.dll [C:\Users\WilliamForney\source\repos\wforney\OpenLiveWriter\src\managed\OpenLiveWriter\OpenLiveWriter.csproj]
C:\Program Files\Microsoft Visual Studio\18\Enterprise\MSBuild\Current\Bin\Microsoft.Common.CurrentVersion.targets(2437,5): warning MSB3277:           Project file item includes which caused reference "C:\Windows\Microsoft.Net\assembly\GAC_MSIL\System.Design\v4.0_4.0.0.0__b03f5f7f11d50a3a\System.Design.dll". [C:\Users\WilliamForney\source\repos\wforney\OpenLiveWriter\src\managed\OpenLiveWriter\OpenLiveWriter.csproj]
C:\Program Files\Microsoft Visual Studio\18\Enterprise\MSBuild\Current\Bin\Microsoft.Common.CurrentVersion.targets(2437,5): warning MSB3277:             C:\Users\WilliamForney\source\repos\wforney\OpenLiveWriter\src\managed\bin\Debug\i386\Writer\OpenLiveWriter.ApplicationFramework.dll [C:\Users\WilliamForney\source\repos\wforney\OpenLiveWriter\src\managed\OpenLiveWriter\OpenLiveWriter.csproj]
C:\Program Files\Microsoft Visual Studio\18\Enterprise\MSBuild\Current\Bin\Microsoft.Common.CurrentVersion.targets(2437,5): warning MSB3277:             C:\Users\WilliamForney\source\repos\wforney\OpenLiveWriter\src\managed\bin\Debug\i386\Writer\OpenLiveWriter.PostEditor.dll [C:\Users\WilliamForney\source\repos\wforney\OpenLiveWriter\src\managed\OpenLiveWriter\OpenLiveWriter.csproj]
C:\Program Files\Microsoft Visual Studio\18\Enterprise\MSBuild\Current\Bin\Microsoft.Common.CurrentVersion.targets(2437,5): warning MSB3277:             C:\Users\WilliamForney\source\repos\wforney\OpenLiveWriter\src\managed\bin\Debug\i386\Writer\OpenLiveWriter.BlogClient.dll [C:\Users\WilliamForney\source\repos\wforney\OpenLiveWriter\src\managed\OpenLiveWriter\OpenLiveWriter.csproj]
C:\Program Files\Microsoft Visual Studio\18\Enterprise\MSBuild\Current\Bin\Microsoft.Common.CurrentVersion.targets(2437,5): warning MSB3277:             C:\Users\WilliamForney\source\repos\wforney\OpenLiveWriter\src\managed\bin\Debug\i386\Writer\OpenLiveWriter.CoreServices.dll [C:\Users\WilliamForney\source\repos\wforney\OpenLiveWriter\src\managed\OpenLiveWriter\OpenLiveWriter.csproj]
C:\Program Files\Microsoft Visual Studio\18\Enterprise\MSBuild\Current\Bin\Microsoft.Common.CurrentVersion.targets(2437,5): warning MSB3277:             C:\Users\WilliamForney\source\repos\wforney\OpenLiveWriter\src\managed\bin\Debug\i386\Writer\OpenLiveWriter.Api.dll [C:\Users\WilliamForney\source\repos\wforney\OpenLiveWriter\src\managed\OpenLiveWriter\OpenLiveWriter.csproj]
C:\Program Files\Microsoft Visual Studio\18\Enterprise\MSBuild\Current\Bin\Microsoft.Common.CurrentVersion.targets(2437,5): warning MSB3277:             C:\Users\WilliamForney\source\repos\wforney\OpenLiveWriter\src\managed\bin\Debug\i386\Writer\OpenLiveWriter.Controls.dll [C:\Users\WilliamForney\source\repos\wforney\OpenLiveWriter\src\managed\OpenLiveWriter\OpenLiveWriter.csproj]
C:\Program Files\Microsoft Visual Studio\18\Enterprise\MSBuild\Current\Bin\Microsoft.Common.CurrentVersion.targets(2437,5): warning MSB3277:             Squirrel, Version=1.4.3.0, Culture=neutral, processorArchitecture=MSIL [C:\Users\WilliamForney\source\repos\wforney\OpenLiveWriter\src\managed\OpenLiveWriter\OpenLiveWriter.csproj]
C:\Program Files\Microsoft Visual Studio\18\Enterprise\MSBuild\Current\Bin\Microsoft.Common.CurrentVersion.targets(2437,5): warning MSB3277:             Microsoft.Threading.Tasks.Extensions.Desktop, Version=1.0.168.0, Culture=neutral, PublicKeyToken=b03f5f7f11d50a3a, processorArchitecture=MSIL [C:\Users\WilliamForney\source\repos\wforney\OpenLiveWriter\src\managed\OpenLiveWriter\OpenLiveWriter.csproj]
C:\Program Files\Microsoft Visual Studio\18\Enterprise\MSBuild\Current\Bin\Microsoft.Common.CurrentVersion.targets(2437,5): warning MSB3277:             NuGet.Squirrel, Version=3.0.0.0, Culture=neutral, processorArchitecture=MSIL [C:\Users\WilliamForney\source\repos\wforney\OpenLiveWriter\src\managed\OpenLiveWriter\OpenLiveWriter.csproj]
C:\Program Files\Microsoft Visual Studio\18\Enterprise\MSBuild\Current\Bin\Microsoft.Common.CurrentVersion.targets(2437,5): warning MSB3277:             System.Data [C:\Users\WilliamForney\source\repos\wforney\OpenLiveWriter\src\managed\OpenLiveWriter\OpenLiveWriter.csproj]
C:\Program Files\Microsoft Visual Studio\18\Enterprise\MSBuild\Current\Bin\Microsoft.Common.CurrentVersion.targets(2437,5): warning MSB3277:         C:\Users\WilliamForney\source\repos\wforney\OpenLiveWriter\src\managed\bin\Debug\i386\Writer\Google.Apis.Core.dll [C:\Users\WilliamForney\source\repos\wforney\OpenLiveWriter\src\managed\OpenLiveWriter\OpenLiveWriter.csproj]
C:\Program Files\Microsoft Visual Studio\18\Enterprise\MSBuild\Current\Bin\Microsoft.Common.CurrentVersion.targets(2437,5): warning MSB3277:           Project file item includes which caused reference "C:\Users\WilliamForney\source\repos\wforney\OpenLiveWriter\src\managed\bin\Debug\i386\Writer\Google.Apis.Core.dll". [C:\Users\WilliamForney\source\repos\wforney\OpenLiveWriter\src\managed\OpenLiveWriter\OpenLiveWriter.csproj]
C:\Program Files\Microsoft Visual Studio\18\Enterprise\MSBuild\Current\Bin\Microsoft.Common.CurrentVersion.targets(2437,5): warning MSB3277:             C:\Users\WilliamForney\source\repos\wforney\OpenLiveWriter\src\managed\bin\Debug\i386\Writer\OpenLiveWriter.BlogClient.dll [C:\Users\WilliamForney\source\repos\wforney\OpenLiveWriter\src\managed\OpenLiveWriter\OpenLiveWriter.csproj]
C:\Program Files\Microsoft Visual Studio\18\Enterprise\MSBuild\Current\Bin\Microsoft.Common.CurrentVersion.targets(2437,5): warning MSB3277:             C:\Users\WilliamForney\source\repos\wforney\OpenLiveWriter\src\managed\bin\Debug\i386\Writer\OpenLiveWriter.PostEditor.dll [C:\Users\WilliamForney\source\repos\wforney\OpenLiveWriter\src\managed\OpenLiveWriter\OpenLiveWriter.csproj]
C:\Program Files\Microsoft Visual Studio\18\Enterprise\MSBuild\Current\Bin\Microsoft.Common.CurrentVersion.targets(2437,5): warning MSB3277:         C:\Users\WilliamForney\source\repos\wforney\OpenLiveWriter\src\managed\bin\Debug\i386\Writer\Google.Apis.dll [C:\Users\WilliamForney\source\repos\wforney\OpenLiveWriter\src\managed\OpenLiveWriter\OpenLiveWriter.csproj]
C:\Program Files\Microsoft Visual Studio\18\Enterprise\MSBuild\Current\Bin\Microsoft.Common.CurrentVersion.targets(2437,5): warning MSB3277:           Project file item includes which caused reference "C:\Users\WilliamForney\source\repos\wforney\OpenLiveWriter\src\managed\bin\Debug\i386\Writer\Google.Apis.dll". [C:\Users\WilliamForney\source\repos\wforney\OpenLiveWriter\src\managed\OpenLiveWriter\OpenLiveWriter.csproj]
C:\Program Files\Microsoft Visual Studio\18\Enterprise\MSBuild\Current\Bin\Microsoft.Common.CurrentVersion.targets(2437,5): warning MSB3277:             C:\Users\WilliamForney\source\repos\wforney\OpenLiveWriter\src\managed\bin\Debug\i386\Writer\OpenLiveWriter.BlogClient.dll [C:\Users\WilliamForney\source\repos\wforney\OpenLiveWriter\src\managed\OpenLiveWriter\OpenLiveWriter.csproj]
C:\Program Files\Microsoft Visual Studio\18\Enterprise\MSBuild\Current\Bin\Microsoft.Common.CurrentVersion.targets(2437,5): warning MSB3277:             C:\Users\WilliamForney\source\repos\wforney\OpenLiveWriter\src\managed\bin\Debug\i386\Writer\OpenLiveWriter.PostEditor.dll [C:\Users\WilliamForney\source\repos\wforney\OpenLiveWriter\src\managed\OpenLiveWriter\OpenLiveWriter.csproj]
C:\Program Files\Microsoft Visual Studio\18\Enterprise\MSBuild\Current\Bin\Microsoft.Common.CurrentVersion.targets(2437,5): warning MSB3277:         C:\Users\WilliamForney\source\repos\wforney\OpenLiveWriter\src\managed\bin\Debug\i386\Writer\Newtonsoft.Json.dll [C:\Users\WilliamForney\source\repos\wforney\OpenLiveWriter\src\managed\OpenLiveWriter\OpenLiveWriter.csproj]
C:\Program Files\Microsoft Visual Studio\18\Enterprise\MSBuild\Current\Bin\Microsoft.Common.CurrentVersion.targets(2437,5): warning MSB3277:           Project file item includes which caused reference "C:\Users\WilliamForney\source\repos\wforney\OpenLiveWriter\src\managed\bin\Debug\i386\Writer\Newtonsoft.Json.dll". [C:\Users\WilliamForney\source\repos\wforney\OpenLiveWriter\src\managed\OpenLiveWriter\OpenLiveWriter.csproj]
C:\Program Files\Microsoft Visual Studio\18\Enterprise\MSBuild\Current\Bin\Microsoft.Common.CurrentVersion.targets(2437,5): warning MSB3277:             C:\Users\WilliamForney\source\repos\wforney\OpenLiveWriter\src\managed\bin\Debug\i386\Writer\OpenLiveWriter.BlogClient.dll [C:\Users\WilliamForney\source\repos\wforney\OpenLiveWriter\src\managed\OpenLiveWriter\OpenLiveWriter.csproj]
C:\Program Files\Microsoft Visual Studio\18\Enterprise\MSBuild\Current\Bin\Microsoft.Common.CurrentVersion.targets(2437,5): warning MSB3277:             C:\Users\WilliamForney\source\repos\wforney\OpenLiveWriter\src\managed\bin\Debug\i386\Writer\OpenLiveWriter.PostEditor.dll [C:\Users\WilliamForney\source\repos\wforney\OpenLiveWriter\src\managed\OpenLiveWriter\OpenLiveWriter.csproj]
C:\Program Files\Microsoft Visual Studio\18\Enterprise\MSBuild\Current\Bin\Microsoft.Common.CurrentVersion.targets(2437,5): warning MSB3277:         C:\Users\WilliamForney\source\repos\wforney\OpenLiveWriter\src\managed\bin\Debug\i386\Writer\YamlDotNet.dll [C:\Users\WilliamForney\source\repos\wforney\OpenLiveWriter\src\managed\OpenLiveWriter\OpenLiveWriter.csproj]
C:\Program Files\Microsoft Visual Studio\18\Enterprise\MSBuild\Current\Bin\Microsoft.Common.CurrentVersion.targets(2437,5): warning MSB3277:           Project file item includes which caused reference "C:\Users\WilliamForney\source\repos\wforney\OpenLiveWriter\src\managed\bin\Debug\i386\Writer\YamlDotNet.dll". [C:\Users\WilliamForney\source\repos\wforney\OpenLiveWriter\src\managed\OpenLiveWriter\OpenLiveWriter.csproj]
C:\Program Files\Microsoft Visual Studio\18\Enterprise\MSBuild\Current\Bin\Microsoft.Common.CurrentVersion.targets(2437,5): warning MSB3277:             C:\Users\WilliamForney\source\repos\wforney\OpenLiveWriter\src\managed\bin\Debug\i386\Writer\OpenLiveWriter.BlogClient.dll [C:\Users\WilliamForney\source\repos\wforney\OpenLiveWriter\src\managed\OpenLiveWriter\OpenLiveWriter.csproj]
C:\Program Files\Microsoft Visual Studio\18\Enterprise\MSBuild\Current\Bin\Microsoft.Common.CurrentVersion.targets(2437,5): warning MSB3277:             C:\Users\WilliamForney\source\repos\wforney\OpenLiveWriter\src\managed\bin\Debug\i386\Writer\OpenLiveWriter.PostEditor.dll [C:\Users\WilliamForney\source\repos\wforney\OpenLiveWriter\src\managed\OpenLiveWriter\OpenLiveWriter.csproj]
C:\Program Files\Microsoft Visual Studio\18\Enterprise\MSBuild\Current\Bin\Microsoft.Common.CurrentVersion.targets(2437,5): warning MSB3277:         C:\Windows\Microsoft.Net\assembly\GAC_MSIL\System.ServiceModel\v4.0_4.0.0.0__b77a5c561934e089\System.ServiceModel.dll [C:\Users\WilliamForney\source\repos\wforney\OpenLiveWriter\src\managed\OpenLiveWriter\OpenLiveWriter.csproj]
C:\Program Files\Microsoft Visual Studio\18\Enterprise\MSBuild\Current\Bin\Microsoft.Common.CurrentVersion.targets(2437,5): warning MSB3277:           Project file item includes which caused reference "C:\Windows\Microsoft.Net\assembly\GAC_MSIL\System.ServiceModel\v4.0_4.0.0.0__b77a5c561934e089\System.ServiceModel.dll". [C:\Users\WilliamForney\source\repos\wforney\OpenLiveWriter\src\managed\OpenLiveWriter\OpenLiveWriter.csproj]
C:\Program Files\Microsoft Visual Studio\18\Enterprise\MSBuild\Current\Bin\Microsoft.Common.CurrentVersion.targets(2437,5): warning MSB3277:             Microsoft.Threading.Tasks.Extensions.Desktop, Version=1.0.168.0, Culture=neutral, PublicKeyToken=b03f5f7f11d50a3a, processorArchitecture=MSIL [C:\Users\WilliamForney\source\repos\wforney\OpenLiveWriter\src\managed\OpenLiveWriter\OpenLiveWriter.csproj]
C:\Program Files\Microsoft Visual Studio\18\Enterprise\MSBuild\Current\Bin\Microsoft.Common.CurrentVersion.targets(2437,5): warning MSB3277:             NuGet.Squirrel, Version=3.0.0.0, Culture=neutral, processorArchitecture=MSIL [C:\Users\WilliamForney\source\repos\wforney\OpenLiveWriter\src\managed\OpenLiveWriter\OpenLiveWriter.csproj]
C:\Program Files\Microsoft Visual Studio\18\Enterprise\MSBuild\Current\Bin\Microsoft.Common.CurrentVersion.targets(2437,5): warning MSB3277:             C:\Users\WilliamForney\source\repos\wforney\OpenLiveWriter\src\managed\bin\Debug\i386\Writer\OpenLiveWriter.PostEditor.dll [C:\Users\WilliamForney\source\repos\wforney\OpenLiveWriter\src\managed\OpenLiveWriter\OpenLiveWriter.csproj]
C:\Program Files\Microsoft Visual Studio\18\Enterprise\MSBuild\Current\Bin\Microsoft.Common.CurrentVersion.targets(2437,5): warning MSB3277:             Squirrel, Version=1.4.3.0, Culture=neutral, processorArchitecture=MSIL [C:\Users\WilliamForney\source\repos\wforney\OpenLiveWriter\src\managed\OpenLiveWriter\OpenLiveWriter.csproj]
C:\Program Files\Microsoft Visual Studio\18\Enterprise\MSBuild\Current\Bin\Microsoft.Common.CurrentVersion.targets(2437,5): warning MSB3277:         C:\Windows\Microsoft.Net\assembly\GAC_MSIL\System.ComponentModel.DataAnnotations\v4.0_4.0.0.0__31bf3856ad364e35\System.ComponentModel.DataAnnotations.dll [C:\Users\WilliamForney\source\repos\wforney\OpenLiveWriter\src\managed\OpenLiveWriter\OpenLiveWriter.csproj]
C:\Program Files\Microsoft Visual Studio\18\Enterprise\MSBuild\Current\Bin\Microsoft.Common.CurrentVersion.targets(2437,5): warning MSB3277:           Project file item includes which caused reference "C:\Windows\Microsoft.Net\assembly\GAC_MSIL\System.ComponentModel.DataAnnotations\v4.0_4.0.0.0__31bf3856ad364e35\System.ComponentModel.DataAnnotations.dll". [C:\Users\WilliamForney\source\repos\wforney\OpenLiveWriter\src\managed\OpenLiveWriter\OpenLiveWriter.csproj]
C:\Program Files\Microsoft Visual Studio\18\Enterprise\MSBuild\Current\Bin\Microsoft.Common.CurrentVersion.targets(2437,5): warning MSB3277:             NuGet.Squirrel, Version=3.0.0.0, Culture=neutral, processorArchitecture=MSIL [C:\Users\WilliamForney\source\repos\wforney\OpenLiveWriter\src\managed\OpenLiveWriter\OpenLiveWriter.csproj]
C:\Program Files\Microsoft Visual Studio\18\Enterprise\MSBuild\Current\Bin\Microsoft.Common.CurrentVersion.targets(2437,5): warning MSB3277:             C:\Users\WilliamForney\source\repos\wforney\OpenLiveWriter\src\managed\bin\Debug\i386\Writer\OpenLiveWriter.PostEditor.dll [C:\Users\WilliamForney\source\repos\wforney\OpenLiveWriter\src\managed\OpenLiveWriter\OpenLiveWriter.csproj]
C:\Program Files\Microsoft Visual Studio\18\Enterprise\MSBuild\Current\Bin\Microsoft.Common.CurrentVersion.targets(2437,5): warning MSB3277:             Squirrel, Version=1.4.3.0, Culture=neutral, processorArchitecture=MSIL [C:\Users\WilliamForney\source\repos\wforney\OpenLiveWriter\src\managed\OpenLiveWriter\OpenLiveWriter.csproj]
C:\Program Files\Microsoft Visual Studio\18\Enterprise\MSBuild\Current\Bin\Microsoft.Common.CurrentVersion.targets(2437,5): warning MSB3277:             C:\Users\WilliamForney\source\repos\wforney\OpenLiveWriter\src\managed\bin\Debug\i386\Writer\OpenLiveWriter.BlogClient.dll [C:\Users\WilliamForney\source\repos\wforney\OpenLiveWriter\src\managed\OpenLiveWriter\OpenLiveWriter.csproj]
C:\Program Files\Microsoft Visual Studio\18\Enterprise\MSBuild\Current\Bin\Microsoft.Common.CurrentVersion.targets(2437,5): warning MSB3277:             C:\Users\WilliamForney\source\repos\wforney\OpenLiveWriter\src\managed\bin\Debug\i386\Writer\OpenLiveWriter.CoreServices.dll [C:\Users\WilliamForney\source\repos\wforney\OpenLiveWriter\src\managed\OpenLiveWriter\OpenLiveWriter.csproj]
C:\Program Files\Microsoft Visual Studio\18\Enterprise\MSBuild\Current\Bin\Microsoft.Common.CurrentVersion.targets(2437,5): warning MSB3277:             C:\Users\WilliamForney\source\repos\wforney\OpenLiveWriter\src\managed\bin\Debug\i386\Writer\OpenLiveWriter.Api.dll [C:\Users\WilliamForney\source\repos\wforney\OpenLiveWriter\src\managed\OpenLiveWriter\OpenLiveWriter.csproj]
C:\Program Files\Microsoft Visual Studio\18\Enterprise\MSBuild\Current\Bin\Microsoft.Common.CurrentVersion.targets(2437,5): warning MSB3277:             C:\Users\WilliamForney\source\repos\wforney\OpenLiveWriter\src\managed\bin\Debug\i386\Writer\OpenLiveWriter.ApplicationFramework.dll [C:\Users\WilliamForney\source\repos\wforney\OpenLiveWriter\src\managed\OpenLiveWriter\OpenLiveWriter.csproj]
C:\Program Files\Microsoft Visual Studio\18\Enterprise\MSBuild\Current\Bin\Microsoft.Common.CurrentVersion.targets(2437,5): warning MSB3277:             C:\Users\WilliamForney\source\repos\wforney\OpenLiveWriter\src\managed\bin\Debug\i386\Writer\OpenLiveWriter.Controls.dll [C:\Users\WilliamForney\source\repos\wforney\OpenLiveWriter\src\managed\OpenLiveWriter\OpenLiveWriter.csproj]
C:\Program Files\Microsoft Visual Studio\18\Enterprise\MSBuild\Current\Bin\Microsoft.Common.CurrentVersion.targets(2437,5): warning MSB3277:             Microsoft.Threading.Tasks.Extensions.Desktop, Version=1.0.168.0, Culture=neutral, PublicKeyToken=b03f5f7f11d50a3a, processorArchitecture=MSIL [C:\Users\WilliamForney\source\repos\wforney\OpenLiveWriter\src\managed\OpenLiveWriter\OpenLiveWriter.csproj]
C:\Program Files\Microsoft Visual Studio\18\Enterprise\MSBuild\Current\Bin\Microsoft.Common.CurrentVersion.targets(2437,5): warning MSB3277:             System.Data [C:\Users\WilliamForney\source\repos\wforney\OpenLiveWriter\src\managed\OpenLiveWriter\OpenLiveWriter.csproj]
C:\Program Files\Microsoft Visual Studio\18\Enterprise\MSBuild\Current\Bin\Microsoft.Common.CurrentVersion.targets(2437,5): warning MSB3277:         C:\Windows\Microsoft.Net\assembly\GAC_MSIL\System.Xml.Linq\v4.0_4.0.0.0__b77a5c561934e089\System.Xml.Linq.dll [C:\Users\WilliamForney\source\repos\wforney\OpenLiveWriter\src\managed\OpenLiveWriter\OpenLiveWriter.csproj]
C:\Program Files\Microsoft Visual Studio\18\Enterprise\MSBuild\Current\Bin\Microsoft.Common.CurrentVersion.targets(2437,5): warning MSB3277:           Project file item includes which caused reference "C:\Windows\Microsoft.Net\assembly\GAC_MSIL\System.Xml.Linq\v4.0_4.0.0.0__b77a5c561934e089\System.Xml.Linq.dll". [C:\Users\WilliamForney\source\repos\wforney\OpenLiveWriter\src\managed\OpenLiveWriter\OpenLiveWriter.csproj]
C:\Program Files\Microsoft Visual Studio\18\Enterprise\MSBuild\Current\Bin\Microsoft.Common.CurrentVersion.targets(2437,5): warning MSB3277:             NuGet.Squirrel, Version=3.0.0.0, Culture=neutral, processorArchitecture=MSIL [C:\Users\WilliamForney\source\repos\wforney\OpenLiveWriter\src\managed\OpenLiveWriter\OpenLiveWriter.csproj]
C:\Program Files\Microsoft Visual Studio\18\Enterprise\MSBuild\Current\Bin\Microsoft.Common.CurrentVersion.targets(2437,5): warning MSB3277:             C:\Users\WilliamForney\source\repos\wforney\OpenLiveWriter\src\managed\bin\Debug\i386\Writer\OpenLiveWriter.PostEditor.dll [C:\Users\WilliamForney\source\repos\wforney\OpenLiveWriter\src\managed\OpenLiveWriter\OpenLiveWriter.csproj]
C:\Program Files\Microsoft Visual Studio\18\Enterprise\MSBuild\Current\Bin\Microsoft.Common.CurrentVersion.targets(2437,5): warning MSB3277:             Squirrel, Version=1.4.3.0, Culture=neutral, processorArchitecture=MSIL [C:\Users\WilliamForney\source\repos\wforney\OpenLiveWriter\src\managed\OpenLiveWriter\OpenLiveWriter.csproj]
C:\Program Files\Microsoft Visual Studio\18\Enterprise\MSBuild\Current\Bin\Microsoft.Common.CurrentVersion.targets(2437,5): warning MSB3277:             C:\Users\WilliamForney\source\repos\wforney\OpenLiveWriter\src\managed\bin\Debug\i386\Writer\OpenLiveWriter.BlogClient.dll [C:\Users\WilliamForney\source\repos\wforney\OpenLiveWriter\src\managed\OpenLiveWriter\OpenLiveWriter.csproj]
C:\Program Files\Microsoft Visual Studio\18\Enterprise\MSBuild\Current\Bin\Microsoft.Common.CurrentVersion.targets(2437,5): warning MSB3277:             Microsoft.Threading.Tasks.Extensions.Desktop, Version=1.0.168.0, Culture=neutral, PublicKeyToken=b03f5f7f11d50a3a, processorArchitecture=MSIL [C:\Users\WilliamForney\source\repos\wforney\OpenLiveWriter\src\managed\OpenLiveWriter\OpenLiveWriter.csproj]
C:\Program Files\Microsoft Visual Studio\18\Enterprise\MSBuild\Current\Bin\Microsoft.Common.CurrentVersion.targets(2437,5): warning MSB3277:         C:\Windows\Microsoft.Net\assembly\GAC_MSIL\WindowsBase\v4.0_4.0.0.0__31bf3856ad364e35\WindowsBase.dll [C:\Users\WilliamForney\source\repos\wforney\OpenLiveWriter\src\managed\OpenLiveWriter\OpenLiveWriter.csproj]
C:\Program Files\Microsoft Visual Studio\18\Enterprise\MSBuild\Current\Bin\Microsoft.Common.CurrentVersion.targets(2437,5): warning MSB3277:           Project file item includes which caused reference "C:\Windows\Microsoft.Net\assembly\GAC_MSIL\WindowsBase\v4.0_4.0.0.0__31bf3856ad364e35\WindowsBase.dll". [C:\Users\WilliamForney\source\repos\wforney\OpenLiveWriter\src\managed\OpenLiveWriter\OpenLiveWriter.csproj]
C:\Program Files\Microsoft Visual Studio\18\Enterprise\MSBuild\Current\Bin\Microsoft.Common.CurrentVersion.targets(2437,5): warning MSB3277:             NuGet.Squirrel, Version=3.0.0.0, Culture=neutral, processorArchitecture=MSIL [C:\Users\WilliamForney\source\repos\wforney\OpenLiveWriter\src\managed\OpenLiveWriter\OpenLiveWriter.csproj]
C:\Program Files\Microsoft Visual Studio\18\Enterprise\MSBuild\Current\Bin\Microsoft.Common.CurrentVersion.targets(2437,5): warning MSB3277:             C:\Users\WilliamForney\source\repos\wforney\OpenLiveWriter\src\managed\bin\Debug\i386\Writer\OpenLiveWriter.PostEditor.dll [C:\Users\WilliamForney\source\repos\wforney\OpenLiveWriter\src\managed\OpenLiveWriter\OpenLiveWriter.csproj]
C:\Program Files\Microsoft Visual Studio\18\Enterprise\MSBuild\Current\Bin\Microsoft.Common.CurrentVersion.targets(2437,5): warning MSB3277:             Splat, Version=2.0.0.0, Culture=neutral, processorArchitecture=MSIL [C:\Users\WilliamForney\source\repos\wforney\OpenLiveWriter\src\managed\OpenLiveWriter\OpenLiveWriter.csproj]
C:\Program Files\Microsoft Visual Studio\18\Enterprise\MSBuild\Current\Bin\Microsoft.Common.CurrentVersion.targets(2437,5): warning MSB3277:             Squirrel, Version=1.4.3.0, Culture=neutral, processorArchitecture=MSIL [C:\Users\WilliamForney\source\repos\wforney\OpenLiveWriter\src\managed\OpenLiveWriter\OpenLiveWriter.csproj]
C:\Program Files\Microsoft Visual Studio\18\Enterprise\MSBuild\Current\Bin\Microsoft.Common.CurrentVersion.targets(2437,5): warning MSB3277:         C:\Windows\Microsoft.Net\assembly\GAC_MSIL\Microsoft.CSharp\v4.0_4.0.0.0__b03f5f7f11d50a3a\Microsoft.CSharp.dll [C:\Users\WilliamForney\source\repos\wforney\OpenLiveWriter\src\managed\OpenLiveWriter\OpenLiveWriter.csproj]
C:\Program Files\Microsoft Visual Studio\18\Enterprise\MSBuild\Current\Bin\Microsoft.Common.CurrentVersion.targets(2437,5): warning MSB3277:           Project file item includes which caused reference "C:\Windows\Microsoft.Net\assembly\GAC_MSIL\Microsoft.CSharp\v4.0_4.0.0.0__b03f5f7f11d50a3a\Microsoft.CSharp.dll". [C:\Users\WilliamForney\source\repos\wforney\OpenLiveWriter\src\managed\OpenLiveWriter\OpenLiveWriter.csproj]
C:\Program Files\Microsoft Visual Studio\18\Enterprise\MSBuild\Current\Bin\Microsoft.Common.CurrentVersion.targets(2437,5): warning MSB3277:             NuGet.Squirrel, Version=3.0.0.0, Culture=neutral, processorArchitecture=MSIL [C:\Users\WilliamForney\source\repos\wforney\OpenLiveWriter\src\managed\OpenLiveWriter\OpenLiveWriter.csproj]
C:\Program Files\Microsoft Visual Studio\18\Enterprise\MSBuild\Current\Bin\Microsoft.Common.CurrentVersion.targets(2437,5): warning MSB3277:             C:\Users\WilliamForney\source\repos\wforney\OpenLiveWriter\src\managed\bin\Debug\i386\Writer\OpenLiveWriter.PostEditor.dll [C:\Users\WilliamForney\source\repos\wforney\OpenLiveWriter\src\managed\OpenLiveWriter\OpenLiveWriter.csproj]
C:\Program Files\Microsoft Visual Studio\18\Enterprise\MSBuild\Current\Bin\Microsoft.Common.CurrentVersion.targets(2437,5): warning MSB3277:             Squirrel, Version=1.4.3.0, Culture=neutral, processorArchitecture=MSIL [C:\Users\WilliamForney\source\repos\wforney\OpenLiveWriter\src\managed\OpenLiveWriter\OpenLiveWriter.csproj]
C:\Program Files\Microsoft Visual Studio\18\Enterprise\MSBuild\Current\Bin\Microsoft.Common.CurrentVersion.targets(2437,5): warning MSB3277:         C:\Windows\Microsoft.Net\assembly\GAC_MSIL\System.Configuration\v4.0_4.0.0.0__b03f5f7f11d50a3a\System.Configuration.dll [C:\Users\WilliamForney\source\repos\wforney\OpenLiveWriter\src\managed\OpenLiveWriter\OpenLiveWriter.csproj]
C:\Program Files\Microsoft Visual Studio\18\Enterprise\MSBuild\Current\Bin\Microsoft.Common.CurrentVersion.targets(2437,5): warning MSB3277:           Project file item includes which caused reference "C:\Windows\Microsoft.Net\assembly\GAC_MSIL\System.Configuration\v4.0_4.0.0.0__b03f5f7f11d50a3a\System.Configuration.dll". [C:\Users\WilliamForney\source\repos\wforney\OpenLiveWriter\src\managed\OpenLiveWriter\OpenLiveWriter.csproj]
C:\Program Files\Microsoft Visual Studio\18\Enterprise\MSBuild\Current\Bin\Microsoft.Common.CurrentVersion.targets(2437,5): warning MSB3277:             System [C:\Users\WilliamForney\source\repos\wforney\OpenLiveWriter\src\managed\OpenLiveWriter\OpenLiveWriter.csproj]
C:\Program Files\Microsoft Visual Studio\18\Enterprise\MSBuild\Current\Bin\Microsoft.Common.CurrentVersion.targets(2437,5): warning MSB3277:             C:\Users\WilliamForney\source\repos\wforney\OpenLiveWriter\src\managed\bin\Debug\i386\Writer\OpenLiveWriter.PostEditor.dll [C:\Users\WilliamForney\source\repos\wforney\OpenLiveWriter\src\managed\OpenLiveWriter\OpenLiveWriter.csproj]
C:\Program Files\Microsoft Visual Studio\18\Enterprise\MSBuild\Current\Bin\Microsoft.Common.CurrentVersion.targets(2437,5): warning MSB3277:             C:\Users\WilliamForney\source\repos\wforney\OpenLiveWriter\src\managed\bin\Debug\i386\Writer\OpenLiveWriter.Api.dll [C:\Users\WilliamForney\source\repos\wforney\OpenLiveWriter\src\managed\OpenLiveWriter\OpenLiveWriter.csproj]
C:\Program Files\Microsoft Visual Studio\18\Enterprise\MSBuild\Current\Bin\Microsoft.Common.CurrentVersion.targets(2437,5): warning MSB3277:             C:\Users\WilliamForney\source\repos\wforney\OpenLiveWriter\src\managed\bin\Debug\i386\Writer\OpenLiveWriter.ApplicationFramework.dll [C:\Users\WilliamForney\source\repos\wforney\OpenLiveWriter\src\managed\OpenLiveWriter\OpenLiveWriter.csproj]
C:\Program Files\Microsoft Visual Studio\18\Enterprise\MSBuild\Current\Bin\Microsoft.Common.CurrentVersion.targets(2437,5): warning MSB3277:             C:\Users\WilliamForney\source\repos\wforney\OpenLiveWriter\src\managed\bin\Debug\i386\Writer\OpenLiveWriter.BlogClient.dll [C:\Users\WilliamForney\source\repos\wforney\OpenLiveWriter\src\managed\OpenLiveWriter\OpenLiveWriter.csproj]
C:\Program Files\Microsoft Visual Studio\18\Enterprise\MSBuild\Current\Bin\Microsoft.Common.CurrentVersion.targets(2437,5): warning MSB3277:             C:\Users\WilliamForney\source\repos\wforney\OpenLiveWriter\src\managed\bin\Debug\i386\Writer\OpenLiveWriter.BrowserControl.dll [C:\Users\WilliamForney\source\repos\wforney\OpenLiveWriter\src\managed\OpenLiveWriter\OpenLiveWriter.csproj]
C:\Program Files\Microsoft Visual Studio\18\Enterprise\MSBuild\Current\Bin\Microsoft.Common.CurrentVersion.targets(2437,5): warning MSB3277:             C:\Users\WilliamForney\source\repos\wforney\OpenLiveWriter\src\managed\bin\Debug\i386\Writer\OpenLiveWriter.Controls.dll [C:\Users\WilliamForney\source\repos\wforney\OpenLiveWriter\src\managed\OpenLiveWriter\OpenLiveWriter.csproj]
C:\Program Files\Microsoft Visual Studio\18\Enterprise\MSBuild\Current\Bin\Microsoft.Common.CurrentVersion.targets(2437,5): warning MSB3277:             C:\Users\WilliamForney\source\repos\wforney\OpenLiveWriter\src\managed\bin\Debug\i386\Writer\OpenLiveWriter.CoreServices.dll [C:\Users\WilliamForney\source\repos\wforney\OpenLiveWriter\src\managed\OpenLiveWriter\OpenLiveWriter.csproj]
C:\Program Files\Microsoft Visual Studio\18\Enterprise\MSBuild\Current\Bin\Microsoft.Common.CurrentVersion.targets(2437,5): warning MSB3277:             C:\Users\WilliamForney\source\repos\wforney\OpenLiveWriter\src\managed\bin\Debug\i386\Writer\OpenLiveWriter.Interop.dll [C:\Users\WilliamForney\source\repos\wforney\OpenLiveWriter\src\managed\OpenLiveWriter\OpenLiveWriter.csproj]
C:\Program Files\Microsoft Visual Studio\18\Enterprise\MSBuild\Current\Bin\Microsoft.Common.CurrentVersion.targets(2437,5): warning MSB3277:             C:\Users\WilliamForney\source\repos\wforney\OpenLiveWriter\src\managed\bin\Debug\i386\Writer\OpenLiveWriter.Localization.dll [C:\Users\WilliamForney\source\repos\wforney\OpenLiveWriter\src\managed\OpenLiveWriter\OpenLiveWriter.csproj]
C:\Program Files\Microsoft Visual Studio\18\Enterprise\MSBuild\Current\Bin\Microsoft.Common.CurrentVersion.targets(2437,5): warning MSB3277:             ICSharpCode.SharpZipLib, Version=0.86.0.518, Culture=neutral, processorArchitecture=MSIL [C:\Users\WilliamForney\source\repos\wforney\OpenLiveWriter\src\managed\OpenLiveWriter\OpenLiveWriter.csproj]
C:\Program Files\Microsoft Visual Studio\18\Enterprise\MSBuild\Current\Bin\Microsoft.Common.CurrentVersion.targets(2437,5): warning MSB3277:             Microsoft.Threading.Tasks.Extensions.Desktop, Version=1.0.168.0, Culture=neutral, PublicKeyToken=b03f5f7f11d50a3a, processorArchitecture=MSIL [C:\Users\WilliamForney\source\repos\wforney\OpenLiveWriter\src\managed\OpenLiveWriter\OpenLiveWriter.csproj]
C:\Program Files\Microsoft Visual Studio\18\Enterprise\MSBuild\Current\Bin\Microsoft.Common.CurrentVersion.targets(2437,5): warning MSB3277:             Mono.Cecil.Mdb, Version=0.9.6.0, Culture=neutral, PublicKeyToken=0738eb9f132ed756, processorArchitecture=MSIL [C:\Users\WilliamForney\source\repos\wforney\OpenLiveWriter\src\managed\OpenLiveWriter\OpenLiveWriter.csproj]
C:\Program Files\Microsoft Visual Studio\18\Enterprise\MSBuild\Current\Bin\Microsoft.Common.CurrentVersion.targets(2437,5): warning MSB3277:             NuGet.Squirrel, Version=3.0.0.0, Culture=neutral, processorArchitecture=MSIL [C:\Users\WilliamForney\source\repos\wforney\OpenLiveWriter\src\managed\OpenLiveWriter\OpenLiveWriter.csproj]
C:\Program Files\Microsoft Visual Studio\18\Enterprise\MSBuild\Current\Bin\Microsoft.Common.CurrentVersion.targets(2437,5): warning MSB3277:             Splat, Version=2.0.0.0, Culture=neutral, processorArchitecture=MSIL [C:\Users\WilliamForney\source\repos\wforney\OpenLiveWriter\src\managed\OpenLiveWriter\OpenLiveWriter.csproj]
C:\Program Files\Microsoft Visual Studio\18\Enterprise\MSBuild\Current\Bin\Microsoft.Common.CurrentVersion.targets(2437,5): warning MSB3277:             Squirrel, Version=1.4.3.0, Culture=neutral, processorArchitecture=MSIL [C:\Users\WilliamForney\source\repos\wforney\OpenLiveWriter\src\managed\OpenLiveWriter\OpenLiveWriter.csproj]
C:\Program Files\Microsoft Visual Studio\18\Enterprise\MSBuild\Current\Bin\Microsoft.Common.CurrentVersion.targets(2437,5): warning MSB3277:             System.Data [C:\Users\WilliamForney\source\repos\wforney\OpenLiveWriter\src\managed\OpenLiveWriter\OpenLiveWriter.csproj]
C:\Program Files\Microsoft Visual Studio\18\Enterprise\MSBuild\Current\Bin\Microsoft.Common.CurrentVersion.targets(2437,5): warning MSB3277:             System.Drawing [C:\Users\WilliamForney\source\repos\wforney\OpenLiveWriter\src\managed\OpenLiveWriter\OpenLiveWriter.csproj]
C:\Program Files\Microsoft Visual Studio\18\Enterprise\MSBuild\Current\Bin\Microsoft.Common.CurrentVersion.targets(2437,5): warning MSB3277:             System.Net.Http [C:\Users\WilliamForney\source\repos\wforney\OpenLiveWriter\src\managed\OpenLiveWriter\OpenLiveWriter.csproj]
C:\Program Files\Microsoft Visual Studio\18\Enterprise\MSBuild\Current\Bin\Microsoft.Common.CurrentVersion.targets(2437,5): warning MSB3277:             System.Net.Http.WebRequest [C:\Users\WilliamForney\source\repos\wforney\OpenLiveWriter\src\managed\OpenLiveWriter\OpenLiveWriter.csproj]
C:\Program Files\Microsoft Visual Studio\18\Enterprise\MSBuild\Current\Bin\Microsoft.Common.CurrentVersion.targets(2437,5): warning MSB3277:             System.Windows.Forms [C:\Users\WilliamForney\source\repos\wforney\OpenLiveWriter\src\managed\OpenLiveWriter\OpenLiveWriter.csproj]
C:\Program Files\Microsoft Visual Studio\18\Enterprise\MSBuild\Current\Bin\Microsoft.Common.CurrentVersion.targets(2437,5): warning MSB3277:             System.Xml [C:\Users\WilliamForney\source\repos\wforney\OpenLiveWriter\src\managed\OpenLiveWriter\OpenLiveWriter.csproj]
C:\Program Files\Microsoft Visual Studio\18\Enterprise\MSBuild\Current\Bin\Microsoft.Common.CurrentVersion.targets(2437,5): warning MSB3277:             Mono.Cecil.Rocks, Version=0.9.6.0, Culture=neutral, PublicKeyToken=0738eb9f132ed756, processorArchitecture=MSIL [C:\Users\WilliamForney\source\repos\wforney\OpenLiveWriter\src\managed\OpenLiveWriter\OpenLiveWriter.csproj]
C:\Program Files\Microsoft Visual Studio\18\Enterprise\MSBuild\Current\Bin\Microsoft.Common.CurrentVersion.targets(2437,5): warning MSB3277:             System.Net.Http.Primitives, Version=4.2.29.0, Culture=neutral, PublicKeyToken=b03f5f7f11d50a3a, processorArchitecture=MSIL [C:\Users\WilliamForney\source\repos\wforney\OpenLiveWriter\src\managed\OpenLiveWriter\OpenLiveWriter.csproj]
C:\Program Files\Microsoft Visual Studio\18\Enterprise\MSBuild\Current\Bin\Microsoft.Common.CurrentVersion.targets(2437,5): warning MSB3277:         C:\Windows\Microsoft.Net\assembly\GAC_MSIL\System.Runtime\v4.0_4.0.0.0__b03f5f7f11d50a3a\System.Runtime.dll [C:\Users\WilliamForney\source\repos\wforney\OpenLiveWriter\src\managed\OpenLiveWriter\OpenLiveWriter.csproj]
C:\Program Files\Microsoft Visual Studio\18\Enterprise\MSBuild\Current\Bin\Microsoft.Common.CurrentVersion.targets(2437,5): warning MSB3277:           Project file item includes which caused reference "C:\Windows\Microsoft.Net\assembly\GAC_MSIL\System.Runtime\v4.0_4.0.0.0__b03f5f7f11d50a3a\System.Runtime.dll". [C:\Users\WilliamForney\source\repos\wforney\OpenLiveWriter\src\managed\OpenLiveWriter\OpenLiveWriter.csproj]
C:\Program Files\Microsoft Visual Studio\18\Enterprise\MSBuild\Current\Bin\Microsoft.Common.CurrentVersion.targets(2437,5): warning MSB3277:             System.Net.Http.Primitives, Version=4.2.29.0, Culture=neutral, PublicKeyToken=b03f5f7f11d50a3a, processorArchitecture=MSIL [C:\Users\WilliamForney\source\repos\wforney\OpenLiveWriter\src\managed\OpenLiveWriter\OpenLiveWriter.csproj]
C:\Program Files\Microsoft Visual Studio\18\Enterprise\MSBuild\Current\Bin\Microsoft.Common.CurrentVersion.targets(2437,5): warning MSB3277:         C:\Windows\Microsoft.Net\assembly\GAC_MSIL\System.Runtime.InteropServices\v4.0_4.0.0.0__b03f5f7f11d50a3a\System.Runtime.InteropServices.dll [C:\Users\WilliamForney\source\repos\wforney\OpenLiveWriter\src\managed\OpenLiveWriter\OpenLiveWriter.csproj]
C:\Program Files\Microsoft Visual Studio\18\Enterprise\MSBuild\Current\Bin\Microsoft.Common.CurrentVersion.targets(2437,5): warning MSB3277:           Project file item includes which caused reference "C:\Windows\Microsoft.Net\assembly\GAC_MSIL\System.Runtime.InteropServices\v4.0_4.0.0.0__b03f5f7f11d50a3a\System.Runtime.InteropServices.dll". [C:\Users\WilliamForney\source\repos\wforney\OpenLiveWriter\src\managed\OpenLiveWriter\OpenLiveWriter.csproj]
C:\Program Files\Microsoft Visual Studio\18\Enterprise\MSBuild\Current\Bin\Microsoft.Common.CurrentVersion.targets(2437,5): warning MSB3277:             System.Net.Http.Primitives, Version=4.2.29.0, Culture=neutral, PublicKeyToken=b03f5f7f11d50a3a, processorArchitecture=MSIL [C:\Users\WilliamForney\source\repos\wforney\OpenLiveWriter\src\managed\OpenLiveWriter\OpenLiveWriter.csproj]
C:\Program Files\Microsoft Visual Studio\18\Enterprise\MSBuild\Current\Bin\Microsoft.Common.CurrentVersion.targets(2437,5): warning MSB3277:         C:\Windows\Microsoft.Net\assembly\GAC_MSIL\System.Deployment\v4.0_4.0.0.0__b03f5f7f11d50a3a\System.Deployment.dll [C:\Users\WilliamForney\source\repos\wforney\OpenLiveWriter\src\managed\OpenLiveWriter\OpenLiveWriter.csproj]
C:\Program Files\Microsoft Visual Studio\18\Enterprise\MSBuild\Current\Bin\Microsoft.Common.CurrentVersion.targets(2437,5): warning MSB3277:           Project file item includes which caused reference "C:\Windows\Microsoft.Net\assembly\GAC_MSIL\System.Deployment\v4.0_4.0.0.0__b03f5f7f11d50a3a\System.Deployment.dll". [C:\Users\WilliamForney\source\repos\wforney\OpenLiveWriter\src\managed\OpenLiveWriter\OpenLiveWriter.csproj]
C:\Program Files\Microsoft Visual Studio\18\Enterprise\MSBuild\Current\Bin\Microsoft.Common.CurrentVersion.targets(2437,5): warning MSB3277:             System.Windows.Forms [C:\Users\WilliamForney\source\repos\wforney\OpenLiveWriter\src\managed\OpenLiveWriter\OpenLiveWriter.csproj]
C:\Program Files\Microsoft Visual Studio\18\Enterprise\MSBuild\Current\Bin\Microsoft.Common.CurrentVersion.targets(2437,5): warning MSB3277:             C:\Users\WilliamForney\source\repos\wforney\OpenLiveWriter\src\managed\bin\Debug\i386\Writer\OpenLiveWriter.PostEditor.dll [C:\Users\WilliamForney\source\repos\wforney\OpenLiveWriter\src\managed\OpenLiveWriter\OpenLiveWriter.csproj]
C:\Program Files\Microsoft Visual Studio\18\Enterprise\MSBuild\Current\Bin\Microsoft.Common.CurrentVersion.targets(2437,5): warning MSB3277:             C:\Users\WilliamForney\source\repos\wforney\OpenLiveWriter\src\managed\bin\Debug\i386\Writer\OpenLiveWriter.Api.dll [C:\Users\WilliamForney\source\repos\wforney\OpenLiveWriter\src\managed\OpenLiveWriter\OpenLiveWriter.csproj]
C:\Program Files\Microsoft Visual Studio\18\Enterprise\MSBuild\Current\Bin\Microsoft.Common.CurrentVersion.targets(2437,5): warning MSB3277:             C:\Users\WilliamForney\source\repos\wforney\OpenLiveWriter\src\managed\bin\Debug\i386\Writer\OpenLiveWriter.ApplicationFramework.dll [C:\Users\WilliamForney\source\repos\wforney\OpenLiveWriter\src\managed\OpenLiveWriter\OpenLiveWriter.csproj]
C:\Program Files\Microsoft Visual Studio\18\Enterprise\MSBuild\Current\Bin\Microsoft.Common.CurrentVersion.targets(2437,5): warning MSB3277:             C:\Users\WilliamForney\source\repos\wforney\OpenLiveWriter\src\managed\bin\Debug\i386\Writer\OpenLiveWriter.BlogClient.dll [C:\Users\WilliamForney\source\repos\wforney\OpenLiveWriter\src\managed\OpenLiveWriter\OpenLiveWriter.csproj]
C:\Program Files\Microsoft Visual Studio\18\Enterprise\MSBuild\Current\Bin\Microsoft.Common.CurrentVersion.targets(2437,5): warning MSB3277:             C:\Users\WilliamForney\source\repos\wforney\OpenLiveWriter\src\managed\bin\Debug\i386\Writer\OpenLiveWriter.BrowserControl.dll [C:\Users\WilliamForney\source\repos\wforney\OpenLiveWriter\src\managed\OpenLiveWriter\OpenLiveWriter.csproj]
C:\Program Files\Microsoft Visual Studio\18\Enterprise\MSBuild\Current\Bin\Microsoft.Common.CurrentVersion.targets(2437,5): warning MSB3277:             C:\Users\WilliamForney\source\repos\wforney\OpenLiveWriter\src\managed\bin\Debug\i386\Writer\OpenLiveWriter.Controls.dll [C:\Users\WilliamForney\source\repos\wforney\OpenLiveWriter\src\managed\OpenLiveWriter\OpenLiveWriter.csproj]
C:\Program Files\Microsoft Visual Studio\18\Enterprise\MSBuild\Current\Bin\Microsoft.Common.CurrentVersion.targets(2437,5): warning MSB3277:             C:\Users\WilliamForney\source\repos\wforney\OpenLiveWriter\src\managed\bin\Debug\i386\Writer\OpenLiveWriter.CoreServices.dll [C:\Users\WilliamForney\source\repos\wforney\OpenLiveWriter\src\managed\OpenLiveWriter\OpenLiveWriter.csproj]
C:\Program Files\Microsoft Visual Studio\18\Enterprise\MSBuild\Current\Bin\Microsoft.Common.CurrentVersion.targets(2437,5): warning MSB3277:             C:\Users\WilliamForney\source\repos\wforney\OpenLiveWriter\src\managed\bin\Debug\i386\Writer\OpenLiveWriter.Interop.dll [C:\Users\WilliamForney\source\repos\wforney\OpenLiveWriter\src\managed\OpenLiveWriter\OpenLiveWriter.csproj]
C:\Program Files\Microsoft Visual Studio\18\Enterprise\MSBuild\Current\Bin\Microsoft.Common.CurrentVersion.targets(2437,5): warning MSB3277:             C:\Users\WilliamForney\source\repos\wforney\OpenLiveWriter\src\managed\bin\Debug\i386\Writer\OpenLiveWriter.Localization.dll [C:\Users\WilliamForney\source\repos\wforney\OpenLiveWriter\src\managed\OpenLiveWriter\OpenLiveWriter.csproj]
C:\Program Files\Microsoft Visual Studio\18\Enterprise\MSBuild\Current\Bin\Microsoft.Common.CurrentVersion.targets(2437,5): warning MSB3277:             Squirrel, Version=1.4.3.0, Culture=neutral, processorArchitecture=MSIL [C:\Users\WilliamForney\source\repos\wforney\OpenLiveWriter\src\managed\OpenLiveWriter\OpenLiveWriter.csproj]
C:\Program Files\Microsoft Visual Studio\18\Enterprise\MSBuild\Current\Bin\Microsoft.Common.CurrentVersion.targets(2437,5): warning MSB3277:             Microsoft.Threading.Tasks.Extensions.Desktop, Version=1.0.168.0, Culture=neutral, PublicKeyToken=b03f5f7f11d50a3a, processorArchitecture=MSIL [C:\Users\WilliamForney\source\repos\wforney\OpenLiveWriter\src\managed\OpenLiveWriter\OpenLiveWriter.csproj]
C:\Program Files\Microsoft Visual Studio\18\Enterprise\MSBuild\Current\Bin\Microsoft.Common.CurrentVersion.targets(2437,5): warning MSB3277:             NuGet.Squirrel, Version=3.0.0.0, Culture=neutral, processorArchitecture=MSIL [C:\Users\WilliamForney\source\repos\wforney\OpenLiveWriter\src\managed\OpenLiveWriter\OpenLiveWriter.csproj]
C:\Program Files\Microsoft Visual Studio\18\Enterprise\MSBuild\Current\Bin\Microsoft.Common.CurrentVersion.targets(2437,5): warning MSB3277:             Splat, Version=2.0.0.0, Culture=neutral, processorArchitecture=MSIL [C:\Users\WilliamForney\source\repos\wforney\OpenLiveWriter\src\managed\OpenLiveWriter\OpenLiveWriter.csproj]
C:\Program Files\Microsoft Visual Studio\18\Enterprise\MSBuild\Current\Bin\Microsoft.Common.CurrentVersion.targets(2437,5): warning MSB3277:             System.Data [C:\Users\WilliamForney\source\repos\wforney\OpenLiveWriter\src\managed\OpenLiveWriter\OpenLiveWriter.csproj]
C:\Program Files\Microsoft Visual Studio\18\Enterprise\MSBuild\Current\Bin\Microsoft.Common.CurrentVersion.targets(2437,5): warning MSB3277:         C:\Windows\Microsoft.Net\assembly\GAC_MSIL\Microsoft.Build.Utilities.v4.0\v4.0_4.0.0.0__b03f5f7f11d50a3a\Microsoft.Build.Utilities.v4.0.dll [C:\Users\WilliamForney\source\repos\wforney\OpenLiveWriter\src\managed\OpenLiveWriter\OpenLiveWriter.csproj]
C:\Program Files\Microsoft Visual Studio\18\Enterprise\MSBuild\Current\Bin\Microsoft.Common.CurrentVersion.targets(2437,5): warning MSB3277:           Project file item includes which caused reference "C:\Windows\Microsoft.Net\assembly\GAC_MSIL\Microsoft.Build.Utilities.v4.0\v4.0_4.0.0.0__b03f5f7f11d50a3a\Microsoft.Build.Utilities.v4.0.dll". [C:\Users\WilliamForney\source\repos\wforney\OpenLiveWriter\src\managed\OpenLiveWriter\OpenLiveWriter.csproj]
C:\Program Files\Microsoft Visual Studio\18\Enterprise\MSBuild\Current\Bin\Microsoft.Common.CurrentVersion.targets(2437,5): warning MSB3277:             C:\Users\WilliamForney\source\repos\wforney\OpenLiveWriter\src\managed\bin\Debug\i386\Writer\OpenLiveWriter.PostEditor.dll [C:\Users\WilliamForney\source\repos\wforney\OpenLiveWriter\src\managed\OpenLiveWriter\OpenLiveWriter.csproj]
C:\Program Files\Microsoft Visual Studio\18\Enterprise\MSBuild\Current\Bin\Microsoft.Common.CurrentVersion.targets(2437,5): warning MSB3277:             C:\Users\WilliamForney\source\repos\wforney\OpenLiveWriter\src\managed\bin\Debug\i386\Writer\OpenLiveWriter.BlogClient.dll [C:\Users\WilliamForney\source\repos\wforney\OpenLiveWriter\src\managed\OpenLiveWriter\OpenLiveWriter.csproj]
C:\Program Files\Microsoft Visual Studio\18\Enterprise\MSBuild\Current\Bin\Microsoft.Common.CurrentVersion.targets(2437,5): warning MSB3277:             C:\Users\WilliamForney\source\repos\wforney\OpenLiveWriter\src\managed\bin\Debug\i386\Writer\OpenLiveWriter.CoreServices.dll [C:\Users\WilliamForney\source\repos\wforney\OpenLiveWriter\src\managed\OpenLiveWriter\OpenLiveWriter.csproj]
C:\Program Files\Microsoft Visual Studio\18\Enterprise\MSBuild\Current\Bin\Microsoft.Common.CurrentVersion.targets(2437,5): warning MSB3277:             C:\Users\WilliamForney\source\repos\wforney\OpenLiveWriter\src\managed\bin\Debug\i386\Writer\OpenLiveWriter.Api.dll [C:\Users\WilliamForney\source\repos\wforney\OpenLiveWriter\src\managed\OpenLiveWriter\OpenLiveWriter.csproj]
C:\Program Files\Microsoft Visual Studio\18\Enterprise\MSBuild\Current\Bin\Microsoft.Common.CurrentVersion.targets(2437,5): warning MSB3277:             C:\Users\WilliamForney\source\repos\wforney\OpenLiveWriter\src\managed\bin\Debug\i386\Writer\OpenLiveWriter.ApplicationFramework.dll [C:\Users\WilliamForney\source\repos\wforney\OpenLiveWriter\src\managed\OpenLiveWriter\OpenLiveWriter.csproj]
C:\Program Files\Microsoft Visual Studio\18\Enterprise\MSBuild\Current\Bin\Microsoft.Common.CurrentVersion.targets(2437,5): warning MSB3277:             C:\Users\WilliamForney\source\repos\wforney\OpenLiveWriter\src\managed\bin\Debug\i386\Writer\OpenLiveWriter.Controls.dll [C:\Users\WilliamForney\source\repos\wforney\OpenLiveWriter\src\managed\OpenLiveWriter\OpenLiveWriter.csproj]
C:\Program Files\Microsoft Visual Studio\18\Enterprise\MSBuild\Current\Bin\Microsoft.Common.CurrentVersion.targets(2437,5): warning MSB3277:             Squirrel, Version=1.4.3.0, Culture=neutral, processorArchitecture=MSIL [C:\Users\WilliamForney\source\repos\wforney\OpenLiveWriter\src\managed\OpenLiveWriter\OpenLiveWriter.csproj]
C:\Program Files\Microsoft Visual Studio\18\Enterprise\MSBuild\Current\Bin\Microsoft.Common.CurrentVersion.targets(2437,5): warning MSB3277:             Microsoft.Threading.Tasks.Extensions.Desktop, Version=1.0.168.0, Culture=neutral, PublicKeyToken=b03f5f7f11d50a3a, processorArchitecture=MSIL [C:\Users\WilliamForney\source\repos\wforney\OpenLiveWriter\src\managed\OpenLiveWriter\OpenLiveWriter.csproj]
C:\Program Files\Microsoft Visual Studio\18\Enterprise\MSBuild\Current\Bin\Microsoft.Common.CurrentVersion.targets(2437,5): warning MSB3277:             NuGet.Squirrel, Version=3.0.0.0, Culture=neutral, processorArchitecture=MSIL [C:\Users\WilliamForney\source\repos\wforney\OpenLiveWriter\src\managed\OpenLiveWriter\OpenLiveWriter.csproj]
C:\Program Files\Microsoft Visual Studio\18\Enterprise\MSBuild\Current\Bin\Microsoft.Common.CurrentVersion.targets(2437,5): warning MSB3277:             System.Data [C:\Users\WilliamForney\source\repos\wforney\OpenLiveWriter\src\managed\OpenLiveWriter\OpenLiveWriter.csproj]
C:\Program Files\Microsoft Visual Studio\18\Enterprise\MSBuild\Current\Bin\Microsoft.Common.CurrentVersion.targets(2437,5): warning MSB3277:         C:\Windows\Microsoft.Net\assembly\GAC_MSIL\Microsoft.Build.Tasks.v4.0\v4.0_4.0.0.0__b03f5f7f11d50a3a\Microsoft.Build.Tasks.v4.0.dll [C:\Users\WilliamForney\source\repos\wforney\OpenLiveWriter\src\managed\OpenLiveWriter\OpenLiveWriter.csproj]
C:\Program Files\Microsoft Visual Studio\18\Enterprise\MSBuild\Current\Bin\Microsoft.Common.CurrentVersion.targets(2437,5): warning MSB3277:           Project file item includes which caused reference "C:\Windows\Microsoft.Net\assembly\GAC_MSIL\Microsoft.Build.Tasks.v4.0\v4.0_4.0.0.0__b03f5f7f11d50a3a\Microsoft.Build.Tasks.v4.0.dll". [C:\Users\WilliamForney\source\repos\wforney\OpenLiveWriter\src\managed\OpenLiveWriter\OpenLiveWriter.csproj]
C:\Program Files\Microsoft Visual Studio\18\Enterprise\MSBuild\Current\Bin\Microsoft.Common.CurrentVersion.targets(2437,5): warning MSB3277:             C:\Users\WilliamForney\source\repos\wforney\OpenLiveWriter\src\managed\bin\Debug\i386\Writer\OpenLiveWriter.PostEditor.dll [C:\Users\WilliamForney\source\repos\wforney\OpenLiveWriter\src\managed\OpenLiveWriter\OpenLiveWriter.csproj]
C:\Program Files\Microsoft Visual Studio\18\Enterprise\MSBuild\Current\Bin\Microsoft.Common.CurrentVersion.targets(2437,5): warning MSB3277:             C:\Users\WilliamForney\source\repos\wforney\OpenLiveWriter\src\managed\bin\Debug\i386\Writer\OpenLiveWriter.BlogClient.dll [C:\Users\WilliamForney\source\repos\wforney\OpenLiveWriter\src\managed\OpenLiveWriter\OpenLiveWriter.csproj]
C:\Program Files\Microsoft Visual Studio\18\Enterprise\MSBuild\Current\Bin\Microsoft.Common.CurrentVersion.targets(2437,5): warning MSB3277:             C:\Users\WilliamForney\source\repos\wforney\OpenLiveWriter\src\managed\bin\Debug\i386\Writer\OpenLiveWriter.CoreServices.dll [C:\Users\WilliamForney\source\repos\wforney\OpenLiveWriter\src\managed\OpenLiveWriter\OpenLiveWriter.csproj]
C:\Program Files\Microsoft Visual Studio\18\Enterprise\MSBuild\Current\Bin\Microsoft.Common.CurrentVersion.targets(2437,5): warning MSB3277:             C:\Users\WilliamForney\source\repos\wforney\OpenLiveWriter\src\managed\bin\Debug\i386\Writer\OpenLiveWriter.Api.dll [C:\Users\WilliamForney\source\repos\wforney\OpenLiveWriter\src\managed\OpenLiveWriter\OpenLiveWriter.csproj]
C:\Program Files\Microsoft Visual Studio\18\Enterprise\MSBuild\Current\Bin\Microsoft.Common.CurrentVersion.targets(2437,5): warning MSB3277:             C:\Users\WilliamForney\source\repos\wforney\OpenLiveWriter\src\managed\bin\Debug\i386\Writer\OpenLiveWriter.ApplicationFramework.dll [C:\Users\WilliamForney\source\repos\wforney\OpenLiveWriter\src\managed\OpenLiveWriter\OpenLiveWriter.csproj]
C:\Program Files\Microsoft Visual Studio\18\Enterprise\MSBuild\Current\Bin\Microsoft.Common.CurrentVersion.targets(2437,5): warning MSB3277:             C:\Users\WilliamForney\source\repos\wforney\OpenLiveWriter\src\managed\bin\Debug\i386\Writer\OpenLiveWriter.Controls.dll [C:\Users\WilliamForney\source\repos\wforney\OpenLiveWriter\src\managed\OpenLiveWriter\OpenLiveWriter.csproj]
C:\Program Files\Microsoft Visual Studio\18\Enterprise\MSBuild\Current\Bin\Microsoft.Common.CurrentVersion.targets(2437,5): warning MSB3277:             Squirrel, Version=1.4.3.0, Culture=neutral, processorArchitecture=MSIL [C:\Users\WilliamForney\source\repos\wforney\OpenLiveWriter\src\managed\OpenLiveWriter\OpenLiveWriter.csproj]
C:\Program Files\Microsoft Visual Studio\18\Enterprise\MSBuild\Current\Bin\Microsoft.Common.CurrentVersion.targets(2437,5): warning MSB3277:             Microsoft.Threading.Tasks.Extensions.Desktop, Version=1.0.168.0, Culture=neutral, PublicKeyToken=b03f5f7f11d50a3a, processorArchitecture=MSIL [C:\Users\WilliamForney\source\repos\wforney\OpenLiveWriter\src\managed\OpenLiveWriter\OpenLiveWriter.csproj]
C:\Program Files\Microsoft Visual Studio\18\Enterprise\MSBuild\Current\Bin\Microsoft.Common.CurrentVersion.targets(2437,5): warning MSB3277:             NuGet.Squirrel, Version=3.0.0.0, Culture=neutral, processorArchitecture=MSIL [C:\Users\WilliamForney\source\repos\wforney\OpenLiveWriter\src\managed\OpenLiveWriter\OpenLiveWriter.csproj]
C:\Program Files\Microsoft Visual Studio\18\Enterprise\MSBuild\Current\Bin\Microsoft.Common.CurrentVersion.targets(2437,5): warning MSB3277:             System.Data [C:\Users\WilliamForney\source\repos\wforney\OpenLiveWriter\src\managed\OpenLiveWriter\OpenLiveWriter.csproj]
C:\Program Files\Microsoft Visual Studio\18\Enterprise\MSBuild\Current\Bin\Microsoft.Common.CurrentVersion.targets(2437,5): warning MSB3277:         C:\Windows\Microsoft.Net\assembly\GAC_MSIL\System.IdentityModel\v4.0_4.0.0.0__b77a5c561934e089\System.IdentityModel.dll [C:\Users\WilliamForney\source\repos\wforney\OpenLiveWriter\src\managed\OpenLiveWriter\OpenLiveWriter.csproj]
C:\Program Files\Microsoft Visual Studio\18\Enterprise\MSBuild\Current\Bin\Microsoft.Common.CurrentVersion.targets(2437,5): warning MSB3277:           Project file item includes which caused reference "C:\Windows\Microsoft.Net\assembly\GAC_MSIL\System.IdentityModel\v4.0_4.0.0.0__b77a5c561934e089\System.IdentityModel.dll". [C:\Users\WilliamForney\source\repos\wforney\OpenLiveWriter\src\managed\OpenLiveWriter\OpenLiveWriter.csproj]
C:\Program Files\Microsoft Visual Studio\18\Enterprise\MSBuild\Current\Bin\Microsoft.Common.CurrentVersion.targets(2437,5): warning MSB3277:             Microsoft.Threading.Tasks.Extensions.Desktop, Version=1.0.168.0, Culture=neutral, PublicKeyToken=b03f5f7f11d50a3a, processorArchitecture=MSIL [C:\Users\WilliamForney\source\repos\wforney\OpenLiveWriter\src\managed\OpenLiveWriter\OpenLiveWriter.csproj]
C:\Program Files\Microsoft Visual Studio\18\Enterprise\MSBuild\Current\Bin\Microsoft.Common.CurrentVersion.targets(2437,5): warning MSB3277:             NuGet.Squirrel, Version=3.0.0.0, Culture=neutral, processorArchitecture=MSIL [C:\Users\WilliamForney\source\repos\wforney\OpenLiveWriter\src\managed\OpenLiveWriter\OpenLiveWriter.csproj]
C:\Program Files\Microsoft Visual Studio\18\Enterprise\MSBuild\Current\Bin\Microsoft.Common.CurrentVersion.targets(2437,5): warning MSB3277:             C:\Users\WilliamForney\source\repos\wforney\OpenLiveWriter\src\managed\bin\Debug\i386\Writer\OpenLiveWriter.PostEditor.dll [C:\Users\WilliamForney\source\repos\wforney\OpenLiveWriter\src\managed\OpenLiveWriter\OpenLiveWriter.csproj]
C:\Program Files\Microsoft Visual Studio\18\Enterprise\MSBuild\Current\Bin\Microsoft.Common.CurrentVersion.targets(2437,5): warning MSB3277:             Squirrel, Version=1.4.3.0, Culture=neutral, processorArchitecture=MSIL [C:\Users\WilliamForney\source\repos\wforney\OpenLiveWriter\src\managed\OpenLiveWriter\OpenLiveWriter.csproj]
C:\Program Files\Microsoft Visual Studio\18\Enterprise\MSBuild\Current\Bin\Microsoft.Common.CurrentVersion.targets(2437,5): warning MSB3277:         C:\Windows\Microsoft.Net\assembly\GAC_MSIL\System.Runtime.DurableInstancing\v4.0_4.0.0.0__31bf3856ad364e35\System.Runtime.DurableInstancing.dll [C:\Users\WilliamForney\source\repos\wforney\OpenLiveWriter\src\managed\OpenLiveWriter\OpenLiveWriter.csproj]
C:\Program Files\Microsoft Visual Studio\18\Enterprise\MSBuild\Current\Bin\Microsoft.Common.CurrentVersion.targets(2437,5): warning MSB3277:           Project file item includes which caused reference "C:\Windows\Microsoft.Net\assembly\GAC_MSIL\System.Runtime.DurableInstancing\v4.0_4.0.0.0__31bf3856ad364e35\System.Runtime.DurableInstancing.dll". [C:\Users\WilliamForney\source\repos\wforney\OpenLiveWriter\src\managed\OpenLiveWriter\OpenLiveWriter.csproj]
C:\Program Files\Microsoft Visual Studio\18\Enterprise\MSBuild\Current\Bin\Microsoft.Common.CurrentVersion.targets(2437,5): warning MSB3277:             Microsoft.Threading.Tasks.Extensions.Desktop, Version=1.0.168.0, Culture=neutral, PublicKeyToken=b03f5f7f11d50a3a, processorArchitecture=MSIL [C:\Users\WilliamForney\source\repos\wforney\OpenLiveWriter\src\managed\OpenLiveWriter\OpenLiveWriter.csproj]
C:\Program Files\Microsoft Visual Studio\18\Enterprise\MSBuild\Current\Bin\Microsoft.Common.CurrentVersion.targets(2437,5): warning MSB3277:             NuGet.Squirrel, Version=3.0.0.0, Culture=neutral, processorArchitecture=MSIL [C:\Users\WilliamForney\source\repos\wforney\OpenLiveWriter\src\managed\OpenLiveWriter\OpenLiveWriter.csproj]
C:\Program Files\Microsoft Visual Studio\18\Enterprise\MSBuild\Current\Bin\Microsoft.Common.CurrentVersion.targets(2437,5): warning MSB3277:             C:\Users\WilliamForney\source\repos\wforney\OpenLiveWriter\src\managed\bin\Debug\i386\Writer\OpenLiveWriter.PostEditor.dll [C:\Users\WilliamForney\source\repos\wforney\OpenLiveWriter\src\managed\OpenLiveWriter\OpenLiveWriter.csproj]
C:\Program Files\Microsoft Visual Studio\18\Enterprise\MSBuild\Current\Bin\Microsoft.Common.CurrentVersion.targets(2437,5): warning MSB3277:             Squirrel, Version=1.4.3.0, Culture=neutral, processorArchitecture=MSIL [C:\Users\WilliamForney\source\repos\wforney\OpenLiveWriter\src\managed\OpenLiveWriter\OpenLiveWriter.csproj]
C:\Program Files\Microsoft Visual Studio\18\Enterprise\MSBuild\Current\Bin\Microsoft.Common.CurrentVersion.targets(2437,5): warning MSB3277:         C:\Windows\Microsoft.Net\assembly\GAC_MSIL\System.ServiceModel.Activation\v4.0_4.0.0.0__31bf3856ad364e35\System.ServiceModel.Activation.dll [C:\Users\WilliamForney\source\repos\wforney\OpenLiveWriter\src\managed\OpenLiveWriter\OpenLiveWriter.csproj]
C:\Program Files\Microsoft Visual Studio\18\Enterprise\MSBuild\Current\Bin\Microsoft.Common.CurrentVersion.targets(2437,5): warning MSB3277:           Project file item includes which caused reference "C:\Windows\Microsoft.Net\assembly\GAC_MSIL\System.ServiceModel.Activation\v4.0_4.0.0.0__31bf3856ad364e35\System.ServiceModel.Activation.dll". [C:\Users\WilliamForney\source\repos\wforney\OpenLiveWriter\src\managed\OpenLiveWriter\OpenLiveWriter.csproj]
C:\Program Files\Microsoft Visual Studio\18\Enterprise\MSBuild\Current\Bin\Microsoft.Common.CurrentVersion.targets(2437,5): warning MSB3277:             Microsoft.Threading.Tasks.Extensions.Desktop, Version=1.0.168.0, Culture=neutral, PublicKeyToken=b03f5f7f11d50a3a, processorArchitecture=MSIL [C:\Users\WilliamForney\source\repos\wforney\OpenLiveWriter\src\managed\OpenLiveWriter\OpenLiveWriter.csproj]
C:\Program Files\Microsoft Visual Studio\18\Enterprise\MSBuild\Current\Bin\Microsoft.Common.CurrentVersion.targets(2437,5): warning MSB3277:             NuGet.Squirrel, Version=3.0.0.0, Culture=neutral, processorArchitecture=MSIL [C:\Users\WilliamForney\source\repos\wforney\OpenLiveWriter\src\managed\OpenLiveWriter\OpenLiveWriter.csproj]
C:\Program Files\Microsoft Visual Studio\18\Enterprise\MSBuild\Current\Bin\Microsoft.Common.CurrentVersion.targets(2437,5): warning MSB3277:             C:\Users\WilliamForney\source\repos\wforney\OpenLiveWriter\src\managed\bin\Debug\i386\Writer\OpenLiveWriter.PostEditor.dll [C:\Users\WilliamForney\source\repos\wforney\OpenLiveWriter\src\managed\OpenLiveWriter\OpenLiveWriter.csproj]
C:\Program Files\Microsoft Visual Studio\18\Enterprise\MSBuild\Current\Bin\Microsoft.Common.CurrentVersion.targets(2437,5): warning MSB3277:             Squirrel, Version=1.4.3.0, Culture=neutral, processorArchitecture=MSIL [C:\Users\WilliamForney\source\repos\wforney\OpenLiveWriter\src\managed\OpenLiveWriter\OpenLiveWriter.csproj]
C:\Program Files\Microsoft Visual Studio\18\Enterprise\MSBuild\Current\Bin\Microsoft.Common.CurrentVersion.targets(2437,5): warning MSB3277:         C:\Windows\Microsoft.Net\assembly\GAC_MSIL\System.Dynamic\v4.0_4.0.0.0__b03f5f7f11d50a3a\System.Dynamic.dll [C:\Users\WilliamForney\source\repos\wforney\OpenLiveWriter\src\managed\OpenLiveWriter\OpenLiveWriter.csproj]
C:\Program Files\Microsoft Visual Studio\18\Enterprise\MSBuild\Current\Bin\Microsoft.Common.CurrentVersion.targets(2437,5): warning MSB3277:           Project file item includes which caused reference "C:\Windows\Microsoft.Net\assembly\GAC_MSIL\System.Dynamic\v4.0_4.0.0.0__b03f5f7f11d50a3a\System.Dynamic.dll". [C:\Users\WilliamForney\source\repos\wforney\OpenLiveWriter\src\managed\OpenLiveWriter\OpenLiveWriter.csproj]
C:\Program Files\Microsoft Visual Studio\18\Enterprise\MSBuild\Current\Bin\Microsoft.Common.CurrentVersion.targets(2437,5): warning MSB3277:             NuGet.Squirrel, Version=3.0.0.0, Culture=neutral, processorArchitecture=MSIL [C:\Users\WilliamForney\source\repos\wforney\OpenLiveWriter\src\managed\OpenLiveWriter\OpenLiveWriter.csproj]
C:\Program Files\Microsoft Visual Studio\18\Enterprise\MSBuild\Current\Bin\Microsoft.Common.CurrentVersion.targets(2437,5): warning MSB3277:             C:\Users\WilliamForney\source\repos\wforney\OpenLiveWriter\src\managed\bin\Debug\i386\Writer\OpenLiveWriter.PostEditor.dll [C:\Users\WilliamForney\source\repos\wforney\OpenLiveWriter\src\managed\OpenLiveWriter\OpenLiveWriter.csproj]
C:\Program Files\Microsoft Visual Studio\18\Enterprise\MSBuild\Current\Bin\Microsoft.Common.CurrentVersion.targets(2437,5): warning MSB3277:             Squirrel, Version=1.4.3.0, Culture=neutral, processorArchitecture=MSIL [C:\Users\WilliamForney\source\repos\wforney\OpenLiveWriter\src\managed\OpenLiveWriter\OpenLiveWriter.csproj]
C:\Program Files\Microsoft Visual Studio\18\Enterprise\MSBuild\Current\Bin\Microsoft.Common.CurrentVersion.targets(2437,5): warning MSB3277:         C:\Windows\Microsoft.Net\assembly\GAC_MSIL\System.Windows.Input.Manipulations\v4.0_4.0.0.0__b77a5c561934e089\System.Windows.Input.Manipulations.dll [C:\Users\WilliamForney\source\repos\wforney\OpenLiveWriter\src\managed\OpenLiveWriter\OpenLiveWriter.csproj]
C:\Program Files\Microsoft Visual Studio\18\Enterprise\MSBuild\Current\Bin\Microsoft.Common.CurrentVersion.targets(2437,5): warning MSB3277:           Project file item includes which caused reference "C:\Windows\Microsoft.Net\assembly\GAC_MSIL\System.Windows.Input.Manipulations\v4.0_4.0.0.0__b77a5c561934e089\System.Windows.Input.Manipulations.dll". [C:\Users\WilliamForney\source\repos\wforney\OpenLiveWriter\src\managed\OpenLiveWriter\OpenLiveWriter.csproj]
C:\Program Files\Microsoft Visual Studio\18\Enterprise\MSBuild\Current\Bin\Microsoft.Common.CurrentVersion.targets(2437,5): warning MSB3277:             Splat, Version=2.0.0.0, Culture=neutral, processorArchitecture=MSIL [C:\Users\WilliamForney\source\repos\wforney\OpenLiveWriter\src\managed\OpenLiveWriter\OpenLiveWriter.csproj]
C:\Program Files\Microsoft Visual Studio\18\Enterprise\MSBuild\Current\Bin\Microsoft.Common.CurrentVersion.targets(2437,5): warning MSB3277:         C:\Windows\Microsoft.Net\assembly\GAC_MSIL\System.ComponentModel.Composition\v4.0_4.0.0.0__b77a5c561934e089\System.ComponentModel.Composition.dll [C:\Users\WilliamForney\source\repos\wforney\OpenLiveWriter\src\managed\OpenLiveWriter\OpenLiveWriter.csproj]
C:\Program Files\Microsoft Visual Studio\18\Enterprise\MSBuild\Current\Bin\Microsoft.Common.CurrentVersion.targets(2437,5): warning MSB3277:           Project file item includes which caused reference "C:\Windows\Microsoft.Net\assembly\GAC_MSIL\System.ComponentModel.Composition\v4.0_4.0.0.0__b77a5c561934e089\System.ComponentModel.Composition.dll". [C:\Users\WilliamForney\source\repos\wforney\OpenLiveWriter\src\managed\OpenLiveWriter\OpenLiveWriter.csproj]
C:\Program Files\Microsoft Visual Studio\18\Enterprise\MSBuild\Current\Bin\Microsoft.Common.CurrentVersion.targets(2437,5): warning MSB3277:             System.Net.Http.Primitives, Version=4.2.29.0, Culture=neutral, PublicKeyToken=b03f5f7f11d50a3a, processorArchitecture=MSIL [C:\Users\WilliamForney\source\repos\wforney\OpenLiveWriter\src\managed\OpenLiveWriter\OpenLiveWriter.csproj]
C:\Program Files\Microsoft Visual Studio\18\Enterprise\MSBuild\Current\Bin\Microsoft.Common.CurrentVersion.targets(2437,5): warning MSB3277:         C:\Windows\Microsoft.Net\assembly\GAC_MSIL\System.ServiceModel.Activities\v4.0_4.0.0.0__31bf3856ad364e35\System.ServiceModel.Activities.dll [C:\Users\WilliamForney\source\repos\wforney\OpenLiveWriter\src\managed\OpenLiveWriter\OpenLiveWriter.csproj]
C:\Program Files\Microsoft Visual Studio\18\Enterprise\MSBuild\Current\Bin\Microsoft.Common.CurrentVersion.targets(2437,5): warning MSB3277:           Project file item includes which caused reference "C:\Windows\Microsoft.Net\assembly\GAC_MSIL\System.ServiceModel.Activities\v4.0_4.0.0.0__31bf3856ad364e35\System.ServiceModel.Activities.dll". [C:\Users\WilliamForney\source\repos\wforney\OpenLiveWriter\src\managed\OpenLiveWriter\OpenLiveWriter.csproj]
C:\Program Files\Microsoft Visual Studio\18\Enterprise\MSBuild\Current\Bin\Microsoft.Common.CurrentVersion.targets(2437,5): warning MSB3277:             Microsoft.Threading.Tasks.Extensions.Desktop, Version=1.0.168.0, Culture=neutral, PublicKeyToken=b03f5f7f11d50a3a, processorArchitecture=MSIL [C:\Users\WilliamForney\source\repos\wforney\OpenLiveWriter\src\managed\OpenLiveWriter\OpenLiveWriter.csproj]
C:\Program Files\Microsoft Visual Studio\18\Enterprise\MSBuild\Current\Bin\Microsoft.Common.CurrentVersion.targets(2437,5): warning MSB3277:             NuGet.Squirrel, Version=3.0.0.0, Culture=neutral, processorArchitecture=MSIL [C:\Users\WilliamForney\source\repos\wforney\OpenLiveWriter\src\managed\OpenLiveWriter\OpenLiveWriter.csproj]
C:\Program Files\Microsoft Visual Studio\18\Enterprise\MSBuild\Current\Bin\Microsoft.Common.CurrentVersion.targets(2437,5): warning MSB3277:             C:\Users\WilliamForney\source\repos\wforney\OpenLiveWriter\src\managed\bin\Debug\i386\Writer\OpenLiveWriter.PostEditor.dll [C:\Users\WilliamForney\source\repos\wforney\OpenLiveWriter\src\managed\OpenLiveWriter\OpenLiveWriter.csproj]
C:\Program Files\Microsoft Visual Studio\18\Enterprise\MSBuild\Current\Bin\Microsoft.Common.CurrentVersion.targets(2437,5): warning MSB3277:             Squirrel, Version=1.4.3.0, Culture=neutral, processorArchitecture=MSIL [C:\Users\WilliamForney\source\repos\wforney\OpenLiveWriter\src\managed\OpenLiveWriter\OpenLiveWriter.csproj]
C:\Program Files\Microsoft Visual Studio\18\Enterprise\MSBuild\Current\Bin\Microsoft.Common.CurrentVersion.targets(2437,5): warning MSB3277:         C:\Windows\Microsoft.Net\assembly\GAC_MSIL\System.Activities\v4.0_4.0.0.0__31bf3856ad364e35\System.Activities.dll [C:\Users\WilliamForney\source\repos\wforney\OpenLiveWriter\src\managed\OpenLiveWriter\OpenLiveWriter.csproj]
C:\Program Files\Microsoft Visual Studio\18\Enterprise\MSBuild\Current\Bin\Microsoft.Common.CurrentVersion.targets(2437,5): warning MSB3277:           Project file item includes which caused reference "C:\Windows\Microsoft.Net\assembly\GAC_MSIL\System.Activities\v4.0_4.0.0.0__31bf3856ad364e35\System.Activities.dll". [C:\Users\WilliamForney\source\repos\wforney\OpenLiveWriter\src\managed\OpenLiveWriter\OpenLiveWriter.csproj]
C:\Program Files\Microsoft Visual Studio\18\Enterprise\MSBuild\Current\Bin\Microsoft.Common.CurrentVersion.targets(2437,5): warning MSB3277:             Microsoft.Threading.Tasks.Extensions.Desktop, Version=1.0.168.0, Culture=neutral, PublicKeyToken=b03f5f7f11d50a3a, processorArchitecture=MSIL [C:\Users\WilliamForney\source\repos\wforney\OpenLiveWriter\src\managed\OpenLiveWriter\OpenLiveWriter.csproj]
C:\Program Files\Microsoft Visual Studio\18\Enterprise\MSBuild\Current\Bin\Microsoft.Common.CurrentVersion.targets(2437,5): warning MSB3277:             NuGet.Squirrel, Version=3.0.0.0, Culture=neutral, processorArchitecture=MSIL [C:\Users\WilliamForney\source\repos\wforney\OpenLiveWriter\src\managed\OpenLiveWriter\OpenLiveWriter.csproj]
C:\Program Files\Microsoft Visual Studio\18\Enterprise\MSBuild\Current\Bin\Microsoft.Common.CurrentVersion.targets(2437,5): warning MSB3277:             C:\Users\WilliamForney\source\repos\wforney\OpenLiveWriter\src\managed\bin\Debug\i386\Writer\OpenLiveWriter.PostEditor.dll [C:\Users\WilliamForney\source\repos\wforney\OpenLiveWriter\src\managed\OpenLiveWriter\OpenLiveWriter.csproj]
C:\Program Files\Microsoft Visual Studio\18\Enterprise\MSBuild\Current\Bin\Microsoft.Common.CurrentVersion.targets(2437,5): warning MSB3277:             Squirrel, Version=1.4.3.0, Culture=neutral, processorArchitecture=MSIL [C:\Users\WilliamForney\source\repos\wforney\OpenLiveWriter\src\managed\OpenLiveWriter\OpenLiveWriter.csproj]
C:\Program Files\Microsoft Visual Studio\18\Enterprise\MSBuild\Current\Bin\Microsoft.Common.CurrentVersion.targets(2437,5): warning MSB3277:         C:\Windows\Microsoft.Net\assembly\GAC_MSIL\System.Activities.DurableInstancing\v4.0_4.0.0.0__31bf3856ad364e35\System.Activities.DurableInstancing.dll [C:\Users\WilliamForney\source\repos\wforney\OpenLiveWriter\src\managed\OpenLiveWriter\OpenLiveWriter.csproj]
C:\Program Files\Microsoft Visual Studio\18\Enterprise\MSBuild\Current\Bin\Microsoft.Common.CurrentVersion.targets(2437,5): warning MSB3277:           Project file item includes which caused reference "C:\Windows\Microsoft.Net\assembly\GAC_MSIL\System.Activities.DurableInstancing\v4.0_4.0.0.0__31bf3856ad364e35\System.Activities.DurableInstancing.dll". [C:\Users\WilliamForney\source\repos\wforney\OpenLiveWriter\src\managed\OpenLiveWriter\OpenLiveWriter.csproj]
C:\Program Files\Microsoft Visual Studio\18\Enterprise\MSBuild\Current\Bin\Microsoft.Common.CurrentVersion.targets(2437,5): warning MSB3277:             Microsoft.Threading.Tasks.Extensions.Desktop, Version=1.0.168.0, Culture=neutral, PublicKeyToken=b03f5f7f11d50a3a, processorArchitecture=MSIL [C:\Users\WilliamForney\source\repos\wforney\OpenLiveWriter\src\managed\OpenLiveWriter\OpenLiveWriter.csproj]
C:\Program Files\Microsoft Visual Studio\18\Enterprise\MSBuild\Current\Bin\Microsoft.Common.CurrentVersion.targets(2437,5): warning MSB3277:             NuGet.Squirrel, Version=3.0.0.0, Culture=neutral, processorArchitecture=MSIL [C:\Users\WilliamForney\source\repos\wforney\OpenLiveWriter\src\managed\OpenLiveWriter\OpenLiveWriter.csproj]
C:\Program Files\Microsoft Visual Studio\18\Enterprise\MSBuild\Current\Bin\Microsoft.Common.CurrentVersion.targets(2437,5): warning MSB3277:             C:\Users\WilliamForney\source\repos\wforney\OpenLiveWriter\src\managed\bin\Debug\i386\Writer\OpenLiveWriter.PostEditor.dll [C:\Users\WilliamForney\source\repos\wforney\OpenLiveWriter\src\managed\OpenLiveWriter\OpenLiveWriter.csproj]
C:\Program Files\Microsoft Visual Studio\18\Enterprise\MSBuild\Current\Bin\Microsoft.Common.CurrentVersion.targets(2437,5): warning MSB3277:             Squirrel, Version=1.4.3.0, Culture=neutral, processorArchitecture=MSIL [C:\Users\WilliamForney\source\repos\wforney\OpenLiveWriter\src\managed\OpenLiveWriter\OpenLiveWriter.csproj]
C:\Program Files\Microsoft Visual Studio\18\Enterprise\MSBuild\Current\Bin\Microsoft.Common.CurrentVersion.targets(2437,5): warning MSB3277:         C:\Windows\Microsoft.Net\assembly\GAC_32\Microsoft.VisualBasic.Activities.Compiler\v4.0_10.0.0.0__b03f5f7f11d50a3a\Microsoft.VisualBasic.Activities.Compiler.dll [C:\Users\WilliamForney\source\repos\wforney\OpenLiveWriter\src\managed\OpenLiveWriter\OpenLiveWriter.csproj]
C:\Program Files\Microsoft Visual Studio\18\Enterprise\MSBuild\Current\Bin\Microsoft.Common.CurrentVersion.targets(2437,5): warning MSB3277:           Project file item includes which caused reference "C:\Windows\Microsoft.Net\assembly\GAC_32\Microsoft.VisualBasic.Activities.Compiler\v4.0_10.0.0.0__b03f5f7f11d50a3a\Microsoft.VisualBasic.Activities.Compiler.dll". [C:\Users\WilliamForney\source\repos\wforney\OpenLiveWriter\src\managed\OpenLiveWriter\OpenLiveWriter.csproj]
C:\Program Files\Microsoft Visual Studio\18\Enterprise\MSBuild\Current\Bin\Microsoft.Common.CurrentVersion.targets(2437,5): warning MSB3277:             Microsoft.Threading.Tasks.Extensions.Desktop, Version=1.0.168.0, Culture=neutral, PublicKeyToken=b03f5f7f11d50a3a, processorArchitecture=MSIL [C:\Users\WilliamForney\source\repos\wforney\OpenLiveWriter\src\managed\OpenLiveWriter\OpenLiveWriter.csproj]
C:\Program Files\Microsoft Visual Studio\18\Enterprise\MSBuild\Current\Bin\Microsoft.Common.CurrentVersion.targets(2437,5): warning MSB3277:             NuGet.Squirrel, Version=3.0.0.0, Culture=neutral, processorArchitecture=MSIL [C:\Users\WilliamForney\source\repos\wforney\OpenLiveWriter\src\managed\OpenLiveWriter\OpenLiveWriter.csproj]
C:\Program Files\Microsoft Visual Studio\18\Enterprise\MSBuild\Current\Bin\Microsoft.Common.CurrentVersion.targets(2437,5): warning MSB3277:             C:\Users\WilliamForney\source\repos\wforney\OpenLiveWriter\src\managed\bin\Debug\i386\Writer\OpenLiveWriter.PostEditor.dll [C:\Users\WilliamForney\source\repos\wforney\OpenLiveWriter\src\managed\OpenLiveWriter\OpenLiveWriter.csproj]
C:\Program Files\Microsoft Visual Studio\18\Enterprise\MSBuild\Current\Bin\Microsoft.Common.CurrentVersion.targets(2437,5): warning MSB3277:             Squirrel, Version=1.4.3.0, Culture=neutral, processorArchitecture=MSIL [C:\Users\WilliamForney\source\repos\wforney\OpenLiveWriter\src\managed\OpenLiveWriter\OpenLiveWriter.csproj]
C:\Program Files\Microsoft Visual Studio\18\Enterprise\MSBuild\Current\Bin\Microsoft.Common.CurrentVersion.targets(2437,5): warning MSB3277:         C:\Windows\Microsoft.Net\assembly\GAC_MSIL\Microsoft.VisualBasic\v4.0_10.0.0.0__b03f5f7f11d50a3a\Microsoft.VisualBasic.dll [C:\Users\WilliamForney\source\repos\wforney\OpenLiveWriter\src\managed\OpenLiveWriter\OpenLiveWriter.csproj]
C:\Program Files\Microsoft Visual Studio\18\Enterprise\MSBuild\Current\Bin\Microsoft.Common.CurrentVersion.targets(2437,5): warning MSB3277:           Project file item includes which caused reference "C:\Windows\Microsoft.Net\assembly\GAC_MSIL\Microsoft.VisualBasic\v4.0_10.0.0.0__b03f5f7f11d50a3a\Microsoft.VisualBasic.dll". [C:\Users\WilliamForney\source\repos\wforney\OpenLiveWriter\src\managed\OpenLiveWriter\OpenLiveWriter.csproj]
C:\Program Files\Microsoft Visual Studio\18\Enterprise\MSBuild\Current\Bin\Microsoft.Common.CurrentVersion.targets(2437,5): warning MSB3277:             Microsoft.Threading.Tasks.Extensions.Desktop, Version=1.0.168.0, Culture=neutral, PublicKeyToken=b03f5f7f11d50a3a, processorArchitecture=MSIL [C:\Users\WilliamForney\source\repos\wforney\OpenLiveWriter\src\managed\OpenLiveWriter\OpenLiveWriter.csproj]
C:\Program Files\Microsoft Visual Studio\18\Enterprise\MSBuild\Current\Bin\Microsoft.Common.CurrentVersion.targets(2437,5): warning MSB3277:             NuGet.Squirrel, Version=3.0.0.0, Culture=neutral, processorArchitecture=MSIL [C:\Users\WilliamForney\source\repos\wforney\OpenLiveWriter\src\managed\OpenLiveWriter\OpenLiveWriter.csproj]
C:\Program Files\Microsoft Visual Studio\18\Enterprise\MSBuild\Current\Bin\Microsoft.Common.CurrentVersion.targets(2437,5): warning MSB3277:             C:\Users\WilliamForney\source\repos\wforney\OpenLiveWriter\src\managed\bin\Debug\i386\Writer\OpenLiveWriter.PostEditor.dll [C:\Users\WilliamForney\source\repos\wforney\OpenLiveWriter\src\managed\OpenLiveWriter\OpenLiveWriter.csproj]
C:\Program Files\Microsoft Visual Studio\18\Enterprise\MSBuild\Current\Bin\Microsoft.Common.CurrentVersion.targets(2437,5): warning MSB3277:             Squirrel, Version=1.4.3.0, Culture=neutral, processorArchitecture=MSIL [C:\Users\WilliamForney\source\repos\wforney\OpenLiveWriter\src\managed\OpenLiveWriter\OpenLiveWriter.csproj]
  Consider app.config remapping of assembly "mscorlib, Culture=neutral, PublicKeyToken=b77a5c561934e089" from Version "2.0.5.0" [] to Version "4.0.0.0" [C:\Windows\Microsoft.NET\Framework\v4.0.30319\mscorlib.dll] to solve conflict and get rid of warning.
  Consider app.config remapping of assembly "System, Culture=neutral, PublicKeyToken=b77a5c561934e089" from Version "2.0.5.0" [] to Version "4.0.0.0" [C:\Windows\Microsoft.Net\assembly\GAC_MSIL\System\v4.0_4.0.0.0__b77a5c561934e089\System.dll] to solve conflict and get rid of warning.
  Consider app.config remapping of assembly "System.Net.Http, Culture=neutral, PublicKeyToken=b03f5f7f11d50a3a" from Version "1.5.0.0" [] to Version "4.0.0.0" [C:\Windows\Microsoft.Net\assembly\GAC_MSIL\System.Net.Http\v4.0_4.0.0.0__b03f5f7f11d50a3a\System.Net.Http.dll] to solve conflict and get rid of warning.
  Consider app.config remapping of assembly "System.Xml, Culture=neutral, PublicKeyToken=b77a5c561934e089" from Version "2.0.0.0" [C:\Windows\assembly\GAC_MSIL\System.Xml\2.0.0.0__b77a5c561934e089\System.Xml.dll] to Version "4.0.0.0" [C:\Windows\Microsoft.Net\assembly\GAC_MSIL\System.Xml\v4.0_4.0.0.0__b77a5c561934e089\System.Xml.dll] to solve conflict and get rid of warning.
  Consider app.config remapping of assembly "System.Security, Culture=neutral, PublicKeyToken=b03f5f7f11d50a3a" from Version "2.0.0.0" [C:\Windows\assembly\GAC_MSIL\System.Security\2.0.0.0__b03f5f7f11d50a3a\System.Security.dll] to Version "4.0.0.0" [C:\Windows\Microsoft.Net\assembly\GAC_MSIL\System.Security\v4.0_4.0.0.0__b03f5f7f11d50a3a\System.Security.dll] to solve conflict and get rid of warning.
  Consider app.config remapping of assembly "System.Runtime, Culture=neutral, PublicKeyToken=b03f5f7f11d50a3a" from Version "1.5.11.0" [] to Version "4.0.0.0" [C:\Windows\Microsoft.Net\assembly\GAC_MSIL\System.Runtime\v4.0_4.0.0.0__b03f5f7f11d50a3a\System.Runtime.dll] to solve conflict and get rid of warning.
  Consider app.config remapping of assembly "System.Configuration, Culture=neutral, PublicKeyToken=b03f5f7f11d50a3a" from Version "2.0.0.0" [C:\Windows\assembly\GAC_MSIL\System.Configuration\2.0.0.0__b03f5f7f11d50a3a\System.Configuration.dll] to Version "4.0.0.0" [C:\Windows\Microsoft.Net\assembly\GAC_MSIL\System.Configuration\v4.0_4.0.0.0__b03f5f7f11d50a3a\System.Configuration.dll] to solve conflict and get rid of warning.
  Consider app.config remapping of assembly "System.Data.SqlXml, Culture=neutral, PublicKeyToken=b77a5c561934e089" from Version "2.0.0.0" [C:\Windows\assembly\GAC_MSIL\System.Data.SqlXml\2.0.0.0__b77a5c561934e089\System.Data.SqlXml.dll] to Version "4.0.0.0" [C:\Windows\Microsoft.Net\assembly\GAC_MSIL\System.Data.SqlXml\v4.0_4.0.0.0__b77a5c561934e089\System.Data.SqlXml.dll] to solve conflict and get rid of warning.
C:\Program Files\Microsoft Visual Studio\18\Enterprise\MSBuild\Current\Bin\Microsoft.Common.CurrentVersion.targets(2437,5): warning MSB3276: Found conflicts between different versions of the same dependent assembly. Please set the "AutoGenerateBindingRedirects" property to true in the project file. For more information, see http://go.microsoft.com/fwlink/?LinkId=294190. [C:\Users\WilliamForney\source\repos\wforney\OpenLiveWriter\src\managed\OpenLiveWriter\OpenLiveWriter.csproj]
  OpenLiveWriter -> C:\Users\WilliamForney\source\repos\wforney\OpenLiveWriter\src\managed\bin\Debug\i386\Writer\OpenLiveWriter.exe
  PostBuild.CreateInstaller -> C:\Users\WilliamForney\source\repos\wforney\OpenLiveWriter\src\managed\bin\Debug\i386\Writer\PostBuild.CreateInstaller.dll
C:\Program Files\Microsoft Visual Studio\18\Enterprise\MSBuild\Current\Bin\Microsoft.Common.CurrentVersion.targets(2437,5): warning MSB3277: Found conflicts between different versions of "System.Core" that could not be resolved. [C:\Users\WilliamForney\source\repos\wforney\OpenLiveWriter\src\managed\BlogRunner\BlogRunner.csproj]
C:\Program Files\Microsoft Visual Studio\18\Enterprise\MSBuild\Current\Bin\Microsoft.Common.CurrentVersion.targets(2437,5): warning MSB3277: There was a conflict between "System.Core, Version=3.5.0.0, Culture=neutral, PublicKeyToken=b77a5c561934e089" and "System.Core, Version=4.0.0.0, Culture=neutral, PublicKeyToken=b77a5c561934e089". [C:\Users\WilliamForney\source\repos\wforney\OpenLiveWriter\src\managed\BlogRunner\BlogRunner.csproj]
C:\Program Files\Microsoft Visual Studio\18\Enterprise\MSBuild\Current\Bin\Microsoft.Common.CurrentVersion.targets(2437,5): warning MSB3277:     "System.Core, Version=3.5.0.0, Culture=neutral, PublicKeyToken=b77a5c561934e089" was chosen because it was primary and "System.Core, Version=4.0.0.0, Culture=neutral, PublicKeyToken=b77a5c561934e089" was not. [C:\Users\WilliamForney\source\repos\wforney\OpenLiveWriter\src\managed\BlogRunner\BlogRunner.csproj]
C:\Program Files\Microsoft Visual Studio\18\Enterprise\MSBuild\Current\Bin\Microsoft.Common.CurrentVersion.targets(2437,5): warning MSB3277:     References which depend on "System.Core, Version=3.5.0.0, Culture=neutral, PublicKeyToken=b77a5c561934e089" [C:\Program Files (x86)\Reference Assemblies\Microsoft\Framework\v3.5\System.Core.dll]. [C:\Users\WilliamForney\source\repos\wforney\OpenLiveWriter\src\managed\BlogRunner\BlogRunner.csproj]
C:\Program Files\Microsoft Visual Studio\18\Enterprise\MSBuild\Current\Bin\Microsoft.Common.CurrentVersion.targets(2437,5): warning MSB3277:         C:\Program Files (x86)\Reference Assemblies\Microsoft\Framework\v3.5\System.Core.dll [C:\Users\WilliamForney\source\repos\wforney\OpenLiveWriter\src\managed\BlogRunner\BlogRunner.csproj]
C:\Program Files\Microsoft Visual Studio\18\Enterprise\MSBuild\Current\Bin\Microsoft.Common.CurrentVersion.targets(2437,5): warning MSB3277:           Project file item includes which caused reference "C:\Program Files (x86)\Reference Assemblies\Microsoft\Framework\v3.5\System.Core.dll". [C:\Users\WilliamForney\source\repos\wforney\OpenLiveWriter\src\managed\BlogRunner\BlogRunner.csproj]
C:\Program Files\Microsoft Visual Studio\18\Enterprise\MSBuild\Current\Bin\Microsoft.Common.CurrentVersion.targets(2437,5): warning MSB3277:             System.Core [C:\Users\WilliamForney\source\repos\wforney\OpenLiveWriter\src\managed\BlogRunner\BlogRunner.csproj]
C:\Program Files\Microsoft Visual Studio\18\Enterprise\MSBuild\Current\Bin\Microsoft.Common.CurrentVersion.targets(2437,5): warning MSB3277:             C:\Users\WilliamForney\source\repos\wforney\OpenLiveWriter\src\managed\bin\Debug\i386\Writer\BlogRunner.Core.dll [C:\Users\WilliamForney\source\repos\wforney\OpenLiveWriter\src\managed\BlogRunner\BlogRunner.csproj]
C:\Program Files\Microsoft Visual Studio\18\Enterprise\MSBuild\Current\Bin\Microsoft.Common.CurrentVersion.targets(2437,5): warning MSB3277:         C:\Users\WilliamForney\source\repos\wforney\OpenLiveWriter\src\managed\bin\Debug\i386\Writer\OpenLiveWriter.BlogClient.dll [C:\Users\WilliamForney\source\repos\wforney\OpenLiveWriter\src\managed\BlogRunner\BlogRunner.csproj]
C:\Program Files\Microsoft Visual Studio\18\Enterprise\MSBuild\Current\Bin\Microsoft.Common.CurrentVersion.targets(2437,5): warning MSB3277:           Project file item includes which caused reference "C:\Users\WilliamForney\source\repos\wforney\OpenLiveWriter\src\managed\bin\Debug\i386\Writer\OpenLiveWriter.BlogClient.dll". [C:\Users\WilliamForney\source\repos\wforney\OpenLiveWriter\src\managed\BlogRunner\BlogRunner.csproj]
C:\Program Files\Microsoft Visual Studio\18\Enterprise\MSBuild\Current\Bin\Microsoft.Common.CurrentVersion.targets(2437,5): warning MSB3277:             C:\Users\WilliamForney\source\repos\wforney\OpenLiveWriter\src\managed\bin\Debug\i386\Writer\BlogRunner.Core.dll [C:\Users\WilliamForney\source\repos\wforney\OpenLiveWriter\src\managed\BlogRunner\BlogRunner.csproj]
C:\Program Files\Microsoft Visual Studio\18\Enterprise\MSBuild\Current\Bin\Microsoft.Common.CurrentVersion.targets(2437,5): warning MSB3277:         C:\Users\WilliamForney\source\repos\wforney\OpenLiveWriter\src\managed\bin\Debug\i386\Writer\OpenLiveWriter.SpellChecker.dll [C:\Users\WilliamForney\source\repos\wforney\OpenLiveWriter\src\managed\BlogRunner\BlogRunner.csproj]
C:\Program Files\Microsoft Visual Studio\18\Enterprise\MSBuild\Current\Bin\Microsoft.Common.CurrentVersion.targets(2437,5): warning MSB3277:           Project file item includes which caused reference "C:\Users\WilliamForney\source\repos\wforney\OpenLiveWriter\src\managed\bin\Debug\i386\Writer\OpenLiveWriter.SpellChecker.dll". [C:\Users\WilliamForney\source\repos\wforney\OpenLiveWriter\src\managed\BlogRunner\BlogRunner.csproj]
C:\Program Files\Microsoft Visual Studio\18\Enterprise\MSBuild\Current\Bin\Microsoft.Common.CurrentVersion.targets(2437,5): warning MSB3277:             C:\Users\WilliamForney\source\repos\wforney\OpenLiveWriter\src\managed\bin\Debug\i386\Writer\BlogRunner.Core.dll [C:\Users\WilliamForney\source\repos\wforney\OpenLiveWriter\src\managed\BlogRunner\BlogRunner.csproj]
C:\Program Files\Microsoft Visual Studio\18\Enterprise\MSBuild\Current\Bin\Microsoft.Common.CurrentVersion.targets(2437,5): warning MSB3277:         C:\Users\WilliamForney\source\repos\wforney\OpenLiveWriter\src\managed\bin\Debug\i386\Writer\Mono.Cecil.dll [C:\Users\WilliamForney\source\repos\wforney\OpenLiveWriter\src\managed\BlogRunner\BlogRunner.csproj]
C:\Program Files\Microsoft Visual Studio\18\Enterprise\MSBuild\Current\Bin\Microsoft.Common.CurrentVersion.targets(2437,5): warning MSB3277:           Project file item includes which caused reference "C:\Users\WilliamForney\source\repos\wforney\OpenLiveWriter\src\managed\bin\Debug\i386\Writer\Mono.Cecil.dll". [C:\Users\WilliamForney\source\repos\wforney\OpenLiveWriter\src\managed\BlogRunner\BlogRunner.csproj]
C:\Program Files\Microsoft Visual Studio\18\Enterprise\MSBuild\Current\Bin\Microsoft.Common.CurrentVersion.targets(2437,5): warning MSB3277:             C:\Users\WilliamForney\source\repos\wforney\OpenLiveWriter\src\managed\bin\Debug\i386\Writer\BlogRunner.Core.dll [C:\Users\WilliamForney\source\repos\wforney\OpenLiveWriter\src\managed\BlogRunner\BlogRunner.csproj]
C:\Program Files\Microsoft Visual Studio\18\Enterprise\MSBuild\Current\Bin\Microsoft.Common.CurrentVersion.targets(2437,5): warning MSB3277:     References which depend on or have been unified to "System.Core, Version=4.0.0.0, Culture=neutral, PublicKeyToken=b77a5c561934e089" [C:\Windows\Microsoft.Net\assembly\GAC_MSIL\System.Core\v4.0_4.0.0.0__b77a5c561934e089\System.Core.dll]. [C:\Users\WilliamForney\source\repos\wforney\OpenLiveWriter\src\managed\BlogRunner\BlogRunner.csproj]
C:\Program Files\Microsoft Visual Studio\18\Enterprise\MSBuild\Current\Bin\Microsoft.Common.CurrentVersion.targets(2437,5): warning MSB3277:         C:\Users\WilliamForney\source\repos\wforney\OpenLiveWriter\src\managed\packages\Microsoft.Bcl.Async.1.0.168\lib\net40\Microsoft.Threading.Tasks.Extensions.Desktop.dll [C:\Users\WilliamForney\source\repos\wforney\OpenLiveWriter\src\managed\BlogRunner\BlogRunner.csproj]
C:\Program Files\Microsoft Visual Studio\18\Enterprise\MSBuild\Current\Bin\Microsoft.Common.CurrentVersion.targets(2437,5): warning MSB3277:           Project file item includes which caused reference "C:\Users\WilliamForney\source\repos\wforney\OpenLiveWriter\src\managed\packages\Microsoft.Bcl.Async.1.0.168\lib\net40\Microsoft.Threading.Tasks.Extensions.Desktop.dll". [C:\Users\WilliamForney\source\repos\wforney\OpenLiveWriter\src\managed\BlogRunner\BlogRunner.csproj]
C:\Program Files\Microsoft Visual Studio\18\Enterprise\MSBuild\Current\Bin\Microsoft.Common.CurrentVersion.targets(2437,5): warning MSB3277:             Microsoft.Threading.Tasks.Extensions.Desktop, Version=1.0.168.0, Culture=neutral, PublicKeyToken=b03f5f7f11d50a3a, processorArchitecture=MSIL [C:\Users\WilliamForney\source\repos\wforney\OpenLiveWriter\src\managed\BlogRunner\BlogRunner.csproj]
C:\Program Files\Microsoft Visual Studio\18\Enterprise\MSBuild\Current\Bin\Microsoft.Common.CurrentVersion.targets(2437,5): warning MSB3277:         C:\Windows\Microsoft.Net\assembly\GAC_32\System.Data\v4.0_4.0.0.0__b77a5c561934e089\System.Data.dll [C:\Users\WilliamForney\source\repos\wforney\OpenLiveWriter\src\managed\BlogRunner\BlogRunner.csproj]
C:\Program Files\Microsoft Visual Studio\18\Enterprise\MSBuild\Current\Bin\Microsoft.Common.CurrentVersion.targets(2437,5): warning MSB3277:           Project file item includes which caused reference "C:\Windows\Microsoft.Net\assembly\GAC_32\System.Data\v4.0_4.0.0.0__b77a5c561934e089\System.Data.dll". [C:\Users\WilliamForney\source\repos\wforney\OpenLiveWriter\src\managed\BlogRunner\BlogRunner.csproj]
C:\Program Files\Microsoft Visual Studio\18\Enterprise\MSBuild\Current\Bin\Microsoft.Common.CurrentVersion.targets(2437,5): warning MSB3277:             System.Data [C:\Users\WilliamForney\source\repos\wforney\OpenLiveWriter\src\managed\BlogRunner\BlogRunner.csproj]
C:\Program Files\Microsoft Visual Studio\18\Enterprise\MSBuild\Current\Bin\Microsoft.Common.CurrentVersion.targets(2437,5): warning MSB3277:             Microsoft.Threading.Tasks.Extensions.Desktop, Version=1.0.168.0, Culture=neutral, PublicKeyToken=b03f5f7f11d50a3a, processorArchitecture=MSIL [C:\Users\WilliamForney\source\repos\wforney\OpenLiveWriter\src\managed\BlogRunner\BlogRunner.csproj]
C:\Program Files\Microsoft Visual Studio\18\Enterprise\MSBuild\Current\Bin\Microsoft.Common.CurrentVersion.targets(2437,5): warning MSB3277:             C:\Users\WilliamForney\source\repos\wforney\OpenLiveWriter\src\managed\bin\Debug\i386\Writer\BlogRunner.Core.dll [C:\Users\WilliamForney\source\repos\wforney\OpenLiveWriter\src\managed\BlogRunner\BlogRunner.csproj]
C:\Program Files\Microsoft Visual Studio\18\Enterprise\MSBuild\Current\Bin\Microsoft.Common.CurrentVersion.targets(2437,5): warning MSB3277:             C:\Users\WilliamForney\source\repos\wforney\OpenLiveWriter\src\managed\bin\Debug\i386\Writer\OpenLiveWriter.CoreServices.dll [C:\Users\WilliamForney\source\repos\wforney\OpenLiveWriter\src\managed\BlogRunner\BlogRunner.csproj]
C:\Program Files\Microsoft Visual Studio\18\Enterprise\MSBuild\Current\Bin\Microsoft.Common.CurrentVersion.targets(2437,5): warning MSB3277:         C:\Windows\Microsoft.Net\assembly\GAC_MSIL\System.Net.Http\v4.0_4.0.0.0__b03f5f7f11d50a3a\System.Net.Http.dll [C:\Users\WilliamForney\source\repos\wforney\OpenLiveWriter\src\managed\BlogRunner\BlogRunner.csproj]
C:\Program Files\Microsoft Visual Studio\18\Enterprise\MSBuild\Current\Bin\Microsoft.Common.CurrentVersion.targets(2437,5): warning MSB3277:           Project file item includes which caused reference "C:\Windows\Microsoft.Net\assembly\GAC_MSIL\System.Net.Http\v4.0_4.0.0.0__b03f5f7f11d50a3a\System.Net.Http.dll". [C:\Users\WilliamForney\source\repos\wforney\OpenLiveWriter\src\managed\BlogRunner\BlogRunner.csproj]
C:\Program Files\Microsoft Visual Studio\18\Enterprise\MSBuild\Current\Bin\Microsoft.Common.CurrentVersion.targets(2437,5): warning MSB3277:             System.Net.Http [C:\Users\WilliamForney\source\repos\wforney\OpenLiveWriter\src\managed\BlogRunner\BlogRunner.csproj]
C:\Program Files\Microsoft Visual Studio\18\Enterprise\MSBuild\Current\Bin\Microsoft.Common.CurrentVersion.targets(2437,5): warning MSB3277:             System.Net.Http.WebRequest [C:\Users\WilliamForney\source\repos\wforney\OpenLiveWriter\src\managed\BlogRunner\BlogRunner.csproj]
C:\Program Files\Microsoft Visual Studio\18\Enterprise\MSBuild\Current\Bin\Microsoft.Common.CurrentVersion.targets(2437,5): warning MSB3277:             Microsoft.Threading.Tasks.Extensions.Desktop, Version=1.0.168.0, Culture=neutral, PublicKeyToken=b03f5f7f11d50a3a, processorArchitecture=MSIL [C:\Users\WilliamForney\source\repos\wforney\OpenLiveWriter\src\managed\BlogRunner\BlogRunner.csproj]
C:\Program Files\Microsoft Visual Studio\18\Enterprise\MSBuild\Current\Bin\Microsoft.Common.CurrentVersion.targets(2437,5): warning MSB3277:             C:\Users\WilliamForney\source\repos\wforney\OpenLiveWriter\src\managed\bin\Debug\i386\Writer\BlogRunner.Core.dll [C:\Users\WilliamForney\source\repos\wforney\OpenLiveWriter\src\managed\BlogRunner\BlogRunner.csproj]
C:\Program Files\Microsoft Visual Studio\18\Enterprise\MSBuild\Current\Bin\Microsoft.Common.CurrentVersion.targets(2437,5): warning MSB3277:         C:\Windows\Microsoft.Net\assembly\GAC_MSIL\System.Windows.Forms\v4.0_4.0.0.0__b77a5c561934e089\System.Windows.Forms.dll [C:\Users\WilliamForney\source\repos\wforney\OpenLiveWriter\src\managed\BlogRunner\BlogRunner.csproj]
C:\Program Files\Microsoft Visual Studio\18\Enterprise\MSBuild\Current\Bin\Microsoft.Common.CurrentVersion.targets(2437,5): warning MSB3277:           Project file item includes which caused reference "C:\Windows\Microsoft.Net\assembly\GAC_MSIL\System.Windows.Forms\v4.0_4.0.0.0__b77a5c561934e089\System.Windows.Forms.dll". [C:\Users\WilliamForney\source\repos\wforney\OpenLiveWriter\src\managed\BlogRunner\BlogRunner.csproj]
C:\Program Files\Microsoft Visual Studio\18\Enterprise\MSBuild\Current\Bin\Microsoft.Common.CurrentVersion.targets(2437,5): warning MSB3277:             C:\Users\WilliamForney\source\repos\wforney\OpenLiveWriter\src\managed\bin\Debug\i386\Writer\OpenLiveWriter.CoreServices.dll [C:\Users\WilliamForney\source\repos\wforney\OpenLiveWriter\src\managed\BlogRunner\BlogRunner.csproj]
C:\Program Files\Microsoft Visual Studio\18\Enterprise\MSBuild\Current\Bin\Microsoft.Common.CurrentVersion.targets(2437,5): warning MSB3277:             C:\Users\WilliamForney\source\repos\wforney\OpenLiveWriter\src\managed\bin\Debug\i386\Writer\BlogRunner.Core.dll [C:\Users\WilliamForney\source\repos\wforney\OpenLiveWriter\src\managed\BlogRunner\BlogRunner.csproj]
C:\Program Files\Microsoft Visual Studio\18\Enterprise\MSBuild\Current\Bin\Microsoft.Common.CurrentVersion.targets(2437,5): warning MSB3277:             Microsoft.Threading.Tasks.Extensions.Desktop, Version=1.0.168.0, Culture=neutral, PublicKeyToken=b03f5f7f11d50a3a, processorArchitecture=MSIL [C:\Users\WilliamForney\source\repos\wforney\OpenLiveWriter\src\managed\BlogRunner\BlogRunner.csproj]
C:\Program Files\Microsoft Visual Studio\18\Enterprise\MSBuild\Current\Bin\Microsoft.Common.CurrentVersion.targets(2437,5): warning MSB3277:             System.Data [C:\Users\WilliamForney\source\repos\wforney\OpenLiveWriter\src\managed\BlogRunner\BlogRunner.csproj]
C:\Program Files\Microsoft Visual Studio\18\Enterprise\MSBuild\Current\Bin\Microsoft.Common.CurrentVersion.targets(2437,5): warning MSB3277:         C:\Windows\Microsoft.Net\assembly\GAC_32\System.Web\v4.0_4.0.0.0__b03f5f7f11d50a3a\System.Web.dll [C:\Users\WilliamForney\source\repos\wforney\OpenLiveWriter\src\managed\BlogRunner\BlogRunner.csproj]
C:\Program Files\Microsoft Visual Studio\18\Enterprise\MSBuild\Current\Bin\Microsoft.Common.CurrentVersion.targets(2437,5): warning MSB3277:           Project file item includes which caused reference "C:\Windows\Microsoft.Net\assembly\GAC_32\System.Web\v4.0_4.0.0.0__b03f5f7f11d50a3a\System.Web.dll". [C:\Users\WilliamForney\source\repos\wforney\OpenLiveWriter\src\managed\BlogRunner\BlogRunner.csproj]
C:\Program Files\Microsoft Visual Studio\18\Enterprise\MSBuild\Current\Bin\Microsoft.Common.CurrentVersion.targets(2437,5): warning MSB3277:             C:\Users\WilliamForney\source\repos\wforney\OpenLiveWriter\src\managed\bin\Debug\i386\Writer\OpenLiveWriter.CoreServices.dll [C:\Users\WilliamForney\source\repos\wforney\OpenLiveWriter\src\managed\BlogRunner\BlogRunner.csproj]
C:\Program Files\Microsoft Visual Studio\18\Enterprise\MSBuild\Current\Bin\Microsoft.Common.CurrentVersion.targets(2437,5): warning MSB3277:             C:\Users\WilliamForney\source\repos\wforney\OpenLiveWriter\src\managed\bin\Debug\i386\Writer\BlogRunner.Core.dll [C:\Users\WilliamForney\source\repos\wforney\OpenLiveWriter\src\managed\BlogRunner\BlogRunner.csproj]
C:\Program Files\Microsoft Visual Studio\18\Enterprise\MSBuild\Current\Bin\Microsoft.Common.CurrentVersion.targets(2437,5): warning MSB3277:             Microsoft.Threading.Tasks.Extensions.Desktop, Version=1.0.168.0, Culture=neutral, PublicKeyToken=b03f5f7f11d50a3a, processorArchitecture=MSIL [C:\Users\WilliamForney\source\repos\wforney\OpenLiveWriter\src\managed\BlogRunner\BlogRunner.csproj]
C:\Program Files\Microsoft Visual Studio\18\Enterprise\MSBuild\Current\Bin\Microsoft.Common.CurrentVersion.targets(2437,5): warning MSB3277:             System.Data [C:\Users\WilliamForney\source\repos\wforney\OpenLiveWriter\src\managed\BlogRunner\BlogRunner.csproj]
C:\Program Files\Microsoft Visual Studio\18\Enterprise\MSBuild\Current\Bin\Microsoft.Common.CurrentVersion.targets(2437,5): warning MSB3277:         C:\Windows\Microsoft.Net\assembly\GAC_MSIL\System.ServiceModel\v4.0_4.0.0.0__b77a5c561934e089\System.ServiceModel.dll [C:\Users\WilliamForney\source\repos\wforney\OpenLiveWriter\src\managed\BlogRunner\BlogRunner.csproj]
C:\Program Files\Microsoft Visual Studio\18\Enterprise\MSBuild\Current\Bin\Microsoft.Common.CurrentVersion.targets(2437,5): warning MSB3277:           Project file item includes which caused reference "C:\Windows\Microsoft.Net\assembly\GAC_MSIL\System.ServiceModel\v4.0_4.0.0.0__b77a5c561934e089\System.ServiceModel.dll". [C:\Users\WilliamForney\source\repos\wforney\OpenLiveWriter\src\managed\BlogRunner\BlogRunner.csproj]
C:\Program Files\Microsoft Visual Studio\18\Enterprise\MSBuild\Current\Bin\Microsoft.Common.CurrentVersion.targets(2437,5): warning MSB3277:             Microsoft.Threading.Tasks.Extensions.Desktop, Version=1.0.168.0, Culture=neutral, PublicKeyToken=b03f5f7f11d50a3a, processorArchitecture=MSIL [C:\Users\WilliamForney\source\repos\wforney\OpenLiveWriter\src\managed\BlogRunner\BlogRunner.csproj]
C:\Program Files\Microsoft Visual Studio\18\Enterprise\MSBuild\Current\Bin\Microsoft.Common.CurrentVersion.targets(2437,5): warning MSB3277:             C:\Users\WilliamForney\source\repos\wforney\OpenLiveWriter\src\managed\bin\Debug\i386\Writer\BlogRunner.Core.dll [C:\Users\WilliamForney\source\repos\wforney\OpenLiveWriter\src\managed\BlogRunner\BlogRunner.csproj]
C:\Program Files\Microsoft Visual Studio\18\Enterprise\MSBuild\Current\Bin\Microsoft.Common.CurrentVersion.targets(2437,5): warning MSB3277:         C:\Windows\Microsoft.Net\assembly\GAC_MSIL\System.Configuration\v4.0_4.0.0.0__b03f5f7f11d50a3a\System.Configuration.dll [C:\Users\WilliamForney\source\repos\wforney\OpenLiveWriter\src\managed\BlogRunner\BlogRunner.csproj]
C:\Program Files\Microsoft Visual Studio\18\Enterprise\MSBuild\Current\Bin\Microsoft.Common.CurrentVersion.targets(2437,5): warning MSB3277:           Project file item includes which caused reference "C:\Windows\Microsoft.Net\assembly\GAC_MSIL\System.Configuration\v4.0_4.0.0.0__b03f5f7f11d50a3a\System.Configuration.dll". [C:\Users\WilliamForney\source\repos\wforney\OpenLiveWriter\src\managed\BlogRunner\BlogRunner.csproj]
C:\Program Files\Microsoft Visual Studio\18\Enterprise\MSBuild\Current\Bin\Microsoft.Common.CurrentVersion.targets(2437,5): warning MSB3277:             System [C:\Users\WilliamForney\source\repos\wforney\OpenLiveWriter\src\managed\BlogRunner\BlogRunner.csproj]
C:\Program Files\Microsoft Visual Studio\18\Enterprise\MSBuild\Current\Bin\Microsoft.Common.CurrentVersion.targets(2437,5): warning MSB3277:             C:\Users\WilliamForney\source\repos\wforney\OpenLiveWriter\src\managed\bin\Debug\i386\Writer\BlogRunner.Core.dll [C:\Users\WilliamForney\source\repos\wforney\OpenLiveWriter\src\managed\BlogRunner\BlogRunner.csproj]
C:\Program Files\Microsoft Visual Studio\18\Enterprise\MSBuild\Current\Bin\Microsoft.Common.CurrentVersion.targets(2437,5): warning MSB3277:             C:\Users\WilliamForney\source\repos\wforney\OpenLiveWriter\src\managed\bin\Debug\i386\Writer\OpenLiveWriter.CoreServices.dll [C:\Users\WilliamForney\source\repos\wforney\OpenLiveWriter\src\managed\BlogRunner\BlogRunner.csproj]
C:\Program Files\Microsoft Visual Studio\18\Enterprise\MSBuild\Current\Bin\Microsoft.Common.CurrentVersion.targets(2437,5): warning MSB3277:             Microsoft.Threading.Tasks.Extensions.Desktop, Version=1.0.168.0, Culture=neutral, PublicKeyToken=b03f5f7f11d50a3a, processorArchitecture=MSIL [C:\Users\WilliamForney\source\repos\wforney\OpenLiveWriter\src\managed\BlogRunner\BlogRunner.csproj]
C:\Program Files\Microsoft Visual Studio\18\Enterprise\MSBuild\Current\Bin\Microsoft.Common.CurrentVersion.targets(2437,5): warning MSB3277:             System.Data [C:\Users\WilliamForney\source\repos\wforney\OpenLiveWriter\src\managed\BlogRunner\BlogRunner.csproj]
C:\Program Files\Microsoft Visual Studio\18\Enterprise\MSBuild\Current\Bin\Microsoft.Common.CurrentVersion.targets(2437,5): warning MSB3277:             System.Net.Http [C:\Users\WilliamForney\source\repos\wforney\OpenLiveWriter\src\managed\BlogRunner\BlogRunner.csproj]
C:\Program Files\Microsoft Visual Studio\18\Enterprise\MSBuild\Current\Bin\Microsoft.Common.CurrentVersion.targets(2437,5): warning MSB3277:             System.Net.Http.WebRequest [C:\Users\WilliamForney\source\repos\wforney\OpenLiveWriter\src\managed\BlogRunner\BlogRunner.csproj]
C:\Program Files\Microsoft Visual Studio\18\Enterprise\MSBuild\Current\Bin\Microsoft.Common.CurrentVersion.targets(2437,5): warning MSB3277:             System.Xml [C:\Users\WilliamForney\source\repos\wforney\OpenLiveWriter\src\managed\BlogRunner\BlogRunner.csproj]
C:\Program Files\Microsoft Visual Studio\18\Enterprise\MSBuild\Current\Bin\Microsoft.Common.CurrentVersion.targets(2437,5): warning MSB3277:             System.Net.Http.Primitives, Version=4.2.29.0, Culture=neutral, PublicKeyToken=b03f5f7f11d50a3a, processorArchitecture=MSIL [C:\Users\WilliamForney\source\repos\wforney\OpenLiveWriter\src\managed\BlogRunner\BlogRunner.csproj]
C:\Program Files\Microsoft Visual Studio\18\Enterprise\MSBuild\Current\Bin\Microsoft.Common.CurrentVersion.targets(2437,5): warning MSB3277:         C:\Windows\Microsoft.Net\assembly\GAC_MSIL\System.Runtime\v4.0_4.0.0.0__b03f5f7f11d50a3a\System.Runtime.dll [C:\Users\WilliamForney\source\repos\wforney\OpenLiveWriter\src\managed\BlogRunner\BlogRunner.csproj]
C:\Program Files\Microsoft Visual Studio\18\Enterprise\MSBuild\Current\Bin\Microsoft.Common.CurrentVersion.targets(2437,5): warning MSB3277:           Project file item includes which caused reference "C:\Windows\Microsoft.Net\assembly\GAC_MSIL\System.Runtime\v4.0_4.0.0.0__b03f5f7f11d50a3a\System.Runtime.dll". [C:\Users\WilliamForney\source\repos\wforney\OpenLiveWriter\src\managed\BlogRunner\BlogRunner.csproj]
C:\Program Files\Microsoft Visual Studio\18\Enterprise\MSBuild\Current\Bin\Microsoft.Common.CurrentVersion.targets(2437,5): warning MSB3277:             System.Net.Http.Primitives, Version=4.2.29.0, Culture=neutral, PublicKeyToken=b03f5f7f11d50a3a, processorArchitecture=MSIL [C:\Users\WilliamForney\source\repos\wforney\OpenLiveWriter\src\managed\BlogRunner\BlogRunner.csproj]
C:\Program Files\Microsoft Visual Studio\18\Enterprise\MSBuild\Current\Bin\Microsoft.Common.CurrentVersion.targets(2437,5): warning MSB3277:         C:\Windows\Microsoft.Net\assembly\GAC_MSIL\System.Runtime.InteropServices\v4.0_4.0.0.0__b03f5f7f11d50a3a\System.Runtime.InteropServices.dll [C:\Users\WilliamForney\source\repos\wforney\OpenLiveWriter\src\managed\BlogRunner\BlogRunner.csproj]
C:\Program Files\Microsoft Visual Studio\18\Enterprise\MSBuild\Current\Bin\Microsoft.Common.CurrentVersion.targets(2437,5): warning MSB3277:           Project file item includes which caused reference "C:\Windows\Microsoft.Net\assembly\GAC_MSIL\System.Runtime.InteropServices\v4.0_4.0.0.0__b03f5f7f11d50a3a\System.Runtime.InteropServices.dll". [C:\Users\WilliamForney\source\repos\wforney\OpenLiveWriter\src\managed\BlogRunner\BlogRunner.csproj]
C:\Program Files\Microsoft Visual Studio\18\Enterprise\MSBuild\Current\Bin\Microsoft.Common.CurrentVersion.targets(2437,5): warning MSB3277:             System.Net.Http.Primitives, Version=4.2.29.0, Culture=neutral, PublicKeyToken=b03f5f7f11d50a3a, processorArchitecture=MSIL [C:\Users\WilliamForney\source\repos\wforney\OpenLiveWriter\src\managed\BlogRunner\BlogRunner.csproj]
C:\Program Files\Microsoft Visual Studio\18\Enterprise\MSBuild\Current\Bin\Microsoft.Common.CurrentVersion.targets(2437,5): warning MSB3277:         C:\Users\WilliamForney\source\repos\wforney\OpenLiveWriter\src\managed\bin\Debug\i386\Writer\Google.Apis.Auth.dll [C:\Users\WilliamForney\source\repos\wforney\OpenLiveWriter\src\managed\BlogRunner\BlogRunner.csproj]
C:\Program Files\Microsoft Visual Studio\18\Enterprise\MSBuild\Current\Bin\Microsoft.Common.CurrentVersion.targets(2437,5): warning MSB3277:           Project file item includes which caused reference "C:\Users\WilliamForney\source\repos\wforney\OpenLiveWriter\src\managed\bin\Debug\i386\Writer\Google.Apis.Auth.dll". [C:\Users\WilliamForney\source\repos\wforney\OpenLiveWriter\src\managed\BlogRunner\BlogRunner.csproj]
C:\Program Files\Microsoft Visual Studio\18\Enterprise\MSBuild\Current\Bin\Microsoft.Common.CurrentVersion.targets(2437,5): warning MSB3277:             C:\Users\WilliamForney\source\repos\wforney\OpenLiveWriter\src\managed\bin\Debug\i386\Writer\BlogRunner.Core.dll [C:\Users\WilliamForney\source\repos\wforney\OpenLiveWriter\src\managed\BlogRunner\BlogRunner.csproj]
C:\Program Files\Microsoft Visual Studio\18\Enterprise\MSBuild\Current\Bin\Microsoft.Common.CurrentVersion.targets(2437,5): warning MSB3277:         C:\Users\WilliamForney\source\repos\wforney\OpenLiveWriter\src\managed\bin\Debug\i386\Writer\Google.Apis.Core.dll [C:\Users\WilliamForney\source\repos\wforney\OpenLiveWriter\src\managed\BlogRunner\BlogRunner.csproj]
C:\Program Files\Microsoft Visual Studio\18\Enterprise\MSBuild\Current\Bin\Microsoft.Common.CurrentVersion.targets(2437,5): warning MSB3277:           Project file item includes which caused reference "C:\Users\WilliamForney\source\repos\wforney\OpenLiveWriter\src\managed\bin\Debug\i386\Writer\Google.Apis.Core.dll". [C:\Users\WilliamForney\source\repos\wforney\OpenLiveWriter\src\managed\BlogRunner\BlogRunner.csproj]
C:\Program Files\Microsoft Visual Studio\18\Enterprise\MSBuild\Current\Bin\Microsoft.Common.CurrentVersion.targets(2437,5): warning MSB3277:             C:\Users\WilliamForney\source\repos\wforney\OpenLiveWriter\src\managed\bin\Debug\i386\Writer\BlogRunner.Core.dll [C:\Users\WilliamForney\source\repos\wforney\OpenLiveWriter\src\managed\BlogRunner\BlogRunner.csproj]
C:\Program Files\Microsoft Visual Studio\18\Enterprise\MSBuild\Current\Bin\Microsoft.Common.CurrentVersion.targets(2437,5): warning MSB3277:         C:\Users\WilliamForney\source\repos\wforney\OpenLiveWriter\src\managed\bin\Debug\i386\Writer\Google.Apis.dll [C:\Users\WilliamForney\source\repos\wforney\OpenLiveWriter\src\managed\BlogRunner\BlogRunner.csproj]
C:\Program Files\Microsoft Visual Studio\18\Enterprise\MSBuild\Current\Bin\Microsoft.Common.CurrentVersion.targets(2437,5): warning MSB3277:           Project file item includes which caused reference "C:\Users\WilliamForney\source\repos\wforney\OpenLiveWriter\src\managed\bin\Debug\i386\Writer\Google.Apis.dll". [C:\Users\WilliamForney\source\repos\wforney\OpenLiveWriter\src\managed\BlogRunner\BlogRunner.csproj]
C:\Program Files\Microsoft Visual Studio\18\Enterprise\MSBuild\Current\Bin\Microsoft.Common.CurrentVersion.targets(2437,5): warning MSB3277:             C:\Users\WilliamForney\source\repos\wforney\OpenLiveWriter\src\managed\bin\Debug\i386\Writer\BlogRunner.Core.dll [C:\Users\WilliamForney\source\repos\wforney\OpenLiveWriter\src\managed\BlogRunner\BlogRunner.csproj]
C:\Program Files\Microsoft Visual Studio\18\Enterprise\MSBuild\Current\Bin\Microsoft.Common.CurrentVersion.targets(2437,5): warning MSB3277:         C:\Users\WilliamForney\source\repos\wforney\OpenLiveWriter\src\managed\bin\Debug\i386\Writer\Newtonsoft.Json.dll [C:\Users\WilliamForney\source\repos\wforney\OpenLiveWriter\src\managed\BlogRunner\BlogRunner.csproj]
C:\Program Files\Microsoft Visual Studio\18\Enterprise\MSBuild\Current\Bin\Microsoft.Common.CurrentVersion.targets(2437,5): warning MSB3277:           Project file item includes which caused reference "C:\Users\WilliamForney\source\repos\wforney\OpenLiveWriter\src\managed\bin\Debug\i386\Writer\Newtonsoft.Json.dll". [C:\Users\WilliamForney\source\repos\wforney\OpenLiveWriter\src\managed\BlogRunner\BlogRunner.csproj]
C:\Program Files\Microsoft Visual Studio\18\Enterprise\MSBuild\Current\Bin\Microsoft.Common.CurrentVersion.targets(2437,5): warning MSB3277:             C:\Users\WilliamForney\source\repos\wforney\OpenLiveWriter\src\managed\bin\Debug\i386\Writer\BlogRunner.Core.dll [C:\Users\WilliamForney\source\repos\wforney\OpenLiveWriter\src\managed\BlogRunner\BlogRunner.csproj]
C:\Program Files\Microsoft Visual Studio\18\Enterprise\MSBuild\Current\Bin\Microsoft.Common.CurrentVersion.targets(2437,5): warning MSB3277:         C:\Users\WilliamForney\source\repos\wforney\OpenLiveWriter\src\managed\bin\Debug\i386\Writer\YamlDotNet.dll [C:\Users\WilliamForney\source\repos\wforney\OpenLiveWriter\src\managed\BlogRunner\BlogRunner.csproj]
C:\Program Files\Microsoft Visual Studio\18\Enterprise\MSBuild\Current\Bin\Microsoft.Common.CurrentVersion.targets(2437,5): warning MSB3277:           Project file item includes which caused reference "C:\Users\WilliamForney\source\repos\wforney\OpenLiveWriter\src\managed\bin\Debug\i386\Writer\YamlDotNet.dll". [C:\Users\WilliamForney\source\repos\wforney\OpenLiveWriter\src\managed\BlogRunner\BlogRunner.csproj]
C:\Program Files\Microsoft Visual Studio\18\Enterprise\MSBuild\Current\Bin\Microsoft.Common.CurrentVersion.targets(2437,5): warning MSB3277:             C:\Users\WilliamForney\source\repos\wforney\OpenLiveWriter\src\managed\bin\Debug\i386\Writer\BlogRunner.Core.dll [C:\Users\WilliamForney\source\repos\wforney\OpenLiveWriter\src\managed\BlogRunner\BlogRunner.csproj]
C:\Program Files\Microsoft Visual Studio\18\Enterprise\MSBuild\Current\Bin\Microsoft.Common.CurrentVersion.targets(2437,5): warning MSB3277:         C:\Users\WilliamForney\source\repos\wforney\OpenLiveWriter\src\managed\bin\Debug\i386\Writer\Squirrel.dll [C:\Users\WilliamForney\source\repos\wforney\OpenLiveWriter\src\managed\BlogRunner\BlogRunner.csproj]
C:\Program Files\Microsoft Visual Studio\18\Enterprise\MSBuild\Current\Bin\Microsoft.Common.CurrentVersion.targets(2437,5): warning MSB3277:           Project file item includes which caused reference "C:\Users\WilliamForney\source\repos\wforney\OpenLiveWriter\src\managed\bin\Debug\i386\Writer\Squirrel.dll". [C:\Users\WilliamForney\source\repos\wforney\OpenLiveWriter\src\managed\BlogRunner\BlogRunner.csproj]
C:\Program Files\Microsoft Visual Studio\18\Enterprise\MSBuild\Current\Bin\Microsoft.Common.CurrentVersion.targets(2437,5): warning MSB3277:             C:\Users\WilliamForney\source\repos\wforney\OpenLiveWriter\src\managed\bin\Debug\i386\Writer\BlogRunner.Core.dll [C:\Users\WilliamForney\source\repos\wforney\OpenLiveWriter\src\managed\BlogRunner\BlogRunner.csproj]
C:\Program Files\Microsoft Visual Studio\18\Enterprise\MSBuild\Current\Bin\Microsoft.Common.CurrentVersion.targets(2437,5): warning MSB3277:         C:\Users\WilliamForney\source\repos\wforney\OpenLiveWriter\src\managed\bin\Debug\i386\Writer\NuGet.Squirrel.dll [C:\Users\WilliamForney\source\repos\wforney\OpenLiveWriter\src\managed\BlogRunner\BlogRunner.csproj]
C:\Program Files\Microsoft Visual Studio\18\Enterprise\MSBuild\Current\Bin\Microsoft.Common.CurrentVersion.targets(2437,5): warning MSB3277:           Project file item includes which caused reference "C:\Users\WilliamForney\source\repos\wforney\OpenLiveWriter\src\managed\bin\Debug\i386\Writer\NuGet.Squirrel.dll". [C:\Users\WilliamForney\source\repos\wforney\OpenLiveWriter\src\managed\BlogRunner\BlogRunner.csproj]
C:\Program Files\Microsoft Visual Studio\18\Enterprise\MSBuild\Current\Bin\Microsoft.Common.CurrentVersion.targets(2437,5): warning MSB3277:             C:\Users\WilliamForney\source\repos\wforney\OpenLiveWriter\src\managed\bin\Debug\i386\Writer\BlogRunner.Core.dll [C:\Users\WilliamForney\source\repos\wforney\OpenLiveWriter\src\managed\BlogRunner\BlogRunner.csproj]
C:\Program Files\Microsoft Visual Studio\18\Enterprise\MSBuild\Current\Bin\Microsoft.Common.CurrentVersion.targets(2437,5): warning MSB3277:         C:\Windows\Microsoft.Net\assembly\GAC_MSIL\System.Deployment\v4.0_4.0.0.0__b03f5f7f11d50a3a\System.Deployment.dll [C:\Users\WilliamForney\source\repos\wforney\OpenLiveWriter\src\managed\BlogRunner\BlogRunner.csproj]
C:\Program Files\Microsoft Visual Studio\18\Enterprise\MSBuild\Current\Bin\Microsoft.Common.CurrentVersion.targets(2437,5): warning MSB3277:           Project file item includes which caused reference "C:\Windows\Microsoft.Net\assembly\GAC_MSIL\System.Deployment\v4.0_4.0.0.0__b03f5f7f11d50a3a\System.Deployment.dll". [C:\Users\WilliamForney\source\repos\wforney\OpenLiveWriter\src\managed\BlogRunner\BlogRunner.csproj]
C:\Program Files\Microsoft Visual Studio\18\Enterprise\MSBuild\Current\Bin\Microsoft.Common.CurrentVersion.targets(2437,5): warning MSB3277:             C:\Users\WilliamForney\source\repos\wforney\OpenLiveWriter\src\managed\bin\Debug\i386\Writer\OpenLiveWriter.CoreServices.dll [C:\Users\WilliamForney\source\repos\wforney\OpenLiveWriter\src\managed\BlogRunner\BlogRunner.csproj]
C:\Program Files\Microsoft Visual Studio\18\Enterprise\MSBuild\Current\Bin\Microsoft.Common.CurrentVersion.targets(2437,5): warning MSB3277:             C:\Users\WilliamForney\source\repos\wforney\OpenLiveWriter\src\managed\bin\Debug\i386\Writer\BlogRunner.Core.dll [C:\Users\WilliamForney\source\repos\wforney\OpenLiveWriter\src\managed\BlogRunner\BlogRunner.csproj]
C:\Program Files\Microsoft Visual Studio\18\Enterprise\MSBuild\Current\Bin\Microsoft.Common.CurrentVersion.targets(2437,5): warning MSB3277:             Microsoft.Threading.Tasks.Extensions.Desktop, Version=1.0.168.0, Culture=neutral, PublicKeyToken=b03f5f7f11d50a3a, processorArchitecture=MSIL [C:\Users\WilliamForney\source\repos\wforney\OpenLiveWriter\src\managed\BlogRunner\BlogRunner.csproj]
C:\Program Files\Microsoft Visual Studio\18\Enterprise\MSBuild\Current\Bin\Microsoft.Common.CurrentVersion.targets(2437,5): warning MSB3277:             System.Data [C:\Users\WilliamForney\source\repos\wforney\OpenLiveWriter\src\managed\BlogRunner\BlogRunner.csproj]
C:\Program Files\Microsoft Visual Studio\18\Enterprise\MSBuild\Current\Bin\Microsoft.Common.CurrentVersion.targets(2437,5): warning MSB3277:         C:\Windows\Microsoft.Net\assembly\GAC_MSIL\System.Design\v4.0_4.0.0.0__b03f5f7f11d50a3a\System.Design.dll [C:\Users\WilliamForney\source\repos\wforney\OpenLiveWriter\src\managed\BlogRunner\BlogRunner.csproj]
C:\Program Files\Microsoft Visual Studio\18\Enterprise\MSBuild\Current\Bin\Microsoft.Common.CurrentVersion.targets(2437,5): warning MSB3277:           Project file item includes which caused reference "C:\Windows\Microsoft.Net\assembly\GAC_MSIL\System.Design\v4.0_4.0.0.0__b03f5f7f11d50a3a\System.Design.dll". [C:\Users\WilliamForney\source\repos\wforney\OpenLiveWriter\src\managed\BlogRunner\BlogRunner.csproj]
C:\Program Files\Microsoft Visual Studio\18\Enterprise\MSBuild\Current\Bin\Microsoft.Common.CurrentVersion.targets(2437,5): warning MSB3277:             C:\Users\WilliamForney\source\repos\wforney\OpenLiveWriter\src\managed\bin\Debug\i386\Writer\OpenLiveWriter.CoreServices.dll [C:\Users\WilliamForney\source\repos\wforney\OpenLiveWriter\src\managed\BlogRunner\BlogRunner.csproj]
C:\Program Files\Microsoft Visual Studio\18\Enterprise\MSBuild\Current\Bin\Microsoft.Common.CurrentVersion.targets(2437,5): warning MSB3277:             C:\Users\WilliamForney\source\repos\wforney\OpenLiveWriter\src\managed\bin\Debug\i386\Writer\BlogRunner.Core.dll [C:\Users\WilliamForney\source\repos\wforney\OpenLiveWriter\src\managed\BlogRunner\BlogRunner.csproj]
C:\Program Files\Microsoft Visual Studio\18\Enterprise\MSBuild\Current\Bin\Microsoft.Common.CurrentVersion.targets(2437,5): warning MSB3277:             Microsoft.Threading.Tasks.Extensions.Desktop, Version=1.0.168.0, Culture=neutral, PublicKeyToken=b03f5f7f11d50a3a, processorArchitecture=MSIL [C:\Users\WilliamForney\source\repos\wforney\OpenLiveWriter\src\managed\BlogRunner\BlogRunner.csproj]
C:\Program Files\Microsoft Visual Studio\18\Enterprise\MSBuild\Current\Bin\Microsoft.Common.CurrentVersion.targets(2437,5): warning MSB3277:             System.Data [C:\Users\WilliamForney\source\repos\wforney\OpenLiveWriter\src\managed\BlogRunner\BlogRunner.csproj]
C:\Program Files\Microsoft Visual Studio\18\Enterprise\MSBuild\Current\Bin\Microsoft.Common.CurrentVersion.targets(2437,5): warning MSB3277:         C:\Windows\Microsoft.Net\assembly\GAC_MSIL\System.ComponentModel.DataAnnotations\v4.0_4.0.0.0__31bf3856ad364e35\System.ComponentModel.DataAnnotations.dll [C:\Users\WilliamForney\source\repos\wforney\OpenLiveWriter\src\managed\BlogRunner\BlogRunner.csproj]
C:\Program Files\Microsoft Visual Studio\18\Enterprise\MSBuild\Current\Bin\Microsoft.Common.CurrentVersion.targets(2437,5): warning MSB3277:           Project file item includes which caused reference "C:\Windows\Microsoft.Net\assembly\GAC_MSIL\System.ComponentModel.DataAnnotations\v4.0_4.0.0.0__31bf3856ad364e35\System.ComponentModel.DataAnnotations.dll". [C:\Users\WilliamForney\source\repos\wforney\OpenLiveWriter\src\managed\BlogRunner\BlogRunner.csproj]
C:\Program Files\Microsoft Visual Studio\18\Enterprise\MSBuild\Current\Bin\Microsoft.Common.CurrentVersion.targets(2437,5): warning MSB3277:             C:\Users\WilliamForney\source\repos\wforney\OpenLiveWriter\src\managed\bin\Debug\i386\Writer\OpenLiveWriter.CoreServices.dll [C:\Users\WilliamForney\source\repos\wforney\OpenLiveWriter\src\managed\BlogRunner\BlogRunner.csproj]
C:\Program Files\Microsoft Visual Studio\18\Enterprise\MSBuild\Current\Bin\Microsoft.Common.CurrentVersion.targets(2437,5): warning MSB3277:             C:\Users\WilliamForney\source\repos\wforney\OpenLiveWriter\src\managed\bin\Debug\i386\Writer\BlogRunner.Core.dll [C:\Users\WilliamForney\source\repos\wforney\OpenLiveWriter\src\managed\BlogRunner\BlogRunner.csproj]
C:\Program Files\Microsoft Visual Studio\18\Enterprise\MSBuild\Current\Bin\Microsoft.Common.CurrentVersion.targets(2437,5): warning MSB3277:             Microsoft.Threading.Tasks.Extensions.Desktop, Version=1.0.168.0, Culture=neutral, PublicKeyToken=b03f5f7f11d50a3a, processorArchitecture=MSIL [C:\Users\WilliamForney\source\repos\wforney\OpenLiveWriter\src\managed\BlogRunner\BlogRunner.csproj]
C:\Program Files\Microsoft Visual Studio\18\Enterprise\MSBuild\Current\Bin\Microsoft.Common.CurrentVersion.targets(2437,5): warning MSB3277:             System.Data [C:\Users\WilliamForney\source\repos\wforney\OpenLiveWriter\src\managed\BlogRunner\BlogRunner.csproj]
C:\Program Files\Microsoft Visual Studio\18\Enterprise\MSBuild\Current\Bin\Microsoft.Common.CurrentVersion.targets(2437,5): warning MSB3277:         C:\Windows\Microsoft.Net\assembly\GAC_MSIL\Microsoft.Build.Utilities.v4.0\v4.0_4.0.0.0__b03f5f7f11d50a3a\Microsoft.Build.Utilities.v4.0.dll [C:\Users\WilliamForney\source\repos\wforney\OpenLiveWriter\src\managed\BlogRunner\BlogRunner.csproj]
C:\Program Files\Microsoft Visual Studio\18\Enterprise\MSBuild\Current\Bin\Microsoft.Common.CurrentVersion.targets(2437,5): warning MSB3277:           Project file item includes which caused reference "C:\Windows\Microsoft.Net\assembly\GAC_MSIL\Microsoft.Build.Utilities.v4.0\v4.0_4.0.0.0__b03f5f7f11d50a3a\Microsoft.Build.Utilities.v4.0.dll". [C:\Users\WilliamForney\source\repos\wforney\OpenLiveWriter\src\managed\BlogRunner\BlogRunner.csproj]
C:\Program Files\Microsoft Visual Studio\18\Enterprise\MSBuild\Current\Bin\Microsoft.Common.CurrentVersion.targets(2437,5): warning MSB3277:             C:\Users\WilliamForney\source\repos\wforney\OpenLiveWriter\src\managed\bin\Debug\i386\Writer\OpenLiveWriter.CoreServices.dll [C:\Users\WilliamForney\source\repos\wforney\OpenLiveWriter\src\managed\BlogRunner\BlogRunner.csproj]
C:\Program Files\Microsoft Visual Studio\18\Enterprise\MSBuild\Current\Bin\Microsoft.Common.CurrentVersion.targets(2437,5): warning MSB3277:             C:\Users\WilliamForney\source\repos\wforney\OpenLiveWriter\src\managed\bin\Debug\i386\Writer\BlogRunner.Core.dll [C:\Users\WilliamForney\source\repos\wforney\OpenLiveWriter\src\managed\BlogRunner\BlogRunner.csproj]
C:\Program Files\Microsoft Visual Studio\18\Enterprise\MSBuild\Current\Bin\Microsoft.Common.CurrentVersion.targets(2437,5): warning MSB3277:             Microsoft.Threading.Tasks.Extensions.Desktop, Version=1.0.168.0, Culture=neutral, PublicKeyToken=b03f5f7f11d50a3a, processorArchitecture=MSIL [C:\Users\WilliamForney\source\repos\wforney\OpenLiveWriter\src\managed\BlogRunner\BlogRunner.csproj]
C:\Program Files\Microsoft Visual Studio\18\Enterprise\MSBuild\Current\Bin\Microsoft.Common.CurrentVersion.targets(2437,5): warning MSB3277:             System.Data [C:\Users\WilliamForney\source\repos\wforney\OpenLiveWriter\src\managed\BlogRunner\BlogRunner.csproj]
C:\Program Files\Microsoft Visual Studio\18\Enterprise\MSBuild\Current\Bin\Microsoft.Common.CurrentVersion.targets(2437,5): warning MSB3277:         C:\Windows\Microsoft.Net\assembly\GAC_MSIL\Microsoft.Build.Tasks.v4.0\v4.0_4.0.0.0__b03f5f7f11d50a3a\Microsoft.Build.Tasks.v4.0.dll [C:\Users\WilliamForney\source\repos\wforney\OpenLiveWriter\src\managed\BlogRunner\BlogRunner.csproj]
C:\Program Files\Microsoft Visual Studio\18\Enterprise\MSBuild\Current\Bin\Microsoft.Common.CurrentVersion.targets(2437,5): warning MSB3277:           Project file item includes which caused reference "C:\Windows\Microsoft.Net\assembly\GAC_MSIL\Microsoft.Build.Tasks.v4.0\v4.0_4.0.0.0__b03f5f7f11d50a3a\Microsoft.Build.Tasks.v4.0.dll". [C:\Users\WilliamForney\source\repos\wforney\OpenLiveWriter\src\managed\BlogRunner\BlogRunner.csproj]
C:\Program Files\Microsoft Visual Studio\18\Enterprise\MSBuild\Current\Bin\Microsoft.Common.CurrentVersion.targets(2437,5): warning MSB3277:             C:\Users\WilliamForney\source\repos\wforney\OpenLiveWriter\src\managed\bin\Debug\i386\Writer\OpenLiveWriter.CoreServices.dll [C:\Users\WilliamForney\source\repos\wforney\OpenLiveWriter\src\managed\BlogRunner\BlogRunner.csproj]
C:\Program Files\Microsoft Visual Studio\18\Enterprise\MSBuild\Current\Bin\Microsoft.Common.CurrentVersion.targets(2437,5): warning MSB3277:             C:\Users\WilliamForney\source\repos\wforney\OpenLiveWriter\src\managed\bin\Debug\i386\Writer\BlogRunner.Core.dll [C:\Users\WilliamForney\source\repos\wforney\OpenLiveWriter\src\managed\BlogRunner\BlogRunner.csproj]
C:\Program Files\Microsoft Visual Studio\18\Enterprise\MSBuild\Current\Bin\Microsoft.Common.CurrentVersion.targets(2437,5): warning MSB3277:             Microsoft.Threading.Tasks.Extensions.Desktop, Version=1.0.168.0, Culture=neutral, PublicKeyToken=b03f5f7f11d50a3a, processorArchitecture=MSIL [C:\Users\WilliamForney\source\repos\wforney\OpenLiveWriter\src\managed\BlogRunner\BlogRunner.csproj]
C:\Program Files\Microsoft Visual Studio\18\Enterprise\MSBuild\Current\Bin\Microsoft.Common.CurrentVersion.targets(2437,5): warning MSB3277:             System.Data [C:\Users\WilliamForney\source\repos\wforney\OpenLiveWriter\src\managed\BlogRunner\BlogRunner.csproj]
C:\Program Files\Microsoft Visual Studio\18\Enterprise\MSBuild\Current\Bin\Microsoft.Common.CurrentVersion.targets(2437,5): warning MSB3277:         C:\Windows\Microsoft.Net\assembly\GAC_MSIL\System.Xml.Linq\v4.0_4.0.0.0__b77a5c561934e089\System.Xml.Linq.dll [C:\Users\WilliamForney\source\repos\wforney\OpenLiveWriter\src\managed\BlogRunner\BlogRunner.csproj]
C:\Program Files\Microsoft Visual Studio\18\Enterprise\MSBuild\Current\Bin\Microsoft.Common.CurrentVersion.targets(2437,5): warning MSB3277:           Project file item includes which caused reference "C:\Windows\Microsoft.Net\assembly\GAC_MSIL\System.Xml.Linq\v4.0_4.0.0.0__b77a5c561934e089\System.Xml.Linq.dll". [C:\Users\WilliamForney\source\repos\wforney\OpenLiveWriter\src\managed\BlogRunner\BlogRunner.csproj]
C:\Program Files\Microsoft Visual Studio\18\Enterprise\MSBuild\Current\Bin\Microsoft.Common.CurrentVersion.targets(2437,5): warning MSB3277:             Microsoft.Threading.Tasks.Extensions.Desktop, Version=1.0.168.0, Culture=neutral, PublicKeyToken=b03f5f7f11d50a3a, processorArchitecture=MSIL [C:\Users\WilliamForney\source\repos\wforney\OpenLiveWriter\src\managed\BlogRunner\BlogRunner.csproj]
C:\Program Files\Microsoft Visual Studio\18\Enterprise\MSBuild\Current\Bin\Microsoft.Common.CurrentVersion.targets(2437,5): warning MSB3277:             C:\Users\WilliamForney\source\repos\wforney\OpenLiveWriter\src\managed\bin\Debug\i386\Writer\BlogRunner.Core.dll [C:\Users\WilliamForney\source\repos\wforney\OpenLiveWriter\src\managed\BlogRunner\BlogRunner.csproj]
C:\Program Files\Microsoft Visual Studio\18\Enterprise\MSBuild\Current\Bin\Microsoft.Common.CurrentVersion.targets(2437,5): warning MSB3277:         C:\Windows\Microsoft.Net\assembly\GAC_MSIL\System.IdentityModel\v4.0_4.0.0.0__b77a5c561934e089\System.IdentityModel.dll [C:\Users\WilliamForney\source\repos\wforney\OpenLiveWriter\src\managed\BlogRunner\BlogRunner.csproj]
C:\Program Files\Microsoft Visual Studio\18\Enterprise\MSBuild\Current\Bin\Microsoft.Common.CurrentVersion.targets(2437,5): warning MSB3277:           Project file item includes which caused reference "C:\Windows\Microsoft.Net\assembly\GAC_MSIL\System.IdentityModel\v4.0_4.0.0.0__b77a5c561934e089\System.IdentityModel.dll". [C:\Users\WilliamForney\source\repos\wforney\OpenLiveWriter\src\managed\BlogRunner\BlogRunner.csproj]
C:\Program Files\Microsoft Visual Studio\18\Enterprise\MSBuild\Current\Bin\Microsoft.Common.CurrentVersion.targets(2437,5): warning MSB3277:             Microsoft.Threading.Tasks.Extensions.Desktop, Version=1.0.168.0, Culture=neutral, PublicKeyToken=b03f5f7f11d50a3a, processorArchitecture=MSIL [C:\Users\WilliamForney\source\repos\wforney\OpenLiveWriter\src\managed\BlogRunner\BlogRunner.csproj]
C:\Program Files\Microsoft Visual Studio\18\Enterprise\MSBuild\Current\Bin\Microsoft.Common.CurrentVersion.targets(2437,5): warning MSB3277:             C:\Users\WilliamForney\source\repos\wforney\OpenLiveWriter\src\managed\bin\Debug\i386\Writer\BlogRunner.Core.dll [C:\Users\WilliamForney\source\repos\wforney\OpenLiveWriter\src\managed\BlogRunner\BlogRunner.csproj]
C:\Program Files\Microsoft Visual Studio\18\Enterprise\MSBuild\Current\Bin\Microsoft.Common.CurrentVersion.targets(2437,5): warning MSB3277:         C:\Windows\Microsoft.Net\assembly\GAC_MSIL\System.Runtime.DurableInstancing\v4.0_4.0.0.0__31bf3856ad364e35\System.Runtime.DurableInstancing.dll [C:\Users\WilliamForney\source\repos\wforney\OpenLiveWriter\src\managed\BlogRunner\BlogRunner.csproj]
C:\Program Files\Microsoft Visual Studio\18\Enterprise\MSBuild\Current\Bin\Microsoft.Common.CurrentVersion.targets(2437,5): warning MSB3277:           Project file item includes which caused reference "C:\Windows\Microsoft.Net\assembly\GAC_MSIL\System.Runtime.DurableInstancing\v4.0_4.0.0.0__31bf3856ad364e35\System.Runtime.DurableInstancing.dll". [C:\Users\WilliamForney\source\repos\wforney\OpenLiveWriter\src\managed\BlogRunner\BlogRunner.csproj]
C:\Program Files\Microsoft Visual Studio\18\Enterprise\MSBuild\Current\Bin\Microsoft.Common.CurrentVersion.targets(2437,5): warning MSB3277:             Microsoft.Threading.Tasks.Extensions.Desktop, Version=1.0.168.0, Culture=neutral, PublicKeyToken=b03f5f7f11d50a3a, processorArchitecture=MSIL [C:\Users\WilliamForney\source\repos\wforney\OpenLiveWriter\src\managed\BlogRunner\BlogRunner.csproj]
C:\Program Files\Microsoft Visual Studio\18\Enterprise\MSBuild\Current\Bin\Microsoft.Common.CurrentVersion.targets(2437,5): warning MSB3277:             C:\Users\WilliamForney\source\repos\wforney\OpenLiveWriter\src\managed\bin\Debug\i386\Writer\BlogRunner.Core.dll [C:\Users\WilliamForney\source\repos\wforney\OpenLiveWriter\src\managed\BlogRunner\BlogRunner.csproj]
C:\Program Files\Microsoft Visual Studio\18\Enterprise\MSBuild\Current\Bin\Microsoft.Common.CurrentVersion.targets(2437,5): warning MSB3277:         C:\Windows\Microsoft.Net\assembly\GAC_MSIL\System.ServiceModel.Activation\v4.0_4.0.0.0__31bf3856ad364e35\System.ServiceModel.Activation.dll [C:\Users\WilliamForney\source\repos\wforney\OpenLiveWriter\src\managed\BlogRunner\BlogRunner.csproj]
C:\Program Files\Microsoft Visual Studio\18\Enterprise\MSBuild\Current\Bin\Microsoft.Common.CurrentVersion.targets(2437,5): warning MSB3277:           Project file item includes which caused reference "C:\Windows\Microsoft.Net\assembly\GAC_MSIL\System.ServiceModel.Activation\v4.0_4.0.0.0__31bf3856ad364e35\System.ServiceModel.Activation.dll". [C:\Users\WilliamForney\source\repos\wforney\OpenLiveWriter\src\managed\BlogRunner\BlogRunner.csproj]
C:\Program Files\Microsoft Visual Studio\18\Enterprise\MSBuild\Current\Bin\Microsoft.Common.CurrentVersion.targets(2437,5): warning MSB3277:             Microsoft.Threading.Tasks.Extensions.Desktop, Version=1.0.168.0, Culture=neutral, PublicKeyToken=b03f5f7f11d50a3a, processorArchitecture=MSIL [C:\Users\WilliamForney\source\repos\wforney\OpenLiveWriter\src\managed\BlogRunner\BlogRunner.csproj]
C:\Program Files\Microsoft Visual Studio\18\Enterprise\MSBuild\Current\Bin\Microsoft.Common.CurrentVersion.targets(2437,5): warning MSB3277:             C:\Users\WilliamForney\source\repos\wforney\OpenLiveWriter\src\managed\bin\Debug\i386\Writer\BlogRunner.Core.dll [C:\Users\WilliamForney\source\repos\wforney\OpenLiveWriter\src\managed\BlogRunner\BlogRunner.csproj]
C:\Program Files\Microsoft Visual Studio\18\Enterprise\MSBuild\Current\Bin\Microsoft.Common.CurrentVersion.targets(2437,5): warning MSB3277:         C:\Windows\Microsoft.Net\assembly\GAC_MSIL\System.ComponentModel.Composition\v4.0_4.0.0.0__b77a5c561934e089\System.ComponentModel.Composition.dll [C:\Users\WilliamForney\source\repos\wforney\OpenLiveWriter\src\managed\BlogRunner\BlogRunner.csproj]
C:\Program Files\Microsoft Visual Studio\18\Enterprise\MSBuild\Current\Bin\Microsoft.Common.CurrentVersion.targets(2437,5): warning MSB3277:           Project file item includes which caused reference "C:\Windows\Microsoft.Net\assembly\GAC_MSIL\System.ComponentModel.Composition\v4.0_4.0.0.0__b77a5c561934e089\System.ComponentModel.Composition.dll". [C:\Users\WilliamForney\source\repos\wforney\OpenLiveWriter\src\managed\BlogRunner\BlogRunner.csproj]
C:\Program Files\Microsoft Visual Studio\18\Enterprise\MSBuild\Current\Bin\Microsoft.Common.CurrentVersion.targets(2437,5): warning MSB3277:             System.Net.Http.Primitives, Version=4.2.29.0, Culture=neutral, PublicKeyToken=b03f5f7f11d50a3a, processorArchitecture=MSIL [C:\Users\WilliamForney\source\repos\wforney\OpenLiveWriter\src\managed\BlogRunner\BlogRunner.csproj]
C:\Program Files\Microsoft Visual Studio\18\Enterprise\MSBuild\Current\Bin\Microsoft.Common.CurrentVersion.targets(2437,5): warning MSB3277:         C:\Windows\Microsoft.Net\assembly\GAC_MSIL\Microsoft.CSharp\v4.0_4.0.0.0__b03f5f7f11d50a3a\Microsoft.CSharp.dll [C:\Users\WilliamForney\source\repos\wforney\OpenLiveWriter\src\managed\BlogRunner\BlogRunner.csproj]
C:\Program Files\Microsoft Visual Studio\18\Enterprise\MSBuild\Current\Bin\Microsoft.Common.CurrentVersion.targets(2437,5): warning MSB3277:           Project file item includes which caused reference "C:\Windows\Microsoft.Net\assembly\GAC_MSIL\Microsoft.CSharp\v4.0_4.0.0.0__b03f5f7f11d50a3a\Microsoft.CSharp.dll". [C:\Users\WilliamForney\source\repos\wforney\OpenLiveWriter\src\managed\BlogRunner\BlogRunner.csproj]
C:\Program Files\Microsoft Visual Studio\18\Enterprise\MSBuild\Current\Bin\Microsoft.Common.CurrentVersion.targets(2437,5): warning MSB3277:             C:\Users\WilliamForney\source\repos\wforney\OpenLiveWriter\src\managed\bin\Debug\i386\Writer\BlogRunner.Core.dll [C:\Users\WilliamForney\source\repos\wforney\OpenLiveWriter\src\managed\BlogRunner\BlogRunner.csproj]
C:\Program Files\Microsoft Visual Studio\18\Enterprise\MSBuild\Current\Bin\Microsoft.Common.CurrentVersion.targets(2437,5): warning MSB3277:         C:\Windows\Microsoft.Net\assembly\GAC_MSIL\WindowsBase\v4.0_4.0.0.0__31bf3856ad364e35\WindowsBase.dll [C:\Users\WilliamForney\source\repos\wforney\OpenLiveWriter\src\managed\BlogRunner\BlogRunner.csproj]
C:\Program Files\Microsoft Visual Studio\18\Enterprise\MSBuild\Current\Bin\Microsoft.Common.CurrentVersion.targets(2437,5): warning MSB3277:           Project file item includes which caused reference "C:\Windows\Microsoft.Net\assembly\GAC_MSIL\WindowsBase\v4.0_4.0.0.0__31bf3856ad364e35\WindowsBase.dll". [C:\Users\WilliamForney\source\repos\wforney\OpenLiveWriter\src\managed\BlogRunner\BlogRunner.csproj]
C:\Program Files\Microsoft Visual Studio\18\Enterprise\MSBuild\Current\Bin\Microsoft.Common.CurrentVersion.targets(2437,5): warning MSB3277:             C:\Users\WilliamForney\source\repos\wforney\OpenLiveWriter\src\managed\bin\Debug\i386\Writer\BlogRunner.Core.dll [C:\Users\WilliamForney\source\repos\wforney\OpenLiveWriter\src\managed\BlogRunner\BlogRunner.csproj]
C:\Program Files\Microsoft Visual Studio\18\Enterprise\MSBuild\Current\Bin\Microsoft.Common.CurrentVersion.targets(2437,5): warning MSB3277:         C:\Windows\Microsoft.Net\assembly\GAC_MSIL\System.ServiceModel.Activities\v4.0_4.0.0.0__31bf3856ad364e35\System.ServiceModel.Activities.dll [C:\Users\WilliamForney\source\repos\wforney\OpenLiveWriter\src\managed\BlogRunner\BlogRunner.csproj]
C:\Program Files\Microsoft Visual Studio\18\Enterprise\MSBuild\Current\Bin\Microsoft.Common.CurrentVersion.targets(2437,5): warning MSB3277:           Project file item includes which caused reference "C:\Windows\Microsoft.Net\assembly\GAC_MSIL\System.ServiceModel.Activities\v4.0_4.0.0.0__31bf3856ad364e35\System.ServiceModel.Activities.dll". [C:\Users\WilliamForney\source\repos\wforney\OpenLiveWriter\src\managed\BlogRunner\BlogRunner.csproj]
C:\Program Files\Microsoft Visual Studio\18\Enterprise\MSBuild\Current\Bin\Microsoft.Common.CurrentVersion.targets(2437,5): warning MSB3277:             Microsoft.Threading.Tasks.Extensions.Desktop, Version=1.0.168.0, Culture=neutral, PublicKeyToken=b03f5f7f11d50a3a, processorArchitecture=MSIL [C:\Users\WilliamForney\source\repos\wforney\OpenLiveWriter\src\managed\BlogRunner\BlogRunner.csproj]
C:\Program Files\Microsoft Visual Studio\18\Enterprise\MSBuild\Current\Bin\Microsoft.Common.CurrentVersion.targets(2437,5): warning MSB3277:             C:\Users\WilliamForney\source\repos\wforney\OpenLiveWriter\src\managed\bin\Debug\i386\Writer\BlogRunner.Core.dll [C:\Users\WilliamForney\source\repos\wforney\OpenLiveWriter\src\managed\BlogRunner\BlogRunner.csproj]
C:\Program Files\Microsoft Visual Studio\18\Enterprise\MSBuild\Current\Bin\Microsoft.Common.CurrentVersion.targets(2437,5): warning MSB3277:         C:\Windows\Microsoft.Net\assembly\GAC_MSIL\System.Activities\v4.0_4.0.0.0__31bf3856ad364e35\System.Activities.dll [C:\Users\WilliamForney\source\repos\wforney\OpenLiveWriter\src\managed\BlogRunner\BlogRunner.csproj]
C:\Program Files\Microsoft Visual Studio\18\Enterprise\MSBuild\Current\Bin\Microsoft.Common.CurrentVersion.targets(2437,5): warning MSB3277:           Project file item includes which caused reference "C:\Windows\Microsoft.Net\assembly\GAC_MSIL\System.Activities\v4.0_4.0.0.0__31bf3856ad364e35\System.Activities.dll". [C:\Users\WilliamForney\source\repos\wforney\OpenLiveWriter\src\managed\BlogRunner\BlogRunner.csproj]
C:\Program Files\Microsoft Visual Studio\18\Enterprise\MSBuild\Current\Bin\Microsoft.Common.CurrentVersion.targets(2437,5): warning MSB3277:             Microsoft.Threading.Tasks.Extensions.Desktop, Version=1.0.168.0, Culture=neutral, PublicKeyToken=b03f5f7f11d50a3a, processorArchitecture=MSIL [C:\Users\WilliamForney\source\repos\wforney\OpenLiveWriter\src\managed\BlogRunner\BlogRunner.csproj]
C:\Program Files\Microsoft Visual Studio\18\Enterprise\MSBuild\Current\Bin\Microsoft.Common.CurrentVersion.targets(2437,5): warning MSB3277:             C:\Users\WilliamForney\source\repos\wforney\OpenLiveWriter\src\managed\bin\Debug\i386\Writer\BlogRunner.Core.dll [C:\Users\WilliamForney\source\repos\wforney\OpenLiveWriter\src\managed\BlogRunner\BlogRunner.csproj]
C:\Program Files\Microsoft Visual Studio\18\Enterprise\MSBuild\Current\Bin\Microsoft.Common.CurrentVersion.targets(2437,5): warning MSB3277:         C:\Windows\Microsoft.Net\assembly\GAC_MSIL\System.Dynamic\v4.0_4.0.0.0__b03f5f7f11d50a3a\System.Dynamic.dll [C:\Users\WilliamForney\source\repos\wforney\OpenLiveWriter\src\managed\BlogRunner\BlogRunner.csproj]
C:\Program Files\Microsoft Visual Studio\18\Enterprise\MSBuild\Current\Bin\Microsoft.Common.CurrentVersion.targets(2437,5): warning MSB3277:           Project file item includes which caused reference "C:\Windows\Microsoft.Net\assembly\GAC_MSIL\System.Dynamic\v4.0_4.0.0.0__b03f5f7f11d50a3a\System.Dynamic.dll". [C:\Users\WilliamForney\source\repos\wforney\OpenLiveWriter\src\managed\BlogRunner\BlogRunner.csproj]
C:\Program Files\Microsoft Visual Studio\18\Enterprise\MSBuild\Current\Bin\Microsoft.Common.CurrentVersion.targets(2437,5): warning MSB3277:             C:\Users\WilliamForney\source\repos\wforney\OpenLiveWriter\src\managed\bin\Debug\i386\Writer\BlogRunner.Core.dll [C:\Users\WilliamForney\source\repos\wforney\OpenLiveWriter\src\managed\BlogRunner\BlogRunner.csproj]
C:\Program Files\Microsoft Visual Studio\18\Enterprise\MSBuild\Current\Bin\Microsoft.Common.CurrentVersion.targets(2437,5): warning MSB3277:         C:\Windows\Microsoft.Net\assembly\GAC_MSIL\System.Activities.DurableInstancing\v4.0_4.0.0.0__31bf3856ad364e35\System.Activities.DurableInstancing.dll [C:\Users\WilliamForney\source\repos\wforney\OpenLiveWriter\src\managed\BlogRunner\BlogRunner.csproj]
C:\Program Files\Microsoft Visual Studio\18\Enterprise\MSBuild\Current\Bin\Microsoft.Common.CurrentVersion.targets(2437,5): warning MSB3277:           Project file item includes which caused reference "C:\Windows\Microsoft.Net\assembly\GAC_MSIL\System.Activities.DurableInstancing\v4.0_4.0.0.0__31bf3856ad364e35\System.Activities.DurableInstancing.dll". [C:\Users\WilliamForney\source\repos\wforney\OpenLiveWriter\src\managed\BlogRunner\BlogRunner.csproj]
C:\Program Files\Microsoft Visual Studio\18\Enterprise\MSBuild\Current\Bin\Microsoft.Common.CurrentVersion.targets(2437,5): warning MSB3277:             Microsoft.Threading.Tasks.Extensions.Desktop, Version=1.0.168.0, Culture=neutral, PublicKeyToken=b03f5f7f11d50a3a, processorArchitecture=MSIL [C:\Users\WilliamForney\source\repos\wforney\OpenLiveWriter\src\managed\BlogRunner\BlogRunner.csproj]
C:\Program Files\Microsoft Visual Studio\18\Enterprise\MSBuild\Current\Bin\Microsoft.Common.CurrentVersion.targets(2437,5): warning MSB3277:             C:\Users\WilliamForney\source\repos\wforney\OpenLiveWriter\src\managed\bin\Debug\i386\Writer\BlogRunner.Core.dll [C:\Users\WilliamForney\source\repos\wforney\OpenLiveWriter\src\managed\BlogRunner\BlogRunner.csproj]
C:\Program Files\Microsoft Visual Studio\18\Enterprise\MSBuild\Current\Bin\Microsoft.Common.CurrentVersion.targets(2437,5): warning MSB3277:         C:\Windows\Microsoft.Net\assembly\GAC_32\Microsoft.VisualBasic.Activities.Compiler\v4.0_10.0.0.0__b03f5f7f11d50a3a\Microsoft.VisualBasic.Activities.Compiler.dll [C:\Users\WilliamForney\source\repos\wforney\OpenLiveWriter\src\managed\BlogRunner\BlogRunner.csproj]
C:\Program Files\Microsoft Visual Studio\18\Enterprise\MSBuild\Current\Bin\Microsoft.Common.CurrentVersion.targets(2437,5): warning MSB3277:           Project file item includes which caused reference "C:\Windows\Microsoft.Net\assembly\GAC_32\Microsoft.VisualBasic.Activities.Compiler\v4.0_10.0.0.0__b03f5f7f11d50a3a\Microsoft.VisualBasic.Activities.Compiler.dll". [C:\Users\WilliamForney\source\repos\wforney\OpenLiveWriter\src\managed\BlogRunner\BlogRunner.csproj]
C:\Program Files\Microsoft Visual Studio\18\Enterprise\MSBuild\Current\Bin\Microsoft.Common.CurrentVersion.targets(2437,5): warning MSB3277:             Microsoft.Threading.Tasks.Extensions.Desktop, Version=1.0.168.0, Culture=neutral, PublicKeyToken=b03f5f7f11d50a3a, processorArchitecture=MSIL [C:\Users\WilliamForney\source\repos\wforney\OpenLiveWriter\src\managed\BlogRunner\BlogRunner.csproj]
C:\Program Files\Microsoft Visual Studio\18\Enterprise\MSBuild\Current\Bin\Microsoft.Common.CurrentVersion.targets(2437,5): warning MSB3277:             C:\Users\WilliamForney\source\repos\wforney\OpenLiveWriter\src\managed\bin\Debug\i386\Writer\BlogRunner.Core.dll [C:\Users\WilliamForney\source\repos\wforney\OpenLiveWriter\src\managed\BlogRunner\BlogRunner.csproj]
C:\Program Files\Microsoft Visual Studio\18\Enterprise\MSBuild\Current\Bin\Microsoft.Common.CurrentVersion.targets(2437,5): warning MSB3277:         C:\Windows\Microsoft.Net\assembly\GAC_MSIL\Microsoft.VisualBasic\v4.0_10.0.0.0__b03f5f7f11d50a3a\Microsoft.VisualBasic.dll [C:\Users\WilliamForney\source\repos\wforney\OpenLiveWriter\src\managed\BlogRunner\BlogRunner.csproj]
C:\Program Files\Microsoft Visual Studio\18\Enterprise\MSBuild\Current\Bin\Microsoft.Common.CurrentVersion.targets(2437,5): warning MSB3277:           Project file item includes which caused reference "C:\Windows\Microsoft.Net\assembly\GAC_MSIL\Microsoft.VisualBasic\v4.0_10.0.0.0__b03f5f7f11d50a3a\Microsoft.VisualBasic.dll". [C:\Users\WilliamForney\source\repos\wforney\OpenLiveWriter\src\managed\BlogRunner\BlogRunner.csproj]
C:\Program Files\Microsoft Visual Studio\18\Enterprise\MSBuild\Current\Bin\Microsoft.Common.CurrentVersion.targets(2437,5): warning MSB3277:             Microsoft.Threading.Tasks.Extensions.Desktop, Version=1.0.168.0, Culture=neutral, PublicKeyToken=b03f5f7f11d50a3a, processorArchitecture=MSIL [C:\Users\WilliamForney\source\repos\wforney\OpenLiveWriter\src\managed\BlogRunner\BlogRunner.csproj]
C:\Program Files\Microsoft Visual Studio\18\Enterprise\MSBuild\Current\Bin\Microsoft.Common.CurrentVersion.targets(2437,5): warning MSB3277:             C:\Users\WilliamForney\source\repos\wforney\OpenLiveWriter\src\managed\bin\Debug\i386\Writer\BlogRunner.Core.dll [C:\Users\WilliamForney\source\repos\wforney\OpenLiveWriter\src\managed\BlogRunner\BlogRunner.csproj]
  Consider app.config remapping of assembly "mscorlib, Culture=neutral, PublicKeyToken=b77a5c561934e089" from Version "2.0.5.0" [] to Version "4.0.0.0" [C:\Windows\Microsoft.NET\Framework\v4.0.30319\mscorlib.dll] to solve conflict and get rid of warning.
  Consider app.config remapping of assembly "System, Culture=neutral, PublicKeyToken=b77a5c561934e089" from Version "2.0.5.0" [] to Version "4.0.0.0" [C:\Windows\Microsoft.Net\assembly\GAC_MSIL\System\v4.0_4.0.0.0__b77a5c561934e089\System.dll] to solve conflict and get rid of warning.
  Consider app.config remapping of assembly "System.Net.Http, Culture=neutral, PublicKeyToken=b03f5f7f11d50a3a" from Version "1.5.0.0" [] to Version "4.0.0.0" [C:\Windows\Microsoft.Net\assembly\GAC_MSIL\System.Net.Http\v4.0_4.0.0.0__b03f5f7f11d50a3a\System.Net.Http.dll] to solve conflict and get rid of warning.
  Consider app.config remapping of assembly "System.Xml, Culture=neutral, PublicKeyToken=b77a5c561934e089" from Version "2.0.0.0" [C:\Windows\assembly\GAC_MSIL\System.Xml\2.0.0.0__b77a5c561934e089\System.Xml.dll] to Version "4.0.0.0" [C:\Windows\Microsoft.Net\assembly\GAC_MSIL\System.Xml\v4.0_4.0.0.0__b77a5c561934e089\System.Xml.dll] to solve conflict and get rid of warning.
  Consider app.config remapping of assembly "System.Security, Culture=neutral, PublicKeyToken=b03f5f7f11d50a3a" from Version "2.0.0.0" [C:\Windows\assembly\GAC_MSIL\System.Security\2.0.0.0__b03f5f7f11d50a3a\System.Security.dll] to Version "4.0.0.0" [C:\Windows\Microsoft.Net\assembly\GAC_MSIL\System.Security\v4.0_4.0.0.0__b03f5f7f11d50a3a\System.Security.dll] to solve conflict and get rid of warning.
  Consider app.config remapping of assembly "System.Runtime, Culture=neutral, PublicKeyToken=b03f5f7f11d50a3a" from Version "1.5.11.0" [] to Version "4.0.0.0" [C:\Windows\Microsoft.Net\assembly\GAC_MSIL\System.Runtime\v4.0_4.0.0.0__b03f5f7f11d50a3a\System.Runtime.dll] to solve conflict and get rid of warning.
  Consider app.config remapping of assembly "System.Configuration, Culture=neutral, PublicKeyToken=b03f5f7f11d50a3a" from Version "2.0.0.0" [C:\Windows\assembly\GAC_MSIL\System.Configuration\2.0.0.0__b03f5f7f11d50a3a\System.Configuration.dll] to Version "4.0.0.0" [C:\Windows\Microsoft.Net\assembly\GAC_MSIL\System.Configuration\v4.0_4.0.0.0__b03f5f7f11d50a3a\System.Configuration.dll] to solve conflict and get rid of warning.
  Consider app.config remapping of assembly "System.Data.SqlXml, Culture=neutral, PublicKeyToken=b77a5c561934e089" from Version "2.0.0.0" [C:\Windows\assembly\GAC_MSIL\System.Data.SqlXml\2.0.0.0__b77a5c561934e089\System.Data.SqlXml.dll] to Version "4.0.0.0" [C:\Windows\Microsoft.Net\assembly\GAC_MSIL\System.Data.SqlXml\v4.0_4.0.0.0__b77a5c561934e089\System.Data.SqlXml.dll] to solve conflict and get rid of warning.
  Consider app.config remapping of assembly "Newtonsoft.Json, Culture=neutral, PublicKeyToken=30ad4fe6b2a6aeed" from Version "10.0.0.0" [] to Version "13.0.0.0" [C:\Users\WilliamForney\source\repos\wforney\OpenLiveWriter\src\managed\bin\Debug\i386\Writer\Newtonsoft.Json.dll] to solve conflict and get rid of warning.
C:\Program Files\Microsoft Visual Studio\18\Enterprise\MSBuild\Current\Bin\Microsoft.Common.CurrentVersion.targets(2437,5): warning MSB3276: Found conflicts between different versions of the same dependent assembly. Please set the "AutoGenerateBindingRedirects" property to true in the project file. For more information, see http://go.microsoft.com/fwlink/?LinkId=294190. [C:\Users\WilliamForney\source\repos\wforney\OpenLiveWriter\src\managed\BlogRunner\BlogRunner.csproj]
  BlogRunner -> C:\Users\WilliamForney\source\repos\wforney\OpenLiveWriter\src\managed\bin\Debug\i386\Writer\BlogRunner.exe
  Attempting to build package from 'OpenLiveWriter.nuspec'.
C:\Program Files\Microsoft Visual Studio\18\Enterprise\MSBuild\Current\Bin\Microsoft.Common.CurrentVersion.targets(2437,5): warning MSB3277: Found conflicts between different versions of "System.Core" that could not be resolved. [C:\Users\WilliamForney\source\repos\wforney\OpenLiveWriter\src\managed\BlogRunnerGui\BlogRunnerGui.csproj]
C:\Program Files\Microsoft Visual Studio\18\Enterprise\MSBuild\Current\Bin\Microsoft.Common.CurrentVersion.targets(2437,5): warning MSB3277: There was a conflict between "System.Core, Version=3.5.0.0, Culture=neutral, PublicKeyToken=b77a5c561934e089" and "System.Core, Version=4.0.0.0, Culture=neutral, PublicKeyToken=b77a5c561934e089". [C:\Users\WilliamForney\source\repos\wforney\OpenLiveWriter\src\managed\BlogRunnerGui\BlogRunnerGui.csproj]
C:\Program Files\Microsoft Visual Studio\18\Enterprise\MSBuild\Current\Bin\Microsoft.Common.CurrentVersion.targets(2437,5): warning MSB3277:     "System.Core, Version=3.5.0.0, Culture=neutral, PublicKeyToken=b77a5c561934e089" was chosen because it was primary and "System.Core, Version=4.0.0.0, Culture=neutral, PublicKeyToken=b77a5c561934e089" was not. [C:\Users\WilliamForney\source\repos\wforney\OpenLiveWriter\src\managed\BlogRunnerGui\BlogRunnerGui.csproj]
C:\Program Files\Microsoft Visual Studio\18\Enterprise\MSBuild\Current\Bin\Microsoft.Common.CurrentVersion.targets(2437,5): warning MSB3277:     References which depend on "System.Core, Version=3.5.0.0, Culture=neutral, PublicKeyToken=b77a5c561934e089" [C:\Program Files (x86)\Reference Assemblies\Microsoft\Framework\v3.5\System.Core.dll]. [C:\Users\WilliamForney\source\repos\wforney\OpenLiveWriter\src\managed\BlogRunnerGui\BlogRunnerGui.csproj]
C:\Program Files\Microsoft Visual Studio\18\Enterprise\MSBuild\Current\Bin\Microsoft.Common.CurrentVersion.targets(2437,5): warning MSB3277:         C:\Program Files (x86)\Reference Assemblies\Microsoft\Framework\v3.5\System.Core.dll [C:\Users\WilliamForney\source\repos\wforney\OpenLiveWriter\src\managed\BlogRunnerGui\BlogRunnerGui.csproj]
C:\Program Files\Microsoft Visual Studio\18\Enterprise\MSBuild\Current\Bin\Microsoft.Common.CurrentVersion.targets(2437,5): warning MSB3277:           Project file item includes which caused reference "C:\Program Files (x86)\Reference Assemblies\Microsoft\Framework\v3.5\System.Core.dll". [C:\Users\WilliamForney\source\repos\wforney\OpenLiveWriter\src\managed\BlogRunnerGui\BlogRunnerGui.csproj]
C:\Program Files\Microsoft Visual Studio\18\Enterprise\MSBuild\Current\Bin\Microsoft.Common.CurrentVersion.targets(2437,5): warning MSB3277:             System.Core [C:\Users\WilliamForney\source\repos\wforney\OpenLiveWriter\src\managed\BlogRunnerGui\BlogRunnerGui.csproj]
C:\Program Files\Microsoft Visual Studio\18\Enterprise\MSBuild\Current\Bin\Microsoft.Common.CurrentVersion.targets(2437,5): warning MSB3277:             C:\Users\WilliamForney\source\repos\wforney\OpenLiveWriter\src\managed\bin\Debug\i386\Writer\BlogRunner.Core.dll [C:\Users\WilliamForney\source\repos\wforney\OpenLiveWriter\src\managed\BlogRunnerGui\BlogRunnerGui.csproj]
C:\Program Files\Microsoft Visual Studio\18\Enterprise\MSBuild\Current\Bin\Microsoft.Common.CurrentVersion.targets(2437,5): warning MSB3277:             C:\Users\WilliamForney\source\repos\wforney\OpenLiveWriter\src\managed\bin\Debug\i386\Writer\BlogRunner.exe [C:\Users\WilliamForney\source\repos\wforney\OpenLiveWriter\src\managed\BlogRunnerGui\BlogRunnerGui.csproj]
C:\Program Files\Microsoft Visual Studio\18\Enterprise\MSBuild\Current\Bin\Microsoft.Common.CurrentVersion.targets(2437,5): warning MSB3277:         C:\Users\WilliamForney\source\repos\wforney\OpenLiveWriter\src\managed\bin\Debug\i386\Writer\OpenLiveWriter.BlogClient.dll [C:\Users\WilliamForney\source\repos\wforney\OpenLiveWriter\src\managed\BlogRunnerGui\BlogRunnerGui.csproj]
C:\Program Files\Microsoft Visual Studio\18\Enterprise\MSBuild\Current\Bin\Microsoft.Common.CurrentVersion.targets(2437,5): warning MSB3277:           Project file item includes which caused reference "C:\Users\WilliamForney\source\repos\wforney\OpenLiveWriter\src\managed\bin\Debug\i386\Writer\OpenLiveWriter.BlogClient.dll". [C:\Users\WilliamForney\source\repos\wforney\OpenLiveWriter\src\managed\BlogRunnerGui\BlogRunnerGui.csproj]
C:\Program Files\Microsoft Visual Studio\18\Enterprise\MSBuild\Current\Bin\Microsoft.Common.CurrentVersion.targets(2437,5): warning MSB3277:             C:\Users\WilliamForney\source\repos\wforney\OpenLiveWriter\src\managed\bin\Debug\i386\Writer\BlogRunner.Core.dll [C:\Users\WilliamForney\source\repos\wforney\OpenLiveWriter\src\managed\BlogRunnerGui\BlogRunnerGui.csproj]
C:\Program Files\Microsoft Visual Studio\18\Enterprise\MSBuild\Current\Bin\Microsoft.Common.CurrentVersion.targets(2437,5): warning MSB3277:             C:\Users\WilliamForney\source\repos\wforney\OpenLiveWriter\src\managed\bin\Debug\i386\Writer\BlogRunner.exe [C:\Users\WilliamForney\source\repos\wforney\OpenLiveWriter\src\managed\BlogRunnerGui\BlogRunnerGui.csproj]
C:\Program Files\Microsoft Visual Studio\18\Enterprise\MSBuild\Current\Bin\Microsoft.Common.CurrentVersion.targets(2437,5): warning MSB3277:         C:\Users\WilliamForney\source\repos\wforney\OpenLiveWriter\src\managed\bin\Debug\i386\Writer\OpenLiveWriter.SpellChecker.dll [C:\Users\WilliamForney\source\repos\wforney\OpenLiveWriter\src\managed\BlogRunnerGui\BlogRunnerGui.csproj]
C:\Program Files\Microsoft Visual Studio\18\Enterprise\MSBuild\Current\Bin\Microsoft.Common.CurrentVersion.targets(2437,5): warning MSB3277:           Project file item includes which caused reference "C:\Users\WilliamForney\source\repos\wforney\OpenLiveWriter\src\managed\bin\Debug\i386\Writer\OpenLiveWriter.SpellChecker.dll". [C:\Users\WilliamForney\source\repos\wforney\OpenLiveWriter\src\managed\BlogRunnerGui\BlogRunnerGui.csproj]
C:\Program Files\Microsoft Visual Studio\18\Enterprise\MSBuild\Current\Bin\Microsoft.Common.CurrentVersion.targets(2437,5): warning MSB3277:             C:\Users\WilliamForney\source\repos\wforney\OpenLiveWriter\src\managed\bin\Debug\i386\Writer\BlogRunner.Core.dll [C:\Users\WilliamForney\source\repos\wforney\OpenLiveWriter\src\managed\BlogRunnerGui\BlogRunnerGui.csproj]
C:\Program Files\Microsoft Visual Studio\18\Enterprise\MSBuild\Current\Bin\Microsoft.Common.CurrentVersion.targets(2437,5): warning MSB3277:             C:\Users\WilliamForney\source\repos\wforney\OpenLiveWriter\src\managed\bin\Debug\i386\Writer\BlogRunner.exe [C:\Users\WilliamForney\source\repos\wforney\OpenLiveWriter\src\managed\BlogRunnerGui\BlogRunnerGui.csproj]
C:\Program Files\Microsoft Visual Studio\18\Enterprise\MSBuild\Current\Bin\Microsoft.Common.CurrentVersion.targets(2437,5): warning MSB3277:         C:\Users\WilliamForney\source\repos\wforney\OpenLiveWriter\src\managed\bin\Debug\i386\Writer\Mono.Cecil.dll [C:\Users\WilliamForney\source\repos\wforney\OpenLiveWriter\src\managed\BlogRunnerGui\BlogRunnerGui.csproj]
C:\Program Files\Microsoft Visual Studio\18\Enterprise\MSBuild\Current\Bin\Microsoft.Common.CurrentVersion.targets(2437,5): warning MSB3277:           Project file item includes which caused reference "C:\Users\WilliamForney\source\repos\wforney\OpenLiveWriter\src\managed\bin\Debug\i386\Writer\Mono.Cecil.dll". [C:\Users\WilliamForney\source\repos\wforney\OpenLiveWriter\src\managed\BlogRunnerGui\BlogRunnerGui.csproj]
C:\Program Files\Microsoft Visual Studio\18\Enterprise\MSBuild\Current\Bin\Microsoft.Common.CurrentVersion.targets(2437,5): warning MSB3277:             C:\Users\WilliamForney\source\repos\wforney\OpenLiveWriter\src\managed\bin\Debug\i386\Writer\BlogRunner.Core.dll [C:\Users\WilliamForney\source\repos\wforney\OpenLiveWriter\src\managed\BlogRunnerGui\BlogRunnerGui.csproj]
C:\Program Files\Microsoft Visual Studio\18\Enterprise\MSBuild\Current\Bin\Microsoft.Common.CurrentVersion.targets(2437,5): warning MSB3277:             C:\Users\WilliamForney\source\repos\wforney\OpenLiveWriter\src\managed\bin\Debug\i386\Writer\BlogRunner.exe [C:\Users\WilliamForney\source\repos\wforney\OpenLiveWriter\src\managed\BlogRunnerGui\BlogRunnerGui.csproj]
C:\Program Files\Microsoft Visual Studio\18\Enterprise\MSBuild\Current\Bin\Microsoft.Common.CurrentVersion.targets(2437,5): warning MSB3277:     References which depend on or have been unified to "System.Core, Version=4.0.0.0, Culture=neutral, PublicKeyToken=b77a5c561934e089" [C:\Windows\Microsoft.Net\assembly\GAC_MSIL\System.Core\v4.0_4.0.0.0__b77a5c561934e089\System.Core.dll]. [C:\Users\WilliamForney\source\repos\wforney\OpenLiveWriter\src\managed\BlogRunnerGui\BlogRunnerGui.csproj]
C:\Program Files\Microsoft Visual Studio\18\Enterprise\MSBuild\Current\Bin\Microsoft.Common.CurrentVersion.targets(2437,5): warning MSB3277:         C:\Users\WilliamForney\source\repos\wforney\OpenLiveWriter\src\managed\packages\Microsoft.Bcl.Async.1.0.168\lib\net40\Microsoft.Threading.Tasks.Extensions.Desktop.dll [C:\Users\WilliamForney\source\repos\wforney\OpenLiveWriter\src\managed\BlogRunnerGui\BlogRunnerGui.csproj]
C:\Program Files\Microsoft Visual Studio\18\Enterprise\MSBuild\Current\Bin\Microsoft.Common.CurrentVersion.targets(2437,5): warning MSB3277:           Project file item includes which caused reference "C:\Users\WilliamForney\source\repos\wforney\OpenLiveWriter\src\managed\packages\Microsoft.Bcl.Async.1.0.168\lib\net40\Microsoft.Threading.Tasks.Extensions.Desktop.dll". [C:\Users\WilliamForney\source\repos\wforney\OpenLiveWriter\src\managed\BlogRunnerGui\BlogRunnerGui.csproj]
C:\Program Files\Microsoft Visual Studio\18\Enterprise\MSBuild\Current\Bin\Microsoft.Common.CurrentVersion.targets(2437,5): warning MSB3277:             Microsoft.Threading.Tasks.Extensions.Desktop, Version=1.0.168.0, Culture=neutral, PublicKeyToken=b03f5f7f11d50a3a, processorArchitecture=MSIL [C:\Users\WilliamForney\source\repos\wforney\OpenLiveWriter\src\managed\BlogRunnerGui\BlogRunnerGui.csproj]
C:\Program Files\Microsoft Visual Studio\18\Enterprise\MSBuild\Current\Bin\Microsoft.Common.CurrentVersion.targets(2437,5): warning MSB3277:         C:\Windows\Microsoft.Net\assembly\GAC_MSIL\System.configuration\v4.0_4.0.0.0__b03f5f7f11d50a3a\System.configuration.dll [C:\Users\WilliamForney\source\repos\wforney\OpenLiveWriter\src\managed\BlogRunnerGui\BlogRunnerGui.csproj]
C:\Program Files\Microsoft Visual Studio\18\Enterprise\MSBuild\Current\Bin\Microsoft.Common.CurrentVersion.targets(2437,5): warning MSB3277:           Project file item includes which caused reference "C:\Windows\Microsoft.Net\assembly\GAC_MSIL\System.configuration\v4.0_4.0.0.0__b03f5f7f11d50a3a\System.configuration.dll". [C:\Users\WilliamForney\source\repos\wforney\OpenLiveWriter\src\managed\BlogRunnerGui\BlogRunnerGui.csproj]
C:\Program Files\Microsoft Visual Studio\18\Enterprise\MSBuild\Current\Bin\Microsoft.Common.CurrentVersion.targets(2437,5): warning MSB3277:             System.configuration [C:\Users\WilliamForney\source\repos\wforney\OpenLiveWriter\src\managed\BlogRunnerGui\BlogRunnerGui.csproj]
C:\Program Files\Microsoft Visual Studio\18\Enterprise\MSBuild\Current\Bin\Microsoft.Common.CurrentVersion.targets(2437,5): warning MSB3277:             System [C:\Users\WilliamForney\source\repos\wforney\OpenLiveWriter\src\managed\BlogRunnerGui\BlogRunnerGui.csproj]
C:\Program Files\Microsoft Visual Studio\18\Enterprise\MSBuild\Current\Bin\Microsoft.Common.CurrentVersion.targets(2437,5): warning MSB3277:             C:\Users\WilliamForney\source\repos\wforney\OpenLiveWriter\src\managed\bin\Debug\i386\Writer\OpenLiveWriter.CoreServices.dll [C:\Users\WilliamForney\source\repos\wforney\OpenLiveWriter\src\managed\BlogRunnerGui\BlogRunnerGui.csproj]
C:\Program Files\Microsoft Visual Studio\18\Enterprise\MSBuild\Current\Bin\Microsoft.Common.CurrentVersion.targets(2437,5): warning MSB3277:             C:\Users\WilliamForney\source\repos\wforney\OpenLiveWriter\src\managed\bin\Debug\i386\Writer\BlogRunner.Core.dll [C:\Users\WilliamForney\source\repos\wforney\OpenLiveWriter\src\managed\BlogRunnerGui\BlogRunnerGui.csproj]
C:\Program Files\Microsoft Visual Studio\18\Enterprise\MSBuild\Current\Bin\Microsoft.Common.CurrentVersion.targets(2437,5): warning MSB3277:             C:\Users\WilliamForney\source\repos\wforney\OpenLiveWriter\src\managed\bin\Debug\i386\Writer\BlogRunner.exe [C:\Users\WilliamForney\source\repos\wforney\OpenLiveWriter\src\managed\BlogRunnerGui\BlogRunnerGui.csproj]
C:\Program Files\Microsoft Visual Studio\18\Enterprise\MSBuild\Current\Bin\Microsoft.Common.CurrentVersion.targets(2437,5): warning MSB3277:             Microsoft.Threading.Tasks.Extensions.Desktop, Version=1.0.168.0, Culture=neutral, PublicKeyToken=b03f5f7f11d50a3a, processorArchitecture=MSIL [C:\Users\WilliamForney\source\repos\wforney\OpenLiveWriter\src\managed\BlogRunnerGui\BlogRunnerGui.csproj]
C:\Program Files\Microsoft Visual Studio\18\Enterprise\MSBuild\Current\Bin\Microsoft.Common.CurrentVersion.targets(2437,5): warning MSB3277:             System.Data [C:\Users\WilliamForney\source\repos\wforney\OpenLiveWriter\src\managed\BlogRunnerGui\BlogRunnerGui.csproj]
C:\Program Files\Microsoft Visual Studio\18\Enterprise\MSBuild\Current\Bin\Microsoft.Common.CurrentVersion.targets(2437,5): warning MSB3277:             System.Deployment [C:\Users\WilliamForney\source\repos\wforney\OpenLiveWriter\src\managed\BlogRunnerGui\BlogRunnerGui.csproj]
C:\Program Files\Microsoft Visual Studio\18\Enterprise\MSBuild\Current\Bin\Microsoft.Common.CurrentVersion.targets(2437,5): warning MSB3277:             System.Drawing [C:\Users\WilliamForney\source\repos\wforney\OpenLiveWriter\src\managed\BlogRunnerGui\BlogRunnerGui.csproj]
C:\Program Files\Microsoft Visual Studio\18\Enterprise\MSBuild\Current\Bin\Microsoft.Common.CurrentVersion.targets(2437,5): warning MSB3277:             System.Net.Http [C:\Users\WilliamForney\source\repos\wforney\OpenLiveWriter\src\managed\BlogRunnerGui\BlogRunnerGui.csproj]
C:\Program Files\Microsoft Visual Studio\18\Enterprise\MSBuild\Current\Bin\Microsoft.Common.CurrentVersion.targets(2437,5): warning MSB3277:             System.Net.Http.WebRequest [C:\Users\WilliamForney\source\repos\wforney\OpenLiveWriter\src\managed\BlogRunnerGui\BlogRunnerGui.csproj]
C:\Program Files\Microsoft Visual Studio\18\Enterprise\MSBuild\Current\Bin\Microsoft.Common.CurrentVersion.targets(2437,5): warning MSB3277:             System.Windows.Forms [C:\Users\WilliamForney\source\repos\wforney\OpenLiveWriter\src\managed\BlogRunnerGui\BlogRunnerGui.csproj]
C:\Program Files\Microsoft Visual Studio\18\Enterprise\MSBuild\Current\Bin\Microsoft.Common.CurrentVersion.targets(2437,5): warning MSB3277:             System.Xml [C:\Users\WilliamForney\source\repos\wforney\OpenLiveWriter\src\managed\BlogRunnerGui\BlogRunnerGui.csproj]
C:\Program Files\Microsoft Visual Studio\18\Enterprise\MSBuild\Current\Bin\Microsoft.Common.CurrentVersion.targets(2437,5): warning MSB3277:             System.Net.Http.Primitives, Version=4.2.29.0, Culture=neutral, PublicKeyToken=b03f5f7f11d50a3a, processorArchitecture=MSIL [C:\Users\WilliamForney\source\repos\wforney\OpenLiveWriter\src\managed\BlogRunnerGui\BlogRunnerGui.csproj]
C:\Program Files\Microsoft Visual Studio\18\Enterprise\MSBuild\Current\Bin\Microsoft.Common.CurrentVersion.targets(2437,5): warning MSB3277:         C:\Windows\Microsoft.Net\assembly\GAC_32\System.Data\v4.0_4.0.0.0__b77a5c561934e089\System.Data.dll [C:\Users\WilliamForney\source\repos\wforney\OpenLiveWriter\src\managed\BlogRunnerGui\BlogRunnerGui.csproj]
C:\Program Files\Microsoft Visual Studio\18\Enterprise\MSBuild\Current\Bin\Microsoft.Common.CurrentVersion.targets(2437,5): warning MSB3277:           Project file item includes which caused reference "C:\Windows\Microsoft.Net\assembly\GAC_32\System.Data\v4.0_4.0.0.0__b77a5c561934e089\System.Data.dll". [C:\Users\WilliamForney\source\repos\wforney\OpenLiveWriter\src\managed\BlogRunnerGui\BlogRunnerGui.csproj]
C:\Program Files\Microsoft Visual Studio\18\Enterprise\MSBuild\Current\Bin\Microsoft.Common.CurrentVersion.targets(2437,5): warning MSB3277:             System.Data [C:\Users\WilliamForney\source\repos\wforney\OpenLiveWriter\src\managed\BlogRunnerGui\BlogRunnerGui.csproj]
C:\Program Files\Microsoft Visual Studio\18\Enterprise\MSBuild\Current\Bin\Microsoft.Common.CurrentVersion.targets(2437,5): warning MSB3277:             Microsoft.Threading.Tasks.Extensions.Desktop, Version=1.0.168.0, Culture=neutral, PublicKeyToken=b03f5f7f11d50a3a, processorArchitecture=MSIL [C:\Users\WilliamForney\source\repos\wforney\OpenLiveWriter\src\managed\BlogRunnerGui\BlogRunnerGui.csproj]
C:\Program Files\Microsoft Visual Studio\18\Enterprise\MSBuild\Current\Bin\Microsoft.Common.CurrentVersion.targets(2437,5): warning MSB3277:             C:\Users\WilliamForney\source\repos\wforney\OpenLiveWriter\src\managed\bin\Debug\i386\Writer\OpenLiveWriter.CoreServices.dll [C:\Users\WilliamForney\source\repos\wforney\OpenLiveWriter\src\managed\BlogRunnerGui\BlogRunnerGui.csproj]
C:\Program Files\Microsoft Visual Studio\18\Enterprise\MSBuild\Current\Bin\Microsoft.Common.CurrentVersion.targets(2437,5): warning MSB3277:             C:\Users\WilliamForney\source\repos\wforney\OpenLiveWriter\src\managed\bin\Debug\i386\Writer\BlogRunner.Core.dll [C:\Users\WilliamForney\source\repos\wforney\OpenLiveWriter\src\managed\BlogRunnerGui\BlogRunnerGui.csproj]
C:\Program Files\Microsoft Visual Studio\18\Enterprise\MSBuild\Current\Bin\Microsoft.Common.CurrentVersion.targets(2437,5): warning MSB3277:             C:\Users\WilliamForney\source\repos\wforney\OpenLiveWriter\src\managed\bin\Debug\i386\Writer\BlogRunner.exe [C:\Users\WilliamForney\source\repos\wforney\OpenLiveWriter\src\managed\BlogRunnerGui\BlogRunnerGui.csproj]
C:\Program Files\Microsoft Visual Studio\18\Enterprise\MSBuild\Current\Bin\Microsoft.Common.CurrentVersion.targets(2437,5): warning MSB3277:         C:\Windows\Microsoft.Net\assembly\GAC_MSIL\System.Deployment\v4.0_4.0.0.0__b03f5f7f11d50a3a\System.Deployment.dll [C:\Users\WilliamForney\source\repos\wforney\OpenLiveWriter\src\managed\BlogRunnerGui\BlogRunnerGui.csproj]
C:\Program Files\Microsoft Visual Studio\18\Enterprise\MSBuild\Current\Bin\Microsoft.Common.CurrentVersion.targets(2437,5): warning MSB3277:           Project file item includes which caused reference "C:\Windows\Microsoft.Net\assembly\GAC_MSIL\System.Deployment\v4.0_4.0.0.0__b03f5f7f11d50a3a\System.Deployment.dll". [C:\Users\WilliamForney\source\repos\wforney\OpenLiveWriter\src\managed\BlogRunnerGui\BlogRunnerGui.csproj]
C:\Program Files\Microsoft Visual Studio\18\Enterprise\MSBuild\Current\Bin\Microsoft.Common.CurrentVersion.targets(2437,5): warning MSB3277:             System.Deployment [C:\Users\WilliamForney\source\repos\wforney\OpenLiveWriter\src\managed\BlogRunnerGui\BlogRunnerGui.csproj]
C:\Program Files\Microsoft Visual Studio\18\Enterprise\MSBuild\Current\Bin\Microsoft.Common.CurrentVersion.targets(2437,5): warning MSB3277:             System.Windows.Forms [C:\Users\WilliamForney\source\repos\wforney\OpenLiveWriter\src\managed\BlogRunnerGui\BlogRunnerGui.csproj]
C:\Program Files\Microsoft Visual Studio\18\Enterprise\MSBuild\Current\Bin\Microsoft.Common.CurrentVersion.targets(2437,5): warning MSB3277:             C:\Users\WilliamForney\source\repos\wforney\OpenLiveWriter\src\managed\bin\Debug\i386\Writer\OpenLiveWriter.CoreServices.dll [C:\Users\WilliamForney\source\repos\wforney\OpenLiveWriter\src\managed\BlogRunnerGui\BlogRunnerGui.csproj]
C:\Program Files\Microsoft Visual Studio\18\Enterprise\MSBuild\Current\Bin\Microsoft.Common.CurrentVersion.targets(2437,5): warning MSB3277:             C:\Users\WilliamForney\source\repos\wforney\OpenLiveWriter\src\managed\bin\Debug\i386\Writer\BlogRunner.Core.dll [C:\Users\WilliamForney\source\repos\wforney\OpenLiveWriter\src\managed\BlogRunnerGui\BlogRunnerGui.csproj]
C:\Program Files\Microsoft Visual Studio\18\Enterprise\MSBuild\Current\Bin\Microsoft.Common.CurrentVersion.targets(2437,5): warning MSB3277:             C:\Users\WilliamForney\source\repos\wforney\OpenLiveWriter\src\managed\bin\Debug\i386\Writer\BlogRunner.exe [C:\Users\WilliamForney\source\repos\wforney\OpenLiveWriter\src\managed\BlogRunnerGui\BlogRunnerGui.csproj]
C:\Program Files\Microsoft Visual Studio\18\Enterprise\MSBuild\Current\Bin\Microsoft.Common.CurrentVersion.targets(2437,5): warning MSB3277:             Microsoft.Threading.Tasks.Extensions.Desktop, Version=1.0.168.0, Culture=neutral, PublicKeyToken=b03f5f7f11d50a3a, processorArchitecture=MSIL [C:\Users\WilliamForney\source\repos\wforney\OpenLiveWriter\src\managed\BlogRunnerGui\BlogRunnerGui.csproj]
C:\Program Files\Microsoft Visual Studio\18\Enterprise\MSBuild\Current\Bin\Microsoft.Common.CurrentVersion.targets(2437,5): warning MSB3277:             System.Data [C:\Users\WilliamForney\source\repos\wforney\OpenLiveWriter\src\managed\BlogRunnerGui\BlogRunnerGui.csproj]
C:\Program Files\Microsoft Visual Studio\18\Enterprise\MSBuild\Current\Bin\Microsoft.Common.CurrentVersion.targets(2437,5): warning MSB3277:         C:\Windows\Microsoft.Net\assembly\GAC_MSIL\System.Net.Http\v4.0_4.0.0.0__b03f5f7f11d50a3a\System.Net.Http.dll [C:\Users\WilliamForney\source\repos\wforney\OpenLiveWriter\src\managed\BlogRunnerGui\BlogRunnerGui.csproj]
C:\Program Files\Microsoft Visual Studio\18\Enterprise\MSBuild\Current\Bin\Microsoft.Common.CurrentVersion.targets(2437,5): warning MSB3277:           Project file item includes which caused reference "C:\Windows\Microsoft.Net\assembly\GAC_MSIL\System.Net.Http\v4.0_4.0.0.0__b03f5f7f11d50a3a\System.Net.Http.dll". [C:\Users\WilliamForney\source\repos\wforney\OpenLiveWriter\src\managed\BlogRunnerGui\BlogRunnerGui.csproj]
C:\Program Files\Microsoft Visual Studio\18\Enterprise\MSBuild\Current\Bin\Microsoft.Common.CurrentVersion.targets(2437,5): warning MSB3277:             System.Net.Http [C:\Users\WilliamForney\source\repos\wforney\OpenLiveWriter\src\managed\BlogRunnerGui\BlogRunnerGui.csproj]
C:\Program Files\Microsoft Visual Studio\18\Enterprise\MSBuild\Current\Bin\Microsoft.Common.CurrentVersion.targets(2437,5): warning MSB3277:             System.Net.Http.WebRequest [C:\Users\WilliamForney\source\repos\wforney\OpenLiveWriter\src\managed\BlogRunnerGui\BlogRunnerGui.csproj]
C:\Program Files\Microsoft Visual Studio\18\Enterprise\MSBuild\Current\Bin\Microsoft.Common.CurrentVersion.targets(2437,5): warning MSB3277:             Microsoft.Threading.Tasks.Extensions.Desktop, Version=1.0.168.0, Culture=neutral, PublicKeyToken=b03f5f7f11d50a3a, processorArchitecture=MSIL [C:\Users\WilliamForney\source\repos\wforney\OpenLiveWriter\src\managed\BlogRunnerGui\BlogRunnerGui.csproj]
C:\Program Files\Microsoft Visual Studio\18\Enterprise\MSBuild\Current\Bin\Microsoft.Common.CurrentVersion.targets(2437,5): warning MSB3277:             C:\Users\WilliamForney\source\repos\wforney\OpenLiveWriter\src\managed\bin\Debug\i386\Writer\BlogRunner.Core.dll [C:\Users\WilliamForney\source\repos\wforney\OpenLiveWriter\src\managed\BlogRunnerGui\BlogRunnerGui.csproj]
C:\Program Files\Microsoft Visual Studio\18\Enterprise\MSBuild\Current\Bin\Microsoft.Common.CurrentVersion.targets(2437,5): warning MSB3277:             C:\Users\WilliamForney\source\repos\wforney\OpenLiveWriter\src\managed\bin\Debug\i386\Writer\BlogRunner.exe [C:\Users\WilliamForney\source\repos\wforney\OpenLiveWriter\src\managed\BlogRunnerGui\BlogRunnerGui.csproj]
C:\Program Files\Microsoft Visual Studio\18\Enterprise\MSBuild\Current\Bin\Microsoft.Common.CurrentVersion.targets(2437,5): warning MSB3277:         C:\Windows\Microsoft.Net\assembly\GAC_MSIL\System.Windows.Forms\v4.0_4.0.0.0__b77a5c561934e089\System.Windows.Forms.dll [C:\Users\WilliamForney\source\repos\wforney\OpenLiveWriter\src\managed\BlogRunnerGui\BlogRunnerGui.csproj]
C:\Program Files\Microsoft Visual Studio\18\Enterprise\MSBuild\Current\Bin\Microsoft.Common.CurrentVersion.targets(2437,5): warning MSB3277:           Project file item includes which caused reference "C:\Windows\Microsoft.Net\assembly\GAC_MSIL\System.Windows.Forms\v4.0_4.0.0.0__b77a5c561934e089\System.Windows.Forms.dll". [C:\Users\WilliamForney\source\repos\wforney\OpenLiveWriter\src\managed\BlogRunnerGui\BlogRunnerGui.csproj]
C:\Program Files\Microsoft Visual Studio\18\Enterprise\MSBuild\Current\Bin\Microsoft.Common.CurrentVersion.targets(2437,5): warning MSB3277:             System.Windows.Forms [C:\Users\WilliamForney\source\repos\wforney\OpenLiveWriter\src\managed\BlogRunnerGui\BlogRunnerGui.csproj]
C:\Program Files\Microsoft Visual Studio\18\Enterprise\MSBuild\Current\Bin\Microsoft.Common.CurrentVersion.targets(2437,5): warning MSB3277:             C:\Users\WilliamForney\source\repos\wforney\OpenLiveWriter\src\managed\bin\Debug\i386\Writer\OpenLiveWriter.CoreServices.dll [C:\Users\WilliamForney\source\repos\wforney\OpenLiveWriter\src\managed\BlogRunnerGui\BlogRunnerGui.csproj]
C:\Program Files\Microsoft Visual Studio\18\Enterprise\MSBuild\Current\Bin\Microsoft.Common.CurrentVersion.targets(2437,5): warning MSB3277:             C:\Users\WilliamForney\source\repos\wforney\OpenLiveWriter\src\managed\bin\Debug\i386\Writer\BlogRunner.Core.dll [C:\Users\WilliamForney\source\repos\wforney\OpenLiveWriter\src\managed\BlogRunnerGui\BlogRunnerGui.csproj]
C:\Program Files\Microsoft Visual Studio\18\Enterprise\MSBuild\Current\Bin\Microsoft.Common.CurrentVersion.targets(2437,5): warning MSB3277:             C:\Users\WilliamForney\source\repos\wforney\OpenLiveWriter\src\managed\bin\Debug\i386\Writer\BlogRunner.exe [C:\Users\WilliamForney\source\repos\wforney\OpenLiveWriter\src\managed\BlogRunnerGui\BlogRunnerGui.csproj]
C:\Program Files\Microsoft Visual Studio\18\Enterprise\MSBuild\Current\Bin\Microsoft.Common.CurrentVersion.targets(2437,5): warning MSB3277:             System.Deployment [C:\Users\WilliamForney\source\repos\wforney\OpenLiveWriter\src\managed\BlogRunnerGui\BlogRunnerGui.csproj]
C:\Program Files\Microsoft Visual Studio\18\Enterprise\MSBuild\Current\Bin\Microsoft.Common.CurrentVersion.targets(2437,5): warning MSB3277:             Microsoft.Threading.Tasks.Extensions.Desktop, Version=1.0.168.0, Culture=neutral, PublicKeyToken=b03f5f7f11d50a3a, processorArchitecture=MSIL [C:\Users\WilliamForney\source\repos\wforney\OpenLiveWriter\src\managed\BlogRunnerGui\BlogRunnerGui.csproj]
C:\Program Files\Microsoft Visual Studio\18\Enterprise\MSBuild\Current\Bin\Microsoft.Common.CurrentVersion.targets(2437,5): warning MSB3277:             System.Data [C:\Users\WilliamForney\source\repos\wforney\OpenLiveWriter\src\managed\BlogRunnerGui\BlogRunnerGui.csproj]
C:\Program Files\Microsoft Visual Studio\18\Enterprise\MSBuild\Current\Bin\Microsoft.Common.CurrentVersion.targets(2437,5): warning MSB3277:         C:\Windows\Microsoft.Net\assembly\GAC_32\System.Web\v4.0_4.0.0.0__b03f5f7f11d50a3a\System.Web.dll [C:\Users\WilliamForney\source\repos\wforney\OpenLiveWriter\src\managed\BlogRunnerGui\BlogRunnerGui.csproj]
C:\Program Files\Microsoft Visual Studio\18\Enterprise\MSBuild\Current\Bin\Microsoft.Common.CurrentVersion.targets(2437,5): warning MSB3277:           Project file item includes which caused reference "C:\Windows\Microsoft.Net\assembly\GAC_32\System.Web\v4.0_4.0.0.0__b03f5f7f11d50a3a\System.Web.dll". [C:\Users\WilliamForney\source\repos\wforney\OpenLiveWriter\src\managed\BlogRunnerGui\BlogRunnerGui.csproj]
C:\Program Files\Microsoft Visual Studio\18\Enterprise\MSBuild\Current\Bin\Microsoft.Common.CurrentVersion.targets(2437,5): warning MSB3277:             C:\Users\WilliamForney\source\repos\wforney\OpenLiveWriter\src\managed\bin\Debug\i386\Writer\OpenLiveWriter.CoreServices.dll [C:\Users\WilliamForney\source\repos\wforney\OpenLiveWriter\src\managed\BlogRunnerGui\BlogRunnerGui.csproj]
C:\Program Files\Microsoft Visual Studio\18\Enterprise\MSBuild\Current\Bin\Microsoft.Common.CurrentVersion.targets(2437,5): warning MSB3277:             C:\Users\WilliamForney\source\repos\wforney\OpenLiveWriter\src\managed\bin\Debug\i386\Writer\BlogRunner.Core.dll [C:\Users\WilliamForney\source\repos\wforney\OpenLiveWriter\src\managed\BlogRunnerGui\BlogRunnerGui.csproj]
C:\Program Files\Microsoft Visual Studio\18\Enterprise\MSBuild\Current\Bin\Microsoft.Common.CurrentVersion.targets(2437,5): warning MSB3277:             C:\Users\WilliamForney\source\repos\wforney\OpenLiveWriter\src\managed\bin\Debug\i386\Writer\BlogRunner.exe [C:\Users\WilliamForney\source\repos\wforney\OpenLiveWriter\src\managed\BlogRunnerGui\BlogRunnerGui.csproj]
C:\Program Files\Microsoft Visual Studio\18\Enterprise\MSBuild\Current\Bin\Microsoft.Common.CurrentVersion.targets(2437,5): warning MSB3277:             Microsoft.Threading.Tasks.Extensions.Desktop, Version=1.0.168.0, Culture=neutral, PublicKeyToken=b03f5f7f11d50a3a, processorArchitecture=MSIL [C:\Users\WilliamForney\source\repos\wforney\OpenLiveWriter\src\managed\BlogRunnerGui\BlogRunnerGui.csproj]
C:\Program Files\Microsoft Visual Studio\18\Enterprise\MSBuild\Current\Bin\Microsoft.Common.CurrentVersion.targets(2437,5): warning MSB3277:             System.Data [C:\Users\WilliamForney\source\repos\wforney\OpenLiveWriter\src\managed\BlogRunnerGui\BlogRunnerGui.csproj]
C:\Program Files\Microsoft Visual Studio\18\Enterprise\MSBuild\Current\Bin\Microsoft.Common.CurrentVersion.targets(2437,5): warning MSB3277:         C:\Windows\Microsoft.Net\assembly\GAC_MSIL\System.ServiceModel\v4.0_4.0.0.0__b77a5c561934e089\System.ServiceModel.dll [C:\Users\WilliamForney\source\repos\wforney\OpenLiveWriter\src\managed\BlogRunnerGui\BlogRunnerGui.csproj]
C:\Program Files\Microsoft Visual Studio\18\Enterprise\MSBuild\Current\Bin\Microsoft.Common.CurrentVersion.targets(2437,5): warning MSB3277:           Project file item includes which caused reference "C:\Windows\Microsoft.Net\assembly\GAC_MSIL\System.ServiceModel\v4.0_4.0.0.0__b77a5c561934e089\System.ServiceModel.dll". [C:\Users\WilliamForney\source\repos\wforney\OpenLiveWriter\src\managed\BlogRunnerGui\BlogRunnerGui.csproj]
C:\Program Files\Microsoft Visual Studio\18\Enterprise\MSBuild\Current\Bin\Microsoft.Common.CurrentVersion.targets(2437,5): warning MSB3277:             Microsoft.Threading.Tasks.Extensions.Desktop, Version=1.0.168.0, Culture=neutral, PublicKeyToken=b03f5f7f11d50a3a, processorArchitecture=MSIL [C:\Users\WilliamForney\source\repos\wforney\OpenLiveWriter\src\managed\BlogRunnerGui\BlogRunnerGui.csproj]
C:\Program Files\Microsoft Visual Studio\18\Enterprise\MSBuild\Current\Bin\Microsoft.Common.CurrentVersion.targets(2437,5): warning MSB3277:             C:\Users\WilliamForney\source\repos\wforney\OpenLiveWriter\src\managed\bin\Debug\i386\Writer\BlogRunner.Core.dll [C:\Users\WilliamForney\source\repos\wforney\OpenLiveWriter\src\managed\BlogRunnerGui\BlogRunnerGui.csproj]
C:\Program Files\Microsoft Visual Studio\18\Enterprise\MSBuild\Current\Bin\Microsoft.Common.CurrentVersion.targets(2437,5): warning MSB3277:             C:\Users\WilliamForney\source\repos\wforney\OpenLiveWriter\src\managed\bin\Debug\i386\Writer\BlogRunner.exe [C:\Users\WilliamForney\source\repos\wforney\OpenLiveWriter\src\managed\BlogRunnerGui\BlogRunnerGui.csproj]
C:\Program Files\Microsoft Visual Studio\18\Enterprise\MSBuild\Current\Bin\Microsoft.Common.CurrentVersion.targets(2437,5): warning MSB3277:         C:\Windows\Microsoft.Net\assembly\GAC_MSIL\System.Runtime\v4.0_4.0.0.0__b03f5f7f11d50a3a\System.Runtime.dll [C:\Users\WilliamForney\source\repos\wforney\OpenLiveWriter\src\managed\BlogRunnerGui\BlogRunnerGui.csproj]
C:\Program Files\Microsoft Visual Studio\18\Enterprise\MSBuild\Current\Bin\Microsoft.Common.CurrentVersion.targets(2437,5): warning MSB3277:           Project file item includes which caused reference "C:\Windows\Microsoft.Net\assembly\GAC_MSIL\System.Runtime\v4.0_4.0.0.0__b03f5f7f11d50a3a\System.Runtime.dll". [C:\Users\WilliamForney\source\repos\wforney\OpenLiveWriter\src\managed\BlogRunnerGui\BlogRunnerGui.csproj]
C:\Program Files\Microsoft Visual Studio\18\Enterprise\MSBuild\Current\Bin\Microsoft.Common.CurrentVersion.targets(2437,5): warning MSB3277:             System.Net.Http.Primitives, Version=4.2.29.0, Culture=neutral, PublicKeyToken=b03f5f7f11d50a3a, processorArchitecture=MSIL [C:\Users\WilliamForney\source\repos\wforney\OpenLiveWriter\src\managed\BlogRunnerGui\BlogRunnerGui.csproj]
C:\Program Files\Microsoft Visual Studio\18\Enterprise\MSBuild\Current\Bin\Microsoft.Common.CurrentVersion.targets(2437,5): warning MSB3277:         C:\Windows\Microsoft.Net\assembly\GAC_MSIL\System.Runtime.InteropServices\v4.0_4.0.0.0__b03f5f7f11d50a3a\System.Runtime.InteropServices.dll [C:\Users\WilliamForney\source\repos\wforney\OpenLiveWriter\src\managed\BlogRunnerGui\BlogRunnerGui.csproj]
C:\Program Files\Microsoft Visual Studio\18\Enterprise\MSBuild\Current\Bin\Microsoft.Common.CurrentVersion.targets(2437,5): warning MSB3277:           Project file item includes which caused reference "C:\Windows\Microsoft.Net\assembly\GAC_MSIL\System.Runtime.InteropServices\v4.0_4.0.0.0__b03f5f7f11d50a3a\System.Runtime.InteropServices.dll". [C:\Users\WilliamForney\source\repos\wforney\OpenLiveWriter\src\managed\BlogRunnerGui\BlogRunnerGui.csproj]
C:\Program Files\Microsoft Visual Studio\18\Enterprise\MSBuild\Current\Bin\Microsoft.Common.CurrentVersion.targets(2437,5): warning MSB3277:             System.Net.Http.Primitives, Version=4.2.29.0, Culture=neutral, PublicKeyToken=b03f5f7f11d50a3a, processorArchitecture=MSIL [C:\Users\WilliamForney\source\repos\wforney\OpenLiveWriter\src\managed\BlogRunnerGui\BlogRunnerGui.csproj]
C:\Program Files\Microsoft Visual Studio\18\Enterprise\MSBuild\Current\Bin\Microsoft.Common.CurrentVersion.targets(2437,5): warning MSB3277:         C:\Windows\Microsoft.Net\assembly\GAC_MSIL\System.Design\v4.0_4.0.0.0__b03f5f7f11d50a3a\System.Design.dll [C:\Users\WilliamForney\source\repos\wforney\OpenLiveWriter\src\managed\BlogRunnerGui\BlogRunnerGui.csproj]
C:\Program Files\Microsoft Visual Studio\18\Enterprise\MSBuild\Current\Bin\Microsoft.Common.CurrentVersion.targets(2437,5): warning MSB3277:           Project file item includes which caused reference "C:\Windows\Microsoft.Net\assembly\GAC_MSIL\System.Design\v4.0_4.0.0.0__b03f5f7f11d50a3a\System.Design.dll". [C:\Users\WilliamForney\source\repos\wforney\OpenLiveWriter\src\managed\BlogRunnerGui\BlogRunnerGui.csproj]
C:\Program Files\Microsoft Visual Studio\18\Enterprise\MSBuild\Current\Bin\Microsoft.Common.CurrentVersion.targets(2437,5): warning MSB3277:             C:\Users\WilliamForney\source\repos\wforney\OpenLiveWriter\src\managed\bin\Debug\i386\Writer\OpenLiveWriter.CoreServices.dll [C:\Users\WilliamForney\source\repos\wforney\OpenLiveWriter\src\managed\BlogRunnerGui\BlogRunnerGui.csproj]
C:\Program Files\Microsoft Visual Studio\18\Enterprise\MSBuild\Current\Bin\Microsoft.Common.CurrentVersion.targets(2437,5): warning MSB3277:             C:\Users\WilliamForney\source\repos\wforney\OpenLiveWriter\src\managed\bin\Debug\i386\Writer\BlogRunner.Core.dll [C:\Users\WilliamForney\source\repos\wforney\OpenLiveWriter\src\managed\BlogRunnerGui\BlogRunnerGui.csproj]
C:\Program Files\Microsoft Visual Studio\18\Enterprise\MSBuild\Current\Bin\Microsoft.Common.CurrentVersion.targets(2437,5): warning MSB3277:             C:\Users\WilliamForney\source\repos\wforney\OpenLiveWriter\src\managed\bin\Debug\i386\Writer\BlogRunner.exe [C:\Users\WilliamForney\source\repos\wforney\OpenLiveWriter\src\managed\BlogRunnerGui\BlogRunnerGui.csproj]
C:\Program Files\Microsoft Visual Studio\18\Enterprise\MSBuild\Current\Bin\Microsoft.Common.CurrentVersion.targets(2437,5): warning MSB3277:             Microsoft.Threading.Tasks.Extensions.Desktop, Version=1.0.168.0, Culture=neutral, PublicKeyToken=b03f5f7f11d50a3a, processorArchitecture=MSIL [C:\Users\WilliamForney\source\repos\wforney\OpenLiveWriter\src\managed\BlogRunnerGui\BlogRunnerGui.csproj]
C:\Program Files\Microsoft Visual Studio\18\Enterprise\MSBuild\Current\Bin\Microsoft.Common.CurrentVersion.targets(2437,5): warning MSB3277:             System.Data [C:\Users\WilliamForney\source\repos\wforney\OpenLiveWriter\src\managed\BlogRunnerGui\BlogRunnerGui.csproj]
C:\Program Files\Microsoft Visual Studio\18\Enterprise\MSBuild\Current\Bin\Microsoft.Common.CurrentVersion.targets(2437,5): warning MSB3277:         C:\Windows\Microsoft.Net\assembly\GAC_MSIL\System.ComponentModel.DataAnnotations\v4.0_4.0.0.0__31bf3856ad364e35\System.ComponentModel.DataAnnotations.dll [C:\Users\WilliamForney\source\repos\wforney\OpenLiveWriter\src\managed\BlogRunnerGui\BlogRunnerGui.csproj]
C:\Program Files\Microsoft Visual Studio\18\Enterprise\MSBuild\Current\Bin\Microsoft.Common.CurrentVersion.targets(2437,5): warning MSB3277:           Project file item includes which caused reference "C:\Windows\Microsoft.Net\assembly\GAC_MSIL\System.ComponentModel.DataAnnotations\v4.0_4.0.0.0__31bf3856ad364e35\System.ComponentModel.DataAnnotations.dll". [C:\Users\WilliamForney\source\repos\wforney\OpenLiveWriter\src\managed\BlogRunnerGui\BlogRunnerGui.csproj]
C:\Program Files\Microsoft Visual Studio\18\Enterprise\MSBuild\Current\Bin\Microsoft.Common.CurrentVersion.targets(2437,5): warning MSB3277:             C:\Users\WilliamForney\source\repos\wforney\OpenLiveWriter\src\managed\bin\Debug\i386\Writer\OpenLiveWriter.CoreServices.dll [C:\Users\WilliamForney\source\repos\wforney\OpenLiveWriter\src\managed\BlogRunnerGui\BlogRunnerGui.csproj]
C:\Program Files\Microsoft Visual Studio\18\Enterprise\MSBuild\Current\Bin\Microsoft.Common.CurrentVersion.targets(2437,5): warning MSB3277:             C:\Users\WilliamForney\source\repos\wforney\OpenLiveWriter\src\managed\bin\Debug\i386\Writer\BlogRunner.Core.dll [C:\Users\WilliamForney\source\repos\wforney\OpenLiveWriter\src\managed\BlogRunnerGui\BlogRunnerGui.csproj]
C:\Program Files\Microsoft Visual Studio\18\Enterprise\MSBuild\Current\Bin\Microsoft.Common.CurrentVersion.targets(2437,5): warning MSB3277:             C:\Users\WilliamForney\source\repos\wforney\OpenLiveWriter\src\managed\bin\Debug\i386\Writer\BlogRunner.exe [C:\Users\WilliamForney\source\repos\wforney\OpenLiveWriter\src\managed\BlogRunnerGui\BlogRunnerGui.csproj]
C:\Program Files\Microsoft Visual Studio\18\Enterprise\MSBuild\Current\Bin\Microsoft.Common.CurrentVersion.targets(2437,5): warning MSB3277:             Microsoft.Threading.Tasks.Extensions.Desktop, Version=1.0.168.0, Culture=neutral, PublicKeyToken=b03f5f7f11d50a3a, processorArchitecture=MSIL [C:\Users\WilliamForney\source\repos\wforney\OpenLiveWriter\src\managed\BlogRunnerGui\BlogRunnerGui.csproj]
C:\Program Files\Microsoft Visual Studio\18\Enterprise\MSBuild\Current\Bin\Microsoft.Common.CurrentVersion.targets(2437,5): warning MSB3277:             System.Data [C:\Users\WilliamForney\source\repos\wforney\OpenLiveWriter\src\managed\BlogRunnerGui\BlogRunnerGui.csproj]
C:\Program Files\Microsoft Visual Studio\18\Enterprise\MSBuild\Current\Bin\Microsoft.Common.CurrentVersion.targets(2437,5): warning MSB3277:         C:\Windows\Microsoft.Net\assembly\GAC_MSIL\Microsoft.Build.Utilities.v4.0\v4.0_4.0.0.0__b03f5f7f11d50a3a\Microsoft.Build.Utilities.v4.0.dll [C:\Users\WilliamForney\source\repos\wforney\OpenLiveWriter\src\managed\BlogRunnerGui\BlogRunnerGui.csproj]
C:\Program Files\Microsoft Visual Studio\18\Enterprise\MSBuild\Current\Bin\Microsoft.Common.CurrentVersion.targets(2437,5): warning MSB3277:           Project file item includes which caused reference "C:\Windows\Microsoft.Net\assembly\GAC_MSIL\Microsoft.Build.Utilities.v4.0\v4.0_4.0.0.0__b03f5f7f11d50a3a\Microsoft.Build.Utilities.v4.0.dll". [C:\Users\WilliamForney\source\repos\wforney\OpenLiveWriter\src\managed\BlogRunnerGui\BlogRunnerGui.csproj]
C:\Program Files\Microsoft Visual Studio\18\Enterprise\MSBuild\Current\Bin\Microsoft.Common.CurrentVersion.targets(2437,5): warning MSB3277:             C:\Users\WilliamForney\source\repos\wforney\OpenLiveWriter\src\managed\bin\Debug\i386\Writer\OpenLiveWriter.CoreServices.dll [C:\Users\WilliamForney\source\repos\wforney\OpenLiveWriter\src\managed\BlogRunnerGui\BlogRunnerGui.csproj]
C:\Program Files\Microsoft Visual Studio\18\Enterprise\MSBuild\Current\Bin\Microsoft.Common.CurrentVersion.targets(2437,5): warning MSB3277:             C:\Users\WilliamForney\source\repos\wforney\OpenLiveWriter\src\managed\bin\Debug\i386\Writer\BlogRunner.Core.dll [C:\Users\WilliamForney\source\repos\wforney\OpenLiveWriter\src\managed\BlogRunnerGui\BlogRunnerGui.csproj]
C:\Program Files\Microsoft Visual Studio\18\Enterprise\MSBuild\Current\Bin\Microsoft.Common.CurrentVersion.targets(2437,5): warning MSB3277:             C:\Users\WilliamForney\source\repos\wforney\OpenLiveWriter\src\managed\bin\Debug\i386\Writer\BlogRunner.exe [C:\Users\WilliamForney\source\repos\wforney\OpenLiveWriter\src\managed\BlogRunnerGui\BlogRunnerGui.csproj]
C:\Program Files\Microsoft Visual Studio\18\Enterprise\MSBuild\Current\Bin\Microsoft.Common.CurrentVersion.targets(2437,5): warning MSB3277:             Microsoft.Threading.Tasks.Extensions.Desktop, Version=1.0.168.0, Culture=neutral, PublicKeyToken=b03f5f7f11d50a3a, processorArchitecture=MSIL [C:\Users\WilliamForney\source\repos\wforney\OpenLiveWriter\src\managed\BlogRunnerGui\BlogRunnerGui.csproj]
C:\Program Files\Microsoft Visual Studio\18\Enterprise\MSBuild\Current\Bin\Microsoft.Common.CurrentVersion.targets(2437,5): warning MSB3277:             System.Data [C:\Users\WilliamForney\source\repos\wforney\OpenLiveWriter\src\managed\BlogRunnerGui\BlogRunnerGui.csproj]
C:\Program Files\Microsoft Visual Studio\18\Enterprise\MSBuild\Current\Bin\Microsoft.Common.CurrentVersion.targets(2437,5): warning MSB3277:         C:\Windows\Microsoft.Net\assembly\GAC_MSIL\Microsoft.Build.Tasks.v4.0\v4.0_4.0.0.0__b03f5f7f11d50a3a\Microsoft.Build.Tasks.v4.0.dll [C:\Users\WilliamForney\source\repos\wforney\OpenLiveWriter\src\managed\BlogRunnerGui\BlogRunnerGui.csproj]
C:\Program Files\Microsoft Visual Studio\18\Enterprise\MSBuild\Current\Bin\Microsoft.Common.CurrentVersion.targets(2437,5): warning MSB3277:           Project file item includes which caused reference "C:\Windows\Microsoft.Net\assembly\GAC_MSIL\Microsoft.Build.Tasks.v4.0\v4.0_4.0.0.0__b03f5f7f11d50a3a\Microsoft.Build.Tasks.v4.0.dll". [C:\Users\WilliamForney\source\repos\wforney\OpenLiveWriter\src\managed\BlogRunnerGui\BlogRunnerGui.csproj]
C:\Program Files\Microsoft Visual Studio\18\Enterprise\MSBuild\Current\Bin\Microsoft.Common.CurrentVersion.targets(2437,5): warning MSB3277:             C:\Users\WilliamForney\source\repos\wforney\OpenLiveWriter\src\managed\bin\Debug\i386\Writer\OpenLiveWriter.CoreServices.dll [C:\Users\WilliamForney\source\repos\wforney\OpenLiveWriter\src\managed\BlogRunnerGui\BlogRunnerGui.csproj]
C:\Program Files\Microsoft Visual Studio\18\Enterprise\MSBuild\Current\Bin\Microsoft.Common.CurrentVersion.targets(2437,5): warning MSB3277:             C:\Users\WilliamForney\source\repos\wforney\OpenLiveWriter\src\managed\bin\Debug\i386\Writer\BlogRunner.Core.dll [C:\Users\WilliamForney\source\repos\wforney\OpenLiveWriter\src\managed\BlogRunnerGui\BlogRunnerGui.csproj]
C:\Program Files\Microsoft Visual Studio\18\Enterprise\MSBuild\Current\Bin\Microsoft.Common.CurrentVersion.targets(2437,5): warning MSB3277:             C:\Users\WilliamForney\source\repos\wforney\OpenLiveWriter\src\managed\bin\Debug\i386\Writer\BlogRunner.exe [C:\Users\WilliamForney\source\repos\wforney\OpenLiveWriter\src\managed\BlogRunnerGui\BlogRunnerGui.csproj]
C:\Program Files\Microsoft Visual Studio\18\Enterprise\MSBuild\Current\Bin\Microsoft.Common.CurrentVersion.targets(2437,5): warning MSB3277:             Microsoft.Threading.Tasks.Extensions.Desktop, Version=1.0.168.0, Culture=neutral, PublicKeyToken=b03f5f7f11d50a3a, processorArchitecture=MSIL [C:\Users\WilliamForney\source\repos\wforney\OpenLiveWriter\src\managed\BlogRunnerGui\BlogRunnerGui.csproj]
C:\Program Files\Microsoft Visual Studio\18\Enterprise\MSBuild\Current\Bin\Microsoft.Common.CurrentVersion.targets(2437,5): warning MSB3277:             System.Data [C:\Users\WilliamForney\source\repos\wforney\OpenLiveWriter\src\managed\BlogRunnerGui\BlogRunnerGui.csproj]
C:\Program Files\Microsoft Visual Studio\18\Enterprise\MSBuild\Current\Bin\Microsoft.Common.CurrentVersion.targets(2437,5): warning MSB3277:         C:\Users\WilliamForney\source\repos\wforney\OpenLiveWriter\src\managed\bin\Debug\i386\Writer\Google.Apis.Auth.dll [C:\Users\WilliamForney\source\repos\wforney\OpenLiveWriter\src\managed\BlogRunnerGui\BlogRunnerGui.csproj]
C:\Program Files\Microsoft Visual Studio\18\Enterprise\MSBuild\Current\Bin\Microsoft.Common.CurrentVersion.targets(2437,5): warning MSB3277:           Project file item includes which caused reference "C:\Users\WilliamForney\source\repos\wforney\OpenLiveWriter\src\managed\bin\Debug\i386\Writer\Google.Apis.Auth.dll". [C:\Users\WilliamForney\source\repos\wforney\OpenLiveWriter\src\managed\BlogRunnerGui\BlogRunnerGui.csproj]
C:\Program Files\Microsoft Visual Studio\18\Enterprise\MSBuild\Current\Bin\Microsoft.Common.CurrentVersion.targets(2437,5): warning MSB3277:             C:\Users\WilliamForney\source\repos\wforney\OpenLiveWriter\src\managed\bin\Debug\i386\Writer\BlogRunner.Core.dll [C:\Users\WilliamForney\source\repos\wforney\OpenLiveWriter\src\managed\BlogRunnerGui\BlogRunnerGui.csproj]
C:\Program Files\Microsoft Visual Studio\18\Enterprise\MSBuild\Current\Bin\Microsoft.Common.CurrentVersion.targets(2437,5): warning MSB3277:             C:\Users\WilliamForney\source\repos\wforney\OpenLiveWriter\src\managed\bin\Debug\i386\Writer\BlogRunner.exe [C:\Users\WilliamForney\source\repos\wforney\OpenLiveWriter\src\managed\BlogRunnerGui\BlogRunnerGui.csproj]
C:\Program Files\Microsoft Visual Studio\18\Enterprise\MSBuild\Current\Bin\Microsoft.Common.CurrentVersion.targets(2437,5): warning MSB3277:         C:\Users\WilliamForney\source\repos\wforney\OpenLiveWriter\src\managed\bin\Debug\i386\Writer\Google.Apis.Core.dll [C:\Users\WilliamForney\source\repos\wforney\OpenLiveWriter\src\managed\BlogRunnerGui\BlogRunnerGui.csproj]
C:\Program Files\Microsoft Visual Studio\18\Enterprise\MSBuild\Current\Bin\Microsoft.Common.CurrentVersion.targets(2437,5): warning MSB3277:           Project file item includes which caused reference "C:\Users\WilliamForney\source\repos\wforney\OpenLiveWriter\src\managed\bin\Debug\i386\Writer\Google.Apis.Core.dll". [C:\Users\WilliamForney\source\repos\wforney\OpenLiveWriter\src\managed\BlogRunnerGui\BlogRunnerGui.csproj]
C:\Program Files\Microsoft Visual Studio\18\Enterprise\MSBuild\Current\Bin\Microsoft.Common.CurrentVersion.targets(2437,5): warning MSB3277:             C:\Users\WilliamForney\source\repos\wforney\OpenLiveWriter\src\managed\bin\Debug\i386\Writer\BlogRunner.Core.dll [C:\Users\WilliamForney\source\repos\wforney\OpenLiveWriter\src\managed\BlogRunnerGui\BlogRunnerGui.csproj]
C:\Program Files\Microsoft Visual Studio\18\Enterprise\MSBuild\Current\Bin\Microsoft.Common.CurrentVersion.targets(2437,5): warning MSB3277:             C:\Users\WilliamForney\source\repos\wforney\OpenLiveWriter\src\managed\bin\Debug\i386\Writer\BlogRunner.exe [C:\Users\WilliamForney\source\repos\wforney\OpenLiveWriter\src\managed\BlogRunnerGui\BlogRunnerGui.csproj]
C:\Program Files\Microsoft Visual Studio\18\Enterprise\MSBuild\Current\Bin\Microsoft.Common.CurrentVersion.targets(2437,5): warning MSB3277:         C:\Users\WilliamForney\source\repos\wforney\OpenLiveWriter\src\managed\bin\Debug\i386\Writer\Google.Apis.dll [C:\Users\WilliamForney\source\repos\wforney\OpenLiveWriter\src\managed\BlogRunnerGui\BlogRunnerGui.csproj]
C:\Program Files\Microsoft Visual Studio\18\Enterprise\MSBuild\Current\Bin\Microsoft.Common.CurrentVersion.targets(2437,5): warning MSB3277:           Project file item includes which caused reference "C:\Users\WilliamForney\source\repos\wforney\OpenLiveWriter\src\managed\bin\Debug\i386\Writer\Google.Apis.dll". [C:\Users\WilliamForney\source\repos\wforney\OpenLiveWriter\src\managed\BlogRunnerGui\BlogRunnerGui.csproj]
C:\Program Files\Microsoft Visual Studio\18\Enterprise\MSBuild\Current\Bin\Microsoft.Common.CurrentVersion.targets(2437,5): warning MSB3277:             C:\Users\WilliamForney\source\repos\wforney\OpenLiveWriter\src\managed\bin\Debug\i386\Writer\BlogRunner.Core.dll [C:\Users\WilliamForney\source\repos\wforney\OpenLiveWriter\src\managed\BlogRunnerGui\BlogRunnerGui.csproj]
C:\Program Files\Microsoft Visual Studio\18\Enterprise\MSBuild\Current\Bin\Microsoft.Common.CurrentVersion.targets(2437,5): warning MSB3277:             C:\Users\WilliamForney\source\repos\wforney\OpenLiveWriter\src\managed\bin\Debug\i386\Writer\BlogRunner.exe [C:\Users\WilliamForney\source\repos\wforney\OpenLiveWriter\src\managed\BlogRunnerGui\BlogRunnerGui.csproj]
C:\Program Files\Microsoft Visual Studio\18\Enterprise\MSBuild\Current\Bin\Microsoft.Common.CurrentVersion.targets(2437,5): warning MSB3277:         C:\Users\WilliamForney\source\repos\wforney\OpenLiveWriter\src\managed\bin\Debug\i386\Writer\Newtonsoft.Json.dll [C:\Users\WilliamForney\source\repos\wforney\OpenLiveWriter\src\managed\BlogRunnerGui\BlogRunnerGui.csproj]
C:\Program Files\Microsoft Visual Studio\18\Enterprise\MSBuild\Current\Bin\Microsoft.Common.CurrentVersion.targets(2437,5): warning MSB3277:           Project file item includes which caused reference "C:\Users\WilliamForney\source\repos\wforney\OpenLiveWriter\src\managed\bin\Debug\i386\Writer\Newtonsoft.Json.dll". [C:\Users\WilliamForney\source\repos\wforney\OpenLiveWriter\src\managed\BlogRunnerGui\BlogRunnerGui.csproj]
C:\Program Files\Microsoft Visual Studio\18\Enterprise\MSBuild\Current\Bin\Microsoft.Common.CurrentVersion.targets(2437,5): warning MSB3277:             C:\Users\WilliamForney\source\repos\wforney\OpenLiveWriter\src\managed\bin\Debug\i386\Writer\BlogRunner.Core.dll [C:\Users\WilliamForney\source\repos\wforney\OpenLiveWriter\src\managed\BlogRunnerGui\BlogRunnerGui.csproj]
C:\Program Files\Microsoft Visual Studio\18\Enterprise\MSBuild\Current\Bin\Microsoft.Common.CurrentVersion.targets(2437,5): warning MSB3277:             C:\Users\WilliamForney\source\repos\wforney\OpenLiveWriter\src\managed\bin\Debug\i386\Writer\BlogRunner.exe [C:\Users\WilliamForney\source\repos\wforney\OpenLiveWriter\src\managed\BlogRunnerGui\BlogRunnerGui.csproj]
C:\Program Files\Microsoft Visual Studio\18\Enterprise\MSBuild\Current\Bin\Microsoft.Common.CurrentVersion.targets(2437,5): warning MSB3277:         C:\Users\WilliamForney\source\repos\wforney\OpenLiveWriter\src\managed\bin\Debug\i386\Writer\YamlDotNet.dll [C:\Users\WilliamForney\source\repos\wforney\OpenLiveWriter\src\managed\BlogRunnerGui\BlogRunnerGui.csproj]
C:\Program Files\Microsoft Visual Studio\18\Enterprise\MSBuild\Current\Bin\Microsoft.Common.CurrentVersion.targets(2437,5): warning MSB3277:           Project file item includes which caused reference "C:\Users\WilliamForney\source\repos\wforney\OpenLiveWriter\src\managed\bin\Debug\i386\Writer\YamlDotNet.dll". [C:\Users\WilliamForney\source\repos\wforney\OpenLiveWriter\src\managed\BlogRunnerGui\BlogRunnerGui.csproj]
C:\Program Files\Microsoft Visual Studio\18\Enterprise\MSBuild\Current\Bin\Microsoft.Common.CurrentVersion.targets(2437,5): warning MSB3277:             C:\Users\WilliamForney\source\repos\wforney\OpenLiveWriter\src\managed\bin\Debug\i386\Writer\BlogRunner.Core.dll [C:\Users\WilliamForney\source\repos\wforney\OpenLiveWriter\src\managed\BlogRunnerGui\BlogRunnerGui.csproj]
C:\Program Files\Microsoft Visual Studio\18\Enterprise\MSBuild\Current\Bin\Microsoft.Common.CurrentVersion.targets(2437,5): warning MSB3277:             C:\Users\WilliamForney\source\repos\wforney\OpenLiveWriter\src\managed\bin\Debug\i386\Writer\BlogRunner.exe [C:\Users\WilliamForney\source\repos\wforney\OpenLiveWriter\src\managed\BlogRunnerGui\BlogRunnerGui.csproj]
C:\Program Files\Microsoft Visual Studio\18\Enterprise\MSBuild\Current\Bin\Microsoft.Common.CurrentVersion.targets(2437,5): warning MSB3277:         C:\Users\WilliamForney\source\repos\wforney\OpenLiveWriter\src\managed\bin\Debug\i386\Writer\Squirrel.dll [C:\Users\WilliamForney\source\repos\wforney\OpenLiveWriter\src\managed\BlogRunnerGui\BlogRunnerGui.csproj]
C:\Program Files\Microsoft Visual Studio\18\Enterprise\MSBuild\Current\Bin\Microsoft.Common.CurrentVersion.targets(2437,5): warning MSB3277:           Project file item includes which caused reference "C:\Users\WilliamForney\source\repos\wforney\OpenLiveWriter\src\managed\bin\Debug\i386\Writer\Squirrel.dll". [C:\Users\WilliamForney\source\repos\wforney\OpenLiveWriter\src\managed\BlogRunnerGui\BlogRunnerGui.csproj]
C:\Program Files\Microsoft Visual Studio\18\Enterprise\MSBuild\Current\Bin\Microsoft.Common.CurrentVersion.targets(2437,5): warning MSB3277:             C:\Users\WilliamForney\source\repos\wforney\OpenLiveWriter\src\managed\bin\Debug\i386\Writer\BlogRunner.Core.dll [C:\Users\WilliamForney\source\repos\wforney\OpenLiveWriter\src\managed\BlogRunnerGui\BlogRunnerGui.csproj]
C:\Program Files\Microsoft Visual Studio\18\Enterprise\MSBuild\Current\Bin\Microsoft.Common.CurrentVersion.targets(2437,5): warning MSB3277:             C:\Users\WilliamForney\source\repos\wforney\OpenLiveWriter\src\managed\bin\Debug\i386\Writer\BlogRunner.exe [C:\Users\WilliamForney\source\repos\wforney\OpenLiveWriter\src\managed\BlogRunnerGui\BlogRunnerGui.csproj]
C:\Program Files\Microsoft Visual Studio\18\Enterprise\MSBuild\Current\Bin\Microsoft.Common.CurrentVersion.targets(2437,5): warning MSB3277:         C:\Users\WilliamForney\source\repos\wforney\OpenLiveWriter\src\managed\bin\Debug\i386\Writer\NuGet.Squirrel.dll [C:\Users\WilliamForney\source\repos\wforney\OpenLiveWriter\src\managed\BlogRunnerGui\BlogRunnerGui.csproj]
C:\Program Files\Microsoft Visual Studio\18\Enterprise\MSBuild\Current\Bin\Microsoft.Common.CurrentVersion.targets(2437,5): warning MSB3277:           Project file item includes which caused reference "C:\Users\WilliamForney\source\repos\wforney\OpenLiveWriter\src\managed\bin\Debug\i386\Writer\NuGet.Squirrel.dll". [C:\Users\WilliamForney\source\repos\wforney\OpenLiveWriter\src\managed\BlogRunnerGui\BlogRunnerGui.csproj]
C:\Program Files\Microsoft Visual Studio\18\Enterprise\MSBuild\Current\Bin\Microsoft.Common.CurrentVersion.targets(2437,5): warning MSB3277:             C:\Users\WilliamForney\source\repos\wforney\OpenLiveWriter\src\managed\bin\Debug\i386\Writer\BlogRunner.Core.dll [C:\Users\WilliamForney\source\repos\wforney\OpenLiveWriter\src\managed\BlogRunnerGui\BlogRunnerGui.csproj]
C:\Program Files\Microsoft Visual Studio\18\Enterprise\MSBuild\Current\Bin\Microsoft.Common.CurrentVersion.targets(2437,5): warning MSB3277:             C:\Users\WilliamForney\source\repos\wforney\OpenLiveWriter\src\managed\bin\Debug\i386\Writer\BlogRunner.exe [C:\Users\WilliamForney\source\repos\wforney\OpenLiveWriter\src\managed\BlogRunnerGui\BlogRunnerGui.csproj]
C:\Program Files\Microsoft Visual Studio\18\Enterprise\MSBuild\Current\Bin\Microsoft.Common.CurrentVersion.targets(2437,5): warning MSB3277:         C:\Windows\Microsoft.Net\assembly\GAC_MSIL\System.Xml.Linq\v4.0_4.0.0.0__b77a5c561934e089\System.Xml.Linq.dll [C:\Users\WilliamForney\source\repos\wforney\OpenLiveWriter\src\managed\BlogRunnerGui\BlogRunnerGui.csproj]
C:\Program Files\Microsoft Visual Studio\18\Enterprise\MSBuild\Current\Bin\Microsoft.Common.CurrentVersion.targets(2437,5): warning MSB3277:           Project file item includes which caused reference "C:\Windows\Microsoft.Net\assembly\GAC_MSIL\System.Xml.Linq\v4.0_4.0.0.0__b77a5c561934e089\System.Xml.Linq.dll". [C:\Users\WilliamForney\source\repos\wforney\OpenLiveWriter\src\managed\BlogRunnerGui\BlogRunnerGui.csproj]
C:\Program Files\Microsoft Visual Studio\18\Enterprise\MSBuild\Current\Bin\Microsoft.Common.CurrentVersion.targets(2437,5): warning MSB3277:             Microsoft.Threading.Tasks.Extensions.Desktop, Version=1.0.168.0, Culture=neutral, PublicKeyToken=b03f5f7f11d50a3a, processorArchitecture=MSIL [C:\Users\WilliamForney\source\repos\wforney\OpenLiveWriter\src\managed\BlogRunnerGui\BlogRunnerGui.csproj]
C:\Program Files\Microsoft Visual Studio\18\Enterprise\MSBuild\Current\Bin\Microsoft.Common.CurrentVersion.targets(2437,5): warning MSB3277:             C:\Users\WilliamForney\source\repos\wforney\OpenLiveWriter\src\managed\bin\Debug\i386\Writer\BlogRunner.Core.dll [C:\Users\WilliamForney\source\repos\wforney\OpenLiveWriter\src\managed\BlogRunnerGui\BlogRunnerGui.csproj]
C:\Program Files\Microsoft Visual Studio\18\Enterprise\MSBuild\Current\Bin\Microsoft.Common.CurrentVersion.targets(2437,5): warning MSB3277:             C:\Users\WilliamForney\source\repos\wforney\OpenLiveWriter\src\managed\bin\Debug\i386\Writer\BlogRunner.exe [C:\Users\WilliamForney\source\repos\wforney\OpenLiveWriter\src\managed\BlogRunnerGui\BlogRunnerGui.csproj]
C:\Program Files\Microsoft Visual Studio\18\Enterprise\MSBuild\Current\Bin\Microsoft.Common.CurrentVersion.targets(2437,5): warning MSB3277:         C:\Windows\Microsoft.Net\assembly\GAC_MSIL\System.IdentityModel\v4.0_4.0.0.0__b77a5c561934e089\System.IdentityModel.dll [C:\Users\WilliamForney\source\repos\wforney\OpenLiveWriter\src\managed\BlogRunnerGui\BlogRunnerGui.csproj]
C:\Program Files\Microsoft Visual Studio\18\Enterprise\MSBuild\Current\Bin\Microsoft.Common.CurrentVersion.targets(2437,5): warning MSB3277:           Project file item includes which caused reference "C:\Windows\Microsoft.Net\assembly\GAC_MSIL\System.IdentityModel\v4.0_4.0.0.0__b77a5c561934e089\System.IdentityModel.dll". [C:\Users\WilliamForney\source\repos\wforney\OpenLiveWriter\src\managed\BlogRunnerGui\BlogRunnerGui.csproj]
C:\Program Files\Microsoft Visual Studio\18\Enterprise\MSBuild\Current\Bin\Microsoft.Common.CurrentVersion.targets(2437,5): warning MSB3277:             Microsoft.Threading.Tasks.Extensions.Desktop, Version=1.0.168.0, Culture=neutral, PublicKeyToken=b03f5f7f11d50a3a, processorArchitecture=MSIL [C:\Users\WilliamForney\source\repos\wforney\OpenLiveWriter\src\managed\BlogRunnerGui\BlogRunnerGui.csproj]
C:\Program Files\Microsoft Visual Studio\18\Enterprise\MSBuild\Current\Bin\Microsoft.Common.CurrentVersion.targets(2437,5): warning MSB3277:             C:\Users\WilliamForney\source\repos\wforney\OpenLiveWriter\src\managed\bin\Debug\i386\Writer\BlogRunner.Core.dll [C:\Users\WilliamForney\source\repos\wforney\OpenLiveWriter\src\managed\BlogRunnerGui\BlogRunnerGui.csproj]
C:\Program Files\Microsoft Visual Studio\18\Enterprise\MSBuild\Current\Bin\Microsoft.Common.CurrentVersion.targets(2437,5): warning MSB3277:             C:\Users\WilliamForney\source\repos\wforney\OpenLiveWriter\src\managed\bin\Debug\i386\Writer\BlogRunner.exe [C:\Users\WilliamForney\source\repos\wforney\OpenLiveWriter\src\managed\BlogRunnerGui\BlogRunnerGui.csproj]
C:\Program Files\Microsoft Visual Studio\18\Enterprise\MSBuild\Current\Bin\Microsoft.Common.CurrentVersion.targets(2437,5): warning MSB3277:         C:\Windows\Microsoft.Net\assembly\GAC_MSIL\System.Runtime.DurableInstancing\v4.0_4.0.0.0__31bf3856ad364e35\System.Runtime.DurableInstancing.dll [C:\Users\WilliamForney\source\repos\wforney\OpenLiveWriter\src\managed\BlogRunnerGui\BlogRunnerGui.csproj]
C:\Program Files\Microsoft Visual Studio\18\Enterprise\MSBuild\Current\Bin\Microsoft.Common.CurrentVersion.targets(2437,5): warning MSB3277:           Project file item includes which caused reference "C:\Windows\Microsoft.Net\assembly\GAC_MSIL\System.Runtime.DurableInstancing\v4.0_4.0.0.0__31bf3856ad364e35\System.Runtime.DurableInstancing.dll". [C:\Users\WilliamForney\source\repos\wforney\OpenLiveWriter\src\managed\BlogRunnerGui\BlogRunnerGui.csproj]
C:\Program Files\Microsoft Visual Studio\18\Enterprise\MSBuild\Current\Bin\Microsoft.Common.CurrentVersion.targets(2437,5): warning MSB3277:             Microsoft.Threading.Tasks.Extensions.Desktop, Version=1.0.168.0, Culture=neutral, PublicKeyToken=b03f5f7f11d50a3a, processorArchitecture=MSIL [C:\Users\WilliamForney\source\repos\wforney\OpenLiveWriter\src\managed\BlogRunnerGui\BlogRunnerGui.csproj]
C:\Program Files\Microsoft Visual Studio\18\Enterprise\MSBuild\Current\Bin\Microsoft.Common.CurrentVersion.targets(2437,5): warning MSB3277:             C:\Users\WilliamForney\source\repos\wforney\OpenLiveWriter\src\managed\bin\Debug\i386\Writer\BlogRunner.Core.dll [C:\Users\WilliamForney\source\repos\wforney\OpenLiveWriter\src\managed\BlogRunnerGui\BlogRunnerGui.csproj]
C:\Program Files\Microsoft Visual Studio\18\Enterprise\MSBuild\Current\Bin\Microsoft.Common.CurrentVersion.targets(2437,5): warning MSB3277:             C:\Users\WilliamForney\source\repos\wforney\OpenLiveWriter\src\managed\bin\Debug\i386\Writer\BlogRunner.exe [C:\Users\WilliamForney\source\repos\wforney\OpenLiveWriter\src\managed\BlogRunnerGui\BlogRunnerGui.csproj]
C:\Program Files\Microsoft Visual Studio\18\Enterprise\MSBuild\Current\Bin\Microsoft.Common.CurrentVersion.targets(2437,5): warning MSB3277:         C:\Windows\Microsoft.Net\assembly\GAC_MSIL\System.ServiceModel.Activation\v4.0_4.0.0.0__31bf3856ad364e35\System.ServiceModel.Activation.dll [C:\Users\WilliamForney\source\repos\wforney\OpenLiveWriter\src\managed\BlogRunnerGui\BlogRunnerGui.csproj]
C:\Program Files\Microsoft Visual Studio\18\Enterprise\MSBuild\Current\Bin\Microsoft.Common.CurrentVersion.targets(2437,5): warning MSB3277:           Project file item includes which caused reference "C:\Windows\Microsoft.Net\assembly\GAC_MSIL\System.ServiceModel.Activation\v4.0_4.0.0.0__31bf3856ad364e35\System.ServiceModel.Activation.dll". [C:\Users\WilliamForney\source\repos\wforney\OpenLiveWriter\src\managed\BlogRunnerGui\BlogRunnerGui.csproj]
C:\Program Files\Microsoft Visual Studio\18\Enterprise\MSBuild\Current\Bin\Microsoft.Common.CurrentVersion.targets(2437,5): warning MSB3277:             Microsoft.Threading.Tasks.Extensions.Desktop, Version=1.0.168.0, Culture=neutral, PublicKeyToken=b03f5f7f11d50a3a, processorArchitecture=MSIL [C:\Users\WilliamForney\source\repos\wforney\OpenLiveWriter\src\managed\BlogRunnerGui\BlogRunnerGui.csproj]
C:\Program Files\Microsoft Visual Studio\18\Enterprise\MSBuild\Current\Bin\Microsoft.Common.CurrentVersion.targets(2437,5): warning MSB3277:             C:\Users\WilliamForney\source\repos\wforney\OpenLiveWriter\src\managed\bin\Debug\i386\Writer\BlogRunner.Core.dll [C:\Users\WilliamForney\source\repos\wforney\OpenLiveWriter\src\managed\BlogRunnerGui\BlogRunnerGui.csproj]
C:\Program Files\Microsoft Visual Studio\18\Enterprise\MSBuild\Current\Bin\Microsoft.Common.CurrentVersion.targets(2437,5): warning MSB3277:             C:\Users\WilliamForney\source\repos\wforney\OpenLiveWriter\src\managed\bin\Debug\i386\Writer\BlogRunner.exe [C:\Users\WilliamForney\source\repos\wforney\OpenLiveWriter\src\managed\BlogRunnerGui\BlogRunnerGui.csproj]
C:\Program Files\Microsoft Visual Studio\18\Enterprise\MSBuild\Current\Bin\Microsoft.Common.CurrentVersion.targets(2437,5): warning MSB3277:         C:\Windows\Microsoft.Net\assembly\GAC_MSIL\System.ComponentModel.Composition\v4.0_4.0.0.0__b77a5c561934e089\System.ComponentModel.Composition.dll [C:\Users\WilliamForney\source\repos\wforney\OpenLiveWriter\src\managed\BlogRunnerGui\BlogRunnerGui.csproj]
C:\Program Files\Microsoft Visual Studio\18\Enterprise\MSBuild\Current\Bin\Microsoft.Common.CurrentVersion.targets(2437,5): warning MSB3277:           Project file item includes which caused reference "C:\Windows\Microsoft.Net\assembly\GAC_MSIL\System.ComponentModel.Composition\v4.0_4.0.0.0__b77a5c561934e089\System.ComponentModel.Composition.dll". [C:\Users\WilliamForney\source\repos\wforney\OpenLiveWriter\src\managed\BlogRunnerGui\BlogRunnerGui.csproj]
C:\Program Files\Microsoft Visual Studio\18\Enterprise\MSBuild\Current\Bin\Microsoft.Common.CurrentVersion.targets(2437,5): warning MSB3277:             System.Net.Http.Primitives, Version=4.2.29.0, Culture=neutral, PublicKeyToken=b03f5f7f11d50a3a, processorArchitecture=MSIL [C:\Users\WilliamForney\source\repos\wforney\OpenLiveWriter\src\managed\BlogRunnerGui\BlogRunnerGui.csproj]
C:\Program Files\Microsoft Visual Studio\18\Enterprise\MSBuild\Current\Bin\Microsoft.Common.CurrentVersion.targets(2437,5): warning MSB3277:         C:\Windows\Microsoft.Net\assembly\GAC_MSIL\Microsoft.CSharp\v4.0_4.0.0.0__b03f5f7f11d50a3a\Microsoft.CSharp.dll [C:\Users\WilliamForney\source\repos\wforney\OpenLiveWriter\src\managed\BlogRunnerGui\BlogRunnerGui.csproj]
C:\Program Files\Microsoft Visual Studio\18\Enterprise\MSBuild\Current\Bin\Microsoft.Common.CurrentVersion.targets(2437,5): warning MSB3277:           Project file item includes which caused reference "C:\Windows\Microsoft.Net\assembly\GAC_MSIL\Microsoft.CSharp\v4.0_4.0.0.0__b03f5f7f11d50a3a\Microsoft.CSharp.dll". [C:\Users\WilliamForney\source\repos\wforney\OpenLiveWriter\src\managed\BlogRunnerGui\BlogRunnerGui.csproj]
C:\Program Files\Microsoft Visual Studio\18\Enterprise\MSBuild\Current\Bin\Microsoft.Common.CurrentVersion.targets(2437,5): warning MSB3277:             C:\Users\WilliamForney\source\repos\wforney\OpenLiveWriter\src\managed\bin\Debug\i386\Writer\BlogRunner.Core.dll [C:\Users\WilliamForney\source\repos\wforney\OpenLiveWriter\src\managed\BlogRunnerGui\BlogRunnerGui.csproj]
C:\Program Files\Microsoft Visual Studio\18\Enterprise\MSBuild\Current\Bin\Microsoft.Common.CurrentVersion.targets(2437,5): warning MSB3277:             C:\Users\WilliamForney\source\repos\wforney\OpenLiveWriter\src\managed\bin\Debug\i386\Writer\BlogRunner.exe [C:\Users\WilliamForney\source\repos\wforney\OpenLiveWriter\src\managed\BlogRunnerGui\BlogRunnerGui.csproj]
C:\Program Files\Microsoft Visual Studio\18\Enterprise\MSBuild\Current\Bin\Microsoft.Common.CurrentVersion.targets(2437,5): warning MSB3277:         C:\Windows\Microsoft.Net\assembly\GAC_MSIL\WindowsBase\v4.0_4.0.0.0__31bf3856ad364e35\WindowsBase.dll [C:\Users\WilliamForney\source\repos\wforney\OpenLiveWriter\src\managed\BlogRunnerGui\BlogRunnerGui.csproj]
C:\Program Files\Microsoft Visual Studio\18\Enterprise\MSBuild\Current\Bin\Microsoft.Common.CurrentVersion.targets(2437,5): warning MSB3277:           Project file item includes which caused reference "C:\Windows\Microsoft.Net\assembly\GAC_MSIL\WindowsBase\v4.0_4.0.0.0__31bf3856ad364e35\WindowsBase.dll". [C:\Users\WilliamForney\source\repos\wforney\OpenLiveWriter\src\managed\BlogRunnerGui\BlogRunnerGui.csproj]
C:\Program Files\Microsoft Visual Studio\18\Enterprise\MSBuild\Current\Bin\Microsoft.Common.CurrentVersion.targets(2437,5): warning MSB3277:             C:\Users\WilliamForney\source\repos\wforney\OpenLiveWriter\src\managed\bin\Debug\i386\Writer\BlogRunner.Core.dll [C:\Users\WilliamForney\source\repos\wforney\OpenLiveWriter\src\managed\BlogRunnerGui\BlogRunnerGui.csproj]
C:\Program Files\Microsoft Visual Studio\18\Enterprise\MSBuild\Current\Bin\Microsoft.Common.CurrentVersion.targets(2437,5): warning MSB3277:             C:\Users\WilliamForney\source\repos\wforney\OpenLiveWriter\src\managed\bin\Debug\i386\Writer\BlogRunner.exe [C:\Users\WilliamForney\source\repos\wforney\OpenLiveWriter\src\managed\BlogRunnerGui\BlogRunnerGui.csproj]
C:\Program Files\Microsoft Visual Studio\18\Enterprise\MSBuild\Current\Bin\Microsoft.Common.CurrentVersion.targets(2437,5): warning MSB3277:         C:\Windows\Microsoft.Net\assembly\GAC_MSIL\System.ServiceModel.Activities\v4.0_4.0.0.0__31bf3856ad364e35\System.ServiceModel.Activities.dll [C:\Users\WilliamForney\source\repos\wforney\OpenLiveWriter\src\managed\BlogRunnerGui\BlogRunnerGui.csproj]
C:\Program Files\Microsoft Visual Studio\18\Enterprise\MSBuild\Current\Bin\Microsoft.Common.CurrentVersion.targets(2437,5): warning MSB3277:           Project file item includes which caused reference "C:\Windows\Microsoft.Net\assembly\GAC_MSIL\System.ServiceModel.Activities\v4.0_4.0.0.0__31bf3856ad364e35\System.ServiceModel.Activities.dll". [C:\Users\WilliamForney\source\repos\wforney\OpenLiveWriter\src\managed\BlogRunnerGui\BlogRunnerGui.csproj]
C:\Program Files\Microsoft Visual Studio\18\Enterprise\MSBuild\Current\Bin\Microsoft.Common.CurrentVersion.targets(2437,5): warning MSB3277:             Microsoft.Threading.Tasks.Extensions.Desktop, Version=1.0.168.0, Culture=neutral, PublicKeyToken=b03f5f7f11d50a3a, processorArchitecture=MSIL [C:\Users\WilliamForney\source\repos\wforney\OpenLiveWriter\src\managed\BlogRunnerGui\BlogRunnerGui.csproj]
C:\Program Files\Microsoft Visual Studio\18\Enterprise\MSBuild\Current\Bin\Microsoft.Common.CurrentVersion.targets(2437,5): warning MSB3277:             C:\Users\WilliamForney\source\repos\wforney\OpenLiveWriter\src\managed\bin\Debug\i386\Writer\BlogRunner.Core.dll [C:\Users\WilliamForney\source\repos\wforney\OpenLiveWriter\src\managed\BlogRunnerGui\BlogRunnerGui.csproj]
C:\Program Files\Microsoft Visual Studio\18\Enterprise\MSBuild\Current\Bin\Microsoft.Common.CurrentVersion.targets(2437,5): warning MSB3277:             C:\Users\WilliamForney\source\repos\wforney\OpenLiveWriter\src\managed\bin\Debug\i386\Writer\BlogRunner.exe [C:\Users\WilliamForney\source\repos\wforney\OpenLiveWriter\src\managed\BlogRunnerGui\BlogRunnerGui.csproj]
C:\Program Files\Microsoft Visual Studio\18\Enterprise\MSBuild\Current\Bin\Microsoft.Common.CurrentVersion.targets(2437,5): warning MSB3277:         C:\Windows\Microsoft.Net\assembly\GAC_MSIL\System.Activities\v4.0_4.0.0.0__31bf3856ad364e35\System.Activities.dll [C:\Users\WilliamForney\source\repos\wforney\OpenLiveWriter\src\managed\BlogRunnerGui\BlogRunnerGui.csproj]
C:\Program Files\Microsoft Visual Studio\18\Enterprise\MSBuild\Current\Bin\Microsoft.Common.CurrentVersion.targets(2437,5): warning MSB3277:           Project file item includes which caused reference "C:\Windows\Microsoft.Net\assembly\GAC_MSIL\System.Activities\v4.0_4.0.0.0__31bf3856ad364e35\System.Activities.dll". [C:\Users\WilliamForney\source\repos\wforney\OpenLiveWriter\src\managed\BlogRunnerGui\BlogRunnerGui.csproj]
C:\Program Files\Microsoft Visual Studio\18\Enterprise\MSBuild\Current\Bin\Microsoft.Common.CurrentVersion.targets(2437,5): warning MSB3277:             Microsoft.Threading.Tasks.Extensions.Desktop, Version=1.0.168.0, Culture=neutral, PublicKeyToken=b03f5f7f11d50a3a, processorArchitecture=MSIL [C:\Users\WilliamForney\source\repos\wforney\OpenLiveWriter\src\managed\BlogRunnerGui\BlogRunnerGui.csproj]
C:\Program Files\Microsoft Visual Studio\18\Enterprise\MSBuild\Current\Bin\Microsoft.Common.CurrentVersion.targets(2437,5): warning MSB3277:             C:\Users\WilliamForney\source\repos\wforney\OpenLiveWriter\src\managed\bin\Debug\i386\Writer\BlogRunner.Core.dll [C:\Users\WilliamForney\source\repos\wforney\OpenLiveWriter\src\managed\BlogRunnerGui\BlogRunnerGui.csproj]
C:\Program Files\Microsoft Visual Studio\18\Enterprise\MSBuild\Current\Bin\Microsoft.Common.CurrentVersion.targets(2437,5): warning MSB3277:             C:\Users\WilliamForney\source\repos\wforney\OpenLiveWriter\src\managed\bin\Debug\i386\Writer\BlogRunner.exe [C:\Users\WilliamForney\source\repos\wforney\OpenLiveWriter\src\managed\BlogRunnerGui\BlogRunnerGui.csproj]
C:\Program Files\Microsoft Visual Studio\18\Enterprise\MSBuild\Current\Bin\Microsoft.Common.CurrentVersion.targets(2437,5): warning MSB3277:         C:\Windows\Microsoft.Net\assembly\GAC_MSIL\System.Dynamic\v4.0_4.0.0.0__b03f5f7f11d50a3a\System.Dynamic.dll [C:\Users\WilliamForney\source\repos\wforney\OpenLiveWriter\src\managed\BlogRunnerGui\BlogRunnerGui.csproj]
C:\Program Files\Microsoft Visual Studio\18\Enterprise\MSBuild\Current\Bin\Microsoft.Common.CurrentVersion.targets(2437,5): warning MSB3277:           Project file item includes which caused reference "C:\Windows\Microsoft.Net\assembly\GAC_MSIL\System.Dynamic\v4.0_4.0.0.0__b03f5f7f11d50a3a\System.Dynamic.dll". [C:\Users\WilliamForney\source\repos\wforney\OpenLiveWriter\src\managed\BlogRunnerGui\BlogRunnerGui.csproj]
C:\Program Files\Microsoft Visual Studio\18\Enterprise\MSBuild\Current\Bin\Microsoft.Common.CurrentVersion.targets(2437,5): warning MSB3277:             C:\Users\WilliamForney\source\repos\wforney\OpenLiveWriter\src\managed\bin\Debug\i386\Writer\BlogRunner.Core.dll [C:\Users\WilliamForney\source\repos\wforney\OpenLiveWriter\src\managed\BlogRunnerGui\BlogRunnerGui.csproj]
C:\Program Files\Microsoft Visual Studio\18\Enterprise\MSBuild\Current\Bin\Microsoft.Common.CurrentVersion.targets(2437,5): warning MSB3277:             C:\Users\WilliamForney\source\repos\wforney\OpenLiveWriter\src\managed\bin\Debug\i386\Writer\BlogRunner.exe [C:\Users\WilliamForney\source\repos\wforney\OpenLiveWriter\src\managed\BlogRunnerGui\BlogRunnerGui.csproj]
C:\Program Files\Microsoft Visual Studio\18\Enterprise\MSBuild\Current\Bin\Microsoft.Common.CurrentVersion.targets(2437,5): warning MSB3277:         C:\Windows\Microsoft.Net\assembly\GAC_MSIL\System.Activities.DurableInstancing\v4.0_4.0.0.0__31bf3856ad364e35\System.Activities.DurableInstancing.dll [C:\Users\WilliamForney\source\repos\wforney\OpenLiveWriter\src\managed\BlogRunnerGui\BlogRunnerGui.csproj]
C:\Program Files\Microsoft Visual Studio\18\Enterprise\MSBuild\Current\Bin\Microsoft.Common.CurrentVersion.targets(2437,5): warning MSB3277:           Project file item includes which caused reference "C:\Windows\Microsoft.Net\assembly\GAC_MSIL\System.Activities.DurableInstancing\v4.0_4.0.0.0__31bf3856ad364e35\System.Activities.DurableInstancing.dll". [C:\Users\WilliamForney\source\repos\wforney\OpenLiveWriter\src\managed\BlogRunnerGui\BlogRunnerGui.csproj]
C:\Program Files\Microsoft Visual Studio\18\Enterprise\MSBuild\Current\Bin\Microsoft.Common.CurrentVersion.targets(2437,5): warning MSB3277:             Microsoft.Threading.Tasks.Extensions.Desktop, Version=1.0.168.0, Culture=neutral, PublicKeyToken=b03f5f7f11d50a3a, processorArchitecture=MSIL [C:\Users\WilliamForney\source\repos\wforney\OpenLiveWriter\src\managed\BlogRunnerGui\BlogRunnerGui.csproj]
C:\Program Files\Microsoft Visual Studio\18\Enterprise\MSBuild\Current\Bin\Microsoft.Common.CurrentVersion.targets(2437,5): warning MSB3277:             C:\Users\WilliamForney\source\repos\wforney\OpenLiveWriter\src\managed\bin\Debug\i386\Writer\BlogRunner.Core.dll [C:\Users\WilliamForney\source\repos\wforney\OpenLiveWriter\src\managed\BlogRunnerGui\BlogRunnerGui.csproj]
C:\Program Files\Microsoft Visual Studio\18\Enterprise\MSBuild\Current\Bin\Microsoft.Common.CurrentVersion.targets(2437,5): warning MSB3277:             C:\Users\WilliamForney\source\repos\wforney\OpenLiveWriter\src\managed\bin\Debug\i386\Writer\BlogRunner.exe [C:\Users\WilliamForney\source\repos\wforney\OpenLiveWriter\src\managed\BlogRunnerGui\BlogRunnerGui.csproj]
C:\Program Files\Microsoft Visual Studio\18\Enterprise\MSBuild\Current\Bin\Microsoft.Common.CurrentVersion.targets(2437,5): warning MSB3277:         C:\Windows\Microsoft.Net\assembly\GAC_32\Microsoft.VisualBasic.Activities.Compiler\v4.0_10.0.0.0__b03f5f7f11d50a3a\Microsoft.VisualBasic.Activities.Compiler.dll [C:\Users\WilliamForney\source\repos\wforney\OpenLiveWriter\src\managed\BlogRunnerGui\BlogRunnerGui.csproj]
C:\Program Files\Microsoft Visual Studio\18\Enterprise\MSBuild\Current\Bin\Microsoft.Common.CurrentVersion.targets(2437,5): warning MSB3277:           Project file item includes which caused reference "C:\Windows\Microsoft.Net\assembly\GAC_32\Microsoft.VisualBasic.Activities.Compiler\v4.0_10.0.0.0__b03f5f7f11d50a3a\Microsoft.VisualBasic.Activities.Compiler.dll". [C:\Users\WilliamForney\source\repos\wforney\OpenLiveWriter\src\managed\BlogRunnerGui\BlogRunnerGui.csproj]
C:\Program Files\Microsoft Visual Studio\18\Enterprise\MSBuild\Current\Bin\Microsoft.Common.CurrentVersion.targets(2437,5): warning MSB3277:             Microsoft.Threading.Tasks.Extensions.Desktop, Version=1.0.168.0, Culture=neutral, PublicKeyToken=b03f5f7f11d50a3a, processorArchitecture=MSIL [C:\Users\WilliamForney\source\repos\wforney\OpenLiveWriter\src\managed\BlogRunnerGui\BlogRunnerGui.csproj]
C:\Program Files\Microsoft Visual Studio\18\Enterprise\MSBuild\Current\Bin\Microsoft.Common.CurrentVersion.targets(2437,5): warning MSB3277:             C:\Users\WilliamForney\source\repos\wforney\OpenLiveWriter\src\managed\bin\Debug\i386\Writer\BlogRunner.Core.dll [C:\Users\WilliamForney\source\repos\wforney\OpenLiveWriter\src\managed\BlogRunnerGui\BlogRunnerGui.csproj]
C:\Program Files\Microsoft Visual Studio\18\Enterprise\MSBuild\Current\Bin\Microsoft.Common.CurrentVersion.targets(2437,5): warning MSB3277:             C:\Users\WilliamForney\source\repos\wforney\OpenLiveWriter\src\managed\bin\Debug\i386\Writer\BlogRunner.exe [C:\Users\WilliamForney\source\repos\wforney\OpenLiveWriter\src\managed\BlogRunnerGui\BlogRunnerGui.csproj]
C:\Program Files\Microsoft Visual Studio\18\Enterprise\MSBuild\Current\Bin\Microsoft.Common.CurrentVersion.targets(2437,5): warning MSB3277:         C:\Windows\Microsoft.Net\assembly\GAC_MSIL\Microsoft.VisualBasic\v4.0_10.0.0.0__b03f5f7f11d50a3a\Microsoft.VisualBasic.dll [C:\Users\WilliamForney\source\repos\wforney\OpenLiveWriter\src\managed\BlogRunnerGui\BlogRunnerGui.csproj]
C:\Program Files\Microsoft Visual Studio\18\Enterprise\MSBuild\Current\Bin\Microsoft.Common.CurrentVersion.targets(2437,5): warning MSB3277:           Project file item includes which caused reference "C:\Windows\Microsoft.Net\assembly\GAC_MSIL\Microsoft.VisualBasic\v4.0_10.0.0.0__b03f5f7f11d50a3a\Microsoft.VisualBasic.dll". [C:\Users\WilliamForney\source\repos\wforney\OpenLiveWriter\src\managed\BlogRunnerGui\BlogRunnerGui.csproj]
C:\Program Files\Microsoft Visual Studio\18\Enterprise\MSBuild\Current\Bin\Microsoft.Common.CurrentVersion.targets(2437,5): warning MSB3277:             Microsoft.Threading.Tasks.Extensions.Desktop, Version=1.0.168.0, Culture=neutral, PublicKeyToken=b03f5f7f11d50a3a, processorArchitecture=MSIL [C:\Users\WilliamForney\source\repos\wforney\OpenLiveWriter\src\managed\BlogRunnerGui\BlogRunnerGui.csproj]
C:\Program Files\Microsoft Visual Studio\18\Enterprise\MSBuild\Current\Bin\Microsoft.Common.CurrentVersion.targets(2437,5): warning MSB3277:             C:\Users\WilliamForney\source\repos\wforney\OpenLiveWriter\src\managed\bin\Debug\i386\Writer\BlogRunner.Core.dll [C:\Users\WilliamForney\source\repos\wforney\OpenLiveWriter\src\managed\BlogRunnerGui\BlogRunnerGui.csproj]
C:\Program Files\Microsoft Visual Studio\18\Enterprise\MSBuild\Current\Bin\Microsoft.Common.CurrentVersion.targets(2437,5): warning MSB3277:             C:\Users\WilliamForney\source\repos\wforney\OpenLiveWriter\src\managed\bin\Debug\i386\Writer\BlogRunner.exe [C:\Users\WilliamForney\source\repos\wforney\OpenLiveWriter\src\managed\BlogRunnerGui\BlogRunnerGui.csproj]
  Consider app.config remapping of assembly "mscorlib, Culture=neutral, PublicKeyToken=b77a5c561934e089" from Version "2.0.5.0" [] to Version "4.0.0.0" [C:\Windows\Microsoft.NET\Framework\v4.0.30319\mscorlib.dll] to solve conflict and get rid of warning.
  Consider app.config remapping of assembly "System, Culture=neutral, PublicKeyToken=b77a5c561934e089" from Version "2.0.5.0" [] to Version "4.0.0.0" [C:\Windows\Microsoft.Net\assembly\GAC_MSIL\System\v4.0_4.0.0.0__b77a5c561934e089\System.dll] to solve conflict and get rid of warning.
  Consider app.config remapping of assembly "System.Configuration, Culture=neutral, PublicKeyToken=b03f5f7f11d50a3a" from Version "2.0.0.0" [C:\Windows\assembly\GAC_MSIL\System.Configuration\2.0.0.0__b03f5f7f11d50a3a\System.Configuration.dll] to Version "4.0.0.0" [C:\Windows\Microsoft.Net\assembly\GAC_MSIL\System.configuration\v4.0_4.0.0.0__b03f5f7f11d50a3a\System.configuration.dll] to solve conflict and get rid of warning.
  Consider app.config remapping of assembly "System.Net.Http, Culture=neutral, PublicKeyToken=b03f5f7f11d50a3a" from Version "1.5.0.0" [] to Version "4.0.0.0" [C:\Windows\Microsoft.Net\assembly\GAC_MSIL\System.Net.Http\v4.0_4.0.0.0__b03f5f7f11d50a3a\System.Net.Http.dll] to solve conflict and get rid of warning.
  Consider app.config remapping of assembly "System.Xml, Culture=neutral, PublicKeyToken=b77a5c561934e089" from Version "2.0.0.0" [C:\Windows\assembly\GAC_MSIL\System.Xml\2.0.0.0__b77a5c561934e089\System.Xml.dll] to Version "4.0.0.0" [C:\Windows\Microsoft.Net\assembly\GAC_MSIL\System.Xml\v4.0_4.0.0.0__b77a5c561934e089\System.Xml.dll] to solve conflict and get rid of warning.
  Consider app.config remapping of assembly "System.Security, Culture=neutral, PublicKeyToken=b03f5f7f11d50a3a" from Version "2.0.0.0" [C:\Windows\assembly\GAC_MSIL\System.Security\2.0.0.0__b03f5f7f11d50a3a\System.Security.dll] to Version "4.0.0.0" [C:\Windows\Microsoft.Net\assembly\GAC_MSIL\System.Security\v4.0_4.0.0.0__b03f5f7f11d50a3a\System.Security.dll] to solve conflict and get rid of warning.
  Consider app.config remapping of assembly "System.Runtime, Culture=neutral, PublicKeyToken=b03f5f7f11d50a3a" from Version "1.5.11.0" [] to Version "4.0.0.0" [C:\Windows\Microsoft.Net\assembly\GAC_MSIL\System.Runtime\v4.0_4.0.0.0__b03f5f7f11d50a3a\System.Runtime.dll] to solve conflict and get rid of warning.
  Consider app.config remapping of assembly "System.Data.SqlXml, Culture=neutral, PublicKeyToken=b77a5c561934e089" from Version "2.0.0.0" [C:\Windows\assembly\GAC_MSIL\System.Data.SqlXml\2.0.0.0__b77a5c561934e089\System.Data.SqlXml.dll] to Version "4.0.0.0" [C:\Windows\Microsoft.Net\assembly\GAC_MSIL\System.Data.SqlXml\v4.0_4.0.0.0__b77a5c561934e089\System.Data.SqlXml.dll] to solve conflict and get rid of warning.
  Consider app.config remapping of assembly "Newtonsoft.Json, Culture=neutral, PublicKeyToken=30ad4fe6b2a6aeed" from Version "10.0.0.0" [] to Version "13.0.0.0" [C:\Users\WilliamForney\source\repos\wforney\OpenLiveWriter\src\managed\bin\Debug\i386\Writer\Newtonsoft.Json.dll] to solve conflict and get rid of warning.
C:\Program Files\Microsoft Visual Studio\18\Enterprise\MSBuild\Current\Bin\Microsoft.Common.CurrentVersion.targets(2437,5): warning MSB3276: Found conflicts between different versions of the same dependent assembly. Please set the "AutoGenerateBindingRedirects" property to true in the project file. For more information, see http://go.microsoft.com/fwlink/?LinkId=294190. [C:\Users\WilliamForney\source\repos\wforney\OpenLiveWriter\src\managed\BlogRunnerGui\BlogRunnerGui.csproj]
  BlogRunnerGui -> C:\Users\WilliamForney\source\repos\wforney\OpenLiveWriter\src\managed\bin\Debug\i386\Writer\BlogRunnerGui.exe
  The package OpenLiveWriter.0.6.3 is missing a readme. Go to https://aka.ms/nuget/authoring-best-practices/readme to learn why package readmes are important.
  Successfully created package 'C:\Users\WilliamForney\source\repos\wforney\OpenLiveWriter\OpenLiveWriter.0.6.3.nupkg'.
  Created Writer NuGet package.
  Attempting to sync URL as remote RELEASES folder
  Trying to download RELEASES index from https://olw.blob.core.windows.net/stable/Releases/RELEASES
  Downloading release from https://olw.blob.core.windows.net/stable/Releases/OpenLiveWriter-0.6.2-full.nupkg
  
          1 file(s) moved.
  Created Open Live Writer setup file.
  Attempting to build package from 'OpenLiveWriter.Install.nuspec'.
  Successfully created package 'C:\Users\WilliamForney\source\repos\wforney\OpenLiveWriter\openlivewriter.0.6.3.nupkg'.
  Created Writer Chocolatey Package


